name cos1 sin1 cos2 sin2 cos3 sin3 cos4 sin4
ABMF   -0.20888799   -0.25240806   -0.05271945   -0.13810790   -0.08308548    0.13110441   -0.02257266    0.05507011
ABPO   -0.05353264   -0.15980142    0.04060906    0.18374619   -0.05419211   -0.00840895   -0.00688343   -0.00160028
ADE1   -0.02541254   -0.03869761    0.00931469    0.03386037   -0.01665459    0.00761486   -0.01896793   -0.03689190
ADIS    0.00338948    0.28392683   -0.06167179   -0.14426720   -0.21307797   -0.07257872    0.14647339    0.00674360
AIRA    0.41959707   -0.08089839   -0.03403407   -0.04301568   -0.03593124   -0.04312142   -0.02658614   -0.01191746
ALBH   -0.15656670   -0.06825553    0.07459618    0.04146292   -0.03993465   -0.04591790    0.02760692    0.02668544
ALGO   -0.18525654   -0.03259303   -0.13100549    0.01578402   -0.00846117   -0.02207037    0.02811300   -0.00691326
ALIC   -0.14134243    0.00150452   -0.06475730   -0.00044476   -0.02818394   -0.02460527    0.00607831    0.02369328
ALRT   -0.04673216    0.06980877    0.01594486    0.05917179    0.03602808    0.00359110   -0.01898022   -0.02872992
AMC2    0.05823914    0.46985623    0.16259025    0.00509734    0.05152341   -0.01126794    0.00437417   -0.04470607
ANKR   -0.43107526   -0.17075556   -0.11511347   -0.10754219    0.00414046    0.05451179    0.00170651   -0.00127038
ANTC   -0.02762343   -0.14986340   -0.09986600    0.10353789   -0.02252811   -0.09351837   -0.02009372    0.04077512
AOML    0.05045395    0.63175114    0.09656191    0.05515971    0.02483697   -0.04372026    0.01844254   -0.21229072
AREG    0.77432230   -0.26700331   -0.35937285   -0.28889055   -0.29682681   -0.23901424   -0.09702407   -0.09652242
AREQ    0.11269485   -0.32712640    0.42503263    0.23628898    0.30417599    0.02348328    0.11395624    0.03049464
AREV    0.19339906    0.15906941    0.58661901    0.05478833   -0.14434911    0.15792070    0.12214608   -0.10845200
ARTU    0.03114004   -0.04113793    0.00838963    0.07860369   -0.00977239    0.00157548    0.03665984    0.07514729
ASC1   -0.32823776   -0.31972392    0.05277457   -0.13198356   -0.00141703   -0.05182086   -0.07680633    0.03474903
ASCG    0.29522972   -0.47226105   -0.02281121    0.17723079   -0.03071350   -0.02926298   -0.02454022   -0.04480040
ASPA   -0.23068744    0.08375216   -0.00306415   -0.06954358   -0.03996672    0.01799463   -0.00630546    0.00236378
AUCK    0.08558448   -0.01210187    0.00180411    0.00435651   -0.00176695    0.01859886   -0.00527972   -0.00705453
AZGB   -0.01002033   -0.01248658   -0.06592831    0.02822986   -0.04692729    0.01617596    0.00286957    0.02168991
BADG    0.06355479    0.39912324    0.04637764   -0.06313917    0.02965314   -0.03025957    0.00883029   -0.04325305
BAKE   -0.02970633    0.13730594    0.00491816   -0.03862590    0.00492265   -0.00717975    0.00620960   -0.02554577
BAKO   -0.02387168    0.30745576    0.01338191    0.06141126    0.05238511   -0.09661110   -0.12066350   -0.02303655
BAN2   -0.03232904    0.25328977    0.23409423   -0.43411889   -0.05780515    0.10471930   -0.09225327    0.00593855
BARH    0.01436913   -0.06984342    0.05971596    0.00061438    0.00547510   -0.00232869    0.00934653    0.01200874
BDOS    0.25573326    0.08722774   -0.07321499   -0.08387535   -0.08172936   -0.01299618   -0.00077874    0.05347497
BHR1    0.25591858    0.92471401   -0.08083046    0.08954565   -0.20015419    0.33575813   -0.27009546    0.18108023
BILI   -0.07731413   -0.09664356   -0.04707631   -0.02008005   -0.03547292   -0.02533022   -0.04083317   -0.02929062
BISK   -0.10609477   -0.19288009   -0.00190340    0.00592762    0.01397108    0.01981710   -0.00673733   -0.00883652
BJCO    0.29161721   -0.02194145   -0.24697114   -0.28211037    0.24721939    0.23615335   -0.10369694    0.05778587
BJFS    0.13490795    0.16312188    0.08403121   -0.02856642    0.20011096    0.07401755    0.00200212   -0.09753713
BJNM    0.21042184   -0.20358779   -0.21927463    0.12823440   -0.15836818   -0.02478612    0.15845170    0.05667622
BNDY   -0.11374453   -0.11641292    0.03658682    0.03152253   -0.01663809    0.03242288   -0.04760707   -0.02336978
BOAV    0.12608526    0.13069283    0.11718189   -0.24633555   -0.03582626    0.11474509    0.03451095    0.01391877
BOGO   -0.20278440   -0.12207058    0.01369050    0.05160288   -0.01739348    0.04715936    0.02205705   -0.01823751
BOGT   -0.13050215    0.16095700    0.02886553   -0.00012870    0.05656879   -0.01397411    0.01222670   -0.05683429
BOR1    0.11617371   -0.07984948    0.02926093   -0.02052009    0.04933394    0.01638413    0.03729329   -0.03546547
BRAZ   -0.21360962   -0.06037245   -0.09138378    0.04128253   -0.06547214   -0.00080949   -0.03955790    0.02032137
BREW    0.28863182    0.00430959   -0.08309957   -0.34067921    0.03656169    0.02056815   -0.00679856   -0.04522221
BRFT   -0.64380882   -0.13637521    0.04624174    0.10172314   -0.01302970    0.10113252    0.01875792    0.03251206
BRMU    0.09470393    0.12944183    0.01306076   -0.07308303    0.00295797    0.03164250   -0.01266830   -0.01487539
BRST   -0.12546386   -0.01477239    0.01969673    0.04894628    0.02489705   -0.01375416    0.02087736    0.00431493
BRUS   -0.00633431   -0.01190495   -0.02545636   -0.03897746    0.01259046    0.03831541   -0.00691685    0.00998151
BRUX   -0.16551079    0.03495708    0.06708954    0.01503023    0.02878316   -0.02024427   -0.03717360    0.02091823
BSHM    0.12055212    0.18027419    0.09866892    0.07070108    0.08442647   -0.00484861    0.00717092   -0.02946701
BUE2    0.06581533   -0.13861426    0.01512697    0.04072240   -0.12177585    0.10076131   -0.03600348   -0.03801238
CAGL    0.30497766   -0.11200035   -0.01996538    0.02077877   -0.03444383   -0.01261642    0.01561765    0.01911754
CAGS   -0.00749353   -0.00806893   -0.09039034    0.00173616    0.00390271   -0.06125761    0.02866093    0.00024000
CAGZ   -0.05284699   -0.25324375    0.02617268    0.00121884    0.02308966   -0.06332833   -0.00630524    0.03641035
CALL   -0.29318331   -0.58129943   -0.11195844    0.41647694    0.20736082   -0.11108389   -0.03673799   -0.00630188
CARR    0.11606800    0.41052418   -0.12630049    0.26475483   -0.05281634    0.04926757   -0.05000715    0.09065137
CAS1   -0.01372882    0.00948829   -0.01969148   -0.00459142   -0.02253277    0.01503609    0.00431786   -0.00076264
CCJ2    0.07402743    0.30013754    0.01283707   -0.10259108    0.11895990    0.00454680   -0.05295043    0.00004559
CCJM    0.09901445    0.29135445   -0.09922440   -0.05386410   -0.00632293    0.00389882   -0.01529033   -0.01764991
CEDU    0.09209041    0.25835127    0.01891254    0.01561835   -0.00508173    0.02565366    0.04554700    0.00656580
CFAG   -0.03731469   -0.23581945    0.18574657   -0.20468191    0.01793160    0.01653962    0.01635376   -0.12894892
CGGN    0.14491347    0.06560601   -0.14699395   -0.18786607   -0.00619327    0.47702599   -0.00279431    0.01198654
CHAN    0.13215007   -0.09447420   -0.04900724   -0.02881490   -0.03699988    0.01581123   -0.01913982   -0.00476519
CHAT    0.06710145   -0.15505327    0.04458254   -0.00689661    0.00437577    0.03428217   -0.01050552    0.00971455
CHPG   -0.54387429   -0.10262209    0.16001848   -0.19835382    0.09117479    0.00835552    0.01336192    0.00594042
CHPI   -0.02051515    0.26861199   -0.10482772    0.13417505    0.03731043    0.08857187   -0.00146684    0.00460276
CHTI   -0.06091425   -0.09378713   -0.03621816   -0.01025080    0.00690947   -0.03437749   -0.00252886   -0.00964773
CHUM    0.14986079    0.25113258    0.58448136   -0.20535465   -0.06303979   -0.18047936    0.00603103   -0.06421112
CHUR    0.04662083    0.11067186    0.00819825    0.00131441    0.00333898    0.02105049   -0.00585325    0.00135316
CIC1   -0.01595938    0.13894082   -0.19728684   -0.05603049    0.09016321   -0.04747189   -0.02424001    0.01096084
CICE    0.10194664   -0.50766093   -0.09220328    0.09296747    0.02950938   -0.09290245    0.03975178   -0.04111084
CKIS    0.08870211    0.06423508    0.02517547    0.06796252    0.01415864    0.06657411    0.07921982    0.00051779
CNMR   -0.00311608    0.10518878    0.18666426    0.08196392    0.02906758    0.11181027    0.01832760   -0.03979356
COCO   -0.12386787   -0.15175014    0.05002629    0.09469039   -0.03566786   -0.00782338    0.01957347   -0.03541849
CONZ   -0.08577486    0.16751763   -0.01535340    0.05743762    0.01808894    0.02551911    0.02103574   -0.00791291
CORD   -0.01130753    0.21508174    0.16833734   -0.17143819   -0.05536772    0.01361883    0.03657490    0.01426563
COYQ    0.12844196    0.00472281    0.01498872   -0.01262108    0.02891828   -0.02048252    0.01600025   -0.00715738
CPVG    0.12802728    0.11992521    0.02488618   -0.17294701    0.11524680   -0.01891658    0.04367325    0.01581975
CPXF   -0.00365242    0.06447939    0.01067260   -0.00610100    0.02762500   -0.02947319    0.00890484   -0.03551455
CRAO    0.00840395   -0.25298041    0.03127830   -0.10107749    0.05969387   -0.01553601   -0.01066353    0.04377177
CRAR   -0.07176713   -0.06713582   -0.03947947   -0.00361840   -0.01005724    0.00867479   -0.00861640   -0.00187928
CRO1   -0.16054213   -0.27032245   -0.00489695   -0.02526614    0.04953476   -0.09124420    0.00020379   -0.04106242
CTWN   -0.04592192   -0.06340738    0.04326330    0.06281526    0.03866059   -0.04848431   -0.03242746    0.08258695
DAEJ    0.16461232   -0.14017485    0.06927576    0.08131177    0.01766354    0.04093070   -0.01121121   -0.00135014
DAKA   -0.15895277   -0.16619533   -0.04115978    0.06966599    0.05472940   -0.19648673   -0.00498576    0.05072687
DARW   -0.32123882   -0.52076691    0.20544449    0.29078595   -0.12681141   -0.05499744    0.04609408   -0.01969375
DAV1    0.06837748   -0.03221738   -0.04326403    0.01488907    0.00293115   -0.00109749   -0.00573340    0.00082916
DAVR   -0.06285713   -0.11383654    0.01106967   -0.00737912    0.03093476    0.00659186   -0.00011797   -0.01201585
DGAR   -0.12042394   -0.06912723   -0.13550227    0.01873298    0.08511731    0.04909827    0.00054568    0.03613981
DGAV   -0.02275258    0.17616489   -0.01667046   -0.10656257    0.01526392    0.03137457   -0.01414001    0.00068611
DRAG   -0.85478111    0.04536192    0.32738054   -0.18086451   -0.16499054    0.09537243    0.02699851   -0.02276106
DRAO    0.00465167   -0.22488881   -0.35551134    0.08882890    0.00697634    0.01556468    0.04451510    0.00058878
DUBO   -0.05282817   -0.04387144    0.04296110   -0.04349732   -0.00178300    0.04106434    0.04394897   -0.01890059
DUM1   -0.03503034   -0.05184920   -0.00772378   -0.06407178   -0.03098899    0.03400512   -0.01796393    0.01108798
EIL1    0.13631573   -0.02197560   -0.00100211    0.04287007   -0.06256811   -0.00368498    0.04059603    0.04971900
EISL    0.15667646    0.37102186    0.17100097    0.02365927   -0.08526963   -0.09968499    0.03576003    0.00920861
EPRT   -0.00269886   -0.14889810    0.02382049   -0.00240691    0.01833356   -0.03769394    0.01746563   -0.00402621
ETAD   -0.28260232   -0.25871618    0.05012354    0.14568021   -0.25371024   -0.01399581    0.14025303    0.17692314
FAA1   -0.10454536    0.24418687   -0.01742570    0.05069411   -0.06597185   -0.01559318   -0.01388059   -0.06122680
FAIR    0.01905921    0.03955004   -0.02062891   -0.02447750    0.01447100    0.03889993   -0.06500527   -0.01366832
FAIV    0.07622925    0.01161283   -0.10023975   -0.10009661   -0.01639899    0.07265746   -0.00484477    0.00079464
FALE    0.04881076    0.13415224    0.06602911    0.07215317    0.01703766    0.01671006   -0.01117633    0.05932649
FLIN    0.15817484    0.12648701   -0.06252199   -0.00962849   -0.03083926    0.00172048   -0.00580599    0.02444555
FLRS    0.15169470    0.01069186    0.07680350   -0.05672337    0.04796640    0.01598823   -0.02938593   -0.00379525
FORT    0.06683698    0.96725460    0.05491891    0.16669122    0.04145516   -0.04907838    0.08519207   -0.08365235
FRDN   -0.18939725   -0.08706269   -0.04822585    0.04586938    0.00525793    0.01089017    0.01803471    0.00325065
FTNA    0.31234266   -0.01041307    0.04740240   -0.06255842   -0.16099258    0.04476807   -0.08508112    0.02007478
FUNC    0.40242356    0.14509959   -0.12122111   -0.00660941   -0.02305852    0.06525766   -0.03032274   -0.08829517
GALA    0.04974263   -0.18712539    0.08586208    0.08686527   -0.38460548   -0.10672298   -0.06588272    0.05109139
GANP    0.09873049   -0.12682562   -0.06147960   -0.01066296    0.00908585    0.01510577    0.02996964   -0.01937835
GLPS    0.12664578   -0.12680301   -0.01730396    0.32593473   -0.06345217   -0.18599247    0.02509810   -0.15180358
GLSV   -0.06502582    0.05465939   -0.03159562    0.00454882    0.01581214   -0.02884544    0.01797395   -0.02051492
GMAS   -0.04326231   -0.59495243   -0.11226846    0.15688704   -0.13199366    0.00764390    0.01906258    0.09252359
GMSD    0.10515667    0.29973814    0.11142247    0.00486788   -0.03282504   -0.03143754    0.02276878    0.02648621
GODE   -0.57865688   -0.15282685    0.09064579    0.10559377   -0.04843942    0.02750855    0.02624504   -0.03721092
GODZ    0.04786756    0.04196386   -0.01666295   -0.01107841   -0.07009587   -0.08902151    0.00846804   -0.03212815
GOL2   -0.08063902    0.06348790    0.00042718   -0.04131185    0.05121669    0.00262041   -0.00527400   -0.06724728
GOLD   -0.05286404    0.01529569    0.02599950    0.02023884   -0.05368638    0.00173375   -0.01422797   -0.00318309
GOPE    0.11409119   -0.10038037    0.05592728    0.01517339    0.02292025    0.03894185    0.01575607   -0.01156400
GOUG   -0.18198234    0.00157064   -0.02083059   -0.01197244   -0.01227853    0.10341017   -0.00077185    0.01221193
GRAS    0.06794809   -0.14011872    0.05435766    0.03812191    0.03028854    0.01122031   -0.04139287    0.00362546
GRAZ   -0.04943692   -0.08257117   -0.04523510    0.07904222   -0.03143613   -0.00265153    0.02550247    0.01383906
GUAM   -0.34192352   -0.01020869    0.09960066    0.05360238    0.00168769   -0.15172619    0.01865481    0.00272544
GUAO   -0.42279365    0.18726812   -0.26389902    0.19127580   -0.03261377   -0.10438056    0.05524945   -0.06471017
GUAT    0.32484677   -0.05562443    0.00929479   -0.00162779   -0.06870120   -0.00168723    0.00107979   -0.00958234
GUUG    0.11328586   -0.02529969    0.14220065   -0.02215894    0.07439647    0.00241687    0.02953160   -0.04237844
HARB    0.07863095    0.05292958   -0.05480314   -0.07215064    0.05974554    0.06360239   -0.00381921    0.01488885
HERS   -0.01289740   -0.03478439   -0.00156831    0.02459436    0.04798237    0.01075557   -0.03124704   -0.01933651
HERT   -0.05887032    0.00808762    0.03236249   -0.01584539   -0.04682453   -0.01631736    0.03880303   -0.00803542
HLFX   -0.08880744   -0.06223769   -0.04118455   -0.02974989   -0.00813598   -0.00136940    0.01524243    0.01454308
HNLC    0.07462284   -0.02267121    0.12300691    0.06308877   -0.04763355    0.09951651   -0.02942341    0.01203547
HNPT   -0.11193615   -0.11447930   -0.01460944    0.06336598   -0.01977844   -0.06818443    0.02591727    0.05938277
HOB2   -0.13126611   -0.12500772    0.02238083   -0.02622242    0.01048825    0.01515640   -0.00290863    0.00693362
HOFN    0.11327281    0.00293611    0.00896791   -0.03467498    0.01248372    0.01282457    0.00486784    0.02631729
HOLB   -0.01505372    0.02097848    0.07340291    0.02001962   -0.03462084    0.00220599    0.01785826    0.02725631
HOLM   -0.05433323   -0.08048544   -0.07706559    0.00138964   -0.00312660   -0.01070020    0.04462532    0.01084933
HRAO    0.13395638    0.02698074   -0.07822950    0.06317884   -0.01798910   -0.09439167   -0.00632265   -0.02458385
HRM1    0.00048356   -0.05454247    0.03011893   -0.02094180   -0.05973818   -0.02320474    0.00947184   -0.00889110
HYDE   -0.13877551    0.04937204    0.35995324    0.23199278    0.05625921   -0.03684282    0.05152773    0.07615336
IDDR   -0.00952709   -0.08335318    0.18970609    0.04049373   -0.07327270    0.06860964   -0.01053477   -0.04599353
IISC   -0.19983664    0.28791752    0.01974823   -0.19462066    0.01666715   -0.01548970   -0.02979865    0.08975795
ILHA    0.38194912   -0.20982437   -0.11240737    0.05956987    0.02228442   -0.01239984    0.03951918   -0.13223773
IMPZ    1.25275177    0.31844783   -0.17992560   -0.29306381    0.01037921    0.14722063    0.04106757   -0.09668136
INEG    0.01728779    0.23773370   -0.02221081    0.04841218    0.02850971    0.05613450   -0.05504203    0.01357258
INVK   -0.07422986   -0.04627502    0.03490045   -0.03877468   -0.02155730    0.02132413   -0.04788607    0.02020293
IQAL   -0.02453278   -0.03202498   -0.02184682   -0.01366114   -0.00003043    0.01212590    0.00426058   -0.01302278
IQUI    0.12805860   -0.14197533   -0.01186386    0.06467005   -0.09944098    0.02736373    0.02851821   -0.07003074
IRKJ    0.05776080    0.07895474    0.03790930    0.09159457    0.01923828    0.01785652   -0.05541485    0.00864423
IRKT    0.12903898   -0.15525232    0.13606668   -0.02123847    0.00597865    0.00961572    0.01158798   -0.07758593
ISBA   -0.29065594   -0.34032400    0.06048039    0.26285536    0.03788172   -0.08184107   -0.00014841   -0.01106242
ISPA   -0.18623113    0.01316753    0.01184799   -0.07561341    0.00339979   -0.02031641   -0.03014568    0.00199165
JAB1   -0.43431826   -0.37287834    0.20738080   -0.14921497    0.16403397    0.08753306    0.10517684    0.01748877
JOG2    0.28939379    0.10355801   -0.06440028   -0.05544019   -0.12590201   -0.03208538    0.02634245    0.05625743
JOZ2    0.04547390   -0.20497196   -0.02221413   -0.02478017    0.01589383   -0.04685516   -0.02771648    0.01427820
JOZE   -0.17664179   -0.09792767   -0.03276574    0.00994355   -0.00241537    0.04507087   -0.02336596   -0.04608595
JPLM    0.05322341   -0.02142791    0.09229153    0.11120215   -0.00128876   -0.06595423    0.01447686   -0.05631574
JPLV    0.08841519    0.08305794   -0.03133233   -0.20988844    0.04971240   -0.01542725    0.07265362    0.05432603
KARR    0.55888287    0.00974919    0.06028038   -0.11757339   -0.12811417    0.02247038    0.03685550    0.03510970
KAT1   -0.18853161   -0.31735733    0.16210289    0.50545436   -0.04520878   -0.05824093    0.05919894   -0.01992964
KELY    0.05409389   -0.11231949    0.07144857   -0.05691504    0.02937104   -0.00038021    0.01116372   -0.00998295
KERG   -0.04874407   -0.04893948    0.01406389   -0.01154570    0.02154973    0.01225616   -0.00564467   -0.00796673
KGNI   -0.27374613    0.45326432   -0.05114667    0.05604761   -0.02769402    0.04674069    0.00417454   -0.00186019
KHAJ    0.20875326    0.01083634    0.01560915   -0.01474037   -0.07463118   -0.05152078   -0.06148052   -0.06687060
KHAR   -0.05618528   -0.07875239   -0.02462056   -0.02976982    0.01908977    0.04075466    0.04741023   -0.00831845
KIR0   -0.08957852    0.06114457    0.05515444    0.00171097   -0.01296014    0.01152857    0.01062525    0.00165882
KIRI    0.14059428   -0.00254677    0.09027379   -0.21613536    0.05087538    0.01551539    0.03700743    0.01067268
KIRU   -0.17307561   -0.04304061   -0.02132562    0.07141807    0.01483301   -0.01604699   -0.01329256   -0.03108564
KIT3    0.41529432   -0.61625786   -0.04388933   -0.46628558   -0.21039256   -0.19604413   -0.06111282   -0.04373928
KOKB   -0.09222747   -0.04168878    0.09038900   -0.05056864   -0.08161826   -0.01419107    0.03981417    0.01211229
KOKV    0.07799757   -0.08856795   -0.10750214    0.04185338   -0.06180248    0.03357434   -0.01149800    0.00974332
KOSG    0.02135638    0.05060658   -0.02512116   -0.00252457   -0.00758323   -0.01157264    0.01982041   -0.00847053
KOU1    0.05968008    0.30823583    0.08628121   -0.14760161   -0.01229461    0.02633473    0.12111633   -0.08830661
KOUC    0.11865834   -0.22531189   -0.06567039    0.00204785   -0.01464386   -0.02820421   -0.02600243    0.10219689
KOUG    0.25658199    0.36697021   -0.21304616   -0.20061530    0.00685108    0.07677210    0.09258530    0.01167887
KOUR   -0.00129920    0.23150543    0.07232647   -0.22982937   -0.05339005    0.00004758   -0.03722716    0.05135937
KRGG   -0.01488403    0.02780791    0.01120444    0.03601842   -0.00281865    0.01408011    0.01986617    0.00396651
KSMV   -0.14011228    0.31498718   -0.13048504    0.06430137   -0.02903515    0.07303235    0.00758571    0.00022612
KSTU    0.01835456   -0.21225438   -0.00443854    0.03177458   -0.03018310    0.01832463    0.02099162    0.03559038
KUNM   -0.05349696    0.41385659   -0.00835555    0.11812020   -0.06831775   -0.01559736   -0.00281580   -0.07357852
KWJ1   -0.28534600    0.07205974    0.24055618   -0.11659619    0.03283634    0.04193223    0.00823594   -0.17087680
LAE1    0.69272057    0.71217888    0.01467152    0.17489621   -0.06276379    0.10425768   -0.25860221    0.01164187
LAMA   -0.06801483   -0.10564382   -0.03303722    0.01133369   -0.03447202    0.02769842    0.03526628   -0.03166368
LAUT    0.47310326   -0.00417309    0.18358139   -0.03375712    0.04309908   -0.05827489   -0.12777100   -0.01657887
LHAS   -0.63313449   -0.36005753    0.23844741    0.06221856   -0.17769925    0.04789315    0.03494594   -0.01537954
LHAZ    0.07170193    0.66872668   -0.10005997    0.21045422   -0.13500270    0.14121452   -0.06592101    0.00848781
LMMF   -0.07434556   -0.11442402    0.07746129   -0.07746482   -0.03502743    0.03480337    0.01583185   -0.01457896
LPAL    0.16021840    0.03068165    0.09148251    0.06547436   -0.01346320   -0.00406490    0.00156480    0.00511926
LPGS    0.03670427    0.18220700    0.07064765    0.00140236   -0.03179345   -0.01701428   -0.02924877    0.02545637
M0SE    0.11142159    0.06843104   -0.10889939    0.00277693   -0.03083595    0.00295367    0.01298739    0.00730496
MAC1    0.07262242    0.03766832   -0.01162863    0.01632805   -0.01692331    0.00641216    0.00262417   -0.00340606
MAD2   -0.00310090    0.05377307   -0.05007101    0.01520431   -0.01088591    0.01647823   -0.01408008    0.01843493
MADR    0.09776741   -0.04749070   -0.08486224   -0.02991639   -0.18412178   -0.07130135   -0.05393898    0.05711677
MAG0   -0.02384443    0.01158337    0.00574719    0.06047132   -0.02938783   -0.02708210    0.00906236    0.02756298
MAJU    0.28724948   -0.01396031    0.08369133   -0.04745711    0.00314295   -0.04421321   -0.02372151    0.00801266
MAL2   -0.22356231   -0.25189446   -0.18622744   -0.24724553   -0.17450473    0.04545225    0.13946141    0.15164312
MALD    0.22662870   -0.06320816   -0.23483770   -0.26648680   -0.22976514    0.00705895    0.00937726   -0.03760226
MALI    0.24591760    0.33272828    0.04722300   -0.22020768    0.03471430    0.16065708   -0.09634823    0.12549563
MANA    0.14530355    0.68264814    0.34399753   -0.04850520    0.17184097    0.04985179   -0.00939159    0.00862242
MAS1   -0.64447020    0.45048634   -0.08738830   -0.03800240   -0.02258255    0.00805241   -0.02652759   -0.00570455
MAT1    0.01173772   -0.00086907   -0.08001378    0.00304987   -0.01684065   -0.00937374   -0.02259864    0.01326464
MATE   -0.00125457    0.00834960    0.00264563    0.07455077    0.00018750   -0.01354064    0.02691173   -0.01081149
MAUI   -0.13318559   -0.02303095    0.01809104   -0.00084183    0.02954128    0.01421542    0.05313976    0.00017992
MAW1   -0.01659642   -0.00201635   -0.01126936   -0.02033089   -0.01174699   -0.00775894   -0.00792440    0.00098492
MBAR   -0.13643815   -0.18240113   -0.11200742    0.13965620    0.04162360    0.02172597   -0.08406130   -0.04256217
MCIL   -0.16049478    0.11453851    0.05119701    0.02353479    0.09599058   -0.01808005    0.00688054    0.02434641
MCM4   -0.09331765    0.02353112   -0.01686416   -0.01577109   -0.00932086    0.00574283   -0.00667441    0.00240151
MDO1    0.12343653   -0.06720014   -0.04062202    0.04806842   -0.04172811   -0.01289075    0.00924685    0.00634349
MDVJ   -0.06580867    0.04063985   -0.00198931    0.01567291   -0.01144662   -0.02313831    0.01056146    0.01388541
MDVO   -0.11957391    0.28648778    0.03916873   -0.30491057   -0.07429340   -0.08285493    0.00898685    0.07251004
MEDI   -0.19205253    0.03911776    0.07809153   -0.09045662   -0.00441202    0.02119778   -0.02604029    0.01284228
METS   -0.14965026   -0.08748276   -0.00807474    0.05824876   -0.02063564    0.00644391   -0.00230189   -0.01712134
METZ   -0.08721874   -0.12877295   -0.04436108   -0.02419334    0.01880885   -0.00747919    0.01809176    0.01996362
MGUE   -0.10891227   -0.18677540   -0.11118247   -0.05723756    0.04925699    0.00356795    0.05273579    0.00324070
MIZU    0.12264867   -0.01606084   -0.06078813    0.09713995   -0.00295750    0.02816636   -0.01944727   -0.03142339
MKEA    0.01921233   -0.09344925    0.01671116   -0.02239394    0.01377126   -0.00681900    0.00348211    0.00023591
MNLS    0.02104940   -0.02146998    0.03086885    0.00084078    0.01865879    0.01673639    0.00846475   -0.00887608
MOBJ    0.13632669   -0.05211982   -0.02106620   -0.04075105   -0.01338933   -0.02776479   -0.00882419    0.00169860
MOBK    0.17363526   -0.09317708   -0.02014956   -0.05776786   -0.02020056    0.01356356   -0.01507787   -0.01008556
MOBS    0.02308992    0.16021011    0.03962122   -0.00481258   -0.00525085    0.01417318    0.00425738   -0.01030078
MONP   -0.02776716    0.00592563   -0.00946548   -0.00936069    0.00689319   -0.02377162   -0.00913099   -0.00635783
MORP    0.14124105    0.09368253   -0.04747875    0.02290276    0.01044620   -0.02274080    0.02563634   -0.00398827
MQZG    0.04534621   -0.00171399   -0.02247958    0.00313769   -0.02157975   -0.00332528   -0.02003583    0.02480525
MRO1   -0.24781775   -0.01382039   -0.00340021   -0.08212626    0.04947197   -0.04623610    0.00466817   -0.03114222
MSKU    0.14032998    0.18115776   -0.40441626    0.08976959   -0.22778809    0.04176855    0.21991793   -0.08059048
MTKA   -0.03698937    0.54916718    0.15053735    0.19000271    0.08221399   -0.01323005   -0.00461858    0.00055359
NAIN   -0.14260630    0.02175636    0.04714759    0.04134025   -0.00222683   -0.00883494   -0.00151353   -0.00138631
NANO    0.02486147    0.22379885   -0.06724393   -0.02923726   -0.00597668   -0.04234604    0.00982116   -0.01786411
NAUR    0.04839312   -0.22234412    0.01250573    0.08423331   -0.04854668    0.00913699    0.04854564   -0.01863476
NICO   -0.17986743   -0.22108799    0.05704239   -0.07327865   -0.00019535    0.00499152    0.00992272    0.01508260
NIST   -0.18735955   -0.14082706    0.03799388    0.04687008   -0.02561035    0.01190391    0.01218750   -0.06582136
NIUM    0.18284492   -0.05324373    0.01643749   -0.00778281    0.08964879   -0.04412905    0.06458945   -0.01919768
NKLG    0.12534546    0.22174711   -0.35063533   -0.23615325    0.21153806   -0.09299591    0.17820029   -0.01680764
NLIB    0.12788036    0.14859791   -0.00692432   -0.07580791    0.00440042   -0.03692626    0.03248346    0.05459411
NNOR   -0.04772071   -0.01221730    0.06148046    0.02808086    0.02248888   -0.02050915   -0.00120458    0.03845489
NOT1    0.06378059   -0.19582433    0.04211686   -0.14688281    0.01204857   -0.07379944   -0.03355796    0.05118631
NOTO   -0.09779567    0.09657183   -0.07045053   -0.18827900   -0.08625712   -0.08473963   -0.13019133    0.05567125
NOUM    0.11382535    0.30232446   -0.01530527    0.12685028   -0.11563465    0.06006672    0.04908822   -0.00835949
NOVM   -0.00714465   -0.12682159   -0.02947977   -0.06255682   -0.02000460    0.05821860   -0.02629196   -0.00306923
NRC1    0.14009481    0.12458827   -0.09793564   -0.01548689   -0.04735650    0.00421822   -0.00805935    0.00960845
NRIL    0.04387914   -0.07603595   -0.02326298   -0.04510137   -0.00252021   -0.00298753    0.02482068    0.01724746
NRMD   -0.04115566   -0.39448821    0.04239650    0.01182784   -0.07487454    0.02444227    0.03540278    0.01655767
NSSP    0.03159531    0.07654278   -0.12395038    0.12716977   -0.02228678   -0.22128726   -0.02716556    0.09575709
NTUS   -0.12348529    0.17673800   -0.06769407   -0.00053635    0.03367811   -0.05761251   -0.00030134   -0.00262804
NURK    0.35565383    0.33792804   -0.46097000   -0.26980162    0.20490779    0.06617886   -0.14722497   -0.07075981
NVSK    0.31602789    0.02519033   -0.12581532    0.03516408   -0.04254645    0.05488959    0.16778582   -0.01565028
NYA1    0.04373969    0.03734379   -0.00770261    0.03719857   -0.02594580    0.00822824    0.00994864    0.00140630
NYAL   -0.06715958    0.06001239   -0.02806613   -0.03762481    0.03093774   -0.00568039   -0.00556827   -0.01284444
OHI2    0.06687202   -0.05019633   -0.01068246   -0.07470683   -0.00871190   -0.00197779   -0.02561535    0.00658046
OHI3    0.04516309   -0.04397128    0.01805798   -0.06860000   -0.00903528    0.00259924   -0.01174634   -0.01954915
OHIG    0.01446875    0.05044204   -0.05027282   -0.08299724   -0.02489172    0.03937395    0.02387001   -0.00094733
ONSA   -0.09393681   -0.02695740   -0.00968998    0.03623020   -0.04069851    0.06732794   -0.00561862   -0.04793672
OPMT   -0.13918174   -0.15987771   -0.02796048    0.06779788    0.03015559    0.07038396    0.01966769   -0.04623642
OS0G    0.07788845    0.03588392    0.01066400   -0.05079414   -0.00399527    0.02279212   -0.02243363   -0.06156587
OSN1   -0.06202416    0.28562547    0.04757695    0.01256875    0.04762817   -0.04553044    0.00383345   -0.05588851
OUS2    0.00696618   -0.03178147   -0.04716949   -0.00756455   -0.00044740   -0.01255022    0.01350014    0.00709547
PADO    0.04328610   -0.01422555   -0.04050296    0.07173376   -0.06903921   -0.04732749    0.11858473    0.09144516
PALM   -0.05976216   -0.03141190    0.01362584   -0.02619599   -0.00001363    0.01674970    0.00473654    0.00735333
PALV   -0.04495313   -0.03359632    0.03895741   -0.01896471   -0.01465413    0.03529965   -0.02408187   -0.02213069
PARC    0.03063494   -0.07482555   -0.01761938    0.03021041   -0.00539947   -0.01584143   -0.01485067    0.01618103
PARK    0.09100588    0.03405021   -0.06002664   -0.01904026   -0.00938298    0.00947514    0.02591795   -0.02060998
PBRI   -0.17772222    0.04039481   -0.06721007    0.12357177   -0.21803737    0.08061917    0.00830720    0.03389878
PDEL    0.08699582   -0.03129052   -0.04094547    0.06865616    0.00650802   -0.03155625   -0.00179719    0.00018427
PENC    0.00251687    0.25896552   -0.09450742    0.00443386   -0.02197868    0.04414387   -0.02813407    0.00234036
PERT   -0.10380056   -0.07025385    0.01524284    0.02164848   -0.03878210    0.03238306   -0.00850118    0.00863450
PETP    0.06255274    0.00997914   -0.00330665   -0.08113024    0.00668999   -0.08336661    0.00276253   -0.02785299
PFA2    0.04734088   -0.07845459   -0.28742322    0.00339939   -0.03267899   -0.02231524   -0.00972110    0.02455106
PIE1    0.16924772    0.01465003   -0.06082933   -0.00178992   -0.02331946   -0.01293777    0.01074756    0.00425143
PIMO    0.25785427   -0.17559423    0.16612498    0.06926594    0.15925685    0.01703250    0.02795922    0.06220806
POHN   -0.12048028    0.14042734    0.16070954   -0.09373174    0.02821967    0.05036626    0.01465185    0.00704621
POL2    0.00938300    0.83373668   -0.47451286    0.04444580    0.06971978   -0.04431766    0.05059751    0.08282262
POLV   -0.00546642    0.01850932    0.01102135   -0.00414707    0.00478037    0.00316444    0.00641279   -0.04001075
POTS    0.05545379   -0.15715217    0.02878148   -0.03307021    0.00069282   -0.04644684   -0.01473292    0.00147229
POVE   -0.18151497    0.06291883   -0.26653663    0.07418531   -0.10972494   -0.09382868    0.00390685   -0.02504300
PRDS   -0.08744620   -0.01770627    0.12097424    0.00044035   -0.07164259    0.09257014   -0.06017876   -0.02811676
PRE1   -0.12239138   -0.13035731   -0.06195860    0.11118485   -0.04185767    0.03505406   -0.01283331    0.03786303
PTAG    0.10726919    0.02394591   -0.05321228    0.09336266   -0.12204641   -0.03682856    0.06638268   -0.01509768
PTBB   -0.08977578   -0.08136594   -0.03324817    0.05583139    0.00332265   -0.01363728    0.03487168   -0.00182948
PTVL    0.24877092    0.20032882    0.02753283    0.08906976   -0.03654740    0.02895075   -0.06629953    0.00219189
PVEP   -0.13985747   -0.33515048    0.15121018    0.03922953   -0.11713675   -0.11972479    0.06146099    0.17094465
QAQ1   -0.01922979   -0.22418025   -0.12300311    0.02840324    0.04677384    0.05357293   -0.00562543   -0.00335833
QUI2    0.12805516    0.12851542   -0.03340364    0.14564629    0.00746605    0.08759426   -0.02875344    0.03544461
QUIN    0.22596388    0.02715924   -0.22541014    0.00238808    0.07914356    0.01525151   -0.05683308    0.01026670
RABT    0.07742071    0.28593937   -0.09104011    0.06645038    0.02870999    0.00765046   -0.05424973    0.02220591
RAMO    0.06602827    0.07770132    0.03334650   -0.02082443    0.01778736   -0.00123936   -0.00530697    0.00479526
RBAY    0.24296028   -0.18635554    0.01818231    0.02843423    0.02973544    0.02637079   -0.02071635    0.02187950
RCMN    0.00425650    0.08252313   -0.10997153   -0.04337284    0.03006139    0.01661267    0.12677423   -0.04412880
RECF    0.01764571   -0.15749812    0.12133156    0.00968193   -0.03816593   -0.06391598   -0.00626690    0.04400403
RESO   -0.12674339    0.05696134   -0.00234399   -0.04828968   -0.03353228    0.00860702   -0.02691939    0.00018447
REUN   -0.00570399   -0.29224407    0.07945289    0.02289360   -0.05877265   -0.07650522   -0.00761845   -0.04827101
REYK   -0.10190594   -0.01698261   -0.00287430    0.01607388    0.01194918    0.00143849   -0.00180299    0.01174874
REYZ    0.01764093   -0.02904874    0.03845100    0.06219162    0.02184154   -0.00010852    0.00646192   -0.02870234
RGDG    0.02860030   -0.03565781   -0.00562578    0.00420198    0.01129468    0.00385884    0.03364440   -0.02418559
RIGA   -0.11191470    0.12629736    0.02556291   -0.01730910    0.04061969   -0.02151696    0.01644792    0.02910626
RIO2   -0.01197386   -0.00482624    0.01163102    0.02278151   -0.00577427   -0.01670760   -0.01453566    0.03051309
RIOG   -0.04837000   -0.06725178    0.02132963   -0.02897456   -0.02839278    0.00348773   -0.07554665   -0.05396892
RIOP   -0.38431816   -0.25071932    0.17166181   -0.02580330    0.07853264    0.18183469   -0.08303723   -0.04239644
ROSA    0.22931895   -0.12764950   -0.12385066   -0.03396913   -0.00934041    0.05986346    0.02884316    0.16215428
ROTH    0.12342542    0.00581183   -0.09440024   -0.06587373    0.04498608    0.00556492    0.01951401   -0.00992696
SALU   -0.21458178   -0.19442557   -0.18823247   -0.16042898    0.02177375   -0.01386812    0.06468754    0.06966071
SAMO    0.02987775    0.00446258   -0.02373179   -0.01965117    0.02316672   -0.00267336   -0.08220280   -0.11798727
SANT   -0.47956242    0.26559222   -0.34778683    0.11107130   -0.05760515   -0.08804743    0.07839223   -0.01047861
SAVO   -0.04825953    0.14068318   -0.01596806   -0.04884833   -0.00647365   -0.01824411    0.02414378    0.01532701
SCH2    0.12258491   -0.19075332    0.01844971    0.05255083   -0.00529655    0.00498953   -0.01018783    0.01501309
SCOR    0.04679209   -0.00151164    0.02891414    0.02203240    0.02324493   -0.00489720    0.02058999   -0.00542266
SCRZ    0.20331760   -0.37736309    0.09635115    0.20978257    0.01641606    0.04853956   -0.20655972    0.08372222
SCTB    0.04222993    0.04879042   -0.00000510    0.00157536    0.00246089   -0.00125552    0.01225816   -0.00125004
SCUB   -0.11723646   -0.31015714   -0.00866235   -0.12528679    0.00077520   -0.00286829    0.01645159   -0.01259760
SELE   -0.40166188    0.42620728   -0.26695676   -0.27323708    0.14874838   -0.01287258   -0.00238725    0.05756450
SEY1    0.07992825    0.16507308   -0.05945599   -0.12008707    0.01603266   -0.16185778    0.06920186    0.05792575
SEYG    0.45470461   -0.15874839    0.02451590   -0.08403571    0.02066434   -0.08630560   -0.13875858    0.02476193
SFER    0.01667607    0.06095064   -0.09024322   -0.00684404    0.03942915   -0.01421242   -0.00418925    0.03213665
SHAO    0.19115252    0.13677573   -0.01541748   -0.01858368   -0.04772091   -0.03017364   -0.01312952    0.00076655
SIMO    0.08651801    0.02709299    0.05404967   -0.06119351   -0.02395671    0.03386902    0.05242064   -0.18590847
SIO3    0.00884917   -0.06532029    0.13605006    0.20402441   -0.07038812   -0.14646493   -0.01980837    0.02655778
SMST    0.41220175   -0.06813251    0.00827160   -0.14084029   -0.05901154    0.01909119    0.04564072   -0.00820159
SOFI   -0.20274280   -0.11816693   -0.00581275   -0.01925278    0.00580837    0.03913595   -0.01200488    0.04382900
SOL1   -0.01934864    0.01776689   -0.03238218    0.01988229   -0.00661869   -0.06255323    0.03425804   -0.04798963
SOLA   -0.42908965    0.20140132    0.05214703   -0.27714330    0.11587657   -0.01970764    0.05661073    0.16293257
SPT0   -0.17621017   -0.04050469    0.01242087    0.01159651   -0.04969363    0.05165013    0.00718943   -0.04524811
SSIA    0.15693256   -0.27564986   -0.01006231    0.06662418    0.05523159   -0.06305833   -0.05794738    0.00832602
STHL    0.41322925    0.15577532    0.00356423    0.06891968    0.01417327   -0.04040144   -0.01761276    0.00978231
STJO   -0.10356909   -0.03842613    0.00849276   -0.01316608   -0.01334526    0.00593499   -0.01252449   -0.00090878
STK2    0.20314064    0.22189036   -0.04367180   -0.11278607   -0.00451116   -0.02920742    0.00814100    0.05993822
STR1    0.07004232    0.14168489   -0.01018100   -0.01966546   -0.01165031   -0.01960424   -0.00722494    0.01037498
STR2   -0.14402022    0.01766802   -0.00302998    0.02642144    0.01432488   -0.02396516   -0.02302676   -0.00140054
SUNM   -0.11255037   -0.17946464   -0.06078564   -0.08384878   -0.12348793    0.02159911   -0.10383829   -0.06428387
SUTH   -0.07757192   -0.06940449    0.01567364   -0.02226718   -0.00161256    0.00149171   -0.00328012    0.00782848
SUTM   -0.01206887   -0.12784370    0.02691648    0.01466353    0.00038670    0.01541890    0.00407634   -0.02049020
SUTV    0.08325094   -0.04584039    0.00719776    0.02065966    0.00159969    0.00721058    0.00329361   -0.03057573
SUWN    0.21791451    0.16475753   -0.01539617   -0.02722897    0.03454547    0.01969040    0.00897241   -0.01508909
SVTL   -0.11171861   -0.19640310   -0.07416726    0.06075762   -0.03305495    0.00183589    0.04199616   -0.02460760
SYDN    0.02448252    0.21187224   -0.00077152   -0.00650505   -0.01363868   -0.01360480   -0.00705724   -0.02221503
SYOG   -0.00004342   -0.02933224    0.03756420   -0.01061366   -0.02348827    0.03560010    0.01442177   -0.01184987
TABL    0.03481151   -0.03059212    0.00184014   -0.02893473   -0.00811628    0.01936743   -0.01647927    0.00015595
TABV    0.08468805   -0.02656969   -0.01067228   -0.00814891    0.03348623    0.00460028    0.03656533   -0.00228702
TAH1   -0.13648853    0.04324942   -0.06578956   -0.13233242    0.06827198    0.00590227   -0.01822883    0.00960933
TASH   -0.28293277    0.25970140    0.17967225    0.05823639   -0.09283386    0.04341661    0.01873321   -0.02089819
TCMS    0.45234169    0.34345935    0.00216129   -0.33966328   -0.13990276   -0.50088408   -0.08508090    0.15636225
TEHN    0.16486873    0.33959586   -0.16468650    0.39746809    0.21135046    0.40093965    0.01219963   -0.19992557
THTG    0.23406145    0.13188271   -0.09903734   -0.11378380   -0.12641242    0.02007794   -0.10417340   -0.06022457
THTI    0.04387346    0.23266588    0.08039406    0.09687815    0.00392072    0.05191561   -0.06153099    0.03540399
THU1    0.10300341   -0.08668920    0.00460509    0.04446770   -0.01572295   -0.02257187   -0.03363470   -0.04973065
THU2   -0.03819531    0.03319797   -0.01648440    0.03993448    0.05677256    0.03438616   -0.00426046   -0.02565463
THU3   -0.07447798   -0.04614318    0.00577458   -0.05749439   -0.01487836   -0.05290501   -0.02448720   -0.00912583
TID1   -0.13265708   -0.08916828   -0.00945934    0.00195038   -0.00132940    0.01650021    0.01435250    0.00618152
TIDB    0.07987514    0.11037151    0.00126646   -0.01274412    0.00799464   -0.01481988    0.01095471    0.01204977
TITZ    0.10240293   -0.01853571   -0.03486973   -0.07859669    0.01399455   -0.04505764   -0.01404990   -0.00661000
TIXG    0.00522715   -0.00753473   -0.00867084    0.00848814   -0.03014463   -0.00356656    0.00638038    0.03780085
TIXI    0.03942914   -0.03473291   -0.03120229   -0.00324362   -0.01567110    0.03159864   -0.00727303   -0.00661949
TIXJ   -0.07996510   -0.05510674    0.01462332   -0.07072152    0.03672726   -0.01600010    0.00389107    0.00552530
TLSE   -0.20450472   -0.08024674    0.08629630    0.04582663   -0.06013902   -0.02472900    0.02877599    0.03844118
TN22   -0.20772249    0.09013241   -0.03116429    0.01257965   -0.02476160   -0.06112998    0.00771847    0.06382463
TNML   -0.22672039    0.43473184    0.21830543    0.17034441   -0.14475594    0.36659271    0.11769780    0.14819626
TONG    0.11280489   -0.05838456    0.05947740   -0.03301592    0.09457685   -0.12149500   -0.05744419    0.14493054
TOUL   -0.02564917    0.09316813    0.16707728    0.01837287   -0.02029824   -0.03755998    0.02522368    0.06123112
TOW2    0.07369064   -0.05776431   -0.03645263    0.18765064    0.07520489   -0.00505812    0.06512425   -0.02719324
TRAB   -0.30828017   -0.60944847   -0.34582555   -0.19699955    0.03612104    0.09932076   -0.05407218   -0.23453005
TRO1   -0.14938683    0.24476749   -0.01804323   -0.02411866   -0.02547858   -0.03372862    0.01842747   -0.00292703
TROM   -0.22213131    0.00462688   -0.00065339   -0.00689202    0.01521193    0.01003434    0.02269582   -0.03196833
TSEA    0.22442814   -0.02703085   -0.00920126   -0.04880375    0.03203409   -0.00666420    0.05773897    0.04339248
TSKB    0.33361869    0.10741994    0.03327952   -0.11149870   -0.05963076    0.04029115    0.02843390   -0.00429346
TUVA    0.36403292   -0.10838745    0.00477646   -0.04245957   -0.00474752   -0.05058267    0.04982990    0.04086665
TWTF    0.32916115    0.17109576   -0.25174565    0.10906745    0.11115176    0.15846716   -0.04681942   -0.08063305
TXES   -0.16268832   -0.23651640   -0.09316436    0.05823565    0.06946624   -0.06715780   -0.07931529    0.02827063
UFPR    0.19469871    0.02315919    0.02198355   -0.01728757    0.03470152    0.00904314   -0.04951731   -0.02376895
ULAB    0.06349072   -0.01231111   -0.06332184    0.03146271    0.02730357    0.02808259   -0.01539569   -0.01189902
UNB3   -0.20141847   -0.05391575   -0.03116217    0.01878018    0.00077969    0.01927423    0.01603737   -0.00361476
UNBJ    0.11719521   -0.09432007    0.02598949    0.04340939   -0.01428882    0.00227990   -0.01606230    0.00911802
UNBN   -0.22286478   -0.08299518   -0.01793207   -0.01547735   -0.06013704    0.02942496    0.05363572    0.01270516
UNSA   -1.55834857   -0.17311033   -0.17044725   -0.32668606    0.18819882    0.21547138   -0.02746990    0.01819456
UNTR    0.18010410   -0.14388421    0.11631238    0.07864524    0.03057900    0.02804642   -0.00718444   -0.00243836
URUM    0.13394031   -0.04203635    0.06309307   -0.30291399   -0.02748716   -0.07535404    0.02657810    0.02576387
URUS    0.17072874    0.13545836    0.01674043    0.05874667   -0.14934770   -0.01979358   -0.02151820    0.00322950
USN3    0.08145065    0.03038921   -0.01554439    0.01909044    0.08495398    0.01413932    0.03864302   -0.03851405
USNA   -0.01096792   -0.00343360    0.04331084   -0.01025588   -0.00481465   -0.05097097    0.02691527   -0.06378631
USNO    0.02631863   -0.05945405    0.00058938   -0.01882875   -0.03679398   -0.08858544    0.00813747   -0.06753813
USUD    0.43998376    0.12145710   -0.09624243   -0.08156978   -0.05265346    0.02534532   -0.00954940    0.03811098
VACO   -0.24697649    0.10559939    0.04884352   -0.02570553    0.03117272   -0.00949120   -0.02110528   -0.00461349
VALD   -0.07085594    0.08683083    0.06253486    0.07001244   -0.00938215    0.00582854    0.00710005    0.01396091
VENE    0.14692769    0.22728289    0.20872640   -0.02852003    0.06855648   -0.10086770   -0.02730541   -0.02652448
VESL   -0.19096639    0.02725204   -0.03898284   -0.01593618    0.01052614    0.00897529   -0.01817664   -0.01063478
VIL0   -0.06486399   -0.11701394   -0.06053045   -0.02935749   -0.00571499    0.00515531   -0.00368594   -0.00791437
VILL   -0.03091133    0.06792662   -0.03648162    0.03611819    0.04110129   -0.00784677    0.01578748    0.00574964
VIS0   -0.06816969    0.09418210    0.06686100   -0.00926486    0.01378639   -0.03925268    0.01804902    0.02380900
VNDP    0.15950652   -0.08276383   -0.13632175    0.09401061    0.04370183   -0.00770409   -0.00864632   -0.03369114
VOIM    0.20399218   -0.03968476    0.25035945    0.04806390   -0.11199730   -0.02530310   -0.06252282   -0.07254035
VTSP   -0.03878884   -0.00454398   -0.00921023   -0.10132379    0.03026529   -0.00192621   -0.02559315   -0.03153505
WARK    0.07554989   -0.05779537   -0.00870782    0.02192849   -0.00625415   -0.00878150   -0.01381932    0.00591612
WDC1    0.07773426    0.02237793   -0.00672332    0.02832197    0.03680616   -0.01080598    0.01614154    0.03167903
WDC3    0.13483619   -0.05713574    0.09095526    0.08706068    0.04097534   -0.06322644   -0.06049696   -0.03391519
WEL1   -0.00974376    0.09242108    0.00430579   -0.07006551   -0.01923111    0.02854128   -0.00538923    0.01782444
WES2    0.12000047    0.11408876   -0.12178828   -0.03928635    0.02572109   -0.06150388   -0.00462007    0.05171570
WGTN   -0.02341638    0.04664768   -0.02706847   -0.03918915   -0.00420074   -0.00111721    0.01187771   -0.00242007
WHIT    0.00604683   -0.02063604   -0.02410282   -0.01548190    0.00752223   -0.03197371    0.02281985    0.00863560
WILL   -0.02285541   -0.03787351   -0.02429885    0.03834024    0.00596699   -0.01438823    0.00484744    0.00149705
WIND    0.02094516    0.20450079    0.01388808    0.08490582   -0.05417518   -0.00158070    0.04159241   -0.04128743
WROC   -0.14623924   -0.09648893   -0.03494742    0.00978691    0.00371832    0.06815388    0.00481991   -0.03083271
WSRT    0.09519551    0.06498069    0.00205065    0.01648092    0.00643498   -0.01419971    0.01481658    0.00194713
WTZA   -0.03173451   -0.12461093   -0.01565671   -0.06463031   -0.03424570   -0.01126046    0.00233744   -0.00771333
WTZL    0.17111058    0.19116515   -0.02356302    0.00210920    0.00906411    0.00423172   -0.02310142    0.00350234
WTZR    0.13826117   -0.06726710    0.05289008    0.04923317   -0.00882172    0.01505695   -0.00648793   -0.00832781
WTZZ   -0.18166902   -0.01033303   -0.00427427    0.06109065    0.01603859   -0.00656441    0.01612668   -0.01654321
WUHN    0.17264658    0.08030226   -0.03955539   -0.07448911    0.01020559   -0.02461972   -0.01344014   -0.00799575
XIAN   -0.40080403   -0.64653917   -0.17615604   -0.18577374   -0.12198308   -0.05968246    0.00945862    0.13481503
XMIS   -0.32607181   -0.16973295    0.07519452   -0.07639006    0.02568285   -0.02166409    0.00036788   -0.01337941
YAKT   -0.23697979    0.29576548    0.06958950    0.08251259   -0.10407642    0.00923627   -0.11134551   -0.02213568
YAKZ   -0.08149498    0.07786563   -0.13822597    0.18081681    0.00508406    0.06852432    0.00362626    0.00287677
YAR1    0.03845512    0.00428629    0.15094254    0.03906464    0.05126471    0.00578518   -0.03266321    0.00788274
YAR2   -0.04162920    0.02973736   -0.09560160    0.01029683   -0.02143252    0.01541729    0.02127362    0.02210218
YAR3    0.03096913    0.03387739    0.10927069    0.03223778   -0.02240713   -0.02438165    0.00388587    0.04083411
YARR    0.03879639   -0.08177217   -0.08236858    0.06257768   -0.01984157   -0.02896367    0.03485407   -0.02607753
YCBA    0.02319869    0.24739352   -0.14454317    0.12062389    0.03706221   -0.05109383   -0.05338242   -0.05715053
YEBE   -0.08807828    0.10970550    0.03080790    0.01461834   -0.00580325   -0.00758159   -0.01425591   -0.01107129
YELL   -0.10606845    0.01234174   -0.02577585    0.07861654    0.05688188   -0.01043391    0.00413669    0.04779776
YIBL    0.95354776    0.33434525    0.34278969    0.02925838    0.05713136   -0.04335632    0.06605021   -0.07764609
YKRO   -0.24489498   -0.33554271   -0.14318755    0.17421672    0.19007287    0.19634016    0.01835027    0.08875301
YSSK    0.05278150   -0.06802419   -0.02536394    0.00538264   -0.03504785    0.04140724   -0.00844931   -0.00151416
ZAMB   -0.22402684   -0.00658308   -0.06951958    0.00701917    0.02200291    0.02106529   -0.02629216   -0.01543086
ZECK    0.14848828    0.18607254   -0.03137874    0.06428401   -0.01270478   -0.00395806    0.00056196    0.01558786
ZIM2    0.04149211   -0.07740981   -0.03697106   -0.07983891    0.00287258   -0.01325419   -0.00515837   -0.01961176
ZIM3   -0.05814058   -0.04932189   -0.03645770    0.06492442    0.00586923    0.04441943    0.00868920   -0.07170352
ZIMJ    0.04328288   -0.08675204    0.07048054    0.03861958   -0.00245393    0.04824930    0.00832077    0.02026824
ZIMM    0.05910023   -0.05564271   -0.06291614    0.06130208   -0.02908152    0.03985174    0.02612111    0.00247415
ZWE2   -0.00715885   -0.17837190   -0.03789375   -0.01218322    0.04311288   -0.01334899   -0.00522793   -0.01847090
ZWEN   -0.26709036    0.44056318    0.08503149   -0.05888133   -0.04972401    0.07227010    0.04711243   -0.04552883
