name cos1 sin1 cos2 sin2 cos3 sin3 cos4 sin4
ABMF   -0.21680375   -0.23037998   -0.04410889   -0.13255560   -0.08479098    0.13057804   -0.02210591    0.05975558
ABPO   -0.04671681   -0.15850680    0.04468325    0.17783825   -0.05937093   -0.01090209   -0.01600363    0.00688635
ADE1   -0.02541254   -0.03869761    0.00931469    0.03386037   -0.01665459    0.00761486   -0.01896793   -0.03689190
ADIS    0.00467969    0.28471850   -0.06004119   -0.14634081   -0.21668574   -0.07529639    0.14213079    0.01146193
AIRA    0.41959707   -0.08089839   -0.03403407   -0.04301568   -0.03593124   -0.04312142   -0.02658614   -0.01191746
ALBH   -0.15705169   -0.06986226    0.07069687    0.04170902   -0.03858237   -0.04379088    0.02650169    0.02378060
ALGO   -0.18525654   -0.03259303   -0.13100549    0.01578402   -0.00846117   -0.02207037    0.02811300   -0.00691326
ALIC   -0.13928791    0.00301465   -0.06229433    0.00290758   -0.03108431   -0.02721160    0.00505804    0.02875383
ALRT   -0.04837135    0.06764596    0.01569924    0.05829330    0.03575070    0.00296042   -0.01744198   -0.02898208
AMC2    0.05823914    0.46985623    0.16259025    0.00509734    0.05152341   -0.01126794    0.00437417   -0.04470607
ANKR   -0.43188996   -0.17048343   -0.11673813   -0.10792568    0.00299790    0.05256397    0.00234033   -0.00310020
ANTC   -0.01937524   -0.14596865   -0.10049573    0.10257932   -0.02547086   -0.09269441   -0.01913280    0.03757120
AOML    0.05045395    0.63175114    0.09656191    0.05515971    0.02483697   -0.04372026    0.01844254   -0.21229072
AREG    0.79430880   -0.26874226   -0.34470558   -0.26845939   -0.31073362   -0.21890903   -0.11116317   -0.09032428
AREQ    0.11524239   -0.32683849    0.42635032    0.23505857    0.30688552    0.02222691    0.11418002    0.02631429
AREV    0.19737113    0.13666217    0.57607473    0.07297293   -0.13672798    0.14385958    0.12988722   -0.08511179
ARTU    0.03198106   -0.04140805    0.00773000    0.07871897   -0.00955771    0.00124957    0.03453631    0.07528835
ASC1   -0.32713751   -0.32670926    0.05535409   -0.13318484   -0.00537655   -0.05385680   -0.08167492    0.03446947
ASCG    0.29522972   -0.47226105   -0.02281121    0.17723079   -0.03071350   -0.02926298   -0.02454022   -0.04480040
ASPA   -0.22929281    0.07667820   -0.00488779   -0.07413326   -0.04543963    0.01830186   -0.00890032    0.00577404
AUCK    0.08558448   -0.01210187    0.00180411    0.00435651   -0.00176695    0.01859886   -0.00527972   -0.00705453
AZGB   -0.01002033   -0.01248658   -0.06592831    0.02822986   -0.04692729    0.01617596    0.00286957    0.02168991
BADG    0.06066411    0.40074146    0.04558998   -0.06689128    0.03475136   -0.02836373    0.00699760   -0.03897984
BAKE   -0.02982991    0.13736174    0.00462903   -0.03847181    0.00555016   -0.00611322    0.00633658   -0.02710378
BAKO   -0.02386253    0.31044650    0.01434328    0.06696819    0.05003504   -0.08719550   -0.12795266   -0.01502316
BAN2   -0.01321555    0.25934773    0.23941190   -0.43979207   -0.06353178    0.11410839   -0.10270755    0.00724351
BARH    0.01436913   -0.06984342    0.05971596    0.00061438    0.00547510   -0.00232869    0.00934653    0.01200874
BDOS    0.25573326    0.08722774   -0.07321499   -0.08387535   -0.08172936   -0.01299618   -0.00077874    0.05347497
BHR1    0.24989925    0.92564347   -0.06878994    0.07441610   -0.19325919    0.31697331   -0.26579356    0.17982095
BILI   -0.07523924   -0.09484476   -0.04823955   -0.01734158   -0.03558510   -0.02735175   -0.03570310   -0.02975357
BISK   -0.10609477   -0.19288009   -0.00190340    0.00592762    0.01397108    0.01981710   -0.00673733   -0.00883652
BJCO    0.29778483   -0.02082808   -0.23806794   -0.27581844    0.25417487    0.24694049   -0.10329414    0.06524479
BJFS    0.13793679    0.16350430    0.09042762   -0.02904406    0.20771291    0.07067770    0.00461108   -0.10193959
BJNM    0.21042184   -0.20358779   -0.21927463    0.12823440   -0.15836818   -0.02478612    0.15845170    0.05667622
BNDY   -0.11374453   -0.11641292    0.03658682    0.03152253   -0.01663809    0.03242288   -0.04760707   -0.02336978
BOAV    0.13573903    0.13892468    0.12291507   -0.24615801   -0.02983959    0.11371095    0.03715649    0.01351130
BOGO   -0.20278440   -0.12207058    0.01369050    0.05160288   -0.01739348    0.04715936    0.02205705   -0.01823751
BOGT   -0.13039032    0.16278795    0.02724749   -0.00156875    0.05920900   -0.01303396    0.00829911   -0.05576748
BOR1    0.11617371   -0.07984948    0.02926093   -0.02052009    0.04933394    0.01638413    0.03729329   -0.03546547
BRAZ   -0.21089048   -0.06014636   -0.09557101    0.04235545   -0.06195577   -0.00355051   -0.04264164    0.02366285
BREW    0.28834747    0.00425514   -0.08277164   -0.34110861    0.03708125    0.02116194   -0.00778116   -0.04494199
BRFT   -0.64336337   -0.13610106    0.04480543    0.10287222   -0.01539564    0.09865059    0.02334129    0.02904053
BRMU    0.09470393    0.12944183    0.01306076   -0.07308303    0.00295797    0.03164250   -0.01266830   -0.01487539
BRST   -0.11750653   -0.01220889    0.01720076    0.04784701    0.02446540   -0.01746405    0.02264451    0.00752971
BRUS   -0.00633431   -0.01190495   -0.02545636   -0.03897746    0.01259046    0.03831541   -0.00691685    0.00998151
BRUX   -0.16551079    0.03495708    0.06708954    0.01503023    0.02878316   -0.02024427   -0.03717360    0.02091823
BSHM    0.12055212    0.18027419    0.09866892    0.07070108    0.08442647   -0.00484861    0.00717092   -0.02946701
BUE2    0.05828914   -0.14513194    0.02055757    0.03955783   -0.12981256    0.10193461   -0.02486063   -0.04148338
CAGL    0.30850012   -0.11084773   -0.02118445    0.01967073   -0.03286026   -0.01095526    0.01415018    0.01746359
CAGS   -0.00749353   -0.00806893   -0.09039034    0.00173616    0.00390271   -0.06125761    0.02866093    0.00024000
CAGZ   -0.05284699   -0.25324375    0.02617268    0.00121884    0.02308966   -0.06332833   -0.00630524    0.03641035
CALL   -0.26191184   -0.60708522   -0.01919999    0.48008728    0.21504135   -0.08866241   -0.02481387   -0.02239546
CARR    0.11658230    0.43110365   -0.13822340    0.28349300   -0.05151697    0.07936641   -0.04904578    0.08626339
CAS1   -0.01372882    0.00948829   -0.01969148   -0.00459142   -0.02253277    0.01503609    0.00431786   -0.00076264
CCJ2    0.07402743    0.30013754    0.01283707   -0.10259108    0.11895990    0.00454680   -0.05295043    0.00004559
CCJM    0.09901445    0.29135445   -0.09922440   -0.05386410   -0.00632293    0.00389882   -0.01529033   -0.01764991
CEDU    0.09209041    0.25835127    0.01891254    0.01561835   -0.00508173    0.02565366    0.04554700    0.00656580
CFAG   -0.01984829   -0.24226028    0.18383525   -0.20523137    0.01236864    0.00428423   -0.00399562   -0.12335274
CGGN    0.14491347    0.06560601   -0.14699395   -0.18786607   -0.00619327    0.47702599   -0.00279431    0.01198654
CHAN    0.13215007   -0.09447420   -0.04900724   -0.02881490   -0.03699988    0.01581123   -0.01913982   -0.00476519
CHAT    0.06710145   -0.15505327    0.04458254   -0.00689661    0.00437577    0.03428217   -0.01050552    0.00971455
CHPG   -0.54357970   -0.09113841    0.15087181   -0.19393405    0.07022551    0.00270839   -0.00564110    0.00152536
CHPI   -0.01380876    0.26861437   -0.10083969    0.12677710    0.03094233    0.08101693   -0.00582857    0.00825707
CHTI   -0.06091425   -0.09378713   -0.03621816   -0.01025080    0.00690947   -0.03437749   -0.00252886   -0.00964773
CHUM    0.14089514    0.25310394    0.57681810   -0.19845160   -0.06414991   -0.16481845    0.01694893   -0.06226905
CHUR    0.04672519    0.10959879    0.00918802    0.00280549    0.00251807    0.02127473   -0.00649055    0.00019427
CIC1   -0.00920523    0.13053085   -0.19168602   -0.04533800    0.07919548   -0.04632399   -0.02157802    0.00397096
CICE    0.12952626   -0.50045911   -0.13141589    0.10926475    0.04457481   -0.13263782    0.05422722   -0.01563471
CKIS    0.08870211    0.06423508    0.02517547    0.06796252    0.01415864    0.06657411    0.07921982    0.00051779
CNMR   -0.00311608    0.10518878    0.18666426    0.08196392    0.02906758    0.11181027    0.01832760   -0.03979356
COCO   -0.12568518   -0.15209917    0.05331620    0.09113366   -0.03288746   -0.00734546    0.02429089   -0.02997656
CONZ   -0.08701689    0.16679228   -0.01785268    0.05830211    0.01747535    0.03025610    0.02542205   -0.00513698
CORD   -0.01637904    0.21404760    0.17004848   -0.17784353   -0.05701326    0.01530750    0.04228486    0.01071442
COYQ    0.12742184    0.00512930    0.01625077   -0.01217856    0.02794450   -0.02199540    0.01522042   -0.00442093
CPVG    0.12802738    0.12220832    0.02643521   -0.16995595    0.11795095   -0.01609700    0.04834762    0.01557467
CPXF   -0.00365242    0.06447939    0.01067260   -0.00610100    0.02762500   -0.02947319    0.00890484   -0.03551455
CRAO    0.00839286   -0.25294602    0.02989055   -0.10069896    0.05635851   -0.01379517   -0.01450646    0.04628905
CRAR   -0.07176713   -0.06713582   -0.03947947   -0.00361840   -0.01005724    0.00867479   -0.00861640   -0.00187928
CRO1   -0.16080725   -0.27067878   -0.00540085   -0.02491992    0.04957404   -0.09048481    0.00119213   -0.04085167
CTWN   -0.04760290   -0.05947531    0.03442073    0.05717379    0.04456100   -0.05963980   -0.02113643    0.08857686
DAEJ    0.16390041   -0.13889924    0.06645741    0.07637376    0.02202390    0.04281705   -0.01170183    0.00039683
DAKA   -0.15895277   -0.16619533   -0.04115978    0.06966599    0.05472940   -0.19648673   -0.00498576    0.05072687
DARW   -0.32357079   -0.52005233    0.20556557    0.29249644   -0.12498210   -0.05320936    0.04967517   -0.01938353
DAV1    0.06847251   -0.03233222   -0.04348260    0.01502179    0.00322782   -0.00116493   -0.00599375    0.00078009
DAVR   -0.05825945   -0.11330597    0.01517667   -0.00828406    0.03274685    0.00509687   -0.00005661   -0.01174859
DGAR   -0.12068246   -0.06900355   -0.13465191    0.01987252    0.08367664    0.04889643    0.00203224    0.03757777
DGAV   -0.02275258    0.17616489   -0.01667046   -0.10656257    0.01526392    0.03137457   -0.01414001    0.00068611
DRAG   -0.85478111    0.04536192    0.32738054   -0.18086451   -0.16499054    0.09537243    0.02699851   -0.02276106
DRAO    0.00465167   -0.22488881   -0.35551134    0.08882890    0.00697634    0.01556468    0.04451510    0.00058878
DUBO   -0.05302729   -0.04361727    0.04257497   -0.04350033   -0.00241386    0.04046001    0.04268645   -0.01947477
DUM1   -0.03481430   -0.05205437   -0.00812783   -0.06416402   -0.03046291    0.03452455   -0.01732418    0.00991742
EIL1    0.14012147   -0.02395987    0.00186077    0.04987156   -0.06802979   -0.00190321    0.04234225    0.04348060
EISL    0.15667646    0.37102186    0.17100097    0.02365927   -0.08526963   -0.09968499    0.03576003    0.00920861
EPRT   -0.00269886   -0.14889810    0.02382049   -0.00240691    0.01833356   -0.03769394    0.01746563   -0.00402621
ETAD   -0.28260232   -0.25871618    0.05012354    0.14568021   -0.25371024   -0.01399581    0.14025303    0.17692314
FAA1   -0.10346609    0.24295939   -0.01226076    0.05420205   -0.07107808   -0.00655553   -0.02404709   -0.06701457
FAIR    0.01905921    0.03955004   -0.02062891   -0.02447750    0.01447100    0.03889993   -0.06500527   -0.01366832
FAIV    0.07511305    0.01137921   -0.10084597   -0.09968322   -0.01440865    0.07162685    0.00133888   -0.00110987
FALE    0.04815545    0.13212069    0.06647753    0.07022561    0.01706070    0.01406738   -0.01045792    0.05474850
FLIN    0.15653628    0.12437393   -0.06240949   -0.01025275   -0.02882722    0.00145502   -0.00554595    0.02426297
FLRS    0.15183527    0.01465907    0.07878047   -0.05692675    0.04796990    0.01492971   -0.02935483   -0.00310645
FORT    0.07091546    0.93986050    0.02715868    0.14537988    0.02041519   -0.05427852    0.08709136   -0.08884796
FRDN   -0.18939725   -0.08706269   -0.04822585    0.04586938    0.00525793    0.01089017    0.01803471    0.00325065
FTNA    0.31234266   -0.01041307    0.04740240   -0.06255842   -0.16099258    0.04476807   -0.08508112    0.02007478
FUNC    0.40153834    0.15227111   -0.12188881   -0.00747441   -0.02121377    0.06978629   -0.03468535   -0.08335779
GALA    0.04974263   -0.18712539    0.08586208    0.08686527   -0.38460548   -0.10672298   -0.06588272    0.05109139
GANP    0.09929373   -0.12630018   -0.06112309   -0.00979425    0.00829439    0.01573753    0.02939305   -0.01957604
GLPS    0.12846694   -0.12838714   -0.02474156    0.33214957   -0.06256566   -0.18292007    0.03059000   -0.15921547
GLSV   -0.06619779    0.05378879   -0.03209474    0.00614147    0.01746628   -0.02823969    0.01687385   -0.02301258
GMAS   -0.00272791   -0.66565495   -0.10896074    0.14798204   -0.12601922    0.00370294    0.03973951    0.09015329
GMSD    0.10515667    0.29973814    0.11142247    0.00486788   -0.03282504   -0.03143754    0.02276878    0.02648621
GODE   -0.58212085   -0.15235426    0.08648760    0.11525941   -0.03707554    0.01186026    0.01525684   -0.03243881
GODZ    0.04610911    0.04400850   -0.01714253   -0.01001241   -0.06724401   -0.08883874    0.00532235   -0.03074423
GOL2   -0.08118071    0.06476330   -0.00136509   -0.03710622    0.04188867    0.00614251   -0.01202461   -0.07389836
GOLD   -0.05295731    0.01268630    0.02326576    0.01868780   -0.05441073    0.00207650   -0.01415545   -0.00553703
GOPE    0.11409119   -0.10038037    0.05592728    0.01517339    0.02292025    0.03894185    0.01575607   -0.01156400
GOUG   -0.18198234    0.00157064   -0.02083059   -0.01197244   -0.01227853    0.10341017   -0.00077185    0.01221193
GRAS    0.06794809   -0.14011872    0.05435766    0.03812191    0.03028854    0.01122031   -0.04139287    0.00362546
GRAZ   -0.04943692   -0.08257117   -0.04523510    0.07904222   -0.03143613   -0.00265153    0.02550247    0.01383906
GUAM   -0.34242055   -0.00993850    0.10007793    0.05022306   -0.00031956   -0.15191106    0.01816777    0.00501985
GUAO   -0.42677117    0.18966056   -0.26654512    0.19028979   -0.03303009   -0.11444644    0.05250974   -0.07063069
GUAT    0.32617573   -0.05717441    0.01184723   -0.00196580   -0.06729676   -0.00080219    0.00032735   -0.01017216
GUUG    0.11316928   -0.02467012    0.14137361   -0.02216597    0.07258695    0.00518304    0.03156932   -0.04129073
HARB    0.08139427    0.05392520   -0.05407348   -0.07212424    0.05943681    0.06401821   -0.00418512    0.01364646
HERS   -0.01257546   -0.03455974   -0.00209617    0.02439532    0.04848564    0.01047029   -0.03148931   -0.01860023
HERT   -0.06089170    0.00765189    0.03204893   -0.01539780   -0.04685605   -0.01581169    0.03867517   -0.00901106
HLFX   -0.08884528   -0.06286241   -0.04107948   -0.03005377   -0.00820410   -0.00094868    0.01498299    0.01435166
HNLC    0.07462284   -0.02267121    0.12300691    0.06308877   -0.04763355    0.09951651   -0.02942341    0.01203547
HNPT   -0.11079721   -0.11274137   -0.01500348    0.06429488   -0.01989172   -0.06823138    0.02621468    0.05997221
HOB2   -0.13101230   -0.12521999    0.02182757   -0.02657334    0.01121481    0.01385174   -0.00592895    0.00395540
HOFN    0.11327281    0.00293611    0.00896791   -0.03467498    0.01248372    0.01282457    0.00486784    0.02631729
HOLB   -0.01599738    0.01939565    0.07275691    0.01868229   -0.03554565    0.00183732    0.01630014    0.02776286
HOLM   -0.05548588   -0.08040802   -0.07460317    0.00076789   -0.00647379   -0.00933384    0.04700758    0.01150068
HRAO    0.13561610    0.03138975   -0.08231951    0.06293473   -0.01378874   -0.09824993   -0.00765007   -0.02152104
HRM1    0.00048356   -0.05454247    0.03011893   -0.02094180   -0.05973818   -0.02320474    0.00947184   -0.00889110
HYDE   -0.14007910    0.04871547    0.36210285    0.23663245    0.05257442   -0.04286511    0.05685132    0.08469118
IDDR   -0.01017811   -0.08884435    0.19067181    0.04325356   -0.07220144    0.07041148   -0.01016847   -0.05043557
IISC   -0.19818900    0.28807776    0.01999846   -0.19320519    0.01684971   -0.01470425   -0.03003216    0.08961699
ILHA    0.37494761   -0.22586667   -0.08792257    0.06432414    0.00794762    0.00769207    0.02468323   -0.16015684
IMPZ    1.25754518    0.32357650   -0.19282990   -0.28878523    0.01409272    0.13857064    0.04798083   -0.09562544
INEG    0.01765600    0.23802832   -0.01990354    0.04702301    0.02544528    0.05227203   -0.05854589    0.01780549
INVK   -0.07499890   -0.04681880    0.03633176   -0.03913770   -0.02276115    0.02249644   -0.04865310    0.01822299
IQAL   -0.02466567   -0.03152292   -0.02034297   -0.01400624   -0.00199919    0.01116389    0.00544315   -0.01201499
IQUI    0.13450971   -0.14184701   -0.00224159    0.08453376   -0.11618196    0.04973895    0.00439707   -0.07808420
IRKJ    0.05776080    0.07895474    0.03790930    0.09159457    0.01923828    0.01785652   -0.05541485    0.00864423
IRKT    0.12903898   -0.15525232    0.13606668   -0.02123847    0.00597865    0.00961572    0.01158798   -0.07758593
ISBA   -0.28915031   -0.34093036    0.06250819    0.26526694    0.03160693   -0.08205711    0.00636538   -0.01658907
ISPA   -0.18623113    0.01316753    0.01184799   -0.07561341    0.00339979   -0.02031641   -0.03014568    0.00199165
JAB1   -0.43431826   -0.37287834    0.20738080   -0.14921497    0.16403397    0.08753306    0.10517684    0.01748877
JOG2    0.28807740    0.09962494   -0.06067853   -0.06567394   -0.10947899   -0.04061917    0.04897961    0.06276401
JOZ2    0.04547390   -0.20497196   -0.02221413   -0.02478017    0.01589383   -0.04685516   -0.02771648    0.01427820
JOZE   -0.17663476   -0.09749201   -0.03269938    0.01069392   -0.00238903    0.04566975   -0.02372609   -0.04513294
JPLM    0.05669046   -0.01813671    0.09458569    0.10775820   -0.00555621   -0.06335438    0.01782755   -0.05756768
JPLV    0.08582710    0.07780783   -0.02315176   -0.21259258    0.04868804   -0.00696524    0.06069417    0.04985778
KARR    0.56520670    0.01322816    0.06003511   -0.12776412   -0.13171328    0.02329177    0.03253918    0.03306792
KAT1   -0.20148653   -0.31571549    0.15138547    0.50671218   -0.05732627   -0.05624308    0.04803741   -0.00692920
KELY    0.05490991   -0.11330994    0.07140092   -0.05244686    0.02596063   -0.00236178    0.01283604   -0.01005756
KERG   -0.04835570   -0.05023415    0.01486056   -0.01202122    0.02176180    0.01072456   -0.00620319   -0.00888338
KGNI   -0.26511148    0.44692080   -0.04418321    0.04533331   -0.02581560    0.03219077   -0.00365845   -0.00783083
KHAJ    0.20875326    0.01083634    0.01560915   -0.01474037   -0.07463118   -0.05152078   -0.06148052   -0.06687060
KHAR   -0.05618528   -0.07875239   -0.02462056   -0.02976982    0.01908977    0.04075466    0.04741023   -0.00831845
KIR0   -0.08973014    0.06165912    0.05530260    0.00269834   -0.01235797    0.01231487    0.01161374    0.00259912
KIRI    0.14336501   -0.00390021    0.09260496   -0.22039732    0.05042574    0.00939853    0.03367775    0.00544835
KIRU   -0.17441541   -0.04300271   -0.02031212    0.07120681    0.01367332   -0.01448828   -0.01295521   -0.03219540
KIT3    0.40923179   -0.62484947   -0.05411297   -0.47153327   -0.20927727   -0.17850083   -0.05965160   -0.04204903
KOKB   -0.09275906   -0.03956807    0.08947877   -0.04967257   -0.08170853   -0.01562117    0.03928100    0.01077043
KOKV    0.07931797   -0.08857243   -0.10781606    0.04428220   -0.06458442    0.03247291   -0.00993351    0.00766729
KOSG    0.02062849    0.05023042   -0.02598998   -0.00366226   -0.00795910   -0.01292784    0.01972117   -0.00927246
KOU1    0.05968008    0.30823583    0.08628121   -0.14760161   -0.01229461    0.02633473    0.12111633   -0.08830661
KOUC    0.12194462   -0.22088003   -0.06369872    0.00048491   -0.01570965   -0.02754024   -0.02557402    0.10253676
KOUG    0.25856277    0.36528569   -0.21676183   -0.20212502    0.00728208    0.08050060    0.09416716    0.01057563
KOUR   -0.00083907    0.23216271    0.07393118   -0.23044431   -0.05617925   -0.00128247   -0.03705630    0.05685629
KRGG   -0.01329356    0.03418021    0.00830027    0.03738324   -0.00190166    0.01332627    0.02051243    0.00583889
KSMV   -0.14448295    0.31791455   -0.13288337    0.06834284   -0.03346980    0.07480255    0.00365507    0.00646294
KSTU    0.01835456   -0.21225438   -0.00443854    0.03177458   -0.03018310    0.01832463    0.02099162    0.03559038
KUNM   -0.05750553    0.41254597   -0.00335679    0.11712796   -0.07339788   -0.01583781    0.00207195   -0.07278221
KWJ1   -0.29904337    0.08456580    0.22468753   -0.12777281    0.01825039    0.05054514   -0.04629960   -0.15872692
LAE1    0.69272057    0.71217888    0.01467152    0.17489621   -0.06276379    0.10425768   -0.25860221    0.01164187
LAMA   -0.06825314   -0.10570772   -0.03330903    0.01164821   -0.03424254    0.02782997    0.03502983   -0.03186316
LAUT    0.47310326   -0.00417309    0.18358139   -0.03375712    0.04309908   -0.05827489   -0.12777100   -0.01657887
LHAS   -0.63115458   -0.36450724    0.23538893    0.06512489   -0.16756142    0.05542262    0.05167729   -0.02438558
LHAZ    0.07593812    0.66991931   -0.09531940    0.21203702   -0.12977672    0.14324030   -0.06107482    0.00902359
LMMF   -0.07434556   -0.11442402    0.07746129   -0.07746482   -0.03502743    0.03480337    0.01583185   -0.01457896
LPAL    0.16054778    0.03200970    0.09193947    0.06507683   -0.01365128   -0.00373070    0.00312407    0.00489658
LPGS    0.03670427    0.18220700    0.07064765    0.00140236   -0.03179345   -0.01701428   -0.02924877    0.02545637
M0SE    0.11142159    0.06843104   -0.10889939    0.00277693   -0.03083595    0.00295367    0.01298739    0.00730496
MAC1    0.07262242    0.03766832   -0.01162863    0.01632805   -0.01692331    0.00641216    0.00262417   -0.00340606
MAD2   -0.00117478    0.05127762   -0.05176638    0.01414053   -0.00968558    0.01660206   -0.00983400    0.00961801
MADR    0.09776741   -0.04749070   -0.08486224   -0.02991639   -0.18412178   -0.07130135   -0.05393898    0.05711677
MAG0   -0.02409877    0.01193012    0.00543007    0.06084781   -0.03030230   -0.02705340    0.00767145    0.02840480
MAJU    0.28724948   -0.01396031    0.08369133   -0.04745711    0.00314295   -0.04421321   -0.02372151    0.00801266
MAL2   -0.22436325   -0.25059017   -0.18299853   -0.24658972   -0.17536629    0.03933231    0.13420612    0.15735846
MALD    0.22615476   -0.04906960   -0.22878380   -0.27238706   -0.22530391    0.00017149   -0.00931892   -0.03285829
MALI    0.24591760    0.33272828    0.04722300   -0.22020768    0.03471430    0.16065708   -0.09634823    0.12549563
MANA    0.14695635    0.67720115    0.34349050   -0.04794224    0.17332852    0.04756215   -0.01288618    0.00474024
MAS1   -0.64447020    0.45048634   -0.08738830   -0.03800240   -0.02258255    0.00805241   -0.02652759   -0.00570455
MAT1    0.00872686   -0.00107999   -0.07931661    0.00301778   -0.01701492   -0.01004203   -0.02190368    0.01542806
MATE   -0.00114657    0.00744353    0.00287937    0.07321326   -0.00033682   -0.01455644    0.02317646   -0.01403642
MAUI   -0.13497686   -0.02511387    0.02000961   -0.00289512    0.03267930    0.01784045    0.05729077    0.00276668
MAW1   -0.01748780   -0.00279468   -0.01220334   -0.01998539   -0.01177743   -0.00700461   -0.00774823    0.00157238
MBAR   -0.12790834   -0.16891674   -0.10857455    0.13846892    0.04425129    0.02950997   -0.08878366   -0.03508793
MCIL   -0.16049478    0.11453851    0.05119701    0.02353479    0.09599058   -0.01808005    0.00688054    0.02434641
MCM4   -0.09238749    0.02255794   -0.01802910   -0.01644853   -0.00813039    0.00726650   -0.00663867   -0.00008043
MDO1    0.12349440   -0.06718381   -0.04078010    0.04815987   -0.04203273   -0.01303503    0.00794594    0.00685857
MDVJ   -0.06589957    0.04044708   -0.00218191    0.01627636   -0.01226633   -0.02447719    0.01307513    0.01248927
MDVO   -0.11596174    0.29580126    0.04532711   -0.30378213   -0.06565954   -0.08060346    0.01732418    0.06179872
MEDI   -0.19231751    0.03775211    0.07897624   -0.08946209   -0.00431636    0.02178078   -0.02750865    0.01221958
METS   -0.14886627   -0.08785270   -0.00847033    0.05870027   -0.02025759    0.00561871   -0.00204344   -0.01619020
METZ   -0.08826340   -0.13131125   -0.04849857   -0.02237292    0.02090237   -0.00480943    0.01964475    0.01844897
MGUE   -0.11206121   -0.19064247   -0.11605422   -0.05586625    0.04283140    0.00691495    0.04977730    0.00674457
MIZU    0.12214219   -0.01751976   -0.06146988    0.09790805   -0.00281054    0.02823650   -0.01922482   -0.03118403
MKEA    0.02052099   -0.09409636    0.01585120   -0.02457232    0.01140156   -0.00556508    0.00462648    0.00201010
MNLS    0.02104940   -0.02146998    0.03086885    0.00084078    0.01865879    0.01673639    0.00846475   -0.00887608
MOBJ    0.13832374   -0.05573611   -0.01853146   -0.03952854   -0.01177153   -0.03147781   -0.00479404    0.00603351
MOBK    0.17363526   -0.09317708   -0.02014956   -0.05776786   -0.02020056    0.01356356   -0.01507787   -0.01008556
MOBS    0.02308992    0.16021011    0.03962122   -0.00481258   -0.00525085    0.01417318    0.00425738   -0.01030078
MONP   -0.02776716    0.00592563   -0.00946548   -0.00936069    0.00689319   -0.02377162   -0.00913099   -0.00635783
MORP    0.14706654    0.09663685   -0.04918805    0.02099819    0.01191578   -0.02209943    0.02505474   -0.00475289
MQZG    0.04534621   -0.00171399   -0.02247958    0.00313769   -0.02157975   -0.00332528   -0.02003583    0.02480525
MRO1   -0.24828076   -0.01384183   -0.00324308   -0.08151245    0.04877932   -0.04693115    0.00249786   -0.02926195
MSKU    0.12021148    0.18814820   -0.41394467    0.06192253   -0.22958466    0.04682420    0.19920130   -0.08418428
MTKA   -0.03403760    0.55079183    0.15043363    0.18931458    0.08150729   -0.01365643   -0.00439162    0.00067806
NAIN   -0.14223101    0.02271786    0.04664458    0.03802636   -0.00157155   -0.00977989   -0.00345929   -0.00176665
NANO    0.02481158    0.22382098   -0.06723585   -0.02927338   -0.00593486   -0.04230734    0.00980456   -0.01795054
NAUR    0.04839312   -0.22234412    0.01250573    0.08423331   -0.04854668    0.00913699    0.04854564   -0.01863476
NICO   -0.18153619   -0.21667505    0.05066548   -0.07301715   -0.00334579    0.00005040    0.01154919    0.01226611
NIST   -0.18956233   -0.14172678    0.04105444    0.03659748   -0.01886199    0.00338867    0.01275357   -0.06745447
NIUM    0.18284492   -0.05324373    0.01643749   -0.00778281    0.08964879   -0.04412905    0.06458945   -0.01919768
NKLG    0.12470930    0.22166562   -0.35527216   -0.23425205    0.21153130   -0.09422941    0.17051476   -0.01859263
NLIB    0.12788036    0.14859791   -0.00692432   -0.07580791    0.00440042   -0.03692626    0.03248346    0.05459411
NNOR   -0.04772071   -0.01221730    0.06148046    0.02808086    0.02248888   -0.02050915   -0.00120458    0.03845489
NOT1    0.06324838   -0.19463392    0.04251312   -0.14585259    0.01157686   -0.07329632   -0.03417980    0.05048321
NOTO   -0.09779567    0.09657183   -0.07045053   -0.18827900   -0.08625712   -0.08473963   -0.13019133    0.05567125
NOUM    0.11684932    0.30868890   -0.01410985    0.12511544   -0.11435616    0.06076655    0.04984547   -0.00956265
NOVM   -0.00688228   -0.12723329   -0.02943522   -0.06255110   -0.01959723    0.05773752   -0.02567034   -0.00188484
NRC1    0.13977121    0.12543672   -0.09813494   -0.01504008   -0.04736300    0.00384480   -0.00822539    0.00913642
NRIL    0.04387914   -0.07603595   -0.02326298   -0.04510137   -0.00252021   -0.00298753    0.02482068    0.01724746
NRMD   -0.04115566   -0.39448821    0.04239650    0.01182784   -0.07487454    0.02444227    0.03540278    0.01655767
NSSP    0.03413509    0.07238743   -0.12719204    0.13065157   -0.02129578   -0.22033668   -0.02795960    0.09511533
NTUS   -0.11208830    0.17598205   -0.07103823    0.00107097    0.03302786   -0.05925730   -0.00160264   -0.00382572
NURK    0.35008163    0.33892251   -0.44783607   -0.27285765    0.20682054    0.05413096   -0.14521431   -0.07413407
NVSK    0.32313376    0.02657437   -0.12594090    0.04026449   -0.04071708    0.05367123    0.17364636   -0.01210431
NYA1    0.04471608    0.03725040   -0.00687008    0.03706729   -0.02500260    0.00820484    0.01091055    0.00198371
NYAL   -0.06693878    0.05980315   -0.02903462   -0.03703493    0.03005838   -0.00703537   -0.00487362   -0.01388226
OHI2    0.06687202   -0.05019633   -0.01068246   -0.07470683   -0.00871190   -0.00197779   -0.02561535    0.00658046
OHI3    0.04688401   -0.04385961    0.01756585   -0.06939689   -0.00763191    0.00296687   -0.01399835   -0.01788780
OHIG    0.01339213    0.05311965   -0.04642449   -0.08109729   -0.02218482    0.03732372    0.02744674   -0.00718785
ONSA   -0.09381174   -0.02666402   -0.00884393    0.03639700   -0.03882224    0.06774582   -0.00458564   -0.04674490
OPMT   -0.14572841   -0.15859510   -0.03142153    0.07374404    0.03157902    0.07090073    0.01864016   -0.04887424
OS0G    0.08005546    0.03627820    0.00957306   -0.05258081   -0.00353942    0.01539835   -0.01929430   -0.07554600
OSN1   -0.06101339    0.28452094    0.04708747    0.01066235    0.04637880   -0.04605776    0.00362350   -0.05603966
OUS2    0.00696618   -0.03178147   -0.04716949   -0.00756455   -0.00044740   -0.01255022    0.01350014    0.00709547
PADO    0.04254434   -0.01176887   -0.03804382    0.06983065   -0.07130045   -0.04766578    0.11889966    0.09306286
PALM   -0.06029580   -0.03176688    0.01377887   -0.02489209    0.00135942    0.01536112    0.00222699    0.00722859
PALV   -0.04495313   -0.03359632    0.03895741   -0.01896471   -0.01465413    0.03529965   -0.02408187   -0.02213069
PARC    0.03162980   -0.07653023   -0.01670323    0.02745542   -0.00499756   -0.01786479   -0.01522506    0.01560052
PARK    0.09100588    0.03405021   -0.06002664   -0.01904026   -0.00938298    0.00947514    0.02591795   -0.02060998
PBRI   -0.17772222    0.04039481   -0.06721007    0.12357177   -0.21803737    0.08061917    0.00830720    0.03389878
PDEL    0.08699582   -0.03129052   -0.04094547    0.06865616    0.00650802   -0.03155625   -0.00179719    0.00018427
PENC    0.00170563    0.25942691   -0.09285871    0.00580300   -0.02356059    0.04499746   -0.02809184    0.00092826
PERT   -0.10380056   -0.07025385    0.01524284    0.02164848   -0.03878210    0.03238306   -0.00850118    0.00863450
PETP    0.06131799    0.00847908   -0.00376389   -0.08093264    0.00585314   -0.08358675    0.00289212   -0.02768471
PFA2    0.04750673   -0.07843651   -0.28680975    0.00234853   -0.03078287   -0.02291101   -0.00603805    0.02543214
PIE1    0.16941421    0.01507976   -0.05986940   -0.00183577   -0.02315180   -0.01329653    0.01460787    0.00735785
PIMO    0.24319282   -0.17249877    0.16307567    0.07267501    0.15409693    0.00591497    0.02296099    0.05612893
POHN   -0.12048028    0.14042734    0.16070954   -0.09373174    0.02821967    0.05036626    0.01465185    0.00704621
POL2    0.00612918    0.83605075   -0.47253314    0.04001703    0.07493065   -0.04040124    0.04693999    0.08779046
POLV   -0.00546642    0.01850932    0.01102135   -0.00414707    0.00478037    0.00316444    0.00641279   -0.04001075
POTS    0.05664346   -0.15726174    0.02890780   -0.03238949    0.00079521   -0.04653345   -0.01427253    0.00184546
POVE   -0.18496786    0.05861995   -0.26741258    0.07123957   -0.10798012   -0.09431749    0.00237298   -0.02491403
PRDS   -0.08886846   -0.01916652    0.12310884    0.00247572   -0.07355846    0.09123276   -0.05919133   -0.02713122
PRE1   -0.11795856   -0.13588306   -0.05990915    0.11271902   -0.04202645    0.03789021   -0.01893653    0.03696777
PTAG    0.11270129    0.03643945   -0.05584148    0.09533109   -0.11854576   -0.03499709    0.06576485   -0.01233148
PTBB   -0.09124621   -0.07930267   -0.02915782    0.05448469   -0.00115973   -0.01481695    0.03707729    0.00072894
PTVL    0.23898140    0.19895424    0.02524220    0.08374423   -0.04119681    0.03458507   -0.07727463   -0.00443267
PVEP   -0.15204616   -0.30840715    0.12387284    0.02836929   -0.13066564   -0.15462327    0.10533124    0.14893010
QAQ1   -0.01922979   -0.22418025   -0.12300311    0.02840324    0.04677384    0.05357293   -0.00562543   -0.00335833
QUI2    0.12162998    0.12749627   -0.03337226    0.14609936    0.00604334    0.08712828   -0.03116082    0.03332703
QUIN    0.23224490    0.02794671   -0.22929934    0.00147452    0.08417785    0.01702727   -0.06044664    0.00941937
RABT    0.07585325    0.28629533   -0.09306146    0.06388121    0.03158238    0.00377259   -0.05006924    0.02402047
RAMO    0.06545185    0.07749573    0.03278082   -0.02093270    0.01728016   -0.00094155   -0.00562747    0.00560333
RBAY    0.24296028   -0.18635554    0.01818231    0.02843423    0.02973544    0.02637079   -0.02071635    0.02187950
RCMN    0.00093979    0.08662404   -0.11307286   -0.04929166    0.03330578    0.02246307    0.12488057   -0.04412443
RECF    0.01764571   -0.15749812    0.12133156    0.00968193   -0.03816593   -0.06391598   -0.00626690    0.04400403
RESO   -0.12674339    0.05696134   -0.00234399   -0.04828968   -0.03353228    0.00860702   -0.02691939    0.00018447
REUN   -0.00576820   -0.29405793    0.08152739    0.02527663   -0.06318126   -0.07839045   -0.00193413   -0.04914127
REYK   -0.10191587   -0.01696628   -0.00332456    0.01612245    0.01152233    0.00167410   -0.00097752    0.01262642
REYZ    0.01161907   -0.02587759    0.03846390    0.06560899    0.02163374    0.00302088    0.00673180   -0.02962645
RGDG    0.02860030   -0.03565781   -0.00562578    0.00420198    0.01129468    0.00385884    0.03364440   -0.02418559
RIGA   -0.11191470    0.12629736    0.02556291   -0.01730910    0.04061969   -0.02151696    0.01644792    0.02910626
RIO2   -0.00863804   -0.00513107    0.01050107    0.02247198   -0.00675058   -0.01703115   -0.01383009    0.03006204
RIOG   -0.04871317   -0.06687145    0.02033397   -0.02827836   -0.03009723    0.00287411   -0.07506790   -0.05525938
RIOP   -0.38431816   -0.25071932    0.17166181   -0.02580330    0.07853264    0.18183469   -0.08303723   -0.04239644
ROSA    0.22931895   -0.12764950   -0.12385066   -0.03396913   -0.00934041    0.05986346    0.02884316    0.16215428
ROTH    0.12117117    0.01212030   -0.09214246   -0.06569108    0.04525819    0.00207186    0.01706596   -0.00823470
SALU   -0.21599951   -0.19725433   -0.18916706   -0.15783053    0.02542634   -0.01879561    0.05782697    0.07024976
SAMO    0.03459480    0.00905221   -0.02305253   -0.01686529    0.02653661    0.00002287   -0.07842141   -0.10996045
SANT   -0.47874248    0.26222766   -0.34244446    0.10981755   -0.05200804   -0.08439385    0.08001090   -0.00214734
SAVO   -0.04143730    0.14213377   -0.01308290   -0.04246263   -0.00718044   -0.01431568    0.02113333    0.01822675
SCH2    0.12308720   -0.18992056    0.01823122    0.05198608   -0.00609532    0.00687284   -0.00660036    0.01384903
SCOR    0.04605944   -0.00018340    0.03026659    0.02394013    0.02558372   -0.00461254    0.02288242   -0.00771944
SCRZ    0.21536144   -0.38607451    0.09963083    0.22311367   -0.00436410    0.06552312   -0.23588374    0.05630817
SCTB    0.04055648    0.04969525   -0.00069154    0.00047351    0.00533475   -0.00068494    0.01334376    0.00219138
SCUB   -0.11349263   -0.31106543   -0.00717394   -0.12763927   -0.00116855   -0.00187152    0.01545584   -0.01142954
SELE   -0.40405562    0.43011367   -0.27151738   -0.27721773    0.15386838   -0.01799280    0.00274933    0.06099375
SEY1    0.07992825    0.16507308   -0.05945599   -0.12008707    0.01603266   -0.16185778    0.06920186    0.05792575
SEYG    0.45530235   -0.16688385    0.03280861   -0.07301677    0.00699469   -0.09075636   -0.12867655    0.02003199
SFER    0.01763615    0.06309155   -0.09034763   -0.00579223    0.03917904   -0.01212737   -0.00603602    0.03390217
SHAO    0.19115252    0.13677573   -0.01541748   -0.01858368   -0.04772091   -0.03017364   -0.01312952    0.00076655
SIMO    0.10196871    0.00067950    0.03279301   -0.06507548   -0.01747747    0.05288350    0.08424555   -0.22295950
SIO3    0.00631492   -0.06791786    0.13558293    0.20016594   -0.06888372   -0.14856400   -0.01480175    0.02524892
SMST    0.41220175   -0.06813251    0.00827160   -0.14084029   -0.05901154    0.01909119    0.04564072   -0.00820159
SOFI   -0.20184170   -0.11708540   -0.00561140   -0.02084278    0.00470390    0.03981405   -0.01180926    0.04027722
SOL1   -0.01965921    0.01816361   -0.02987206    0.01930246   -0.00777663   -0.06807856    0.02856453   -0.05091848
SOLA   -0.40790898    0.24396325    0.06160166   -0.22344782    0.09297290    0.00181454    0.03303674    0.11438981
SPT0   -0.17621017   -0.04050469    0.01242087    0.01159651   -0.04969363    0.05165013    0.00718943   -0.04524811
SSIA    0.15693256   -0.27564986   -0.01006231    0.06662418    0.05523159   -0.06305833   -0.05794738    0.00832602
STHL    0.41641306    0.15514216    0.00318610    0.06862383    0.01090235   -0.03946875   -0.02126514    0.01346120
STJO   -0.10356909   -0.03842613    0.00849276   -0.01316608   -0.01334526    0.00593499   -0.01252449   -0.00090878
STK2    0.20870817    0.22241613   -0.04807558   -0.11133038   -0.00014256   -0.03240829    0.00489721    0.06234131
STR1    0.06861777    0.14326451   -0.01364361   -0.02060795   -0.01223554   -0.02375455   -0.00488514    0.01072882
STR2   -0.14402022    0.01766802   -0.00302998    0.02642144    0.01432488   -0.02396516   -0.02302676   -0.00140054
SUNM   -0.12679879   -0.16913235   -0.08173352   -0.10074739   -0.11686321   -0.00117356   -0.09093387   -0.06512155
SUTH   -0.07554769   -0.06683567    0.01365532   -0.02328289   -0.00060293    0.00279003   -0.00303545    0.00677658
SUTM   -0.01369208   -0.12895119    0.02892815    0.01493402   -0.00115720    0.01392707    0.00411695   -0.01964701
SUTV    0.08325094   -0.04584039    0.00719776    0.02065966    0.00159969    0.00721058    0.00329361   -0.03057573
SUWN    0.22127286    0.16619624   -0.01872362   -0.03173046    0.03296118    0.02458566    0.00706362   -0.01776207
SVTL   -0.11155787   -0.19569396   -0.07559194    0.05976635   -0.03156763    0.00367237    0.04139562   -0.02749356
SYDN    0.02638036    0.21352635   -0.00095496   -0.00494143   -0.01395966   -0.01353183   -0.00612758   -0.02212998
SYOG    0.00025257   -0.02976463    0.03835257   -0.01078867   -0.02248922    0.03587414    0.01509321   -0.01075572
TABL    0.03481151   -0.03059212    0.00184014   -0.02893473   -0.00811628    0.01936743   -0.01647927    0.00015595
TABV    0.08468805   -0.02656969   -0.01067228   -0.00814891    0.03348623    0.00460028    0.03656533   -0.00228702
TAH1   -0.13648853    0.04324942   -0.06578956   -0.13233242    0.06827198    0.00590227   -0.01822883    0.00960933
TASH   -0.28659978    0.25957952    0.18104972    0.05145796   -0.08807646    0.04439815    0.01600799   -0.01884299
TCMS    0.44964476    0.33317915   -0.01536139   -0.35064564   -0.15417100   -0.48049637   -0.08275053    0.16776573
TEHN    0.09355973    0.38201646   -0.24698141    0.24066547    0.40136783    0.31397846    0.02492295   -0.07715934
THTG    0.23406145    0.13188271   -0.09903734   -0.11378380   -0.12641242    0.02007794   -0.10417340   -0.06022457
THTI    0.04380833    0.23041712    0.08345962    0.09605836    0.00742219    0.04817328   -0.05161601    0.04378986
THU1    0.10300341   -0.08668920    0.00460509    0.04446770   -0.01572295   -0.02257187   -0.03363470   -0.04973065
THU2   -0.03790395    0.03350068   -0.01656960    0.04031947    0.05629021    0.03497227   -0.00419399   -0.02510569
THU3   -0.07450060   -0.04659399    0.00570749   -0.05621276   -0.01562960   -0.05366838   -0.02166683   -0.00747380
TID1   -0.13417804   -0.08900478   -0.00733684    0.00156985   -0.00309894    0.01666304    0.01573797    0.00696657
TIDB    0.07990510    0.11053453    0.00150337   -0.01252441    0.00843779   -0.01446482    0.01230251    0.01222681
TITZ    0.10240293   -0.01853571   -0.03486973   -0.07859669    0.01399455   -0.04505764   -0.01404990   -0.00661000
TIXG    0.00547306   -0.00732603   -0.00916634    0.00907730   -0.02983911   -0.00366285    0.00709983    0.03660066
TIXI    0.04043649   -0.03574096   -0.03205225   -0.00586008   -0.01418561    0.02982052   -0.00612721   -0.00485717
TIXJ   -0.11422744   -0.07550902    0.01231671   -0.09660065    0.05813707   -0.03274708    0.02223599    0.02541449
TLSE   -0.20408722   -0.08122035    0.08773369    0.04476396   -0.05832740   -0.02503311    0.03135101    0.03906933
TN22   -0.20752663    0.08751556   -0.02964151    0.01593643   -0.02452602   -0.06135675    0.00884509    0.06468396
TNML   -0.21732279    0.44562600    0.21498173    0.19455082   -0.14404542    0.39734033    0.11896961    0.16193115
TONG    0.11280489   -0.05838456    0.05947740   -0.03301592    0.09457685   -0.12149500   -0.05744419    0.14493054
TOUL   -0.02149366    0.09095520    0.17240792    0.02326245   -0.01956660   -0.02631761    0.01416604    0.06817182
TOW2    0.07369064   -0.05776431   -0.03645263    0.18765064    0.07520489   -0.00505812    0.06512425   -0.02719324
TRAB   -0.30828017   -0.60944847   -0.34582555   -0.19699955    0.03612104    0.09932076   -0.05407218   -0.23453005
TRO1   -0.15016620    0.24467189   -0.01903226   -0.02216833   -0.02538118   -0.03165596    0.01863552   -0.00351187
TROM   -0.22344309    0.00096410   -0.00161016   -0.01027745    0.01479964    0.00869884    0.02334316   -0.03402905
TSEA    0.22672499   -0.02702277   -0.01029118   -0.04497337    0.02932509   -0.00856818    0.06005864    0.04328163
TSKB    0.33373747    0.11100359    0.03867368   -0.11138093   -0.06396171    0.03800967    0.02622267   -0.00391395
TUVA    0.36403292   -0.10838745    0.00477646   -0.04245957   -0.00474752   -0.05058267    0.04982990    0.04086665
TWTF    0.32918045    0.17620560   -0.25047475    0.10717513    0.10878455    0.16407548   -0.04071383   -0.08687124
TXES   -0.16258999   -0.23603263   -0.09250326    0.05911411    0.07075394   -0.06545300   -0.08107944    0.03689924
UFPR    0.19826690    0.02301245    0.02530828   -0.01830011    0.03706537    0.00723103   -0.04902848   -0.02618221
ULAB    0.06316264   -0.01213583   -0.06300121    0.03182080    0.02660368    0.02856753   -0.01387503   -0.01023270
UNB3   -0.20141847   -0.05391575   -0.03116217    0.01878018    0.00077969    0.01927423    0.01603737   -0.00361476
UNBJ    0.11719521   -0.09432007    0.02598949    0.04340939   -0.01428882    0.00227990   -0.01606230    0.00911802
UNBN   -0.22286478   -0.08299518   -0.01793207   -0.01547735   -0.06013704    0.02942496    0.05363572    0.01270516
UNSA   -1.55753642   -0.16666796   -0.18132220   -0.32962719    0.18600789    0.21016009   -0.02762301    0.00825441
UNTR    0.17805051   -0.14388081    0.12045375    0.07547045    0.03013108    0.03447834   -0.00970447   -0.00549178
URUM    0.13261571   -0.04043526    0.06632419   -0.29738815   -0.02582570   -0.08382095    0.01960699    0.02503563
URUS    0.17072874    0.13545836    0.01674043    0.05874667   -0.14934770   -0.01979358   -0.02151820    0.00322950
USN3    0.08137500    0.03291810   -0.01490584    0.02456171    0.07752382    0.01580230    0.03314630   -0.04342893
USNA   -0.01356841   -0.00229120    0.04140833   -0.00917830   -0.00600074   -0.04952187    0.02603206   -0.06250852
USNO    0.02212397   -0.06218556   -0.00127103   -0.01783977   -0.04127224   -0.08559006   -0.00159552   -0.06838147
USUD    0.43996552    0.12110187   -0.09663326   -0.08191124   -0.05299064    0.02530344   -0.00985790    0.03794803
VACO   -0.25065456    0.10445750    0.04790257   -0.02334050    0.03353492   -0.00983942   -0.01833597   -0.00438837
VALD   -0.07078654    0.08635967    0.06224919    0.06968519   -0.00962244    0.00553851    0.00691238    0.01395359
VENE    0.14367912    0.21321011    0.18708745   -0.03049740    0.05719323   -0.09375741   -0.03216130   -0.02056191
VESL   -0.18978834    0.02734489   -0.03930092   -0.01400465    0.00736007    0.00919939   -0.01918374   -0.01388097
VIL0   -0.06486399   -0.11701394   -0.06053045   -0.02935749   -0.00571499    0.00515531   -0.00368594   -0.00791437
VILL   -0.03000992    0.06756310   -0.03745406    0.03452557    0.03922112   -0.00625434    0.01738487    0.00715461
VIS0   -0.06925478    0.09355005    0.06573527   -0.00954082    0.01341284   -0.03964089    0.02127316    0.02261554
VNDP    0.17811091   -0.09845023   -0.14494400    0.07779281    0.03308461    0.00501702    0.00342335   -0.02678652
VOIM    0.20399218   -0.03968476    0.25035945    0.04806390   -0.11199730   -0.02530310   -0.06252282   -0.07254035
VTSP   -0.03878884   -0.00454398   -0.00921023   -0.10132379    0.03026529   -0.00192621   -0.02559315   -0.03153505
WARK    0.07554989   -0.05779537   -0.00870782    0.02192849   -0.00625415   -0.00878150   -0.01381932    0.00591612
WDC1    0.07773426    0.02237793   -0.00672332    0.02832197    0.03680616   -0.01080598    0.01614154    0.03167903
WDC3    0.13483619   -0.05713574    0.09095526    0.08706068    0.04097534   -0.06322644   -0.06049696   -0.03391519
WEL1   -0.00974376    0.09242108    0.00430579   -0.07006551   -0.01923111    0.02854128   -0.00538923    0.01782444
WES2    0.12000047    0.11408876   -0.12178828   -0.03928635    0.02572109   -0.06150388   -0.00462007    0.05171570
WGTN   -0.02341638    0.04664768   -0.02706847   -0.03918915   -0.00420074   -0.00111721    0.01187771   -0.00242007
WHIT    0.00526573   -0.02035950   -0.02359740   -0.01542030    0.00507378   -0.03159881    0.02398502    0.00716513
WILL   -0.02203689   -0.03706817   -0.02472943    0.03940552    0.00576356   -0.01501806    0.00490155    0.00206145
WIND    0.02094516    0.20450079    0.01388808    0.08490582   -0.05417518   -0.00158070    0.04159241   -0.04128743
WROC   -0.14600164   -0.09785144   -0.03468017    0.00990310    0.00356520    0.06789378    0.00493531   -0.03094235
WSRT    0.09532615    0.06488729    0.00170917    0.01646913    0.00674471   -0.01393404    0.01502088    0.00094804
WTZA   -0.03144232   -0.12450912   -0.01777115   -0.06388483   -0.03401337   -0.01332555    0.00251614   -0.00717116
WTZL    0.17111058    0.19116515   -0.02356302    0.00210920    0.00906411    0.00423172   -0.02310142    0.00350234
WTZR    0.13880653   -0.06798661    0.05292893    0.04941688   -0.00878408    0.01518550   -0.00488845   -0.00777374
WTZZ   -0.18129869   -0.01058814   -0.00438417    0.06013792    0.01576365   -0.00610614    0.01610464   -0.01699358
WUHN    0.18050324    0.08062084   -0.04860210   -0.07869821    0.01561088   -0.01507944   -0.01417655   -0.01464352
XIAN   -0.40376816   -0.63735983   -0.16739786   -0.18121377   -0.14751281   -0.05697117    0.03181309    0.11501952
XMIS   -0.32564088   -0.17210476    0.07362242   -0.07989557    0.02266413   -0.02431944   -0.00279639   -0.01406582
YAKT   -0.23472863    0.29686148    0.07272385    0.08206763   -0.10070782    0.00632047   -0.11178325   -0.02407688
YAKZ   -0.08149498    0.07786563   -0.13822597    0.18081681    0.00508406    0.06852432    0.00362626    0.00287677
YAR1    0.04641180   -0.00620347    0.15337604    0.04756425    0.03925264    0.00136221   -0.01685165   -0.00830522
YAR2   -0.04162920    0.02973736   -0.09560160    0.01029683   -0.02143252    0.01541729    0.02127362    0.02210218
YAR3    0.03096913    0.03387739    0.10927069    0.03223778   -0.02240713   -0.02438165    0.00388587    0.04083411
YARR    0.04021125   -0.08340659   -0.07886232    0.06302133   -0.01695881   -0.02537856    0.03501896   -0.02303507
YCBA    0.02319869    0.24739352   -0.14454317    0.12062389    0.03706221   -0.05109383   -0.05338242   -0.05715053
YEBE   -0.08854713    0.10936868    0.03192987    0.01424464   -0.00632043   -0.00642322   -0.01630466   -0.01326828
YELL   -0.10590191    0.01337922   -0.02431777    0.07849326    0.05651220   -0.01110554    0.00465342    0.04800799
YIBL    0.95571930    0.34032209    0.33400858    0.02836266    0.05779379   -0.05030746    0.06526849   -0.07060271
YKRO   -0.23096587   -0.35439298   -0.17409831    0.17010479    0.20298895    0.19569349    0.02605433    0.07344193
YSSK    0.05429879   -0.06870229   -0.02588328    0.00363808   -0.03610876    0.03955576   -0.01072401   -0.00166392
ZAMB   -0.22402684   -0.00658308   -0.06951958    0.00701917    0.02200291    0.02106529   -0.02629216   -0.01543086
ZECK    0.14819145    0.18498891   -0.03052843    0.06314584   -0.01203760   -0.00479748    0.00048637    0.01481107
ZIM2    0.03875059   -0.08024973   -0.03574151   -0.08087747    0.00311765   -0.01047291   -0.01060157   -0.01870043
ZIM3   -0.05814058   -0.04932189   -0.03645770    0.06492442    0.00586923    0.04441943    0.00868920   -0.07170352
ZIMJ    0.04257548   -0.09180846    0.07187533    0.03402365   -0.00501540    0.04629672    0.00397797    0.02192971
ZIMM    0.05806562   -0.05521946   -0.06246587    0.06069653   -0.02902125    0.03990589    0.02590980    0.00233068
ZWE2   -0.00715885   -0.17837190   -0.03789375   -0.01218322    0.04311288   -0.01334899   -0.00522793   -0.01847090
ZWEN   -0.27550284    0.44424978    0.08508187   -0.05645857   -0.04395605    0.07111031    0.05264624   -0.05613878
