name detected metadata valid
ABMF    12     6     0
ABPO    22     3     0
ADE1     6     0     0
ADIS    27     2     2
AIRA    16     7     2
ALBH    28    17     2
ALGO    26    14     4
ALIC    29     9     2
ALRT    29     4     3
AMC2    29     7     3
ANKR    29     8     7
ANTC    29     4     4
AOML     6     3     2
AREG    29     3     6
AREQ    29    10     4
AREV    29     5     9
ARTU    29     1     0
ASC1     6     1     0
ASCG     5     2     0
ASPA    12     2     1
AUCK    12     8     2
AZGB     9     5     1
BADG    29     4     6
BAKE    29     3     0
BAKO    29    21    12
BAN2    29     1     0
BARH    17     4     1
BDOS     3     1     0
BHR1    29     1     2
BILI    29     0     0
BISK    10     1     0
BJCO    11     2     1
BJFS    29     5     1
BJNM    13     0     0
BNDY     2     4     0
BOAV    14     1     0
BOGO    10     6     0
BOGT    29    12    10
BOR1    29     4     2
BRAZ    29    16     7
BREW    29     5     2
BRFT     9     1     0
BRMU    19     7     3
BRST    23     9     1
BRUS    11     9     2
BRUX     6    10     0
BSHM    14     3     1
BUE2    17     0     0
CAGL    24     2     0
CAGS    19     6     1
CAGZ     8     6     2
CALL    29     0     0
CARR    28     1     3
CAS1    29     7     5
CCJ2    12     4     0
CCJM     5    10     0
CEDU    29    12     9
CFAG    29     2     0
CGGN    19     3     2
CHAN    24     2     6
CHAT    10     3     1
CHPG    15     2     0
CHPI    17     7     0
CHTI     5     2     0
CHUM    29     4     2
CHUR    29    17     5
CIC1    25     1     2
CICE    13     0     0
CKIS    10     4     0
CNMR    18     4     3
COCO    27    12     8
CONZ    26     7     9
CORD    29     3     1
COYQ     9     6     3
CPVG    18     3     1
CPXF    24     7     2
CRAO     3     2     1
CRAR    29     0     0
CRO1    21    12     5
CTWN    10     0     0
DAEJ    29     7     2
DAKA     9     6     3
DARW    29    17     3
DAV1    29    12     7
DAVR    21     2     4
DGAR    24     9     4
DGAV     6     3     2
DRAG    22     9     6
DRAO    29    15     1
DUBO    29     8     4
DUM1    29     0     0
EIL1    29     3     2
EISL     7     3     0
EPRT    12     9     3
ETAD    14     0     0
FAA1    14     5     1
FAIR    29    14     2
FAIV    29     1     1
FALE    22     6     6
FLIN    29    12     7
FLRS    12     1     0
FORT    11     3     3
FRDN     6    10     0
FTNA     3     3     2
FUNC    29     3     3
GALA    25     1     4
GANP    29     6     5
GLPS    29     6     2
GLSV    29     5     3
GMAS    20     1     3
GMSD     3     5     0
GODE    29    10     6
GODZ    28     6     0
GOL2    29     1     3
GOLD    29     4     4
GOPE    29    11     6
GOUG    10     1     0
GRAS    29    10     2
GRAZ    28    15     4
GUAM    24     9     5
GUAO    29     2     2
GUAT    29     2     2
GUUG    14     5     1
HARB    29    10     3
HERS    21     4     1
HERT    14     1     0
HLFX    13     4     1
HNLC    19     5     0
HNPT    25    10     6
HOB2    19    10     7
HOFN    26     7     4
HOLB    28    20    11
HOLM    29     9     4
HRAO    29    15    10
HRM1     4     2     0
HYDE    29     7     2
IDDR    25     4     2
IISC    29     7     4
ILHA     9     3     2
IMPZ    29     6     0
INEG    27     8     1
INVK    29     3     1
IQAL    29     2     1
IQUI     7     0     0
IRKJ    29     1     2
IRKT    29     0     0
ISBA    29     3     2
ISPA     0     2     0
JAB1    14    15     6
JOG2    16     4     2
JOZ2    22     2     1
JOZE    29     4     0
JPLM    29    12     3
JPLV    15     1     0
KARR    29    14     7
KAT1    22     1     2
KELY    29     9     4
KERG    11    11     1
KGNI    13     5     0
KHAJ    29     1     2
KHAR    19     5     0
KIR0    29    18     2
KIRI     5    10     0
KIRU    29     8     1
KIT3    29     3     3
KOKB    29     9    13
KOKV     6     1     0
KOSG    13    10     4
KOU1     4     1     0
KOUC    19     4     0
KOUG     9     3     0
KOUR    20    12     5
KRGG     4     4     0
KSMV    12     6     0
KSTU    14     4     5
KUNM    28     0     0
KWJ1     4     1     0
LAE1    18     3     1
LAMA    29    10     5
LAUT     2     4     0
LHAS    29     3     2
LHAZ    29     5     1
LMMF    10     4     4
LPAL    29     2     2
LPGS    28     8     1
M0SE    11     5     0
MAC1    10     9     2
MAD2    29     5     4
MADR    17     6     8
MAG0    29     2     3
MAJU     4     4     2
MAL2    28     4     2
MALD    13     0     0
MALI    20     2     3
MANA    22     5     2
MAS1    29     9     1
MAT1    20     3     1
MATE    29     8     2
MAUI    29     4     3
MAW1    29     8     4
MBAR    26     4     4
MCIL     9    15     3
MCM4    29     5     2
MDO1    29    13     7
MDVJ    29     2     0
MDVO    29     0     0
MEDI    29     3     2
METS    29    11     6
METZ    20     1     0
MGUE    19     2     0
MIZU    12     9     0
MKEA    29     8     4
MNLS    17     7     0
MOBJ    29     2     5
MOBK    15     0     0
MOBS     8     6     2
MONP    29    15     4
MORP    26     7     0
MQZG    10     7     3
MRO1    19     1     0
MSKU    11     0     0
MTKA    26     3     1
NAIN    14     6     0
NANO    29     8     2
NAUR    10     8     0
NICO    28     8     2
NIST    29     2     1
NIUM     4     4     0
NKLG    29     5     2
NLIB    29     6     3
NNOR    18     4     2
NOT1    25     4     1
NOTO     9     1     0
NOUM     7     3     0
NOVM    29     0     0
NRC1    28    14     7
NRIL    29     2     0
NRMD    21     3     0
NSSP    29     4     8
NTUS    29     7     1
NURK    27     1     2
NVSK    29     2     1
NYA1    29     5     5
NYAL    29     3     1
OHI2    29     4     1
OHI3    29    10     6
OHIG     3     6     2
ONSA    21     8     1
OPMT     7     0     0
OS0G     7     2     1
OSN1    13     2     2
OUS2    24     9     3
PADO    17     6     2
PALM    29     3     1
PALV    12     1     0
PARC    27     7     6
PARK     9     3     2
PBRI     8     2     0
PDEL     7     4     2
PENC    29     6     5
PERT    29     9     6
PETP    29     1     1
PFA2    18     4     1
PIE1    29    10     1
PIMO    27     6     4
POHN     8     8     1
POL2    29     9     3
POLV    22     2     0
POTS    29     9     6
POVE    29     3     1
PRDS    24     8     2
PRE1    25     1     0
PTAG    13     4     1
PTBB     7     4     1
PTVL    10     2     0
PVEP    13     9     7
QAQ1    29     8     2
QUI2     7     0     0
QUIN    29    15     6
RABT    28     2     2
RAMO    29     8    10
RBAY    15     2     0
RCMN    12     0     0
RECF     1     5     0
RESO    17     7     9
REUN    26     9     6
REYK    29    10     7
REYZ    13     1     0
RGDG     8     3     0
RIGA    17    10     3
RIO2    10     4     1
RIOG    15     1     0
RIOP    29     5     0
ROSA     8     3     0
ROTH    29     0     0
SALU    16     5     4
SAMO    17     6     0
SANT    29    11     6
SAVO    12     2     0
SCH2    29     7     3
SCOR    29     5     4
SCRZ    15     1     0
SCTB    28     3     0
SCUB    11     4     2
SELE    29     2     2
SEY1     7    12     2
SEYG    17     3     1
SFER    27     9     3
SHAO    27     1     1
SIMO     7     0     0
SIO3    29    20     8
SMST    13     3     1
SOFI    29     5     2
SOL1    13     5     3
SOLA    16     2     7
SPT0    13     7     2
SSIA    13     3     1
STHL    25     1     0
STJO    16    26     9
STK2    11     4     0
STR1    13    13     6
STR2    19    10     1
SUNM    16     0     0
SUTH    29     8     3
SUTM    29     3     2
SUTV     8     0     0
SUWN    29     4     1
SVTL    28     6     4
SYDN    12     2     0
SYOG    29     7     9
TABL    29     6     6
TABV    19     7     4
TAH1    11     1     0
TASH    29     5     1
TCMS    23     3     1
TEHN    23     4     2
THTG    12     3     0
THTI    27     5     1
THU1    29     0     0
THU2    29    10     3
THU3    29     3     0
TID1    17     8     4
TIDB    13     8     2
TITZ     7     3     3
TIXG    29     0     0
TIXI    29     5     2
TIXJ    24     0     0
TLSE    26    12     2
TN22    24     1     0
TNML    27     2     0
TONG     7     6     0
TOUL     4     0     0
TOW2    18     7     1
TRAB    29     0     0
TRO1    29     8     3
TROM    29     5     0
TSEA    29     2     3
TSKB    28    17     3
TUVA     1     4     1
TWTF    29     3     1
TXES    29    14     3
UFPR    19     1     0
ULAB    29     3     1
UNB3     6     4     2
UNBJ     5     3     0
UNBN     3     0     0
UNSA    29     8     4
UNTR     8     5     2
URUM    29     6     4
URUS    13     1     1
USN3    13     1     0
USNA    10    15     2
USNO    19     5     3
USUD    29     5     2
VACO    12     2     2
VALD    20     7     2
VENE    29     4     4
VESL    29     1     2
VIL0    17    16     4
VILL    29     9     8
VIS0    19    15     2
VNDP     5    15     0
VOIM    13     1     0
VTSP    12     3     1
WARK     5     4     1
WDC1     9     0     0
WDC3     2     0     0
WEL1     1     2     0
WES2    15    36     9
WGTN     7     6     2
WHIT    29    10     3
WILL    29     9     5
WIND    29     3     3
WROC    26    13     7
WSRT    21    10     3
WTZA    13     6     3
WTZL     4     9     1
WTZR    29    13     4
WTZZ    20    11     4
WUHN    29     6     7
XIAN    28     1     1
XMIS    13     4     3
YAKT    29     1     1
YAKZ    15     0     0
YAR1     9     2     1
YAR2    13    10     1
YAR3    13     3     0
YARR    20     4     4
YCBA    27     0     0
YEBE    20     6     2
YELL    29    11     2
YIBL    18     3     4
YKRO    29     3     6
YSSK    29     2     0
ZAMB    28     3     3
ZECK    29     7     4
ZIM2    27     3     4
ZIM3    11     0     0
ZIMJ    29     1     1
ZIMM    29     6     3
ZWE2    29     1     2
ZWEN    26     5     5
