name cos1 sin1 cos2 sin2 cos3 sin3 cos4 sin4
ABMF   -0.21441754   -0.22976114   -0.04242523   -0.13749874   -0.09259917    0.12834916   -0.02490665    0.06799415
ABPO   -0.05532177   -0.14566774    0.02761806    0.18165885   -0.04534688   -0.01834581   -0.00127033    0.00772112
ADE1   -0.02541254   -0.03869761    0.00931469    0.03386037   -0.01665459    0.00761486   -0.01896793   -0.03689190
ADIS    0.00338948    0.28392683   -0.06167179   -0.14426720   -0.21307797   -0.07257872    0.14647339    0.00674360
AIRA    0.41810955   -0.08295448   -0.03589585   -0.04052320   -0.03297159   -0.04070634   -0.02455002   -0.01601402
ALBH   -0.15656670   -0.06825553    0.07459618    0.04146292   -0.03993465   -0.04591790    0.02760692    0.02668544
ALGO   -0.18569588   -0.03305813   -0.13138718    0.01654675   -0.00744930   -0.02194018    0.02782938   -0.00764729
ALIC   -0.14157079    0.00058927   -0.06409431    0.00037577   -0.02794865   -0.02478440    0.00829609    0.02416774
ALRT   -0.04763458    0.06820949    0.01664946    0.05894130    0.03647184    0.00290308   -0.01975751   -0.02762758
AMC2    0.05858264    0.46968414    0.16276468    0.00496962    0.04977065   -0.01071196    0.00273875   -0.04244598
ANKR   -0.43204151   -0.17024656   -0.11699561   -0.10713741    0.00140962    0.05425042   -0.00046086   -0.00217244
ANTC   -0.02033480   -0.14483781   -0.10122743    0.10047200   -0.02177114   -0.09284727   -0.02133061    0.04094809
AOML    0.05554543    0.64465669    0.11726884    0.04777301    0.01032730   -0.06972230    0.00186383   -0.19823668
AREG    0.77432230   -0.26700331   -0.35937285   -0.28889055   -0.29682681   -0.23901424   -0.09702407   -0.09652242
AREQ    0.11122304   -0.32564642    0.42156559    0.23395903    0.30036271    0.02087392    0.11520965    0.02892390
AREV    0.14873026    0.13859623    0.63775289   -0.00106928   -0.10258349    0.21699653    0.08529618   -0.09834098
ARTU    0.03133286   -0.04058870    0.00763887    0.07828444   -0.00893519    0.00156142    0.03607546    0.07617530
ASC1   -0.32713751   -0.32670926    0.05535409   -0.13318484   -0.00537655   -0.05385680   -0.08167492    0.03446947
ASCG    0.29522972   -0.47226105   -0.02281121    0.17723079   -0.03071350   -0.02926298   -0.02454022   -0.04480040
ASPA   -0.23068744    0.08375216   -0.00306415   -0.06954358   -0.03996672    0.01799463   -0.00630546    0.00236378
AUCK    0.08558448   -0.01210187    0.00180411    0.00435651   -0.00176695    0.01859886   -0.00527972   -0.00705453
AZGB   -0.01002033   -0.01248658   -0.06592831    0.02822986   -0.04692729    0.01617596    0.00286957    0.02168991
BADG    0.06376945    0.39920651    0.04656048   -0.06271888    0.02931830   -0.02975715    0.00841981   -0.04331924
BAKE   -0.02967091    0.13780666    0.00503715   -0.03778602    0.00481170   -0.00828656    0.00944015   -0.02667594
BAKO   -0.02416321    0.31421218    0.01073464    0.06534842    0.04912821   -0.10250227   -0.12221371   -0.03013577
BAN2   -0.03950868    0.24927201    0.23125762   -0.42897946   -0.05001651    0.10516282   -0.08983187    0.02923816
BARH    0.01436913   -0.06984342    0.05971596    0.00061438    0.00547510   -0.00232869    0.00934653    0.01200874
BDOS    0.25573326    0.08722774   -0.07321499   -0.08387535   -0.08172936   -0.01299618   -0.00077874    0.05347497
BHR1    0.24879921    0.92983950   -0.09160465    0.09179364   -0.21737810    0.34161030   -0.28765749    0.18429202
BILI   -0.07827017   -0.09737317   -0.04698785   -0.01913250   -0.03750691   -0.02432591   -0.03845373   -0.02616483
BISK   -0.10657148   -0.19312337   -0.00230236    0.00785694    0.01288683    0.02136731   -0.00784865   -0.00478473
BJCO    0.28926300   -0.01836114   -0.24895727   -0.28673788    0.24210427    0.23381381   -0.11595412    0.06158136
BJFS    0.13636323    0.16343224    0.08689029   -0.02959681    0.20152644    0.07006179   -0.00007648   -0.10124564
BJNM    0.21137976   -0.20315577   -0.21912646    0.12578632   -0.15765102   -0.02510679    0.16444239    0.05435393
BNDY   -0.11374453   -0.11641292    0.03658682    0.03152253   -0.01663809    0.03242288   -0.04760707   -0.02336978
BOAV    0.13873203    0.13620773    0.11889295   -0.25033922   -0.03628744    0.10879645    0.03078159    0.00755339
BOGO   -0.20278440   -0.12207058    0.01369050    0.05160288   -0.01739348    0.04715936    0.02205705   -0.01823751
BOGT   -0.13181652    0.15869001    0.03380786   -0.00394292    0.06108814   -0.00725036    0.00540789   -0.05425932
BOR1    0.11590687   -0.08006974    0.02923868   -0.02086371    0.04972091    0.01607527    0.03788577   -0.03568113
BRAZ   -0.21589591   -0.06393827   -0.09797146    0.04163062   -0.07007174    0.00421183   -0.03878005    0.02379518
BREW    0.29087619    0.00283919   -0.08382079   -0.33837829    0.03577740    0.01765202   -0.00475707   -0.04260313
BRFT   -0.64380882   -0.13637521    0.04624174    0.10172314   -0.01302970    0.10113252    0.01875792    0.03251206
BRMU    0.09401688    0.12884287    0.01308810   -0.07258368    0.00254068    0.03286140   -0.01172256   -0.01356155
BRST   -0.11944101   -0.01200930    0.01769247    0.04541445    0.02674949   -0.01629049    0.02197805    0.00883327
BRUS   -0.00536650   -0.01284207   -0.02744250   -0.04016222    0.01217589    0.04109082   -0.00398987    0.00804201
BRUX   -0.16551079    0.03495708    0.06708954    0.01503023    0.02878316   -0.02024427   -0.03717360    0.02091823
BSHM    0.12400274    0.18188009    0.09918595    0.07244587    0.08443788   -0.00339959    0.00845753   -0.02951655
BUE2    0.06581533   -0.13861426    0.01512697    0.04072240   -0.12177585    0.10076131   -0.03600348   -0.03801238
CAGL    0.30451915   -0.11136717   -0.02084306    0.01981321   -0.03294925   -0.01360895    0.01591677    0.02080418
CAGS   -0.00749353   -0.00806893   -0.09039034    0.00173616    0.00390271   -0.06125761    0.02866093    0.00024000
CAGZ   -0.05284699   -0.25324375    0.02617268    0.00121884    0.02308966   -0.06332833   -0.00630524    0.03641035
CALL   -0.28183479   -0.58183712   -0.12819227    0.40777590    0.25004224   -0.13977323   -0.01622023    0.02731574
CARR    0.11935013    0.41564059   -0.13304201    0.26195894   -0.05848860    0.05561872   -0.05821489    0.08793148
CAS1   -0.01269105    0.00975508   -0.01847195   -0.00471061   -0.02189612    0.01466787    0.00496252   -0.00084705
CCJ2    0.07399160    0.30117440    0.01325947   -0.10452691    0.11772646    0.00712544   -0.05117409   -0.00187452
CCJM    0.09901445    0.29135445   -0.09922440   -0.05386410   -0.00632293    0.00389882   -0.01529033   -0.01764991
CEDU    0.09276752    0.25706395    0.02017367    0.01614914   -0.00531795    0.02611083    0.04557435    0.00612800
CFAG   -0.03230531   -0.23161112    0.17501617   -0.21914770    0.02429106    0.03552687    0.01768816   -0.11730817
CGGN    0.12163037    0.03664838   -0.12066709   -0.18769724   -0.01477373    0.49103387   -0.05586006    0.02102182
CHAN    0.13214860   -0.09277546   -0.04891468   -0.02724829   -0.03757411    0.01846083   -0.01699326    0.00062675
CHAT    0.06710145   -0.15505327    0.04458254   -0.00689661    0.00437577    0.03428217   -0.01050552    0.00971455
CHPG   -0.54380497   -0.10035567    0.16132720   -0.20023815    0.08948787    0.00739660    0.01308713    0.01211656
CHPI   -0.01928327    0.26796905   -0.10454376    0.13630651    0.03391601    0.08593532    0.00501106    0.00713985
CHTI   -0.06091425   -0.09378713   -0.03621816   -0.01025080    0.00690947   -0.03437749   -0.00252886   -0.00964773
CHUM    0.14967247    0.25626655    0.57648735   -0.20111150   -0.05365310   -0.16564514    0.00305166   -0.06792766
CHUR    0.04694941    0.11013836    0.00831170   -0.00007516    0.00260357    0.01902708   -0.00564112    0.00038995
CIC1   -0.01692432    0.13616713   -0.20668869   -0.05014667    0.10451951   -0.05122976   -0.03265159    0.01363021
CICE    0.10194664   -0.50766093   -0.09220328    0.09296747    0.02950938   -0.09290245    0.03975178   -0.04111084
CKIS    0.08870211    0.06423508    0.02517547    0.06796252    0.01415864    0.06657411    0.07921982    0.00051779
CNMR   -0.00368893    0.10525828    0.18769611    0.08165573    0.02690786    0.11142875    0.02064390   -0.03757344
COCO   -0.12327382   -0.15236117    0.05129676    0.09444750   -0.03431621   -0.00726659    0.02042697   -0.03461081
CONZ   -0.08639762    0.16694052   -0.01629937    0.05649131    0.01644029    0.02526175    0.02010756   -0.00671987
CORD   -0.01130753    0.21508174    0.16833734   -0.17143819   -0.05536772    0.01361883    0.03657490    0.01426563
COYQ    0.12844196    0.00472281    0.01498872   -0.01262108    0.02891828   -0.02048252    0.01600025   -0.00715738
CPVG    0.12802728    0.11992521    0.02488618   -0.17294701    0.11524680   -0.01891658    0.04367325    0.01581975
CPXF   -0.00552888    0.06145041    0.01153617   -0.00711305    0.02538637   -0.03563973    0.01356800   -0.04069183
CRAO    0.00840395   -0.25298041    0.03127830   -0.10107749    0.05969387   -0.01553601   -0.01066353    0.04377177
CRAR   -0.07138737   -0.06719301   -0.03966919   -0.00368234   -0.00998184    0.00893545   -0.00888314   -0.00221130
CRO1   -0.16054213   -0.27032245   -0.00489695   -0.02526614    0.04953476   -0.09124420    0.00020379   -0.04106242
CTWN   -0.04592192   -0.06340738    0.04326330    0.06281526    0.03866059   -0.04848431   -0.03242746    0.08258695
DAEJ    0.16537623   -0.14086321    0.06996015    0.08156149    0.01916261    0.04133877   -0.01398367    0.00017987
DAKA   -0.15895277   -0.16619533   -0.04115978    0.06966599    0.05472940   -0.19648673   -0.00498576    0.05072687
DARW   -0.32099495   -0.52090152    0.20527074    0.29101385   -0.12673961   -0.05538842    0.04596596   -0.01923815
DAV1    0.06837748   -0.03221738   -0.04326403    0.01488907    0.00293115   -0.00109749   -0.00573340    0.00082916
DAVR   -0.06089272   -0.11496672    0.01252024   -0.00856868    0.03201687    0.00706049    0.00012645   -0.01042267
DGAR   -0.12042394   -0.06912723   -0.13550227    0.01873298    0.08511731    0.04909827    0.00054568    0.03613981
DGAV   -0.02275258    0.17616489   -0.01667046   -0.10656257    0.01526392    0.03137457   -0.01414001    0.00068611
DRAG   -0.85368315    0.04664160    0.32960205   -0.18291310   -0.16925262    0.09236073    0.02518027   -0.01691586
DRAO    0.00465167   -0.22488881   -0.35551134    0.08882890    0.00697634    0.01556468    0.04451510    0.00058878
DUBO   -0.05257398   -0.04388125    0.04300978   -0.04337117   -0.00222712    0.04188349    0.04258996   -0.01647219
DUM1   -0.03496607   -0.05151624   -0.00781414   -0.06456573   -0.03088495    0.03454890   -0.01827099    0.01070159
EIL1    0.13704063   -0.02536775    0.00205514    0.03841403   -0.06041003   -0.00216624    0.04827406    0.04863138
EISL    0.15667646    0.37102186    0.17100097    0.02365927   -0.08526963   -0.09968499    0.03576003    0.00920861
EPRT   -0.00269886   -0.14889810    0.02382049   -0.00240691    0.01833356   -0.03769394    0.01746563   -0.00402621
ETAD   -0.28260232   -0.25871618    0.05012354    0.14568021   -0.25371024   -0.01399581    0.14025303    0.17692314
FAA1   -0.10364086    0.24430014   -0.01610970    0.05017198   -0.06501617   -0.01778133   -0.01562448   -0.06430365
FAIR    0.01905921    0.03955004   -0.02062891   -0.02447750    0.01447100    0.03889993   -0.06500527   -0.01366832
FAIV    0.07569362    0.01320598   -0.09711477   -0.09493084   -0.01207118    0.07099827   -0.00279822    0.00112583
FALE    0.04414531    0.13068703    0.05625760    0.07505244    0.01062273    0.02884228   -0.00545498    0.07232637
FLIN    0.15694142    0.12474783   -0.06157316   -0.00843575   -0.03086042    0.00058890   -0.00350732    0.02700298
FLRS    0.15038291    0.01442887    0.07771114   -0.05673927    0.04673888    0.01566218   -0.03131849   -0.00240636
FORT    0.07553312    0.96607882    0.04776004    0.16680805    0.04856479   -0.05191204    0.07911013   -0.08187965
FRDN   -0.18939725   -0.08706269   -0.04822585    0.04586938    0.00525793    0.01089017    0.01803471    0.00325065
FTNA    0.31234266   -0.01041307    0.04740240   -0.06255842   -0.16099258    0.04476807   -0.08508112    0.02007478
FUNC    0.39927729    0.14870901   -0.12060544   -0.00871219   -0.02299761    0.06953451   -0.03532611   -0.08806667
GALA    0.01058554   -0.20100274    0.05509396    0.09241630   -0.30024885   -0.11547818   -0.06970906    0.01023126
GANP    0.10033585   -0.12687626   -0.06055760   -0.01000159    0.00795302    0.01551369    0.02977944   -0.01910653
GLPS    0.12698942   -0.12668998   -0.01708939    0.32567643   -0.06356384   -0.18660300    0.02446178   -0.15253774
GLSV   -0.06477455    0.05475576   -0.03137645    0.00475236    0.01555187   -0.02874092    0.01804019   -0.02053685
GMAS   -0.00211135   -0.65740545   -0.11328690    0.13648216   -0.11776255    0.01518775    0.02860934    0.08367471
GMSD    0.10515667    0.29973814    0.11142247    0.00486788   -0.03282504   -0.03143754    0.02276878    0.02648621
GODE   -0.57656055   -0.15732717    0.09237132    0.11194664   -0.04618925    0.02308121    0.02481296   -0.03140528
GODZ    0.04631030    0.04388013   -0.01717707   -0.01086784   -0.06833521   -0.08812806    0.00772588   -0.03149122
GOL2   -0.08391258    0.06454564    0.00509340   -0.03920676    0.04524999   -0.00314768    0.00105111   -0.06091497
GOLD   -0.05272056    0.01565745    0.02539939    0.02065546   -0.05353261    0.00170578   -0.01583431   -0.00294172
GOPE    0.11527168   -0.10019310    0.05660409    0.01530072    0.02422193    0.03913035    0.01533835   -0.01147645
GOUG   -0.18285594   -0.00313468   -0.02773653   -0.00715700   -0.01175104    0.09636470   -0.01497452    0.01792856
GRAS    0.06794809   -0.14011872    0.05435766    0.03812191    0.03028854    0.01122031   -0.04139287    0.00362546
GRAZ   -0.04944958   -0.08274654   -0.04545942    0.07886884   -0.03175833   -0.00289947    0.02474052    0.01411612
GUAM   -0.34033958   -0.00869061    0.09327814    0.05620007   -0.00569946   -0.15476895    0.01245885   -0.00302265
GUAO   -0.42507057    0.18506055   -0.26750794    0.19345460   -0.04113464   -0.10213536    0.04809141   -0.06525767
GUAT    0.32414238   -0.05737160    0.01197668    0.00017680   -0.07265072   -0.00126269    0.00514142   -0.01223409
GUUG    0.11328586   -0.02529969    0.14220065   -0.02215894    0.07439647    0.00241687    0.02953160   -0.04237844
HARB    0.08141510    0.05377492   -0.05323000   -0.07260521    0.06083252    0.06338361   -0.00301665    0.01434650
HERS   -0.01341636   -0.03598940   -0.00162357    0.02391385    0.04778196    0.01011324   -0.03157914   -0.02071342
HERT   -0.06134172    0.00775056    0.03127219   -0.01554927   -0.04644057   -0.01564228    0.04048166   -0.00695259
HLFX   -0.08884528   -0.06286241   -0.04107948   -0.03005377   -0.00820410   -0.00094868    0.01498299    0.01435166
HNLC    0.07462284   -0.02267121    0.12300691    0.06308877   -0.04763355    0.09951651   -0.02942341    0.01203547
HNPT   -0.11065391   -0.11023353   -0.01521918    0.06401166   -0.01807016   -0.06662188    0.02688347    0.05737642
HOB2   -0.12847809   -0.12364056    0.02343531   -0.02374535    0.01072530    0.01817353   -0.00327531    0.00920471
HOFN    0.11327281    0.00293611    0.00896791   -0.03467498    0.01248372    0.01282457    0.00486784    0.02631729
HOLB   -0.01224898    0.01874726    0.07393452    0.01727146   -0.03503564   -0.00031223    0.01622716    0.02694013
HOLM   -0.05409365   -0.08177005   -0.07610023    0.00211598   -0.00390524   -0.01040337    0.04418036    0.01045298
HRAO    0.13484956    0.02714567   -0.07940593    0.06276431   -0.01775444   -0.09284539   -0.00525002   -0.02571474
HRM1    0.00048356   -0.05454247    0.03011893   -0.02094180   -0.05973818   -0.02320474    0.00947184   -0.00889110
HYDE   -0.13475613    0.04284460    0.36221671    0.23091514    0.05893455   -0.03939511    0.05205698    0.07367555
IDDR   -0.00816920   -0.08260268    0.19143631    0.04117995   -0.07048602    0.06750474   -0.00604898   -0.04693187
IISC   -0.20193917    0.29237156    0.02625329   -0.20335249    0.01446409   -0.00718204   -0.01888236    0.08334445
ILHA    0.38194912   -0.20982437   -0.11240737    0.05956987    0.02228442   -0.01239984    0.03951918   -0.13223773
IMPZ    1.25171606    0.31844614   -0.17853669   -0.29162671    0.01087658    0.14469563    0.03729245   -0.09280167
INEG    0.01884365    0.23791913   -0.02166932    0.04541005    0.02477433    0.05566082   -0.05509242    0.01665104
INVK   -0.07422986   -0.04627502    0.03490045   -0.03877468   -0.02155730    0.02132413   -0.04788607    0.02020293
IQAL   -0.02462272   -0.03193907   -0.02247154   -0.01450356   -0.00012931    0.01098479    0.00199862   -0.01099054
IQUI    0.12805860   -0.14197533   -0.01186386    0.06467005   -0.09944098    0.02736373    0.02851821   -0.07003074
IRKJ    0.05805100    0.07893981    0.03760543    0.09161588    0.02067569    0.01791069   -0.05503198    0.00647637
IRKT    0.13050166   -0.15490725    0.13448997   -0.01892124    0.00533636    0.00816870    0.01747978   -0.07877359
ISBA   -0.29065594   -0.34032400    0.06048039    0.26285536    0.03788172   -0.08184107   -0.00014841   -0.01106242
ISPA   -0.18623113    0.01316753    0.01184799   -0.07561341    0.00339979   -0.02031641   -0.03014568    0.00199165
JAB1   -0.43157682   -0.35953700    0.17828813   -0.15794532    0.19231840    0.06931297    0.10702948    0.03711357
JOG2    0.28939379    0.10355801   -0.06440028   -0.05544019   -0.12590201   -0.03208538    0.02634245    0.05625743
JOZ2    0.04676778   -0.20447814   -0.02109222   -0.02188143    0.01468359   -0.04457173   -0.03186507    0.01330661
JOZE   -0.17664179   -0.09792767   -0.03276574    0.00994355   -0.00241537    0.04507087   -0.02336596   -0.04608595
JPLM    0.05709897   -0.02088295    0.09310339    0.11100377   -0.00134887   -0.06643363    0.01466633   -0.05628471
JPLV    0.09847125    0.07754855   -0.03946353   -0.21576352    0.04596551   -0.00393502    0.08975768    0.05001903
KARR    0.55882323    0.01072471    0.05466766   -0.12319964   -0.12983899    0.02409718    0.04273602    0.03182563
KAT1   -0.17880440   -0.31525139    0.15293898    0.50288927   -0.03913315   -0.05500735    0.05586366   -0.02443162
KELY    0.05498774   -0.11367009    0.07246684   -0.05474982    0.03084487    0.00064545    0.00777818   -0.00978104
KERG   -0.04866948   -0.04896993    0.01381530   -0.01149474    0.02204230    0.01216881   -0.00622504   -0.00771953
KGNI   -0.27808980    0.45538686   -0.05443561    0.05656035   -0.03015410    0.04242660    0.00001063   -0.00852968
KHAJ    0.20973475    0.00962022    0.01489563   -0.01348730   -0.07228635   -0.05197828   -0.06151186   -0.06835807
KHAR   -0.05874220   -0.07618821   -0.02363155   -0.03061406    0.01803020    0.04263693    0.04944281   -0.00832108
KIR0   -0.09015369    0.06067698    0.05433936    0.00300252   -0.01139268    0.01380545    0.01374574   -0.00038647
KIRI    0.14059428   -0.00254677    0.09027379   -0.21613536    0.05087538    0.01551539    0.03700743    0.01067268
KIRU   -0.17365984   -0.04283493   -0.02174450    0.07164092    0.01511368   -0.01603854   -0.01368597   -0.02982768
KIT3    0.41903116   -0.62123943   -0.04925618   -0.46846656   -0.21255112   -0.18697312   -0.05988870   -0.04336706
KOKB   -0.09224197   -0.04148974    0.09048552   -0.05092617   -0.08172869   -0.01335945    0.03971485    0.01061156
KOKV    0.07799757   -0.08856795   -0.10750214    0.04185338   -0.06180248    0.03357434   -0.01149800    0.00974332
KOSG    0.02135638    0.05060658   -0.02512116   -0.00252457   -0.00758323   -0.01157264    0.01982041   -0.00847053
KOU1    0.05968008    0.30823583    0.08628121   -0.14760161   -0.01229461    0.02633473    0.12111633   -0.08830661
KOUC    0.12055715   -0.22308201   -0.06131006   -0.00323549   -0.01061059   -0.02702642   -0.02462070    0.10623151
KOUG    0.25658199    0.36697021   -0.21304616   -0.20061530    0.00685108    0.07677210    0.09258530    0.01167887
KOUR   -0.00310162    0.23678149    0.07344249   -0.22575074   -0.05311788   -0.00131534   -0.03758821    0.04952674
KRGG   -0.01329356    0.03418021    0.00830027    0.03738324   -0.00190166    0.01332627    0.02051243    0.00583889
KSMV   -0.14011228    0.31498718   -0.13048504    0.06430137   -0.02903515    0.07303235    0.00758571    0.00022612
KSTU    0.01835456   -0.21225438   -0.00443854    0.03177458   -0.03018310    0.01832463    0.02099162    0.03559038
KUNM   -0.05139704    0.41000790   -0.00949447    0.12131467   -0.06866672   -0.01961227   -0.00136897   -0.06929161
KWJ1   -0.28534600    0.07205974    0.24055618   -0.11659619    0.03283634    0.04193223    0.00823594   -0.17087680
LAE1    0.69633965    0.71209721    0.00795753    0.17145450   -0.05616359    0.11722991   -0.25307766   -0.00537325
LAMA   -0.06801483   -0.10564382   -0.03303722    0.01133369   -0.03447202    0.02769842    0.03526628   -0.03166368
LAUT    0.47310326   -0.00417309    0.18358139   -0.03375712    0.04309908   -0.05827489   -0.12777100   -0.01657887
LHAS   -0.63636156   -0.34744194    0.22984088    0.06353373   -0.18140017    0.03631310    0.03653831   -0.02112331
LHAZ    0.07554213    0.66886809   -0.09722084    0.20917647   -0.13453281    0.14099075   -0.06539938    0.00945261
LMMF   -0.07394351   -0.11401731    0.07724664   -0.07786624   -0.03480703    0.03462569    0.01505280   -0.01333363
LPAL    0.16021840    0.03068165    0.09148251    0.06547436   -0.01346320   -0.00406490    0.00156480    0.00511926
LPGS    0.03695347    0.18169873    0.07142580    0.00178426   -0.03224685   -0.01535175   -0.03180472    0.02401715
M0SE    0.11384065    0.06766218   -0.10873681    0.00513721   -0.03571158    0.00336769    0.01645274    0.00332121
MAC1    0.07262242    0.03766832   -0.01162863    0.01632805   -0.01692331    0.00641216    0.00262417   -0.00340606
MAD2   -0.00070651    0.05083097   -0.05050277    0.01508981   -0.01010057    0.01603424   -0.01368688    0.01817037
MADR    0.08616002   -0.04727666   -0.07276081   -0.04814330   -0.17205077   -0.05481705   -0.07365954    0.06122228
MAG0   -0.02391434    0.01144477    0.00520382    0.06036430   -0.03006557   -0.02805375    0.01077479    0.02825950
MAJU    0.28724948   -0.01396031    0.08369133   -0.04745711    0.00314295   -0.04421321   -0.02372151    0.00801266
MAL2   -0.22339828   -0.25413710   -0.18777852   -0.24653069   -0.17336865    0.04940360    0.14131666    0.14654339
MALD    0.21865479   -0.06757158   -0.22489282   -0.27532264   -0.21351857   -0.00835966    0.02467378   -0.02541396
MALI    0.24591760    0.33272828    0.04722300   -0.22020768    0.03471430    0.16065708   -0.09634823    0.12549563
MANA    0.14626431    0.67736669    0.34193086   -0.04879495    0.17044248    0.04842105   -0.01308499    0.00769143
MAS1   -0.64447020    0.45048634   -0.08738830   -0.03800240   -0.02258255    0.00805241   -0.02652759   -0.00570455
MAT1    0.00908015   -0.00136853   -0.08027529    0.00300689   -0.01615710   -0.00900893   -0.02220303    0.01327208
MATE   -0.00241865    0.00920169    0.00205366    0.07489575    0.00082249   -0.01074698    0.02804947   -0.01207347
MAUI   -0.13599440   -0.02465116    0.01510502   -0.00147880    0.03091357    0.01365889    0.05436942    0.00375041
MAW1   -0.01631648   -0.00300752   -0.01105411   -0.02121831   -0.01228438   -0.00859270   -0.00791963   -0.00095694
MBAR   -0.12827018   -0.17645347   -0.11391042    0.13568197    0.04142130    0.02572141   -0.08253355   -0.03700377
MCIL   -0.16030060    0.11710077    0.05375923    0.02200131    0.09190778   -0.01868527    0.00926028    0.02829820
MCM4   -0.09271638    0.02269821   -0.01706246   -0.01532875   -0.01010891    0.00560854   -0.00710992    0.00122026
MDO1    0.12128146   -0.06572197   -0.04188033    0.05025599   -0.04011312   -0.01059298    0.01018930    0.00417850
MDVJ   -0.06515678    0.04074916   -0.00497376    0.01592430   -0.00808292   -0.02515801    0.00943216    0.01731347
MDVO   -0.11903083    0.29773064    0.04534006   -0.30405532   -0.07376153   -0.08414858    0.01159230    0.07426504
MEDI   -0.19202699    0.03928680    0.07847693   -0.09035055   -0.00403290    0.02099951   -0.02611057    0.01164835
METS   -0.14960930   -0.08802881   -0.00790210    0.05821384   -0.02092481    0.00709073   -0.00192584   -0.01686092
METZ   -0.08756966   -0.12664299   -0.04463313   -0.02345481    0.01809109   -0.00564058    0.01913882    0.01532834
MGUE   -0.10845969   -0.18900348   -0.10992243   -0.05638517    0.04855595    0.00367512    0.05331766    0.00360011
MIZU    0.12214219   -0.01751976   -0.06146988    0.09790805   -0.00281054    0.02823650   -0.01922482   -0.03118403
MKEA    0.01808036   -0.09151327    0.01797088   -0.02440533    0.01437228   -0.00442230    0.00475699   -0.00040957
MNLS    0.02031462   -0.02096601    0.02911892    0.00433952    0.02134127    0.01860050    0.00760993   -0.00788783
MOBJ    0.13632669   -0.05211982   -0.02106620   -0.04075105   -0.01338933   -0.02776479   -0.00882419    0.00169860
MOBK    0.17457695   -0.09265859   -0.02012567   -0.05654250   -0.02143393    0.01484144   -0.01730213   -0.01213172
MOBS    0.02308992    0.16021011    0.03962122   -0.00481258   -0.00525085    0.01417318    0.00425738   -0.01030078
MONP   -0.02807868    0.00581604   -0.00954007   -0.00903407    0.00607403   -0.02302127   -0.01042493   -0.00656291
MORP    0.14029874    0.09213627   -0.04787884    0.02395014    0.00836673   -0.02009148    0.03204669   -0.00397199
MQZG    0.04528754   -0.00209045   -0.02198464    0.00353601   -0.02248233   -0.00349804   -0.01879968    0.02403874
MRO1   -0.25374963   -0.00770482    0.00038214   -0.07158880    0.06491607   -0.04208504    0.01718544   -0.03955170
MSKU    0.14690064    0.20694578   -0.40990003    0.09704703   -0.25256672    0.06534472    0.19666540   -0.08258774
MTKA   -0.03472806    0.55268729    0.15358663    0.18921171    0.08000075   -0.01662733   -0.00578599    0.00224014
NAIN   -0.14223101    0.02271786    0.04664458    0.03802636   -0.00157155   -0.00977989   -0.00345929   -0.00176665
NANO    0.02390632    0.22358794   -0.06687096   -0.03090029   -0.00400438   -0.04175485    0.00926042   -0.01642109
NAUR    0.04839312   -0.22234412    0.01250573    0.08423331   -0.04854668    0.00913699    0.04854564   -0.01863476
NICO   -0.17941080   -0.22168732    0.05822998   -0.07254333   -0.00061632    0.00683927    0.00823136    0.01526714
NIST   -0.18929660   -0.13999242    0.03719899    0.04549428   -0.02677743    0.00914109    0.01796552   -0.06696181
NIUM    0.18284492   -0.05324373    0.01643749   -0.00778281    0.08964879   -0.04412905    0.06458945   -0.01919768
NKLG    0.12655987    0.22026181   -0.34896466   -0.23188689    0.20001632   -0.09350200    0.18246971   -0.03486806
NLIB    0.13104452    0.14777232   -0.01000988   -0.07416053    0.00524996   -0.04015069    0.03133971    0.05635964
NNOR   -0.04714887   -0.01194982    0.06060433    0.02851404    0.02289231   -0.02186242   -0.00052868    0.03991353
NOT1    0.06323623   -0.19457222    0.04258655   -0.14599706    0.01150784   -0.07305371   -0.03390142    0.05006027
NOTO   -0.10199028    0.09861342   -0.07471293   -0.19295254   -0.08364516   -0.09137021   -0.12655929    0.05345319
NOUM    0.11684932    0.30868890   -0.01410985    0.12511544   -0.11435616    0.06076655    0.04984547   -0.00956265
NOVM   -0.00714465   -0.12682159   -0.02947977   -0.06255682   -0.02000460    0.05821860   -0.02629196   -0.00306923
NRC1    0.13976820    0.12468406   -0.09768238   -0.01444049   -0.04647104    0.00530563   -0.00717784    0.00937191
NRIL    0.04407345   -0.07610012   -0.02302328   -0.04459617   -0.00224006   -0.00162870    0.02517695    0.01857209
NRMD   -0.04174051   -0.39496900    0.04247253    0.00523038   -0.07458152    0.01848228    0.03560811    0.02315169
NSSP    0.03309122    0.07370907   -0.14238213    0.13347693   -0.00035390   -0.20643092   -0.02931096    0.08208915
NTUS   -0.11506018    0.17600874   -0.06809252    0.00034072    0.03296233   -0.05872208   -0.00153948   -0.00183274
NURK    0.35107683    0.33898385   -0.45583897   -0.26441612    0.20785994    0.05769438   -0.15637676   -0.07025696
NVSK    0.31602789    0.02519033   -0.12581532    0.03516408   -0.04254645    0.05488959    0.16778582   -0.01565028
NYA1    0.04468153    0.03773848   -0.00760127    0.03761799   -0.02649283    0.00838480    0.00936485    0.00097120
NYAL   -0.06673897    0.06010776   -0.02816960   -0.03700124    0.03040439   -0.00572234   -0.00571955   -0.01314552
OHI2    0.06656254   -0.04983291   -0.00980429   -0.07459714   -0.00924824   -0.00328109   -0.02697453    0.00768805
OHI3    0.04593230   -0.04373888    0.01854844   -0.06850164   -0.00920445    0.00256283   -0.01173579   -0.01857016
OHIG    0.01446875    0.05044204   -0.05027282   -0.08299724   -0.02489172    0.03937395    0.02387001   -0.00094733
ONSA   -0.09403149   -0.02710169   -0.00962190    0.03632594   -0.04076334    0.06765537   -0.00560974   -0.04735610
OPMT   -0.13918174   -0.15987771   -0.02796048    0.06779788    0.03015559    0.07038396    0.01966769   -0.04623642
OS0G    0.07788845    0.03588392    0.01066400   -0.05079414   -0.00399527    0.02279212   -0.02243363   -0.06156587
OSN1   -0.06202416    0.28562547    0.04757695    0.01256875    0.04762817   -0.04553044    0.00383345   -0.05588851
OUS2    0.00730518   -0.03167801   -0.04756344   -0.00703792   -0.00096971   -0.01315608    0.01451399    0.00678104
PADO    0.04328610   -0.01422555   -0.04050296    0.07173376   -0.06903921   -0.04732749    0.11858473    0.09144516
PALM   -0.05960818   -0.03101361    0.01333750   -0.02603322   -0.00015352    0.01652374    0.00473761    0.00726363
PALV   -0.04495313   -0.03359632    0.03895741   -0.01896471   -0.01465413    0.03529965   -0.02408187   -0.02213069
PARC    0.02884669   -0.07357796   -0.01734468    0.02885502   -0.00468167   -0.01602511   -0.01292959    0.01767446
PARK    0.09100588    0.03405021   -0.06002664   -0.01904026   -0.00938298    0.00947514    0.02591795   -0.02060998
PBRI   -0.17772222    0.04039481   -0.06721007    0.12357177   -0.21803737    0.08061917    0.00830720    0.03389878
PDEL    0.08699582   -0.03129052   -0.04094547    0.06865616    0.00650802   -0.03155625   -0.00179719    0.00018427
PENC    0.00159063    0.26042313   -0.09412700    0.00513626   -0.02188403    0.04413600   -0.02827200    0.00268637
PERT   -0.10395143   -0.06929350    0.01667960    0.02007559   -0.04038772    0.03214176   -0.00968141    0.00822603
PETP    0.06225099    0.01185460   -0.00517342   -0.07933581    0.00595063   -0.08104212    0.00100602   -0.02450789
PFA2    0.04851617   -0.07964007   -0.28915014    0.00436269   -0.03104537   -0.02728798   -0.00614870    0.03071048
PIE1    0.16972390    0.01474803   -0.06031803   -0.00144268   -0.02275724   -0.01244937    0.01153861    0.00441172
PIMO    0.26002306   -0.17315808    0.16681113    0.07213780    0.15705218    0.01456476    0.02810753    0.05930131
POHN   -0.12048028    0.14042734    0.16070954   -0.09373174    0.02821967    0.05036626    0.01465185    0.00704621
POL2    0.00746883    0.83540436   -0.47429648    0.04440495    0.06719812   -0.04363085    0.05146456    0.08325433
POLV   -0.00583059    0.01752532    0.01299175   -0.00464717    0.00464368    0.00569568    0.00419186   -0.04039475
POTS    0.05624549   -0.15806784    0.02996526   -0.03306164    0.00013031   -0.04527655   -0.01534612    0.00341443
POVE   -0.18349977    0.06007234   -0.26389806    0.07546701   -0.10638219   -0.09037895    0.00377795   -0.02648715
PRDS   -0.08839542   -0.01871361    0.12224726    0.00200856   -0.07181131    0.09160504   -0.06188526   -0.02858692
PRE1   -0.12239138   -0.13035731   -0.06195860    0.11118485   -0.04185767    0.03505406   -0.01283331    0.03786303
PTAG    0.11744533    0.04273704   -0.06080018    0.08728590   -0.11148306   -0.03113831    0.05906375   -0.01532866
PTBB   -0.08977578   -0.08136594   -0.03324817    0.05583139    0.00332265   -0.01363728    0.03487168   -0.00182948
PTVL    0.24877092    0.20032882    0.02753283    0.08906976   -0.03654740    0.02895075   -0.06629953    0.00219189
PVEP   -0.13936251   -0.33460051    0.14915287    0.04109542   -0.12072618   -0.12545463    0.06772712    0.17111277
QAQ1   -0.01922979   -0.22418025   -0.12300311    0.02840324    0.04677384    0.05357293   -0.00562543   -0.00335833
QUI2    0.11982158    0.12757667   -0.03632120    0.14393112    0.00578048    0.08091856   -0.02381642    0.02857554
QUIN    0.22454418    0.02843440   -0.22227255    0.00391028    0.07968730    0.01460449   -0.05390071    0.01243664
RABT    0.07599990    0.28403300   -0.08794468    0.06505134    0.02946678    0.01298319   -0.05913128    0.02235700
RAMO    0.06602827    0.07770132    0.03334650   -0.02082443    0.01778736   -0.00123936   -0.00530697    0.00479526
RBAY    0.23590291   -0.18235897    0.02230025    0.02605292    0.02239634    0.02420050   -0.01379475    0.02190843
RCMN    0.00093979    0.08662404   -0.11307286   -0.04929166    0.03330578    0.02246307    0.12488057   -0.04412443
RECF    0.01764571   -0.15749812    0.12133156    0.00968193   -0.03816593   -0.06391598   -0.00626690    0.04400403
RESO   -0.12708388    0.04814006    0.00019935   -0.04144127   -0.04624762    0.01289557   -0.01357215    0.00036948
REUN   -0.00321713   -0.28820229    0.07685925    0.01882274   -0.06196026   -0.07329141   -0.00777417   -0.04752002
REYK   -0.10222777   -0.01719481   -0.00220237    0.01709638    0.01148975    0.00109198   -0.00050630    0.01222670
REYZ    0.01300441   -0.02525600    0.04072260    0.06701637    0.01896699   -0.00044149    0.01103665   -0.02663693
RGDG    0.02860030   -0.03565781   -0.00562578    0.00420198    0.01129468    0.00385884    0.03364440   -0.02418559
RIGA   -0.11156196    0.12638297    0.02594325   -0.01702231    0.04083762   -0.02142243    0.01678204    0.02851553
RIO2   -0.00863804   -0.00513107    0.01050107    0.02247198   -0.00675058   -0.01703115   -0.01383009    0.03006204
RIOG   -0.04837000   -0.06725178    0.02132963   -0.02897456   -0.02839278    0.00348773   -0.07554665   -0.05396892
RIOP   -0.38179951   -0.25451862    0.17829416   -0.03061149    0.08514294    0.18031995   -0.08111179   -0.04072614
ROSA    0.22931895   -0.12764950   -0.12385066   -0.03396913   -0.00934041    0.05986346    0.02884316    0.16215428
ROTH    0.12176124    0.00853044   -0.09302720   -0.06460058    0.04459184    0.00570755    0.02113794   -0.00944544
SALU   -0.21692987   -0.19397802   -0.18601562   -0.15673425    0.02593388   -0.01784967    0.06054237    0.06694605
SAMO    0.02987775    0.00446258   -0.02373179   -0.01965117    0.02316672   -0.00267336   -0.08220280   -0.11798727
SANT   -0.48411532    0.26562142   -0.34797051    0.10631088   -0.05192674   -0.09227624    0.08184207   -0.00286598
SAVO   -0.04825953    0.14068318   -0.01596806   -0.04884833   -0.00647365   -0.01824411    0.02414378    0.01532701
SCH2    0.12265630   -0.19076606    0.01860753    0.05289696   -0.00550765    0.00494660   -0.00839590    0.01502814
SCOR    0.04765164   -0.00087504    0.02934299    0.02154683    0.02293433   -0.00562612    0.01940167   -0.00524671
SCRZ    0.21027490   -0.38874940    0.09817075    0.21442918    0.01761946    0.04848991   -0.20876019    0.08315448
SCTB    0.03999493    0.04688198   -0.00292193    0.00461638    0.00480476    0.00035677    0.01661294    0.00194242
SCUB   -0.11349263   -0.31106543   -0.00717394   -0.12763927   -0.00116855   -0.00187152    0.01545584   -0.01142954
SELE   -0.39379390    0.41855135   -0.26498180   -0.27746669    0.14871970   -0.00671705    0.00517276    0.07119573
SEY1    0.07835318    0.16384905   -0.06182171   -0.12409756    0.01820273   -0.16644902    0.07494308    0.06120569
SEYG    0.46226479   -0.16454325    0.03731267   -0.08238035    0.02582573   -0.06899933   -0.14631908    0.04181265
SFER    0.01732784    0.06022420   -0.09114375   -0.00717515    0.03703556   -0.01801609   -0.00270749    0.02698029
SHAO    0.19107518    0.13570786   -0.01386627   -0.01874707   -0.04579078   -0.02918263   -0.01358238    0.00450430
SIMO    0.08443185    0.01334595    0.05265306   -0.05803870   -0.03051079    0.02107369    0.05981753   -0.18957808
SIO3    0.00753514   -0.06682551    0.13487311    0.20378901   -0.06926409   -0.14441873   -0.01753669    0.03123746
SMST    0.41236623   -0.06765047    0.00902792   -0.14234449   -0.06166488    0.02123123    0.04849724   -0.01030667
SOFI   -0.20274280   -0.11816693   -0.00581275   -0.01925278    0.00580837    0.03913595   -0.01200488    0.04382900
SOL1   -0.01934864    0.01776689   -0.03238218    0.01988229   -0.00661869   -0.06255323    0.03425804   -0.04798963
SOLA   -0.42260554    0.20349595    0.05563051   -0.27258136    0.11472570   -0.01335458    0.04999622    0.16758967
SPT0   -0.17621017   -0.04050469    0.01242087    0.01159651   -0.04969363    0.05165013    0.00718943   -0.04524811
SSIA    0.15766081   -0.27550581   -0.00981781    0.06791844    0.05365605   -0.06153529   -0.06109686    0.00656637
STHL    0.41666648    0.15448605    0.00413238    0.07059267    0.01194225   -0.03594916   -0.02217874    0.01161935
STJO   -0.10374719   -0.03837820    0.00818820   -0.01335023   -0.01343126    0.00557702   -0.01215696   -0.00133493
STK2    0.20376917    0.22128969   -0.04492999   -0.11258671   -0.00358695   -0.02876519    0.00791868    0.05963053
STR1    0.07004232    0.14168489   -0.01018100   -0.01966546   -0.01165031   -0.01960424   -0.00722494    0.01037498
STR2   -0.14402022    0.01766802   -0.00302998    0.02642144    0.01432488   -0.02396516   -0.02302676   -0.00140054
SUNM   -0.11255037   -0.17946464   -0.06078564   -0.08384878   -0.12348793    0.02159911   -0.10383829   -0.06428387
SUTH   -0.07757192   -0.06940449    0.01567364   -0.02226718   -0.00161256    0.00149171   -0.00328012    0.00782848
SUTM   -0.01391054   -0.13011483    0.02774519    0.01479888    0.00137034    0.01639587    0.00314896   -0.01863001
SUTV    0.08325094   -0.04584039    0.00719776    0.02065966    0.00159969    0.00721058    0.00329361   -0.03057573
SUWN    0.21674638    0.16490858   -0.01405004   -0.02572271    0.03514189    0.01746022    0.00768131   -0.01445263
SVTL   -0.11024487   -0.19443115   -0.07476000    0.06306376   -0.03458346    0.00258655    0.03939729   -0.02728544
SYDN    0.02638036    0.21352635   -0.00095496   -0.00494143   -0.01395966   -0.01353183   -0.00612758   -0.02212998
SYOG   -0.00029517   -0.02916627    0.03713348   -0.01081114   -0.02335801    0.03485886    0.01540844   -0.01168464
TABL    0.03484993   -0.03065319    0.00194629   -0.02881837   -0.00803088    0.01982631   -0.01644631    0.00075832
TABV    0.08468805   -0.02656969   -0.01067228   -0.00814891    0.03348623    0.00460028    0.03656533   -0.00228702
TAH1   -0.13648853    0.04324942   -0.06578956   -0.13233242    0.06827198    0.00590227   -0.01822883    0.00960933
TASH   -0.28065922    0.25870455    0.17823145    0.06176503   -0.09513149    0.03844113    0.02347451   -0.01953536
TCMS    0.45134033    0.33255399    0.00650752   -0.33104076   -0.14482954   -0.50275698   -0.08483728    0.14174466
TEHN    0.15487820    0.28000234   -0.14043124    0.37124250    0.22237259    0.40999189    0.05347252   -0.22426293
THTG    0.23406145    0.13188271   -0.09903734   -0.11378380   -0.12641242    0.02007794   -0.10417340   -0.06022457
THTI    0.04326978    0.23246034    0.08004245    0.09560189    0.00525300    0.05011322   -0.05847483    0.03550399
THU1    0.09894185   -0.08809010    0.00959770    0.04518118    0.00044941   -0.02536247   -0.02313933   -0.05124733
THU2   -0.03801922    0.03339912   -0.01639521    0.04015059    0.05684631    0.03446805   -0.00544836   -0.02560255
THU3   -0.07447798   -0.04614318    0.00577458   -0.05749439   -0.01487836   -0.05290501   -0.02448720   -0.00912583
TID1   -0.13265708   -0.08916828   -0.00945934    0.00195038   -0.00132940    0.01650021    0.01435250    0.00618152
TIDB    0.07987514    0.11037151    0.00126646   -0.01274412    0.00799464   -0.01481988    0.01095471    0.01204977
TITZ    0.10240293   -0.01853571   -0.03486973   -0.07859669    0.01399455   -0.04505764   -0.01404990   -0.00661000
TIXG    0.00544036   -0.00770483   -0.00821778    0.00839145   -0.02944963   -0.00376963    0.00675199    0.03744298
TIXI    0.04134833   -0.03449652   -0.03081053   -0.00223083   -0.01549442    0.03168758   -0.00514954   -0.00789831
TIXJ   -0.08060205   -0.05108021    0.01142023   -0.06338684    0.03802752   -0.00967236    0.00865854    0.00333901
TLSE   -0.20450472   -0.08024674    0.08629630    0.04582663   -0.06013902   -0.02472900    0.02877599    0.03844118
TN22   -0.20844592    0.08661000   -0.02906835    0.01893201   -0.02323738   -0.06595131    0.00927344    0.06679642
TNML   -0.22539706    0.44331420    0.21685393    0.17345370   -0.14550562    0.36537973    0.11896551    0.14671679
TONG    0.11280489   -0.05838456    0.05947740   -0.03301592    0.09457685   -0.12149500   -0.05744419    0.14493054
TOUL   -0.02564917    0.09316813    0.16707728    0.01837287   -0.02029824   -0.03755998    0.02522368    0.06123112
TOW2    0.07332175   -0.05659584   -0.03635508    0.18925509    0.07480266   -0.00361770    0.06391604   -0.02497396
TRAB   -0.33203773   -0.61929794   -0.35716074   -0.19566714    0.01595809    0.09234644   -0.00693200   -0.21355133
TRO1   -0.14885007    0.24514838   -0.01912433   -0.02388442   -0.02491762   -0.03481085    0.01880062   -0.00203621
TROM   -0.22271226    0.00355622   -0.00468250   -0.00751545    0.00946734    0.00800929    0.02143063   -0.04034010
TSEA    0.22402444   -0.02824379   -0.00834026   -0.05059954    0.03335465   -0.00827528    0.05911684    0.04317564
TSKB    0.33475488    0.10643626    0.02888447   -0.11247525   -0.05681580    0.04302323    0.02625609   -0.00579853
TUVA    0.36403292   -0.10838745    0.00477646   -0.04245957   -0.00474752   -0.05058267    0.04982990    0.04086665
TWTF    0.33138523    0.17716730   -0.25287714    0.10775117    0.10964896    0.15813746   -0.04156940   -0.07848966
TXES   -0.16263617   -0.23417151   -0.09170846    0.06126652    0.07745123   -0.06691584   -0.07915844    0.01904772
UFPR    0.19469871    0.02315919    0.02198355   -0.01728757    0.03470152    0.00904314   -0.04951731   -0.02376895
ULAB    0.06324352   -0.01247833   -0.06306021    0.03176978    0.02838849    0.02771254   -0.01642179   -0.01137207
UNB3   -0.20141847   -0.05391575   -0.03116217    0.01878018    0.00077969    0.01927423    0.01603737   -0.00361476
UNBJ    0.11719521   -0.09432007    0.02598949    0.04340939   -0.01428882    0.00227990   -0.01606230    0.00911802
UNBN   -0.22286478   -0.08299518   -0.01793207   -0.01547735   -0.06013704    0.02942496    0.05363572    0.01270516
UNSA   -1.55683520   -0.17063249   -0.17447616   -0.32563108    0.18631812    0.21636567   -0.02565126    0.01733356
UNTR    0.18010410   -0.14388421    0.11631238    0.07864524    0.03057900    0.02804642   -0.00718444   -0.00243836
URUM    0.13316294   -0.04304484    0.06193975   -0.30151650   -0.02574931   -0.07416509    0.02733176    0.02444027
URUS    0.17350745    0.13915107    0.00930232    0.06544180   -0.15417445   -0.02023519   -0.02817309    0.00094984
USN3    0.08127824    0.02971305   -0.01500885    0.01831656    0.08442564    0.01480557    0.03632551   -0.03967115
USNA   -0.01344155   -0.00331249    0.04365254   -0.01207452   -0.00124928   -0.05319307    0.02975427   -0.06384951
USNO    0.02662182   -0.05770324   -0.00106583   -0.01728641   -0.03877604   -0.08884432    0.00760925   -0.06844317
USUD    0.43998376    0.12145710   -0.09624243   -0.08156978   -0.05265346    0.02534532   -0.00954940    0.03811098
VACO   -0.24697649    0.10559939    0.04884352   -0.02570553    0.03117272   -0.00949120   -0.02110528   -0.00461349
VALD   -0.07055587    0.08623865    0.06358434    0.06982110   -0.00845357    0.00719009    0.00618250    0.01533307
VENE    0.15848149    0.22502299    0.22345421   -0.02215745    0.07298107   -0.08419223   -0.03425552   -0.01755113
VESL   -0.19049253    0.02663500   -0.03777451   -0.01699660    0.01146989    0.00718937   -0.01789754   -0.01266849
VIL0   -0.06486399   -0.11701394   -0.06053045   -0.02935749   -0.00571499    0.00515531   -0.00368594   -0.00791437
VILL   -0.03324796    0.06486441   -0.03719263    0.03901067    0.04160747   -0.00902662    0.01510484    0.00632085
VIS0   -0.06816969    0.09418210    0.06686100   -0.00926486    0.01378639   -0.03925268    0.01804902    0.02380900
VNDP    0.15950652   -0.08276383   -0.13632175    0.09401061    0.04370183   -0.00770409   -0.00864632   -0.03369114
VOIM    0.20561854   -0.04476203    0.25548790    0.04157949   -0.10350378   -0.03065139   -0.05477793   -0.07525611
VTSP   -0.03878884   -0.00454398   -0.00921023   -0.10132379    0.03026529   -0.00192621   -0.02559315   -0.03153505
WARK    0.07554989   -0.05779537   -0.00870782    0.02192849   -0.00625415   -0.00878150   -0.01381932    0.00591612
WDC1    0.07773426    0.02237793   -0.00672332    0.02832197    0.03680616   -0.01080598    0.01614154    0.03167903
WDC3    0.13483619   -0.05713574    0.09095526    0.08706068    0.04097534   -0.06322644   -0.06049696   -0.03391519
WEL1   -0.00974376    0.09242108    0.00430579   -0.07006551   -0.01923111    0.02854128   -0.00538923    0.01782444
WES2    0.12000047    0.11408876   -0.12178828   -0.03928635    0.02572109   -0.06150388   -0.00462007    0.05171570
WGTN   -0.02341638    0.04664768   -0.02706847   -0.03918915   -0.00420074   -0.00111721    0.01187771   -0.00242007
WHIT    0.00620309   -0.02052389   -0.02446392   -0.01548663    0.00835048   -0.03217018    0.02235263    0.00978889
WILL   -0.02288118   -0.03771885   -0.02381932    0.03991629    0.00403172   -0.01610227    0.00516007    0.00305559
WIND    0.02094516    0.20450079    0.01388808    0.08490582   -0.05417518   -0.00158070    0.04159241   -0.04128743
WROC   -0.14552460   -0.09979574   -0.03624346    0.01287026    0.00610911    0.06528904    0.00269130   -0.02984727
WSRT    0.09444159    0.06513005    0.00151499    0.01734858    0.00705148   -0.01265946    0.01663236    0.00295321
WTZA   -0.03209507   -0.12430335   -0.01603622   -0.06419868   -0.03469835   -0.01067884    0.00234717   -0.00734893
WTZL    0.17111058    0.19116515   -0.02356302    0.00210920    0.00906411    0.00423172   -0.02310142    0.00350234
WTZR    0.13809503   -0.06724461    0.05349563    0.04833093   -0.00677303    0.01349660   -0.00434924   -0.00939200
WTZZ   -0.18166902   -0.01033303   -0.00427427    0.06109065    0.01603859   -0.00656441    0.01612668   -0.01654321
WUHN    0.17196152    0.08027833   -0.04212810   -0.07391906    0.00870841   -0.02326483   -0.01380100   -0.00050699
XIAN   -0.40253252   -0.63311578   -0.19903948   -0.19282410   -0.12324568   -0.10327959    0.03510340    0.12649690
XMIS   -0.32607181   -0.16973295    0.07519452   -0.07639006    0.02568285   -0.02166409    0.00036788   -0.01337941
YAKT   -0.23697979    0.29576548    0.06958950    0.08251259   -0.10407642    0.00923627   -0.11134551   -0.02213568
YAKZ   -0.09410617    0.06972735   -0.13487300    0.19372635    0.00513368    0.05923353    0.00835406    0.00089620
YAR1    0.04262720   -0.00080086    0.14908286    0.04067560    0.05244725    0.00499295   -0.03464224    0.01084271
YAR2   -0.04155522    0.02997873   -0.09592295    0.01045935   -0.02085646    0.01537123    0.02044125    0.02148185
YAR3    0.03096913    0.03387739    0.10927069    0.03223778   -0.02240713   -0.02438165    0.00388587    0.04083411
YARR    0.03879639   -0.08177217   -0.08236858    0.06257768   -0.01984157   -0.02896367    0.03485407   -0.02607753
YCBA    0.04570126    0.22728745   -0.10528758    0.14298866    0.05778285   -0.06431334   -0.08262625   -0.03545740
YEBE   -0.08752364    0.10899877    0.03129114    0.01295609   -0.00573794   -0.01004929   -0.01479026   -0.01356272
YELL   -0.10517431    0.01332123   -0.02637440    0.07666298    0.05550874   -0.00952806    0.00327881    0.04672586
YIBL    0.95571930    0.34032209    0.33400858    0.02836266    0.05779379   -0.05030746    0.06526849   -0.07060271
YKRO   -0.26791958   -0.34343106   -0.13788929    0.18039124    0.17343981    0.21058550    0.02318112    0.07577224
YSSK    0.05365070   -0.06784880   -0.02574046    0.00512188   -0.03476181    0.04155370   -0.00852626   -0.00167000
ZAMB   -0.22238127   -0.00984953   -0.06665809    0.00467284    0.02566429    0.02264478   -0.02388672   -0.00822863
ZECK    0.14810459    0.18557040   -0.03099506    0.06426601   -0.01254379   -0.00353414    0.00033165    0.01564090
ZIM2    0.03944548   -0.07992210   -0.03728155   -0.08020822    0.00240066   -0.01266899   -0.00539391   -0.01954205
ZIM3   -0.05814058   -0.04932189   -0.03645770    0.06492442    0.00586923    0.04441943    0.00868920   -0.07170352
ZIMJ    0.04362031   -0.08678270    0.07120755    0.03888366   -0.00135528    0.04846765    0.01151872    0.02101008
ZIMM    0.05806562   -0.05521946   -0.06246587    0.06069653   -0.02902125    0.03990589    0.02590980    0.00233068
ZWE2   -0.00464727   -0.17531098   -0.03646242   -0.01581049    0.04983222   -0.01070597    0.00472325   -0.01496727
ZWEN   -0.25600317    0.44173463    0.06896411   -0.05887379   -0.02988667    0.06956121    0.03355875   -0.03771888
