name detected metadata valid
ABMF     4     6     0
ABPO     8     3     0
ADE1     3     0     0
ADIS     7     2     0
AIRA     6     7     2
ALBH    15    17     2
ALGO     8    14     2
ALIC    15     9     2
ALRT    16     4     1
AMC2    13     7     2
ANKR    16     8     5
ANTC    12     4     2
AOML     2     3     1
AREG     9     3     2
AREQ    13    10     2
AREV     3     5     1
ARTU    17     1     0
ASC1     0     1     0
ASCG     4     2     0
ASPA     7     2     1
AUCK    11     8     2
AZGB     4     5     1
BADG    12     4     1
BAKE    17     3     0
BAKO    15    21     5
BAN2     8     1     0
BARH     9     4     1
BDOS     1     1     0
BHR1     7     1     1
BILI     8     0     0
BISK     4     1     0
BJCO     4     2     1
BJFS    13     5     1
BJNM     3     0     0
BNDY     1     4     0
BOAV     5     1     0
BOGO     5     6     0
BOGT    10    12     3
BOR1    15     4     0
BRAZ     9    16     1
BREW     9     5     1
BRFT     9     1     0
BRMU     4     7     2
BRST    13     9     1
BRUS     6     9     0
BRUX     4    10     0
BSHM     5     3     1
BUE2     3     0     0
CAGL    14     2     0
CAGS     9     6     0
CAGZ     5     6     1
CALL     6     0     0
CARR     6     1     1
CAS1    15     7     3
CCJ2     5     4     0
CCJM     2    10     0
CEDU    11    12     5
CFAG     8     2     0
CGGN     2     3     1
CHAN     6     2     1
CHAT     7     3     1
CHPG     4     2     0
CHPI     8     7     0
CHTI     4     2     0
CHUM    10     4     1
CHUR    17    17     1
CIC1     7     1     1
CICE     0     0     0
CKIS     2     4     0
CNMR    10     4     2
COCO    16    12     4
CONZ     9     7     3
CORD     9     3     1
COYQ     2     6     0
CPVG     7     3     1
CPXF     8     7     1
CRAO     3     2     1
CRAR    16     0     0
CRO1    12    12     3
CTWN     5     0     0
DAEJ    20     7     2
DAKA     2     6     2
DARW    14    17     1
DAV1    17    12     5
DAVR     6     2     2
DGAR    13     9     2
DGAV     3     3     1
DRAG     5     9     2
DRAO    18    15     1
DUBO    13     8     3
DUM1    17     0     0
EIL1     9     3     1
EISL     2     3     0
EPRT     8     9     2
ETAD     2     0     0
FAA1     9     5     1
FAIR    15    14     2
FAIV    10     1     1
FALE     7     6     1
FLIN    13    12     4
FLRS     3     1     0
FORT     5     3     3
FRDN     2    10     0
FTNA     2     3     1
FUNC     6     3     0
GALA     2     1     0
GANP    15     6     3
GLPS    17     6     2
GLSV    16     5     2
GMAS     5     1     0
GMSD     1     5     0
GODE    14    10     3
GODZ    23     6     0
GOL2     4     1     0
GOLD    14     4     2
GOPE    17    11     6
GOUG     2     1     0
GRAS    12    10     0
GRAZ    17    15     3
GUAM    12     9     2
GUAO    12     2     1
GUAT    10     2     0
GUUG    10     5     1
HARB    15    10     1
HERS    14     4     1
HERT     7     1     0
HLFX     5     4     0
HNLC     8     5     0
HNPT    15    10     4
HOB2    12    10     4
HOFN    15     7     4
HOLB    12    20     2
HOLM    10     9     2
HRAO    20    15     7
HRM1     2     2     0
HYDE    17     7     1
IDDR     7     4     1
IISC    16     7     2
ILHA     0     3     0
IMPZ     5     6     0
INEG     8     8     0
INVK    15     3     1
IQAL    11     2     1
IQUI     3     0     0
IRKJ    17     1     1
IRKT    11     0     0
ISBA    14     3     1
ISPA     0     2     0
JAB1     2    15     1
JOG2     4     4     0
JOZ2    14     2     1
JOZE    12     4     0
JPLM    14    12     1
JPLV     2     1     0
KARR    11    14     3
KAT1     3     1     0
KELY    12     9     2
KERG    10    11     1
KGNI     3     5     0
KHAJ     8     1     0
KHAR     5     5     0
KIR0    12    18     0
KIRI     4    10     0
KIRU    15     8     1
KIT3    23     3     2
KOKB    15     9     6
KOKV     5     1     0
KOSG     9    10     3
KOU1     2     1     0
KOUC     5     4     0
KOUG     7     3     0
KOUR    16    12     5
KRGG     3     4     0
KSMV     8     6     0
KSTU     3     4     2
KUNM    13     0     0
KWJ1     3     1     0
LAE1     4     3     1
LAMA    20    10     3
LAUT     1     4     0
LHAS    10     3     1
LHAZ    16     5     1
LMMF     5     4     3
LPAL     9     2     2
LPGS    10     8     0
M0SE     4     5     0
MAC1     7     9     1
MAD2    12     5     2
MADR     2     6     1
MAG0    11     2     2
MAJU     1     4     0
MAL2    12     4     1
MALD     2     0     0
MALI     3     2     1
MANA    11     5     2
MAS1    13     9     1
MAT1    13     3     1
MATE    22     8     2
MAUI     8     4     2
MAW1    20     8     3
MBAR     8     4     2
MCIL     4    15     2
MCM4    25     5     2
MDO1    15    13     4
MDVJ    16     2     0
MDVO     5     0     0
MEDI    23     3     2
METS    16    11     3
METZ     6     1     0
MGUE     6     2     0
MIZU     8     9     0
MKEA    12     8     3
MNLS     7     7     0
MOBJ    15     2     2
MOBK     4     0     0
MOBS     4     6     1
MONP    14    15     1
MORP     7     7     0
MQZG     6     7     2
MRO1     4     1     0
MSKU     1     0     0
MTKA     6     3     0
NAIN     2     6     0
NANO    11     8     0
NAUR     3     8     0
NICO    17     8     1
NIST    11     2     1
NIUM     2     4     0
NKLG    13     5     0
NLIB    20     6     2
NNOR    12     4     2
NOT1     9     4     1
NOTO     2     1     0
NOUM     2     3     0
NOVM    18     0     0
NRC1    11    14     3
NRIL    14     2     0
NRMD     9     3     0
NSSP     9     4     3
NTUS    15     7     1
NURK     5     1     1
NVSK    15     2     1
NYA1    16     5     2
NYAL    19     3     1
OHI2    14     4     1
OHI3    11    10     3
OHIG     3     6     2
ONSA    13     8     1
OPMT     4     0     0
OS0G     4     2     1
OSN1     9     2     0
OUS2    11     9     2
PADO    11     6     2
PALM    16     3     1
PALV     4     1     0
PARC     9     7     2
PARK     5     3     1
PBRI     3     2     0
PDEL     4     4     2
PENC    20     6     4
PERT    17     9     3
PETP     8     1     0
PFA2     6     4     0
PIE1    14    10     1
PIMO    12     6     1
POHN     6     8     1
POL2    14     9     2
POLV    12     2     0
POTS    13     9     2
POVE     9     3     0
PRDS     5     8     1
PRE1     9     1     0
PTAG     7     4     1
PTBB     6     4     1
PTVL     4     2     0
PVEP     1     9     0
QAQ1    11     8     1
QUI2     1     0     0
QUIN    13    15     3
RABT    11     2     0
RAMO    15     8     3
RBAY     4     2     0
RCMN     5     0     0
RECF     1     5     0
RESO     5     7     1
REUN    11     9     4
REYK    21    10     5
REYZ     6     1     0
RGDG     2     3     0
RIGA     7    10     2
RIO2     7     4     1
RIOG     3     1     0
RIOP     5     5     0
ROSA     4     3     0
ROTH    10     0     0
SALU    10     5     3
SAMO     5     6     0
SANT    12    11     3
SAVO     6     2     0
SCH2    14     7     2
SCOR    20     5     3
SCRZ     5     1     0
SCTB     5     3     0
SCUB     6     4     1
SELE    13     2     2
SEY1     4    12     1
SEYG     3     3     0
SFER    11     9     2
SHAO    11     1     1
SIMO     2     0     0
SIO3     9    20     3
SMST     3     3     1
SOFI    14     5     1
SOL1     8     5     2
SOLA     4     2     1
SPT0     5     7     2
SSIA     7     3     1
STHL     9     1     0
STJO     9    26     6
STK2     8     4     0
STR1     7    13     4
STR2     7    10     1
SUNM     7     0     0
SUTH    13     8     2
SUTM    12     3     1
SUTV     3     0     0
SUWN    24     4     1
SVTL     8     6     2
SYDN     7     2     0
SYOG    23     7     5
TABL    15     6     2
TABV     9     7     2
TAH1     5     1     0
TASH    14     5     0
TCMS     6     3     0
TEHN     1     4     0
THTG     6     3     0
THTI    15     5     1
THU1     7     0     0
THU2    12    10     2
THU3     9     3     0
TID1     7     8     3
TIDB     8     8     2
TITZ     5     3     3
TIXG    13     0     0
TIXI    15     5     1
TIXJ     3     0     0
TLSE     9    12     1
TN22     6     1     0
TNML     8     2     0
TONG     3     6     0
TOUL     1     0     0
TOW2    11     7     1
TRAB     7     0     0
TRO1    12     8     2
TROM     3     5     0
TSEA    13     2     1
TSKB    14    17     0
TUVA     1     4     1
TWTF    11     3     1
TXES    14    14     2
UFPR     2     1     0
ULAB    14     3     1
UNB3     2     4     0
UNBJ     3     3     0
UNBN     1     0     0
UNSA    10     8     3
UNTR     1     5     0
URUM    21     6     4
URUS     1     1     0
USN3     6     1     0
USNA     5    15     1
USNO    11     5     3
USUD    10     5     2
VACO     8     2     1
VALD     8     7     1
VENE    10     4     2
VESL    10     1     1
VIL0     5    16     2
VILL    15     9     4
VIS0     8    15     2
VNDP     2    15     0
VOIM     4     1     0
VTSP     7     3     1
WARK     3     4     1
WDC1     5     0     0
WDC3     1     0     0
WEL1     1     2     0
WES2     8    36     5
WGTN     5     6     1
WHIT    18    10     3
WILL    13     9     3
WIND    10     3     0
WROC    16    13     6
WSRT    13    10     3
WTZA     9     6     2
WTZL     2     9     0
WTZR    11    13     2
WTZZ    12    11     2
WUHN    19     6     4
XIAN     6     1     1
XMIS     7     4     2
YAKT    18     1     1
YAKZ     1     0     0
YAR1     3     2     1
YAR2     7    10     1
YAR3     7     3     0
YARR    10     4     2
YCBA     5     0     0
YEBE     7     6     1
YELL    21    11     1
YIBL     4     3     0
YKRO    11     3     2
YSSK    14     2     0
ZAMB    13     3     2
ZECK    17     7     2
ZIM2    13     3     1
ZIM3     5     0     0
ZIMJ    14     1     1
ZIMM    15     6     2
ZWE2     8     1     1
ZWEN     5     5     1
