name cos1 sin1 cos2 sin2 cos3 sin3 cos4 sin4
ABMF   -0.20263856   -0.25758160   -0.05590771   -0.14207287   -0.08530363    0.13198827   -0.02333530    0.05437283
ABPO   -0.03796705   -0.14366694    0.03209174    0.16133624   -0.06345092   -0.02894606   -0.01649247    0.00462912
ADE1   -0.02541254   -0.03869761    0.00931469    0.03386037   -0.01665459    0.00761486   -0.01896793   -0.03689190
ADIS    0.00480677    0.28463801   -0.05874448   -0.14773784   -0.21560545   -0.07714647    0.14272761    0.00884828
AIRA    0.41959707   -0.08089839   -0.03403407   -0.04301568   -0.03593124   -0.04312142   -0.02658614   -0.01191746
ALBH   -0.15632712   -0.07071543    0.07174448    0.04055709   -0.03769150   -0.04559661    0.02827769    0.02225171
ALGO   -0.18439295   -0.03161628   -0.13057983    0.01648864   -0.00862949   -0.02225123    0.02840243   -0.00703523
ALIC   -0.13736414    0.00366345   -0.06325581    0.00235263   -0.03085551   -0.02712070    0.00478981    0.02909909
ALRT   -0.04753252    0.06961614    0.01440624    0.05858599    0.03507943    0.00222626   -0.01507760   -0.03042384
AMC2    0.06405955    0.46981820    0.16383811    0.00484198    0.05161922   -0.00792610    0.00743923   -0.04794453
ANKR   -0.43349040   -0.17394211   -0.11434262   -0.10760656    0.00408995    0.04942910    0.00528944   -0.00702941
ANTC   -0.01686963   -0.15507137   -0.10273641    0.10905861   -0.01975675   -0.10147550   -0.01973669    0.04491129
AOML    0.05045395    0.63175114    0.09656191    0.05515971    0.02483697   -0.04372026    0.01844254   -0.21229072
AREG    0.80567685   -0.24695964   -0.37218134   -0.25244650   -0.34577603   -0.22858006   -0.12578596   -0.11162110
AREQ    0.11311119   -0.33083536    0.42347679    0.22968231    0.30259585    0.02381736    0.11145774    0.02979778
AREV    0.21318583    0.14351624    0.57584062    0.04564399   -0.15783566    0.15259244    0.14266736   -0.07588233
ARTU    0.03223797   -0.04153197    0.00747107    0.07883221   -0.00935624    0.00122424    0.03425804    0.07527003
ASC1   -0.32823776   -0.31972392    0.05277457   -0.13198356   -0.00141703   -0.05182086   -0.07680633    0.03474903
ASCG    0.29522972   -0.47226105   -0.02281121    0.17723079   -0.03071350   -0.02926298   -0.02454022   -0.04480040
ASPA   -0.21870504    0.06920674   -0.00331306   -0.07463410   -0.05019743    0.02077880   -0.01206009    0.00351778
AUCK    0.08658744   -0.01471986    0.00043259    0.00366507    0.00004958    0.01743372   -0.00617328   -0.00668922
AZGB   -0.01002033   -0.01248658   -0.06592831    0.02822986   -0.04692729    0.01617596    0.00286957    0.02168991
BADG    0.06072758    0.40309122    0.04557488   -0.06721752    0.03500739   -0.02760431    0.00701673   -0.03894263
BAKE   -0.03290440    0.13630844    0.00435732   -0.03998840    0.00515045   -0.00706997    0.00421736   -0.02986128
BAKO   -0.02170101    0.30747582    0.02252616    0.06791550    0.05112224   -0.08187888   -0.13219321   -0.01224733
BAN2   -0.02639900    0.23549214    0.24496451   -0.44175061   -0.05634445    0.09700554   -0.09069924   -0.00765144
BARH    0.01484136   -0.06861624    0.06005657    0.00189379    0.00499861   -0.00145916    0.00970512    0.01313744
BDOS    0.25573326    0.08722774   -0.07321499   -0.08387535   -0.08172936   -0.01299618   -0.00077874    0.05347497
BHR1    0.22767469    0.93419623   -0.08198384    0.06818444   -0.21632481    0.29885886   -0.24960768    0.15162325
BILI   -0.07820725   -0.09135731   -0.04838489   -0.01229888   -0.03262586   -0.02322743   -0.03224132   -0.02774064
BISK   -0.09637612   -0.18652672   -0.02460747    0.01678389    0.01560363   -0.01382602    0.01507349    0.00902114
BJCO    0.29778483   -0.02082808   -0.23806794   -0.27581844    0.25417487    0.24694049   -0.10329414    0.06524479
BJFS    0.13497769    0.16157372    0.09062689   -0.02846814    0.20812778    0.07166118    0.00433746   -0.10275359
BJNM    0.21814393   -0.19919143   -0.20814050    0.12986353   -0.15436044   -0.02565119    0.16733664    0.06005227
BNDY   -0.11374453   -0.11641292    0.03658682    0.03152253   -0.01663809    0.03242288   -0.04760707   -0.02336978
BOAV    0.13136018    0.13392373    0.12478331   -0.25032863   -0.03565612    0.10929977    0.03300966    0.01496448
BOGO   -0.20278440   -0.12207058    0.01369050    0.05160288   -0.01739348    0.04715936    0.02205705   -0.01823751
BOGT   -0.12907858    0.16258774    0.02547634   -0.00403907    0.05583782   -0.00908893    0.01628480   -0.05503088
BOR1    0.11639149   -0.08029844    0.02895941   -0.02028727    0.04948702    0.01611162    0.03713814   -0.03545098
BRAZ   -0.20691930   -0.06370242   -0.10313944    0.05096936   -0.06515772   -0.01461571   -0.03575331    0.03158016
BREW    0.28376543   -0.00584677   -0.08071123   -0.34160408    0.03670813    0.02086855   -0.00758667   -0.04520094
BRFT   -0.64336337   -0.13610106    0.04480543    0.10287222   -0.01539564    0.09865059    0.02334129    0.02904053
BRMU    0.09229041    0.12699777    0.01291226   -0.07322984    0.00185453    0.03273747   -0.01217076   -0.01458876
BRST   -0.12869480   -0.01646092    0.01288029    0.04815317    0.03284777   -0.01144512    0.01641419    0.00380260
BRUS   -0.00633431   -0.01190495   -0.02545636   -0.03897746    0.01259046    0.03831541   -0.00691685    0.00998151
BRUX   -0.16551079    0.03495708    0.06708954    0.01503023    0.02878316   -0.02024427   -0.03717360    0.02091823
BSHM    0.12055212    0.18027419    0.09866892    0.07070108    0.08442647   -0.00484861    0.00717092   -0.02946701
BUE2    0.05656497   -0.17214587    0.02062485    0.03101529   -0.13663361    0.09518684   -0.02292345   -0.04140680
CAGL    0.31006385   -0.11260949   -0.02259406    0.01938143   -0.03894619   -0.01378901    0.01499614    0.01448493
CAGS   -0.00614678   -0.00854048   -0.08939001    0.00145494    0.00465417   -0.06188819    0.02903957    0.00024462
CAGZ   -0.05284699   -0.25324375    0.02617268    0.00121884    0.02308966   -0.06332833   -0.00630524    0.03641035
CALL   -0.28358110   -0.65490731   -0.04519826    0.47452474    0.17833290   -0.07599312   -0.03291041    0.03561744
CARR    0.11610951    0.41216758   -0.12950425    0.28031514   -0.04875648    0.07246207   -0.04558181    0.08603227
CAS1   -0.01394017    0.01034162   -0.01943453   -0.00421416   -0.02302312    0.01491207    0.00424020   -0.00084652
CCJ2    0.07544535    0.30320383    0.01146706   -0.10231937    0.12206907    0.00654100   -0.05391902   -0.00116331
CCJM    0.09901445    0.29135445   -0.09922440   -0.05386410   -0.00632293    0.00389882   -0.01529033   -0.01764991
CEDU    0.09166358    0.25912950    0.01703378    0.01397725   -0.00627422    0.02601127    0.04605801    0.00670175
CFAG   -0.00843580   -0.24032980    0.18656864   -0.19729520    0.01127963    0.00081012   -0.00197998   -0.12725663
CGGN    0.15326776    0.07436572   -0.10427722   -0.14394342    0.00996962    0.46343549   -0.01242002   -0.02006568
CHAN    0.13283260   -0.09381253   -0.04881788   -0.02605781   -0.03740855    0.01874107   -0.03098716   -0.00376970
CHAT    0.07104797   -0.15718340    0.04428659   -0.00789228    0.00475825    0.03551602   -0.00994481    0.01006981
CHPG   -0.53633454   -0.09131271    0.15967370   -0.18785820    0.07230962    0.01468690   -0.01044908    0.00972885
CHPI   -0.01578092    0.27043596   -0.10054989    0.12589025    0.03148326    0.08259069   -0.00603957    0.00723998
CHTI   -0.06091425   -0.09378713   -0.03621816   -0.01025080    0.00690947   -0.03437749   -0.00252886   -0.00964773
CHUM    0.13365710    0.25878704    0.58905925   -0.20348418   -0.07364093   -0.18394758    0.00347986   -0.05218210
CHUR    0.04719297    0.10790738    0.00907937    0.00053330    0.00135667    0.01857946   -0.00751996   -0.00362895
CIC1   -0.01670476    0.15787760   -0.18685918   -0.04650415    0.07785050   -0.03902494   -0.02341520    0.00718559
CICE    0.12952626   -0.50045911   -0.13141589    0.10926475    0.04457481   -0.13263782    0.05422722   -0.01563471
CKIS    0.07430158    0.03793415    0.02876332    0.06185678    0.00770710    0.07196222    0.07509391   -0.00198488
CNMR   -0.01084034    0.09863256    0.18336384    0.08291921    0.02919278    0.11273682    0.02065679   -0.03863002
COCO   -0.12568518   -0.15209917    0.05331620    0.09113366   -0.03288746   -0.00734546    0.02429089   -0.02997656
CONZ   -0.08599728    0.16216616   -0.01761685    0.05448770    0.02039355    0.03139880    0.03296179   -0.00007281
CORD   -0.01637904    0.21404760    0.17004848   -0.17784353   -0.05701326    0.01530750    0.04228486    0.01071442
COYQ    0.12742184    0.00512930    0.01625077   -0.01217856    0.02794450   -0.02199540    0.01522042   -0.00442093
CPVG    0.13244715    0.11742225    0.00588448   -0.18061488    0.12290863   -0.01023816    0.05033899    0.00863416
CPXF   -0.00811628    0.06350768    0.00939729   -0.00605071    0.02071271   -0.02994716    0.00843318   -0.02864572
CRAO    0.00839286   -0.25294602    0.02989055   -0.10069896    0.05635851   -0.01379517   -0.01450646    0.04628905
CRAR   -0.07142128   -0.06629482   -0.03653618   -0.00231934   -0.00691772    0.00840134   -0.00882017    0.00087272
CRO1   -0.15825024   -0.26960902   -0.00522247   -0.02653936    0.04899072   -0.09167927    0.00146839   -0.04026807
CTWN   -0.04760290   -0.05947531    0.03442073    0.05717379    0.04456100   -0.05963980   -0.02113643    0.08857686
DAEJ    0.16384731   -0.13818463    0.06601880    0.07659837    0.02188411    0.04171060   -0.01036877   -0.00154621
DAKA   -0.25929202   -0.15215317   -0.01699212    0.07250881    0.01698469   -0.18334406   -0.01346752    0.05436416
DARW   -0.32357079   -0.52005233    0.20556557    0.29249644   -0.12498210   -0.05320936    0.04967517   -0.01938353
DAV1    0.06781205   -0.03267857   -0.04283620    0.01546265    0.00360498   -0.00063976   -0.00624871    0.00109264
DAVR   -0.05785871   -0.11508674    0.01613143   -0.00460986    0.03111983    0.00009417    0.00257464   -0.00808274
DGAR   -0.12585729   -0.06555407   -0.13332164    0.02151802    0.08130021    0.04956884    0.00027645    0.03878138
DGAV   -0.02648178    0.17365497   -0.00290974   -0.10571856   -0.00800192    0.03459331    0.01224954   -0.00604393
DRAG   -0.84691657    0.04216859    0.32640323   -0.17526698   -0.16096390    0.09839784    0.02682312   -0.01766093
DRAO    0.00321716   -0.22347708   -0.35437256    0.08699608    0.00930019    0.01688455    0.04165952   -0.00039653
DUBO   -0.05302729   -0.04361727    0.04257497   -0.04350033   -0.00241386    0.04046001    0.04268645   -0.01947477
DUM1   -0.03481430   -0.05205437   -0.00812783   -0.06416402   -0.03046291    0.03452455   -0.01732418    0.00991742
EIL1    0.14012147   -0.02395987    0.00186077    0.04987156   -0.06802979   -0.00190321    0.04234225    0.04348060
EISL    0.15667646    0.37102186    0.17100097    0.02365927   -0.08526963   -0.09968499    0.03576003    0.00920861
EPRT   -0.00158058   -0.14846620    0.02444496   -0.00126035    0.01724486   -0.03715683    0.01533441   -0.00498588
ETAD   -0.30711938   -0.23345318    0.02811575    0.11357482   -0.20845253    0.03087790    0.14908090    0.16309068
FAA1   -0.10346609    0.24295939   -0.01226076    0.05420205   -0.07107808   -0.00655553   -0.02404709   -0.06701457
FAIR    0.02045387    0.03841337   -0.01793461   -0.02539815    0.01696569    0.03926307   -0.06333049   -0.01323085
FAIV    0.06170735    0.01074583   -0.09980807   -0.10289127   -0.00916127    0.07401651    0.01507173    0.00592281
FALE    0.05128354    0.13819318    0.06281709    0.07120493    0.01567397    0.01260754   -0.01016724    0.05624321
FLIN    0.15775223    0.12403856   -0.06322223   -0.00880222   -0.02794256   -0.00076984   -0.00711772    0.02704731
FLRS    0.15694502    0.00742626    0.07670655   -0.05813934    0.04929915    0.01451555   -0.03386268   -0.00999093
FORT    0.03623558    0.95623670    0.03383268    0.13365749    0.01104423   -0.05039198    0.05712935   -0.10504345
FRDN   -0.18939725   -0.08706269   -0.04822585    0.04586938    0.00525793    0.01089017    0.01803471    0.00325065
FTNA    0.32508419    0.00231906    0.05376437   -0.07782736   -0.16609214    0.04519582   -0.07988839    0.01746179
FUNC    0.40172475    0.13817424   -0.11357513   -0.00049251   -0.02835104    0.06554888   -0.02542934   -0.08021890
GALA    0.09224861   -0.25866114    0.09604783    0.09950847   -0.34582346   -0.12035000   -0.02790792   -0.00000511
GANP    0.09783083   -0.12685365   -0.06076426   -0.01185415    0.00978918    0.01586448    0.03198356   -0.01617869
GLPS    0.13885137   -0.11917574   -0.02663451    0.34574470   -0.07667284   -0.18159479    0.03149367   -0.17105688
GLSV   -0.06716055    0.05218963   -0.03339326    0.00521431    0.01701894   -0.02846179    0.01772304   -0.02355527
GMAS    0.00609645   -0.69540063   -0.10582575    0.13494614   -0.08902814    0.00203629    0.05303340    0.07927981
GMSD    0.10515667    0.29973814    0.11142247    0.00486788   -0.03282504   -0.03143754    0.02276878    0.02648621
GODE   -0.58379176   -0.15572832    0.08658396    0.11831083   -0.03871043    0.00918627    0.01781477   -0.03007644
GODZ    0.04774572    0.04139162   -0.01552717   -0.00958483   -0.07052580   -0.08857019    0.00543416   -0.03292180
GOL2   -0.07472055    0.05856180   -0.00679333   -0.02759745    0.04564184   -0.00258659   -0.01399026   -0.06930968
GOLD   -0.05573001    0.01394767    0.02459722    0.01833605   -0.05395956    0.00229375   -0.01447840   -0.00489453
GOPE    0.11569044   -0.10005132    0.05535293    0.01584948    0.02299696    0.03881224    0.01599274   -0.01153005
GOUG   -0.18198234    0.00157064   -0.02083059   -0.01197244   -0.01227853    0.10341017   -0.00077185    0.01221193
GRAS    0.07244616   -0.14088883    0.05334679    0.03742855    0.02989509    0.01070717   -0.04134869    0.00681176
GRAZ   -0.04876030   -0.08076935   -0.04581746    0.07883336   -0.03179552   -0.00043995    0.02729233    0.01467346
GUAM   -0.34073331   -0.00984077    0.10101811    0.04835723   -0.00080148   -0.15197362    0.01745242    0.00600947
GUAO   -0.43254814    0.18019780   -0.26961912    0.19376440   -0.03451911   -0.11372173    0.05384942   -0.06709390
GUAT    0.32550760   -0.06172969    0.01340342   -0.00073118   -0.06720386   -0.00365930   -0.00137551   -0.01241965
GUUG    0.11316928   -0.02467012    0.14137361   -0.02216597    0.07258695    0.00518304    0.03156932   -0.04129073
HARB    0.07598792    0.05424426   -0.05180494   -0.07289083    0.05678216    0.06273533    0.00030592    0.01435707
HERS   -0.01140435   -0.03474928   -0.00274032    0.02507653    0.04829240    0.01011302   -0.03124158   -0.01901041
HERT   -0.05857576    0.00783718    0.03266279   -0.01545846   -0.04733064   -0.01574462    0.03815699   -0.00893047
HLFX   -0.08702777   -0.06102538   -0.04080569   -0.02857422   -0.00914056   -0.00084663    0.01421414    0.01364031
HNLC    0.07326208   -0.01512179    0.12281461    0.06215696   -0.04754336    0.10099976   -0.02875861    0.01273857
HNPT   -0.10971144   -0.11358340   -0.01327607    0.06494160   -0.01956928   -0.06754116    0.02721728    0.06226391
HOB2   -0.13101230   -0.12521999    0.02182757   -0.02657334    0.01121481    0.01385174   -0.00592895    0.00395540
HOFN    0.11251559    0.00557959    0.00990379   -0.04062987    0.01600061    0.01344214    0.00417289    0.02433932
HOLB   -0.01429036    0.01927284    0.07569056    0.01791187   -0.03267346    0.00261741    0.02044058    0.02958406
HOLM   -0.05633591   -0.07979443   -0.07486826    0.00066016   -0.00604641   -0.00972367    0.04747009    0.01171860
HRAO    0.13954831    0.02634078   -0.07807266    0.06340466   -0.01050750   -0.09957927   -0.00409962   -0.02071056
HRM1    0.00048356   -0.05454247    0.03011893   -0.02094180   -0.05973818   -0.02320474    0.00947184   -0.00889110
HYDE   -0.13395408    0.04096569    0.36338065    0.24073659    0.06302399   -0.04786676    0.05139444    0.06962717
IDDR   -0.01064934   -0.08715698    0.19058634    0.04374717   -0.07244531    0.06930980   -0.00902060   -0.05040809
IISC   -0.19878351    0.28076741    0.01827620   -0.19854793    0.00171284   -0.01573783   -0.03998373    0.08006147
ILHA    0.40916374   -0.23144673   -0.06339948    0.09226478   -0.00362131    0.03357078    0.01312335   -0.16422751
IMPZ    1.24771499    0.31982360   -0.19307409   -0.29354603    0.03271452    0.13324100    0.04334806   -0.09148329
INEG    0.01721923    0.23767379   -0.01819052    0.04805072    0.02362562    0.04704219   -0.06506325    0.02212121
INVK   -0.07464533   -0.04566074    0.03654402   -0.04035183   -0.02371562    0.02429637   -0.04936129    0.01933694
IQAL   -0.02503898   -0.03155770   -0.02057325   -0.01414368   -0.00225516    0.01134641    0.00471238   -0.01148756
IQUI    0.15644387   -0.18521293    0.00023337    0.08083072   -0.14593837    0.03417922    0.00193815   -0.06873703
IRKJ    0.05831326    0.07924663    0.03770171    0.09256404    0.01769745    0.01708250   -0.05470239    0.00710071
IRKT    0.12903898   -0.15525232    0.13606668   -0.02123847    0.00597865    0.00961572    0.01158798   -0.07758593
ISBA   -0.29267446   -0.34482142    0.06209112    0.26653440    0.03423582   -0.08071652    0.00867144   -0.01615993
ISPA   -0.18623113    0.01316753    0.01184799   -0.07561341    0.00339979   -0.02031641   -0.03014568    0.00199165
JAB1   -0.43431826   -0.37287834    0.20738080   -0.14921497    0.16403397    0.08753306    0.10517684    0.01748877
JOG2    0.27618396    0.08184457   -0.06259811   -0.08092058   -0.13436406   -0.05684925    0.00794624    0.05959824
JOZ2    0.04547390   -0.20497196   -0.02221413   -0.02478017    0.01589383   -0.04685516   -0.02771648    0.01427820
JOZE   -0.17696943   -0.09747106   -0.03301740    0.01041037   -0.00268013    0.04537987   -0.02355470   -0.04528812
JPLM    0.05301759   -0.01892824    0.09424332    0.10764373   -0.00490158   -0.06298001    0.01816772   -0.05765338
JPLV    0.07492873    0.05932053   -0.00560878   -0.20190968    0.04636636   -0.01857818    0.06260007    0.03852374
KARR    0.56405769    0.01155971    0.06020616   -0.12659794   -0.12716118    0.02520646    0.03939789    0.03050354
KAT1   -0.20559048   -0.31737838    0.16316105    0.50175841   -0.06735360   -0.04800184    0.05142247   -0.01473609
KELY    0.05554063   -0.11231205    0.07212184   -0.05503629    0.02609516   -0.00422110    0.01315487   -0.01050469
KERG   -0.04908652   -0.04873508    0.01466369   -0.01064908    0.02265772    0.01051456   -0.00657200   -0.00957739
KGNI   -0.26511148    0.44692080   -0.04418321    0.04533331   -0.02581560    0.03219077   -0.00365845   -0.00783083
KHAJ    0.21574691    0.00838870    0.02064016   -0.01381432   -0.06685382   -0.04748481   -0.05906486   -0.06170429
KHAR   -0.05618528   -0.07875239   -0.02462056   -0.02976982    0.01908977    0.04075466    0.04741023   -0.00831845
KIR0   -0.08919346    0.06174066    0.05584945    0.00223713   -0.01261700    0.01212768    0.01165479    0.00263304
KIRI    0.14336501   -0.00390021    0.09260496   -0.22039732    0.05042574    0.00939853    0.03367775    0.00544835
KIRU   -0.17453379   -0.04179087   -0.02108283    0.07197046    0.01278901   -0.01400513   -0.01354915   -0.03213104
KIT3    0.40764910   -0.62000273   -0.05389200   -0.46985676   -0.19413706   -0.17215006   -0.05454233   -0.04984274
KOKB   -0.09277929   -0.03364106    0.08702263   -0.05215659   -0.08250463   -0.01931161    0.03614436    0.00792598
KOKV    0.07723765   -0.08911070   -0.10706199    0.04393706   -0.06444022    0.03259386   -0.00923812    0.00757064
KOSG    0.02062849    0.05023042   -0.02598998   -0.00366226   -0.00795910   -0.01292784    0.01972117   -0.00927246
KOU1    0.07735848    0.28320256    0.07095048   -0.17208683   -0.01593050    0.02459049    0.12730094   -0.09602193
KOUC    0.11564840   -0.22724927   -0.06634474    0.00285578   -0.01433471   -0.02906079   -0.02577676    0.10124665
KOUG    0.25856277    0.36528569   -0.21676183   -0.20212502    0.00728208    0.08050060    0.09416716    0.01057563
KOUR   -0.00134692    0.23262765    0.07469373   -0.22987954   -0.05627414   -0.00177022   -0.03618520    0.05654735
KRGG   -0.01082706    0.03284800    0.01122570    0.03791982   -0.00023437    0.01339698    0.02306560    0.00553215
KSMV   -0.14396470    0.31765371   -0.12531756    0.06978438   -0.04052395    0.07497121    0.01012550    0.00957355
KSTU    0.01835456   -0.21225438   -0.00443854    0.03177458   -0.03018310    0.01832463    0.02099162    0.03559038
KUNM   -0.04147571    0.42853415   -0.02475256    0.10520232   -0.04684402   -0.01128688   -0.02758303   -0.07670199
KWJ1   -0.29904337    0.08456580    0.22468753   -0.12777281    0.01825039    0.05054514   -0.04629960   -0.15872692
LAE1    0.71341668    0.60533590   -0.03084959    0.20919612   -0.05764332    0.08700155   -0.27645100    0.04387719
LAMA   -0.06967044   -0.10333869   -0.03413895    0.01067131   -0.03402890    0.02716052    0.03591242   -0.03196859
LAUT    0.47310326   -0.00417309    0.18358139   -0.03375712    0.04309908   -0.05827489   -0.12777100   -0.01657887
LHAS   -0.64455801   -0.35812221    0.22468759    0.09086501   -0.16117668    0.07014402    0.06443123   -0.02319142
LHAZ    0.07767639    0.67066119   -0.10029102    0.21534741   -0.13382488    0.13597042   -0.05433770    0.00667719
LMMF   -0.08040247   -0.11851194    0.07521697   -0.07662741   -0.03499092    0.03318419    0.01585892   -0.01109147
LPAL    0.16019060    0.02993863    0.09205872    0.06519484   -0.01382897   -0.00470254    0.00350932    0.00500158
LPGS    0.04485883    0.18331342    0.07074469    0.00083412   -0.03296600   -0.01854635   -0.02773464    0.02712265
M0SE    0.11142159    0.06843104   -0.10889939    0.00277693   -0.03083595    0.00295367    0.01298739    0.00730496
MAC1    0.07219235    0.03786356   -0.01193976    0.01688984   -0.01702025    0.00636051    0.00242395   -0.00328816
MAD2   -0.01160625    0.04965742   -0.04803385    0.01686913   -0.00682432    0.01561962   -0.01143919    0.00914057
MADR    0.09776741   -0.04749070   -0.08486224   -0.02991639   -0.18412178   -0.07130135   -0.05393898    0.05711677
MAG0   -0.02399358    0.01337488    0.00981643    0.05598284   -0.03725021   -0.02644911    0.01105767    0.03032142
MAJU    0.30665770   -0.00770750    0.07893420   -0.05011897   -0.00062052   -0.04667910   -0.02276977    0.00895657
MAL2   -0.22271401   -0.25869121   -0.16967221   -0.23824476   -0.18633852    0.04156534    0.13928415    0.16174822
MALD    0.22615476   -0.04906960   -0.22878380   -0.27238706   -0.22530391    0.00017149   -0.00931892   -0.03285829
MALI    0.24591760    0.33272828    0.04722300   -0.22020768    0.03471430    0.16065708   -0.09634823    0.12549563
MANA    0.13630031    0.69093369    0.34622427   -0.04682450    0.17737454    0.04789276   -0.00923212    0.00389979
MAS1   -0.64253676    0.45194713   -0.08729452   -0.03629456   -0.02324274    0.00781039   -0.02634147   -0.00639887
MAT1    0.01537074    0.00300191   -0.07688554    0.00277028   -0.01822057   -0.01165174   -0.02260340    0.01395498
MATE   -0.00043330    0.00441801    0.00148014    0.07250268    0.00088066   -0.01157828    0.02033800   -0.01725038
MAUI   -0.13294567   -0.02412827    0.01884644   -0.00220869    0.03347143    0.01734233    0.05745783    0.00202864
MAW1   -0.01510733   -0.00019478   -0.01314377   -0.01868622   -0.01251923   -0.00648557   -0.00773036    0.00169485
MBAR   -0.14112736   -0.17258252   -0.11210438    0.14041571    0.04673710    0.02963730   -0.08552312   -0.03625426
MCIL   -0.16049478    0.11453851    0.05119701    0.02353479    0.09599058   -0.01808005    0.00688054    0.02434641
MCM4   -0.09283750    0.02252889   -0.01828289   -0.01621925   -0.00796461    0.00822091   -0.00576930   -0.00036808
MDO1    0.11893305   -0.06425705   -0.04188476    0.04808544   -0.04265843   -0.01320079    0.00893140    0.00573262
MDVJ   -0.06743894    0.03800846   -0.00115431    0.01670354   -0.01219113   -0.02564169    0.01199145    0.01081209
MDVO   -0.11842715    0.28275765    0.03415763   -0.30170976   -0.06352462   -0.08036398    0.00884123    0.06797298
MEDI   -0.19028851    0.03728106    0.07895760   -0.08935654   -0.00454857    0.02434114   -0.02474648    0.01558551
METS   -0.14893950   -0.08742175   -0.00887408    0.05866674   -0.02018062    0.00539142   -0.00198009   -0.01624280
METZ   -0.09044415   -0.13617745   -0.05079755   -0.02085033    0.02067095   -0.00090618    0.02416016    0.01893196
MGUE   -0.10782024   -0.19323710   -0.11552091   -0.05276942    0.03748137    0.00618527    0.04917095    0.00946598
MIZU    0.12454079   -0.01669009   -0.06035381    0.09646014   -0.00294907    0.02762339   -0.01945432   -0.03095396
MKEA    0.02162928   -0.09487689    0.01623975   -0.02365585    0.01191695   -0.00647412    0.00474064    0.00175559
MNLS    0.02104940   -0.02146998    0.03086885    0.00084078    0.01865879    0.01673639    0.00846475   -0.00887608
MOBJ    0.13855406   -0.05363021   -0.01989066   -0.04660262   -0.01242248   -0.02235724   -0.00660037    0.00124434
MOBK    0.16445886   -0.08253227   -0.02064304   -0.05307484   -0.02235574    0.01151470   -0.01812790   -0.01008884
MOBS    0.02308992    0.16021011    0.03962122   -0.00481258   -0.00525085    0.01417318    0.00425738   -0.01030078
MONP   -0.02503926    0.00433504   -0.01008636   -0.01045160    0.00876982   -0.02343601   -0.00959644   -0.00667527
MORP    0.13964790    0.07943090   -0.04903172    0.02114796    0.01138100   -0.02619216    0.02468755    0.00217831
MQZG    0.04534621   -0.00171399   -0.02247958    0.00313769   -0.02157975   -0.00332528   -0.02003583    0.02480525
MRO1   -0.24789554   -0.01643326   -0.00102030   -0.08602302    0.05425491   -0.05092518    0.00760188   -0.03091932
MSKU    0.14032998    0.18115776   -0.40441626    0.08976959   -0.22778809    0.04176855    0.21991793   -0.08059048
MTKA   -0.02764481    0.55466092    0.14551695    0.18253068    0.07297365   -0.01326269   -0.00942184    0.00195383
NAIN   -0.14260630    0.02175636    0.04714759    0.04134025   -0.00222683   -0.00883494   -0.00151353   -0.00138631
NANO    0.02641713    0.22126151   -0.06671344   -0.03040691   -0.00643563   -0.04250328    0.01052777   -0.01968507
NAUR    0.04839312   -0.22234412    0.01250573    0.08423331   -0.04854668    0.00913699    0.04854564   -0.01863476
NICO   -0.18354085   -0.22028968    0.05418871   -0.07721125   -0.00019784    0.00065901    0.01293257    0.01326579
NIST   -0.16159859   -0.14304679    0.05038001    0.03165121   -0.01622455    0.01053980    0.01603823   -0.07369443
NIUM    0.18849967   -0.03807178    0.03407634   -0.01618567    0.09286956   -0.04607045    0.06888167   -0.01793042
NKLG    0.12490511    0.22181540   -0.35177249   -0.23591034    0.20979259   -0.08996499    0.17318672   -0.02169904
NLIB    0.12678028    0.14989949   -0.00785947   -0.07666442    0.00699741   -0.03585999    0.03546427    0.05615592
NNOR   -0.04772071   -0.01221730    0.06148046    0.02808086    0.02248888   -0.02050915   -0.00120458    0.03845489
NOT1    0.06418911   -0.19343001    0.04231330   -0.14485865    0.01207170   -0.07198290   -0.03600664    0.05433256
NOTO   -0.07598155    0.04789486   -0.06274589   -0.18960509   -0.07910917   -0.07928069   -0.11872618    0.05614469
NOUM    0.11659123    0.29861768   -0.01049387    0.12362922   -0.11305883    0.05936256    0.04722010   -0.00983504
NOVM   -0.00766086   -0.12880854   -0.02942295   -0.06126427   -0.01411419    0.05682516   -0.03297185   -0.00107615
NRC1    0.13779178    0.12124806   -0.09802529   -0.01643297   -0.04854837    0.00370150   -0.00837577    0.00837900
NRIL    0.04543475   -0.07702387   -0.02376044   -0.04435299   -0.00292929   -0.00333328    0.02454084    0.01726758
NRMD   -0.04501141   -0.40259533    0.02955939    0.01302718   -0.07756975    0.03638437    0.04134434    0.02042504
NSSP    0.03435704    0.07936634   -0.12982028    0.12800756   -0.01930242   -0.23075611   -0.02464349    0.10587981
NTUS   -0.11940237    0.17555581   -0.06953843   -0.00434925    0.03043615   -0.05875264   -0.00566829   -0.00397911
NURK    0.32286871    0.37809759   -0.43370708   -0.28339089    0.17361919    0.06221636   -0.12201836   -0.09047112
NVSK    0.32869098    0.02624885   -0.13003770    0.03844746   -0.04047537    0.05365423    0.17683124   -0.01357767
NYA1    0.04379361    0.03683437   -0.00721855    0.03675023   -0.02501609    0.00821031    0.01091360    0.00225333
NYAL   -0.06710826    0.06024544   -0.02870247   -0.03698515    0.02965088   -0.00708775   -0.00529016   -0.01458113
OHI2    0.06555492   -0.04816871   -0.01028795   -0.07411302   -0.00911680   -0.00177667   -0.02505405    0.00707877
OHI3    0.04976306   -0.04602487    0.01553032   -0.06866941   -0.00654269    0.00292470   -0.01406485   -0.01782544
OHIG    0.01339213    0.05311965   -0.04642449   -0.08109729   -0.02218482    0.03732372    0.02744674   -0.00718785
ONSA   -0.09629843   -0.02656287   -0.00899977    0.03667290   -0.03902930    0.06979774   -0.00521185   -0.04764777
OPMT   -0.14572841   -0.15859510   -0.03142153    0.07374404    0.03157902    0.07090073    0.01864016   -0.04887424
OS0G    0.07923080    0.03021092    0.00457654   -0.04783082    0.00096534    0.01288198   -0.02317292   -0.07301014
OSN1   -0.06310798    0.27830410    0.04800619    0.01272672    0.04061686   -0.05275072   -0.00598863   -0.05475482
OUS2    0.00324372   -0.03503099   -0.04780718   -0.00536359   -0.00036532   -0.01271242    0.01399778    0.00685723
PADO    0.04037260   -0.00975796   -0.04179787    0.06956963   -0.07403333   -0.04990214    0.12016159    0.08789473
PALM   -0.05933179   -0.03000754    0.01488842   -0.02410209    0.00271231    0.01480671    0.00089319    0.00713166
PALV   -0.05042778   -0.03290818    0.03871949   -0.01832075   -0.01345120    0.03560268   -0.02483821   -0.02214013
PARC    0.03337014   -0.07866873   -0.01597534    0.02960481   -0.00742448   -0.01957200   -0.01275317    0.01285469
PARK    0.09064028    0.03646368   -0.06148510   -0.01906497   -0.00940149    0.00837770    0.02652863   -0.02044529
PBRI   -0.17772222    0.04039481   -0.06721007    0.12357177   -0.21803737    0.08061917    0.00830720    0.03389878
PDEL    0.08699582   -0.03129052   -0.04094547    0.06865616    0.00650802   -0.03155625   -0.00179719    0.00018427
PENC    0.00575181    0.25863020   -0.09211879    0.00899359   -0.02792325    0.04719684   -0.02832796   -0.00208860
PERT   -0.10301585   -0.06718245    0.01575901    0.01940153   -0.04041124    0.03450743   -0.00863259    0.01119729
PETP    0.05959791    0.00950025   -0.00140649   -0.07884018    0.00474433   -0.08765782   -0.00390639   -0.02521668
PFA2    0.05341072   -0.07170305   -0.29075377   -0.00038191   -0.03034588   -0.02158969   -0.00653898    0.02089967
PIE1    0.16943955    0.01531194   -0.05928268   -0.00146820   -0.02293111   -0.01227676    0.01297474    0.00699152
PIMO    0.24568692   -0.16907873    0.16757517    0.07637666    0.15918822    0.00593058    0.02407487    0.05439744
POHN   -0.12048028    0.14042734    0.16070954   -0.09373174    0.02821967    0.05036626    0.01465185    0.00704621
POL2    0.00173070    0.83381012   -0.47262389    0.03486563    0.07583921   -0.04608950    0.05072276    0.08483488
POLV   -0.00627443    0.02095517    0.01193161   -0.00346153    0.00432942    0.00339666    0.00648017   -0.03900894
POTS    0.05637769   -0.15558866    0.02912745   -0.03437981   -0.00082964   -0.04631564   -0.01408743    0.00245157
POVE   -0.16988132    0.06981865   -0.26676483    0.07377999   -0.10771611   -0.09706733    0.00100947   -0.02423762
PRDS   -0.07921839   -0.01434507    0.12565841    0.00494807   -0.07355497    0.09031381   -0.05949757   -0.02853393
PRE1   -0.11798089   -0.13629974   -0.05953724    0.11318482   -0.04208899    0.03775895   -0.01950119    0.03806956
PTAG    0.10726919    0.02394591   -0.05321228    0.09336266   -0.12204641   -0.03682856    0.06638268   -0.01509768
PTBB   -0.09081399   -0.07843692   -0.02915974    0.05493847   -0.00133878   -0.01491429    0.03734568    0.00087878
PTVL    0.23786535    0.19805785    0.02574550    0.08191170   -0.04134199    0.03356079   -0.07667058   -0.00859433
PVEP   -0.15204616   -0.30840715    0.12387284    0.02836929   -0.13066564   -0.15462327    0.10533124    0.14893010
QAQ1   -0.01980044   -0.22459673   -0.12143054    0.02953924    0.04686160    0.05373523   -0.00518606   -0.00423492
QUI2    0.12805516    0.12851542   -0.03340364    0.14564629    0.00746605    0.08759426   -0.02875344    0.03544461
QUIN    0.23224490    0.02794671   -0.22929934    0.00147452    0.08417785    0.01702727   -0.06044664    0.00941937
RABT    0.07389677    0.28998638   -0.09464714    0.05960365    0.03193703    0.01069789   -0.05036635    0.01633873
RAMO    0.06560995    0.07706974    0.03282283   -0.02241736    0.01716852   -0.00339995   -0.00709518    0.00469660
RBAY    0.24296028   -0.18635554    0.01818231    0.02843423    0.02973544    0.02637079   -0.02071635    0.02187950
RCMN    0.01476451    0.07916722   -0.10674453   -0.04821446    0.02736663    0.01097791    0.12368236   -0.04494858
RECF    0.01764571   -0.15749812    0.12133156    0.00968193   -0.03816593   -0.06391598   -0.00626690    0.04400403
RESO   -0.12848553    0.05505178   -0.00147325   -0.04410327   -0.03205110    0.00414877   -0.02988691    0.00220084
REUN   -0.00097126   -0.29718651    0.08322071    0.03392419   -0.06783907   -0.07648850   -0.00370629   -0.05147322
REYK   -0.10618361   -0.01606440   -0.00212552    0.01566273    0.01082575    0.00141430   -0.00184775    0.01335090
REYZ    0.01093714   -0.02556439    0.03859608    0.06523394    0.02204970    0.00231338    0.00781964   -0.03029682
RGDG    0.03004960   -0.03494413   -0.00614415    0.00416410    0.01157070    0.00458346    0.03299827   -0.02433130
RIGA   -0.11177606    0.12667348    0.02556049   -0.01766356    0.04007517   -0.02122790    0.01686038    0.02964469
RIO2   -0.01110648   -0.00458465    0.01218265    0.02467225   -0.00720310   -0.01443747   -0.01663860    0.03084395
RIOG   -0.04171009   -0.06007947    0.01946006   -0.02510197   -0.02984600    0.00347593   -0.07234888   -0.05624773
RIOP   -0.37942726   -0.24658681    0.17165694   -0.03069780    0.08018704    0.18169411   -0.08691383   -0.04438503
ROSA    0.22931895   -0.12764950   -0.12385066   -0.03396913   -0.00934041    0.05986346    0.02884316    0.16215428
ROTH    0.12117117    0.01212030   -0.09214246   -0.06569108    0.04525819    0.00207186    0.01706596   -0.00823470
SALU   -0.21780264   -0.19685359   -0.19036629   -0.16109553    0.02891271   -0.02101169    0.06038466    0.07268711
SAMO    0.01944830    0.01865524   -0.02281733   -0.01220528    0.01818278   -0.01092405   -0.07064228   -0.10877801
SANT   -0.47917576    0.26155968   -0.34271144    0.10882922   -0.05178759   -0.08526583    0.08143820   -0.00416333
SAVO   -0.03202913    0.14582642   -0.00782668   -0.03443523   -0.01043212   -0.01542349    0.02230068    0.01586019
SCH2    0.12292100   -0.18688009    0.02042848    0.05020599   -0.00304275    0.00931476   -0.00615695    0.01557890
SCOR    0.04431700   -0.00105734    0.02941871    0.02373055    0.02554501   -0.00299414    0.02296484   -0.00482985
SCRZ    0.20785298   -0.39014676    0.10625441    0.22232743   -0.00606397    0.06328281   -0.23163080    0.05758429
SCTB    0.04133764    0.04953514   -0.00024496   -0.00008737    0.00527219   -0.00116664    0.01321367    0.00189774
SCUB   -0.12412374   -0.31345384    0.00787079   -0.13012970   -0.00488908   -0.00982159    0.01762140   -0.01179193
SELE   -0.39683909    0.41580768   -0.26092426   -0.27060431    0.16258963   -0.00888129   -0.00290830    0.06621156
SEY1    0.07302204    0.16322009   -0.05570782   -0.12976860    0.02921122   -0.15615876    0.06527562    0.07220449
SEYG    0.45770341   -0.17922240    0.03438799   -0.06616830    0.01893546   -0.10275132   -0.12433884    0.01157330
SFER    0.01678578    0.06342714   -0.09053280   -0.00542061    0.03564379   -0.01336258   -0.00295263    0.02936050
SHAO    0.18518514    0.13646248   -0.01786839   -0.01728152   -0.04267467   -0.03418825   -0.01559720    0.00341707
SIMO    0.10196871    0.00067950    0.03279301   -0.06507548   -0.01747747    0.05288350    0.08424555   -0.22295950
SIO3    0.00999086   -0.06865340    0.13982026    0.20476131   -0.07239137   -0.14501182   -0.02072032    0.02204515
SMST    0.41220175   -0.06813251    0.00827160   -0.14084029   -0.05901154    0.01909119    0.04564072   -0.00820159
SOFI   -0.20069101   -0.11551485   -0.00514336   -0.02234258    0.00360986    0.03874768   -0.01317605    0.03894379
SOL1   -0.01965921    0.01816361   -0.02987206    0.01930246   -0.00777663   -0.06807856    0.02856453   -0.05091848
SOLA   -0.37960980    0.28692744    0.09283072   -0.22616193    0.13483634    0.03272699   -0.00330825    0.14002640
SPT0   -0.17426784   -0.03664017    0.01050582    0.01186929   -0.05141882    0.04855052    0.00636178   -0.04822643
SSIA    0.15693256   -0.27564986   -0.01006231    0.06662418    0.05523159   -0.06305833   -0.05794738    0.00832602
STHL    0.41778799    0.15971907    0.00022661    0.07238318    0.00891482   -0.03982779   -0.02099018    0.01331468
STJO   -0.10356909   -0.03842613    0.00849276   -0.01316608   -0.01334526    0.00593499   -0.01252449   -0.00090878
STK2    0.21490212    0.22439473   -0.05301313   -0.11707597    0.00041443   -0.02580723    0.00636912    0.05940337
STR1    0.06913388    0.15169190   -0.00840131   -0.01829789   -0.00624756   -0.02580846   -0.00513339    0.00474761
STR2   -0.14402022    0.01766802   -0.00302998    0.02642144    0.01432488   -0.02396516   -0.02302676   -0.00140054
SUNM   -0.13000407   -0.16860186   -0.09604051   -0.11808604   -0.10743448    0.01878793   -0.10914116   -0.05556595
SUTH   -0.07634718   -0.06888915    0.01591699   -0.02530079    0.00128259    0.00056193    0.00039625    0.00573842
SUTM   -0.01117883   -0.12824124    0.02564671    0.01637059   -0.00400405    0.01543839    0.00406331   -0.01794616
SUTV    0.08128360   -0.03979981    0.00804325    0.02134355    0.00032880    0.00849768    0.00428935   -0.02988084
SUWN    0.22127286    0.16619624   -0.01872362   -0.03173046    0.03296118    0.02458566    0.00706362   -0.01776207
SVTL   -0.11266129   -0.20170105   -0.07489583    0.06124967   -0.03215370    0.00385613    0.04299081   -0.02485653
SYDN    0.02448252    0.21187224   -0.00077152   -0.00650505   -0.01363868   -0.01360480   -0.00705724   -0.02221503
SYOG    0.00018691   -0.02861091    0.03812294   -0.00950281   -0.02548144    0.03568221    0.01467106   -0.01136667
TABL    0.03502588   -0.03314651   -0.00033641   -0.02897222   -0.00999429    0.02170296   -0.01592977    0.00095090
TABV    0.08463199   -0.02762859   -0.00993448   -0.00744048    0.03353904    0.00470552    0.03630560   -0.00216316
TAH1   -0.14063096    0.04837717   -0.06600242   -0.13869195    0.07128951    0.00939415   -0.01972243    0.00897956
TASH   -0.28479530    0.26019489    0.17260100    0.05739258   -0.08883865    0.02738169    0.02476394   -0.01416567
TCMS    0.45316079    0.33290082   -0.01162832   -0.34902634   -0.15873759   -0.47978605   -0.06788389    0.18115170
TEHN    0.09355973    0.38201646   -0.24698141    0.24066547    0.40136783    0.31397846    0.02492295   -0.07715934
THTG    0.23406145    0.13188271   -0.09903734   -0.11378380   -0.12641242    0.02007794   -0.10417340   -0.06022457
THTI    0.04380833    0.23041712    0.08345962    0.09605836    0.00742219    0.04817328   -0.05161601    0.04378986
THU1    0.10692289   -0.09368934    0.00670010    0.04272095   -0.01233199   -0.01852960   -0.03083689   -0.04894148
THU2   -0.03915952    0.03369776   -0.01686640    0.04026354    0.05637148    0.03486867   -0.00360234   -0.02542224
THU3   -0.07445709   -0.04495621    0.00473781   -0.05619402   -0.01556972   -0.05374160   -0.02090819   -0.00683328
TID1   -0.13417804   -0.08900478   -0.00733684    0.00156985   -0.00309894    0.01666304    0.01573797    0.00696657
TIDB    0.07990510    0.11053453    0.00150337   -0.01252441    0.00843779   -0.01446482    0.01230251    0.01222681
TITZ    0.10240293   -0.01853571   -0.03486973   -0.07859669    0.01399455   -0.04505764   -0.01404990   -0.00661000
TIXG    0.00326256   -0.01046796   -0.01118754    0.01416058   -0.02646063   -0.00276609    0.00629969    0.03706938
TIXI    0.04139898   -0.03773598   -0.03213238   -0.00624795   -0.01295515    0.02956650   -0.00635852   -0.00437662
TIXJ   -0.08183685   -0.00305953   -0.01898638   -0.03155070    0.01142293   -0.01060178   -0.01859333    0.00898345
TLSE   -0.19985504   -0.07629754    0.08607198    0.04461447   -0.05768023   -0.02733637    0.03310543    0.03961593
TN22   -0.21189771    0.08560845   -0.02850017    0.01869003   -0.02042998   -0.06244751    0.00386587    0.06179161
TNML   -0.24406507    0.42427932    0.23088184    0.18489034   -0.13519929    0.41333511    0.11667754    0.17386236
TONG    0.11280489   -0.05838456    0.05947740   -0.03301592    0.09457685   -0.12149500   -0.05744419    0.14493054
TOUL   -0.03537438    0.09864910    0.16751294    0.02821671   -0.01517030   -0.02369314    0.01752746    0.07032251
TOW2    0.07219070   -0.05379869   -0.03579760    0.18813717    0.07714517   -0.00333738    0.06748874   -0.02359498
TRAB   -0.37161176   -0.60716088   -0.33626715   -0.18311185    0.09611804    0.09186501   -0.11324679   -0.24591766
TRO1   -0.15054575    0.24463801   -0.01968266   -0.02187289   -0.02526970   -0.03117120    0.01865840   -0.00336235
TROM   -0.21953893    0.00302724   -0.00205665   -0.00568306    0.01520042    0.00951077    0.02276879   -0.03202061
TSEA    0.22943778   -0.02663248   -0.01016277   -0.04459872    0.02925921   -0.00678732    0.05999482    0.04115021
TSKB    0.33270578    0.10931873    0.04019757   -0.11081742   -0.06408686    0.03882112    0.02464180   -0.00310324
TUVA    0.36403292   -0.10838745    0.00477646   -0.04245957   -0.00474752   -0.05058267    0.04982990    0.04086665
TWTF    0.33845625    0.16739596   -0.25580166    0.11117454    0.10832370    0.16058935   -0.04520823   -0.09071803
TXES   -0.17399509   -0.22908876   -0.08614559    0.06510888    0.07454133   -0.07180673   -0.08302028    0.03707009
UFPR    0.19826690    0.02301245    0.02530828   -0.01830011    0.03706537    0.00723103   -0.04902848   -0.02618221
ULAB    0.06320945   -0.01208397   -0.06313632    0.03167239    0.02663174    0.02877089   -0.01380011   -0.01060730
UNB3   -0.20141847   -0.05391575   -0.03116217    0.01878018    0.00077969    0.01927423    0.01603737   -0.00361476
UNBJ    0.11719521   -0.09432007    0.02598949    0.04340939   -0.01428882    0.00227990   -0.01606230    0.00911802
UNBN   -0.22286478   -0.08299518   -0.01793207   -0.01547735   -0.06013704    0.02942496    0.05363572    0.01270516
UNSA   -1.56311957   -0.16744761   -0.18035935   -0.32957219    0.18702197    0.20929321   -0.02924697    0.00877675
UNTR    0.17805051   -0.14388081    0.12045375    0.07547045    0.03013108    0.03447834   -0.00970447   -0.00549178
URUM    0.13261571   -0.04043526    0.06632419   -0.29738815   -0.02582570   -0.08382095    0.01960699    0.02503563
URUS    0.15297674    0.13144253   -0.02209182    0.08246218   -0.17240253    0.01089245   -0.03275891    0.03137107
USN3    0.08431431    0.04360967   -0.01871981    0.02320798    0.07795011    0.01482235    0.03907312   -0.04433248
USNA   -0.01356889    0.00111286    0.04108321   -0.01110800   -0.00563871   -0.04854679    0.02625754   -0.06090249
USNO    0.02501246   -0.06080994   -0.00053662   -0.01694597   -0.04051531   -0.08679349   -0.00134487   -0.06919498
USUD    0.43898717    0.12050864   -0.09702933   -0.08267644   -0.05273794    0.02466047   -0.00993056    0.03793063
VACO   -0.25065456    0.10445750    0.04790257   -0.02334050    0.03353492   -0.00983942   -0.01833597   -0.00438837
VALD   -0.07078654    0.08635967    0.06224919    0.06968519   -0.00962244    0.00553851    0.00691238    0.01395359
VENE    0.13218855    0.21427688    0.18935782   -0.04311336    0.07839540   -0.10199091   -0.02655448   -0.02318512
VESL   -0.19164164    0.02727944   -0.04230632   -0.01676420    0.00553711    0.00880584   -0.01836846   -0.01091888
VIL0   -0.06555775   -0.11691294   -0.06086147   -0.02975691   -0.00629224    0.00492981   -0.00504581   -0.00847046
VILL   -0.02987381    0.06371707   -0.03824105    0.03284190    0.03538002   -0.00964921    0.01524290    0.00674771
VIS0   -0.06828373    0.09420292    0.06631434   -0.00853499    0.01345628   -0.03894482    0.02141098    0.02297639
VNDP    0.17811091   -0.09845023   -0.14494400    0.07779281    0.03308461    0.00501702    0.00342335   -0.02678652
VOIM    0.19017508   -0.04044051    0.25259839    0.05618014   -0.11295703   -0.02425245   -0.06134199   -0.07151652
VTSP   -0.03826305   -0.00504895   -0.00931792   -0.10206132    0.03092435   -0.00298911   -0.02019140   -0.03470145
WARK    0.07554989   -0.05779537   -0.00870782    0.02192849   -0.00625415   -0.00878150   -0.01381932    0.00591612
WDC1    0.07773426    0.02237793   -0.00672332    0.02832197    0.03680616   -0.01080598    0.01614154    0.03167903
WDC3    0.13483619   -0.05713574    0.09095526    0.08706068    0.04097534   -0.06322644   -0.06049696   -0.03391519
WEL1   -0.00974376    0.09242108    0.00430579   -0.07006551   -0.01923111    0.02854128   -0.00538923    0.01782444
WES2    0.11927440    0.11414358   -0.12072498   -0.04025375    0.02521664   -0.05900346   -0.00530395    0.04933292
WGTN   -0.02341638    0.04664768   -0.02706847   -0.03918915   -0.00420074   -0.00111721    0.01187771   -0.00242007
WHIT    0.00490698   -0.01783842   -0.02264925   -0.01529253    0.00480781   -0.03018217    0.02267734    0.00709372
WILL   -0.02285541   -0.03787351   -0.02429885    0.03834024    0.00596699   -0.01438823    0.00484744    0.00149705
WIND    0.02659836    0.20746617    0.01542904    0.08544503   -0.05454464   -0.00223468    0.04167466   -0.04266303
WROC   -0.14838709   -0.09871104   -0.04130776    0.01697839    0.00110150    0.06610645    0.00522017   -0.03104149
WSRT    0.09321420    0.06620320    0.00139757    0.01699014    0.00627198   -0.01324423    0.01416162    0.00026365
WTZA   -0.03108062   -0.12481658   -0.01738902   -0.06431898   -0.03355144   -0.01390675    0.00252185   -0.00753407
WTZL    0.17111058    0.19116515   -0.02356302    0.00210920    0.00906411    0.00423172   -0.02310142    0.00350234
WTZR    0.13828198   -0.06852165    0.05148946    0.04982860   -0.00906252    0.01686845   -0.00404944   -0.00714896
WTZZ   -0.18118443   -0.01032059   -0.00445949    0.06050492    0.01558916   -0.00623007    0.01579561   -0.01693667
WUHN    0.18087806    0.08099569   -0.04879960   -0.07915338    0.01570452   -0.01462781   -0.01441834   -0.01507635
XIAN   -0.40376816   -0.63735983   -0.16739786   -0.18121377   -0.14751281   -0.05697117    0.03181309    0.11501952
XMIS   -0.32583344   -0.17464364    0.07501623   -0.08373730    0.01838080   -0.02277058   -0.00059032   -0.01372467
YAKT   -0.23330851    0.29785563    0.07243823    0.08208300   -0.09919738    0.00376477   -0.11039768   -0.01612945
YAKZ   -0.08149498    0.07786563   -0.13822597    0.18081681    0.00508406    0.06852432    0.00362626    0.00287677
YAR1    0.04641180   -0.00620347    0.15337604    0.04756425    0.03925264    0.00136221   -0.01685165   -0.00830522
YAR2   -0.04162920    0.02973736   -0.09560160    0.01029683   -0.02143252    0.01541729    0.02127362    0.02210218
YAR3    0.03252474    0.03264089    0.10785488    0.03248492   -0.02157506   -0.02497522    0.00326853    0.04135447
YARR    0.04021125   -0.08340659   -0.07886232    0.06302133   -0.01695881   -0.02537856    0.03501896   -0.02303507
YCBA    0.01142070    0.23518840   -0.16317220    0.13115893    0.04208667   -0.03278330   -0.03825549   -0.04206306
YEBE   -0.09189794    0.11019936    0.03269260    0.01423815   -0.00637176   -0.00734637   -0.01731982   -0.01491934
YELL   -0.10699963    0.01540021   -0.02441057    0.07864724    0.05564452   -0.01079564    0.00516075    0.05073244
YIBL    0.95410429    0.33212601    0.33726113    0.03107458    0.06808796   -0.05955449    0.07857387   -0.05377109
YKRO   -0.24616115   -0.33587635   -0.17539306    0.16111225    0.20109800    0.22357148    0.01621798    0.07733618
YSSK    0.05377139   -0.06859910   -0.02610274    0.00378958   -0.03512359    0.03925726   -0.00959990    0.00045692
ZAMB   -0.20951017    0.00106327   -0.07237341    0.00342845    0.02315647    0.02400385   -0.02475136   -0.02352893
ZECK    0.14857200    0.18548747   -0.03091158    0.06316115   -0.01219827   -0.00522252    0.00071598    0.01475632
ZIM2    0.04572620   -0.07373075   -0.03486748   -0.07870205    0.00447790   -0.01062708   -0.01513474   -0.02090814
ZIM3   -0.05788523   -0.05029393   -0.03529104    0.06606141    0.00652183    0.04665376    0.00687336   -0.07247422
ZIMJ    0.03924969   -0.09201939    0.07132801    0.03677839   -0.01159788    0.04432513   -0.00135078    0.02071294
ZIMM    0.05896208   -0.05407897   -0.06160359    0.06096791   -0.02642405    0.03913334    0.02840247   -0.00022817
ZWE2   -0.00626159   -0.18231040   -0.04232875   -0.01300750    0.04188486   -0.00799776   -0.00041127   -0.02024381
ZWEN   -0.27857932    0.44347247    0.08535384   -0.06203112   -0.04359009    0.06912089    0.05313762   -0.05203534
