name cos1 sin1 cos2 sin2 cos3 sin3 cos4 sin4
ABMF   -0.21510929   -0.23508910   -0.04688074   -0.13634399   -0.09154334    0.13196591   -0.02225415    0.06744251
ABPO   -0.05652793   -0.14693755    0.02762475    0.17359652   -0.03539802   -0.01723997   -0.00031405    0.01719805
ADE1   -0.02525369   -0.03855505    0.00973047    0.03383603   -0.01625286    0.00711757   -0.01905351   -0.03762020
ADIS    0.00330573    0.28534051   -0.05843909   -0.14088509   -0.20613006   -0.07365903    0.14833649    0.00356958
AIRA    0.41781956   -0.08311115   -0.03583140   -0.04041242   -0.03311264   -0.04066973   -0.02416072   -0.01591014
ALBH   -0.15756244   -0.06998452    0.07381925    0.04200493   -0.03975492   -0.04511277    0.02801360    0.02632325
ALGO   -0.18509811   -0.03314304   -0.13035636    0.01664699   -0.00677241   -0.02200557    0.02989644   -0.00547887
ALIC   -0.13905499    0.00130249   -0.06263587   -0.00075586   -0.02616382   -0.02472888    0.01231531    0.02510392
ALRT   -0.04916300    0.06678543    0.01637368    0.05931065    0.03799977    0.00338383   -0.01901422   -0.02645010
AMC2    0.05869345    0.46951686    0.16305794    0.00410891    0.05034431   -0.01019105    0.00375074   -0.04007511
ANKR   -0.43274130   -0.16995127   -0.11693849   -0.10674632    0.00142899    0.05458091   -0.00003342   -0.00226318
ANTC   -0.02639319   -0.14447058   -0.09677301    0.10204274   -0.02524124   -0.09233920   -0.02001688    0.04369433
AOML    0.05554543    0.64465669    0.11726884    0.04777301    0.01032730   -0.06972230    0.00186383   -0.19823668
AREG    0.78136206   -0.26207809   -0.35218456   -0.27673778   -0.28533210   -0.22321437   -0.08649355   -0.08975726
AREQ    0.11239854   -0.32778379    0.42282990    0.23307855    0.29879486    0.02695144    0.11128308    0.03846609
AREV    0.13238533    0.14752507    0.60591134   -0.01671406   -0.05635366    0.20691929    0.08295668   -0.04435138
ARTU    0.03134939   -0.04023730    0.00727201    0.07791728   -0.00858562    0.00174338    0.03457498    0.07642807
ASC1   -0.32822208   -0.32657654    0.05756899   -0.13276109   -0.00739128   -0.05763890   -0.08436037    0.04031270
ASCG    0.29863510   -0.46921942   -0.02293784    0.17899371   -0.03167894   -0.02957480   -0.02480783   -0.04489414
ASPA   -0.22826833    0.07788517   -0.00152923   -0.07323678   -0.04070582    0.01651684   -0.00555767    0.00153449
AUCK    0.08558448   -0.01210187    0.00180411    0.00435651   -0.00176695    0.01859886   -0.00527972   -0.00705453
AZGB   -0.01020564   -0.01127752   -0.06373314    0.02918950   -0.04549160    0.01294471   -0.00008161    0.02062023
BADG    0.06338500    0.39854021    0.04606113   -0.06297353    0.02900749   -0.03002372    0.00930139   -0.04185167
BAKE   -0.03083817    0.13808660    0.00498426   -0.03687256    0.00516136   -0.00757019    0.01016746   -0.02575561
BAKO   -0.02315924    0.31242585    0.01094027    0.06447659    0.04939552   -0.10109663   -0.12273861   -0.02966773
BAN2   -0.03920926    0.25492645    0.22798148   -0.43821459   -0.05451729    0.08742998   -0.10249454    0.03161263
BARH    0.01415112   -0.07055676    0.05883778    0.00035034    0.00420554   -0.00221823    0.00910740    0.01304181
BDOS    0.25559490    0.08696998   -0.07385255   -0.08452740   -0.08364803   -0.01267510   -0.00269402    0.05610944
BHR1    0.24405982    0.95314736   -0.10516579    0.10246109   -0.18385873    0.36351352   -0.29302101    0.18136170
BILI   -0.07773252   -0.09503531   -0.04326040   -0.02291253   -0.03451497   -0.02733795   -0.03877909   -0.02323958
BISK   -0.10655773   -0.19257991   -0.00222955    0.00777096    0.01302262    0.02220060   -0.00597138   -0.00492823
BJCO    0.28926300   -0.01836114   -0.24895727   -0.28673788    0.24210427    0.23381381   -0.11595412    0.06158136
BJFS    0.13420473    0.16347422    0.08621064   -0.02948337    0.20291672    0.06974613    0.00207372   -0.10404548
BJNM    0.20988143   -0.20409366   -0.21958386    0.12579458   -0.15802661   -0.02720738    0.16201054    0.05458196
BNDY   -0.11374453   -0.11641292    0.03658682    0.03152253   -0.01663809    0.03242288   -0.04760707   -0.02336978
BOAV    0.14168656    0.13392553    0.12264526   -0.25220516   -0.02672778    0.10684098    0.04266064    0.00360584
BOGO   -0.20348204   -0.12158893    0.01368218    0.05207420   -0.01707096    0.04708934    0.02188675   -0.01849918
BOGT   -0.13544718    0.16008656    0.03089007   -0.00276942    0.05656632   -0.00949864    0.01039254   -0.04912456
BOR1    0.11579074   -0.08004987    0.02936764   -0.02087094    0.04997252    0.01611075    0.03808784   -0.03545578
BRAZ   -0.21830484   -0.06287030   -0.09799656    0.04240468   -0.06837553   -0.00156027   -0.03847466    0.02832974
BREW    0.28885447    0.00004464   -0.08286224   -0.33606961    0.03556814    0.01642698   -0.00156176   -0.04067242
BRFT   -0.64380882   -0.13637521    0.04624174    0.10172314   -0.01302970    0.10113252    0.01875792    0.03251206
BRMU    0.09354204    0.13085138    0.01267687   -0.07322264    0.00240001    0.03187676   -0.00961570   -0.01326358
BRST   -0.12006279   -0.01222650    0.01899939    0.04577331    0.02565568   -0.01640991    0.02381631    0.00986882
BRUS   -0.00519929   -0.01288165   -0.02773950   -0.04018937    0.01247744    0.04141104   -0.00429865    0.00747829
BRUX   -0.16552036    0.03490271    0.06714114    0.01497665    0.02841504   -0.02019820   -0.03675151    0.02119706
BSHM    0.12642404    0.18056352    0.09854714    0.07227265    0.08502446   -0.00256981    0.00976198   -0.02912939
BUE2    0.06420492   -0.13863071    0.01512132    0.04327086   -0.11824067    0.10125496   -0.03312365   -0.04470415
CAGL    0.30345440   -0.11287702   -0.02199201    0.01945270   -0.03570246   -0.00951262    0.02245693    0.02080677
CAGS   -0.00694682   -0.00993545   -0.09050611   -0.00006845    0.00362249   -0.06259358    0.02856847   -0.00231437
CAGZ   -0.05304671   -0.25439794    0.02671461   -0.00064711    0.02461898   -0.06550748   -0.00398181    0.03534178
CALL   -0.27996688   -0.57820470   -0.13940043    0.40261651    0.25032121   -0.14989794   -0.02313881    0.02125549
CARR    0.11638604    0.43269244   -0.13972297    0.27301502   -0.07211605    0.04411364   -0.06629336    0.07262190
CAS1   -0.01261360    0.01009508   -0.01893410   -0.00426436   -0.02279187    0.01393064    0.00437634   -0.00270980
CCJ2    0.07432060    0.30123032    0.01385422   -0.10486161    0.11781524    0.00976576   -0.05330220   -0.00226593
CCJM    0.09901445    0.29135445   -0.09922440   -0.05386410   -0.00632293    0.00389882   -0.01529033   -0.01764991
CEDU    0.09244226    0.25837473    0.01859889    0.01647080   -0.00588221    0.02522084    0.04582740    0.00715077
CFAG   -0.02634265   -0.23509761    0.16423388   -0.21488562    0.02763153    0.03389072    0.01760686   -0.13307418
CGGN    0.07336498    0.01941153   -0.08700235   -0.13172306    0.02488960    0.41876557   -0.10129794   -0.01713576
CHAN    0.13371527   -0.08763885   -0.05052847   -0.02455666   -0.03659936    0.01881548   -0.01107246    0.00341553
CHAT    0.06710145   -0.15505327    0.04458254   -0.00689661    0.00437577    0.03428217   -0.01050552    0.00971455
CHPG   -0.54182794   -0.10514387    0.15359397   -0.20008884    0.09032150    0.00889645    0.00798104    0.01385356
CHPI   -0.01912336    0.26753888   -0.10434084    0.13550238    0.03422747    0.08480615    0.00514344    0.00561781
CHTI   -0.06091425   -0.09378713   -0.03621816   -0.01025080    0.00690947   -0.03437749   -0.00252886   -0.00964773
CHUM    0.14870425    0.25501815    0.57857927   -0.20234175   -0.05956101   -0.17191798   -0.00737621   -0.07753136
CHUR    0.04586218    0.11089957    0.00809781    0.00011314    0.00235179    0.01845722   -0.00647050    0.00111966
CIC1   -0.02762417    0.15009044   -0.19997872   -0.06122992    0.10445435   -0.03959578   -0.03577144    0.00982187
CICE    0.08863413   -0.51279999   -0.07434323    0.10814981    0.01723929   -0.11954287    0.04111447   -0.01950097
CKIS    0.08692991    0.06527988    0.02858974    0.06758620    0.01398614    0.06907219    0.07925862    0.00374413
CNMR   -0.00319704    0.10150740    0.18774975    0.08543154    0.02530561    0.10813708    0.02246276   -0.03323255
COCO   -0.12329819   -0.15271559    0.05174846    0.09450385   -0.03397831   -0.00816402    0.02167308   -0.03514909
CONZ   -0.08551410    0.16423357   -0.01880100    0.05264104    0.01753656    0.02702905    0.02861877   -0.00874939
CORD   -0.01594363    0.21598575    0.16655843   -0.17042224   -0.05519118    0.01648248    0.04316867    0.01171807
COYQ    0.13154229    0.00446458    0.01953750   -0.01476279    0.03240984   -0.01924064    0.01719071   -0.00315661
CPVG    0.12977762    0.11962262    0.02388562   -0.17739819    0.11351271   -0.02091579    0.04235412    0.01232672
CPXF   -0.00599812    0.06252948    0.01145241   -0.00673762    0.02540086   -0.03541320    0.01313260   -0.04029378
CRAO    0.00840395   -0.25298041    0.03127830   -0.10107749    0.05969387   -0.01553601   -0.01066353    0.04377177
CRAR   -0.07163689   -0.06761410   -0.03889026   -0.00345467   -0.01105034    0.00984122   -0.00960612   -0.00357979
CRO1   -0.16084021   -0.26974460   -0.00582219   -0.02438623    0.04804715   -0.09055188   -0.00168025   -0.04075639
CTWN   -0.04592192   -0.06340738    0.04326330    0.06281526    0.03866059   -0.04848431   -0.03242746    0.08258695
DAEJ    0.16601566   -0.14217261    0.06952109    0.08255230    0.02069218    0.04076290   -0.01265759    0.00130466
DAKA   -0.15895277   -0.16619533   -0.04115978    0.06966599    0.05472940   -0.19648673   -0.00498576    0.05072687
DARW   -0.32017178   -0.51921712    0.20838943    0.29162627   -0.12347162   -0.05755554    0.04604150   -0.02293487
DAV1    0.06860937   -0.03187132   -0.04304472    0.01505622    0.00296088   -0.00065612   -0.00488483    0.00073854
DAVR   -0.06181828   -0.11583549    0.01003868   -0.00816592    0.02951011    0.00652253   -0.00122505   -0.01369442
DGAR   -0.12060030   -0.06892856   -0.13597573    0.01869345    0.08537804    0.04893175   -0.00012360    0.03709786
DGAV   -0.02275258    0.17616489   -0.01667046   -0.10656257    0.01526392    0.03137457   -0.01414001    0.00068611
DRAG   -0.85018207    0.05630984    0.32680557   -0.17742350   -0.16976579    0.09150741    0.02514227   -0.01568355
DRAO    0.00391937   -0.22366010   -0.35616778    0.08796181    0.00764931    0.01610044    0.04416568   -0.00029890
DUBO   -0.05355069   -0.04395073    0.04312176   -0.04356905   -0.00276682    0.04125733    0.04024670   -0.01686473
DUM1   -0.03412311   -0.05118952   -0.00724324   -0.06408844   -0.03081180    0.03492953   -0.01875575    0.01134927
EIL1    0.13539340   -0.02322030    0.00267582    0.04066451   -0.05943754   -0.00548474    0.04535797    0.05090061
EISL    0.13640638    0.36868848    0.15197606    0.04161900   -0.08897809   -0.08345237    0.04071824    0.01780299
EPRT   -0.00320004   -0.14870455    0.02304395   -0.00254960    0.01738708   -0.03853937    0.01645580   -0.00504937
ETAD   -0.29035204   -0.25203670    0.05735448    0.12989719   -0.24130547   -0.01627684    0.14310544    0.17854072
FAA1   -0.10364086    0.24430014   -0.01610970    0.05017198   -0.06501617   -0.01778133   -0.01562448   -0.06430365
FAIR    0.01916318    0.04066887   -0.02175306   -0.02173086    0.01399189    0.04162127   -0.06573118   -0.01115076
FAIV    0.08229672    0.01810647   -0.09671076   -0.09310705   -0.00821427    0.07095846   -0.00438635   -0.00230627
FALE    0.04031839    0.12719247    0.05526574    0.07511864    0.00820371    0.02557880   -0.00001621    0.07379807
FLIN    0.15624999    0.12573033   -0.06078414   -0.00942582   -0.03175880    0.00057374   -0.00218873    0.02579484
FLRS    0.15038291    0.01442887    0.07771114   -0.05673927    0.04673888    0.01566218   -0.03131849   -0.00240636
FORT    0.09010990    0.95782155    0.04405417    0.16309278    0.04304297   -0.05619533    0.08159446   -0.08512615
FRDN   -0.18884577   -0.08739188   -0.04787574    0.04524835    0.00558073    0.01008816    0.01748995    0.00224366
FTNA    0.31234266   -0.01041307    0.04740240   -0.06255842   -0.16099258    0.04476807   -0.08508112    0.02007478
FUNC    0.39891880    0.15243480   -0.12489076   -0.00605207   -0.02630222    0.07211485   -0.03515968   -0.08273321
GALA   -0.01109782   -0.17108823    0.04310158    0.11390262   -0.31779528   -0.11720546   -0.04244057   -0.00606914
GANP    0.09914040   -0.12665288   -0.05996855   -0.00988370    0.00758656    0.01594265    0.02939539   -0.01887001
GLPS    0.12678839   -0.13241532   -0.01360536    0.32502555   -0.06406004   -0.18748689    0.02463400   -0.15021350
GLSV   -0.06500210    0.05434814   -0.03144659    0.00368271    0.01555090   -0.02686546    0.01870645   -0.02000721
GMAS   -0.01199986   -0.66596168   -0.11442199    0.13263680   -0.11821261    0.00966037    0.02283912    0.07016303
GMSD    0.10202705    0.30462835    0.11415805    0.00457415   -0.03585532   -0.03116528    0.02554990    0.02883958
GODE   -0.57787550   -0.15684512    0.09078928    0.11538446   -0.04562368    0.02260690    0.02448421   -0.02901480
GODZ    0.04657337    0.04419333   -0.01736337   -0.01039852   -0.06896150   -0.08834114    0.00798885   -0.03205958
GOL2   -0.08442205    0.06745785    0.00313378   -0.04441424    0.04200121   -0.00119124   -0.00104174   -0.06494727
GOLD   -0.05508373    0.01550129    0.03072940    0.02089208   -0.05791871   -0.00147528   -0.01027755   -0.00002427
GOPE    0.11527168   -0.10019310    0.05660409    0.01530072    0.02422193    0.03913035    0.01533835   -0.01147645
GOUG   -0.18220685   -0.00710843   -0.03492972   -0.00808312   -0.00194814    0.10088068   -0.01604304    0.00429277
GRAS    0.06781466   -0.14035983    0.05337230    0.03838635    0.03041099    0.00985976   -0.04210755    0.00550736
GRAZ   -0.04880258   -0.08229338   -0.04521518    0.07993219   -0.03180106   -0.00186845    0.02493429    0.01531782
GUAM   -0.34031861   -0.00918530    0.09474843    0.05674091   -0.00575222   -0.15451983    0.01412022   -0.00220584
GUAO   -0.41432215    0.18813249   -0.27003549    0.19102730   -0.04046408   -0.10655295    0.05052181   -0.06665740
GUAT    0.32491184   -0.05830101    0.01062240   -0.00022698   -0.07190531    0.00119389    0.00646432   -0.01346827
GUUG    0.11328586   -0.02529969    0.14220065   -0.02215894    0.07439647    0.00241687    0.02953160   -0.04237844
HARB    0.08126962    0.05384883   -0.05352030   -0.07185675    0.06103726    0.06435503   -0.00383683    0.01453000
HERS   -0.01321719   -0.03616872   -0.00120667    0.02430048    0.04712686    0.01035590   -0.03168425   -0.02127629
HERT   -0.06124053    0.00767928    0.03120711   -0.01549483   -0.04635981   -0.01567542    0.04038801   -0.00692734
HLFX   -0.08887785   -0.06296989   -0.04091150   -0.03002274   -0.00804691   -0.00130070    0.01501096    0.01418760
HNLC    0.07470671   -0.02260642    0.12335588    0.06240342   -0.04798380    0.09864076   -0.03023224    0.01020150
HNPT   -0.10886197   -0.11116875   -0.01465422    0.06390123   -0.01986277   -0.06676484    0.02746859    0.05522217
HOB2   -0.13009577   -0.12371922    0.02224094   -0.02267171    0.00877980    0.01694706   -0.00234739    0.00818500
HOFN    0.11143379    0.00411789    0.00894400   -0.03541029    0.01294736    0.01370588    0.00560448    0.02652008
HOLB   -0.01332140    0.02066529    0.07301013    0.01848042   -0.03593300   -0.00040617    0.01535443    0.02466010
HOLM   -0.05343019   -0.08205976   -0.07563989    0.00344695   -0.00314062   -0.00848516    0.04510953    0.00876756
HRAO    0.13470841    0.02696165   -0.07936959    0.06248943   -0.01790730   -0.09305716   -0.00655577   -0.02551851
HRM1    0.00048393   -0.05442739    0.02994521   -0.02105783   -0.05943894   -0.02325909    0.00927149   -0.00866102
HYDE   -0.13259961    0.04092976    0.36313122    0.22689906    0.05997139   -0.04028764    0.05793764    0.07109783
IDDR   -0.01084465   -0.08421396    0.19047099    0.04057908   -0.07265009    0.06957483   -0.00485744   -0.04814036
IISC   -0.20248610    0.29622898    0.02700163   -0.20522103    0.01858911    0.00161045   -0.02128258    0.08685751
ILHA    0.38338800   -0.20945458   -0.11372235    0.05908802    0.02288243   -0.01165035    0.03924043   -0.13371148
IMPZ    1.25611314    0.32348666   -0.18810482   -0.29143150    0.01152208    0.14761016    0.02719632   -0.09971435
INEG    0.02003986    0.23981434   -0.02596676    0.04698139    0.02747858    0.05981438   -0.05318081    0.01707834
INVK   -0.07403454   -0.04668855    0.03469130   -0.03794842   -0.02133409    0.02095309   -0.04727158    0.02165718
IQAL   -0.02466437   -0.03201273   -0.02242681   -0.01466385   -0.00025725    0.01115443    0.00174859   -0.01004750
IQUI    0.12621265   -0.13903465   -0.01523856    0.05614200   -0.10233038    0.03765786    0.02334054   -0.08013357
IRKJ    0.05763830    0.07916650    0.03779665    0.09232133    0.02102215    0.01749439   -0.05551382    0.00806045
IRKT    0.12944489   -0.15517388    0.13579504   -0.01967443    0.00716635    0.00663086    0.01117236   -0.08319859
ISBA   -0.29208749   -0.33549796    0.05793793    0.26499139    0.03814194   -0.07431140    0.00027512   -0.00577140
ISPA   -0.18623113    0.01316753    0.01184799   -0.07561341    0.00339979   -0.02031641   -0.03014568    0.00199165
JAB1   -0.43784810   -0.36167721    0.18297590   -0.15121211    0.19030309    0.07474627    0.12330308    0.05418829
JOG2    0.29029775    0.10585431   -0.06421901   -0.05496389   -0.12700100   -0.02643769    0.04136854    0.06259698
JOZ2    0.04676778   -0.20447814   -0.02109222   -0.02188143    0.01468359   -0.04457173   -0.03186507    0.01330661
JOZE   -0.17575698   -0.09764869   -0.03145791    0.01069837   -0.00123003    0.04633034   -0.02130046   -0.04371119
JPLM    0.05386353   -0.01829680    0.09439230    0.11054854    0.00163413   -0.06330570    0.01081028   -0.05308898
JPLV    0.09312063    0.07486865   -0.04411167   -0.20868950    0.04573847   -0.01112438    0.07871109    0.03687458
KARR    0.55953224    0.00873344    0.05303764   -0.12219397   -0.12901592    0.02146718    0.04032804    0.03131403
KAT1   -0.16657075   -0.31092080    0.15577022    0.50609831   -0.03441791   -0.05175165    0.05403875   -0.04012706
KELY    0.05536914   -0.11349067    0.07171597   -0.05559960    0.02683795    0.00017702    0.00452300   -0.00949095
KERG   -0.04866948   -0.04896993    0.01381530   -0.01149474    0.02204230    0.01216881   -0.00622504   -0.00771953
KGNI   -0.27816327    0.45531039   -0.05448921    0.05679824   -0.02966077    0.04257068    0.00027084   -0.00900064
KHAJ    0.21046279    0.01035928    0.01907756   -0.01187770   -0.07020472   -0.05197323   -0.05708161   -0.06746365
KHAR   -0.05888297   -0.07528310   -0.02310429   -0.02961059    0.01878936    0.04359678    0.05077274   -0.00780769
KIR0   -0.09069068    0.06031618    0.05394083    0.00394491   -0.01006396    0.01451148    0.01413083   -0.00183823
KIRI    0.14059428   -0.00254677    0.09027379   -0.21613536    0.05087538    0.01551539    0.03700743    0.01067268
KIRU   -0.17419962   -0.04231399   -0.02291836    0.07172362    0.01407743   -0.01688384   -0.01419030   -0.03114804
KIT3    0.41949912   -0.62150536   -0.04952925   -0.46935096   -0.21366014   -0.18662789   -0.05960437   -0.04243254
KOKB   -0.09201497   -0.04411011    0.09031553   -0.05132941   -0.08365306   -0.01176627    0.03757218    0.01046331
KOKV    0.07799757   -0.08856795   -0.10750214    0.04185338   -0.06180248    0.03357434   -0.01149800    0.00974332
KOSG    0.02132180    0.05073011   -0.02513723   -0.00274289   -0.00747226   -0.01123228    0.01936187   -0.00873542
KOU1    0.05968008    0.30823583    0.08628121   -0.14760161   -0.01229461    0.02633473    0.12111633   -0.08830661
KOUC    0.12055715   -0.22308201   -0.06131006   -0.00323549   -0.01061059   -0.02702642   -0.02462070    0.10623151
KOUG    0.25658199    0.36697021   -0.21304616   -0.20061530    0.00685108    0.07677210    0.09258530    0.01167887
KOUR   -0.00134502    0.23292601    0.07134234   -0.22853064   -0.05553596   -0.00094471   -0.03804645    0.05086887
KRGG   -0.01329356    0.03418021    0.00830027    0.03738324   -0.00190166    0.01332627    0.02051243    0.00583889
KSMV   -0.14011228    0.31498718   -0.13048504    0.06430137   -0.02903515    0.07303235    0.00758571    0.00022612
KSTU    0.02055250   -0.20680193   -0.01011538    0.03958580   -0.03076557    0.02436615    0.02851822    0.03817627
KUNM   -0.05134058    0.41418207   -0.01249499    0.12124439   -0.06739515   -0.02057640   -0.00219515   -0.06828836
KWJ1   -0.28468847    0.07331803    0.23836569   -0.11824760    0.03608537    0.04120023    0.00519641   -0.16831762
LAE1    0.65743531    0.72346875    0.03192045    0.16693820   -0.05556759    0.11560420   -0.24825826   -0.01567617
LAMA   -0.06806153   -0.10488338   -0.03347194    0.01181768   -0.03448173    0.02799060    0.03658894   -0.03087805
LAUT    0.47310326   -0.00417309    0.18358139   -0.03375712    0.04309908   -0.05827489   -0.12777100   -0.01657887
LHAS   -0.62568196   -0.36399383    0.23217392    0.05256457   -0.18421060    0.03997355    0.05264243   -0.01505278
LHAZ    0.07473244    0.66980441   -0.09781615    0.20903636   -0.13566988    0.14227866   -0.07155266    0.00456572
LMMF   -0.07394351   -0.11401731    0.07724664   -0.07786624   -0.03480703    0.03462569    0.01505280   -0.01333363
LPAL    0.16027188    0.03229917    0.09272588    0.06503211   -0.01451340   -0.00482741    0.00305481    0.00682509
LPGS    0.03705233    0.18037108    0.06936271    0.00265471   -0.03191833   -0.01369728   -0.02999778    0.02520042
M0SE    0.11332083    0.07023482   -0.10643273    0.00250907   -0.03868034    0.00422017    0.01836742    0.00452216
MAC1    0.07262242    0.03766832   -0.01162863    0.01632805   -0.01692331    0.00641216    0.00262417   -0.00340606
MAD2   -0.00088260    0.05312349   -0.04911279    0.01287723   -0.01107365    0.01523614   -0.00635392    0.01859751
MADR    0.09492905   -0.04110087   -0.07441774   -0.03932056   -0.18403187   -0.05181506   -0.08847307    0.05795584
MAG0   -0.02557446    0.01155928    0.00671188    0.05988900   -0.03116350   -0.02657137    0.00961558    0.02661594
MAJU    0.28488534   -0.01420914    0.08030019   -0.04620138    0.00043191   -0.03955273   -0.02154302    0.01310144
MAL2   -0.22320652   -0.25137537   -0.18834012   -0.25066193   -0.17084300    0.05514477    0.13967175    0.13923424
MALD    0.21540797   -0.07973256   -0.24641639   -0.29533115   -0.23322648   -0.00893777    0.02948900   -0.02695654
MALI    0.24131216    0.33268875    0.04327419   -0.21463303    0.00852125    0.14036986   -0.09591624    0.11517774
MANA    0.14745716    0.67614556    0.34086463   -0.04896676    0.17537729    0.04922178   -0.01285867    0.00532979
MAS1   -0.64586282    0.44906299   -0.08787374   -0.03715666   -0.02112395    0.00732501   -0.02760768   -0.00477614
MAT1    0.00894005   -0.00203282   -0.08035015    0.00395632   -0.01592194   -0.01014286   -0.02120264    0.01356402
MATE   -0.00198166    0.00824749    0.00283127    0.07414824    0.00092190   -0.01142635    0.02758163   -0.01379298
MAUI   -0.13703044   -0.02203256    0.01405205   -0.00232672    0.02868911    0.01326390    0.05637323    0.00336639
MAW1   -0.01631139   -0.00324960   -0.01125300   -0.02129172   -0.01244042   -0.00852972   -0.00803343   -0.00079430
MBAR   -0.12524572   -0.17755034   -0.11068129    0.13246269    0.04067674    0.02737530   -0.08375605   -0.04049072
MCIL   -0.15994732    0.11739600    0.05413080    0.02271831    0.09213392   -0.01729880    0.00913778    0.03019578
MCM4   -0.09237485    0.02259795   -0.01723172   -0.01585251   -0.01073824    0.00556667   -0.00739403    0.00171802
MDO1    0.12282570   -0.06673836   -0.04253643    0.04904264   -0.03968536   -0.01086618    0.00906626    0.00581324
MDVJ   -0.06512260    0.04031881   -0.00512628    0.01620534   -0.00882644   -0.02662737    0.01135661    0.01576660
MDVO   -0.12125404    0.29061809    0.04528409   -0.29998383   -0.06898489   -0.08735541    0.02766965    0.06274864
MEDI   -0.19131882    0.03862385    0.07857844   -0.08996740   -0.00312629    0.02136504   -0.02726671    0.01262101
METS   -0.15005381   -0.08825164   -0.00827544    0.05814609   -0.02122303    0.00706200   -0.00294322   -0.01658221
METZ   -0.08834336   -0.12865822   -0.04497255   -0.02273874    0.01759199   -0.00660889    0.02000968    0.01480192
MGUE   -0.10845969   -0.18900348   -0.10992243   -0.05638517    0.04855595    0.00367512    0.05331766    0.00360011
MIZU    0.12220127   -0.01744784   -0.06132117    0.09775309   -0.00327005    0.02798870   -0.01879840   -0.03022040
MKEA    0.01881069   -0.09228671    0.01748314   -0.02422829    0.01458426   -0.00444800    0.00508693   -0.00009682
MNLS    0.02216310   -0.02178485    0.02571018    0.00414971    0.02452159    0.02094675    0.00659679   -0.01048422
MOBJ    0.13737246   -0.05319847   -0.02116020   -0.04055311   -0.01331917   -0.02702583   -0.01133308   -0.00025971
MOBK    0.18127999   -0.09628619   -0.01927502   -0.05484625   -0.02201814    0.01958276   -0.02233149   -0.00894702
MOBS    0.02298186    0.15894592    0.03839073   -0.00482208   -0.00574394    0.01512312    0.00468369   -0.00945250
MONP   -0.02777492    0.00568643   -0.00918511   -0.00920774    0.00640120   -0.02313243   -0.01022119   -0.00659272
MORP    0.14586601    0.09802529   -0.05182478    0.01809812    0.00663651   -0.01186895    0.03426295   -0.00663490
MQZG    0.04528176   -0.00206399   -0.02190898    0.00350895   -0.02262108   -0.00352257   -0.01853726    0.02421287
MRO1   -0.25836317   -0.00948560    0.00247078   -0.07728349    0.06888948   -0.05029238    0.01957354   -0.04424234
MSKU    0.17015695    0.14774577   -0.39094017    0.09649374   -0.22053040    0.08071270    0.16549284   -0.06089185
MTKA   -0.03562998    0.55293080    0.15416784    0.19056955    0.08165914   -0.01748127   -0.00657779    0.00109399
NAIN   -0.14197677    0.02286607    0.04680783    0.03836517   -0.00155157   -0.00933715   -0.00469761   -0.00151503
NANO    0.02366605    0.22335719   -0.06684817   -0.03108070   -0.00357435   -0.04180851    0.00947369   -0.01555622
NAUR    0.04821898   -0.21951671    0.01087276    0.08486143   -0.04765682    0.00579478    0.05316361   -0.02251055
NICO   -0.18040292   -0.22334803    0.05909865   -0.07261397   -0.00104845    0.00868766    0.00648569    0.01440893
NIST   -0.18931153   -0.13955048    0.03776072    0.04493931   -0.02602690    0.00826456    0.02182389   -0.06748056
NIUM    0.18284492   -0.05324373    0.01643749   -0.00778281    0.08964879   -0.04412905    0.06458945   -0.01919768
NKLG    0.12617686    0.22028595   -0.34855282   -0.23206371    0.19965396   -0.09326310    0.18270082   -0.03543372
NLIB    0.12985819    0.14801798   -0.01007923   -0.07291055    0.00965066   -0.03780014    0.03256251    0.05157692
NNOR   -0.04714887   -0.01194982    0.06060433    0.02851404    0.02289231   -0.02186242   -0.00052868    0.03991353
NOT1    0.06293278   -0.19489143    0.04198812   -0.14693899    0.01327271   -0.07293131   -0.03469402    0.05484652
NOTO   -0.10491437    0.09809073   -0.07517177   -0.18960640   -0.08278204   -0.09089706   -0.12524120    0.05569601
NOUM    0.11440026    0.30596934   -0.01798563    0.12748436   -0.11117178    0.06899087    0.06155423   -0.00408961
NOVM   -0.00623782   -0.12698552   -0.02830247   -0.06135882   -0.02044530    0.05994132   -0.02808099   -0.00365736
NRC1    0.13993456    0.12544512   -0.09759923   -0.01404608   -0.04549571    0.00554445   -0.00583687    0.00930128
NRIL    0.04425295   -0.07596076   -0.02299890   -0.04448052   -0.00274623   -0.00243583    0.02445073    0.01882702
NRMD   -0.04290651   -0.39496142    0.04146942    0.00712844   -0.07218417    0.01765075    0.03461050    0.02344359
NSSP    0.04584953    0.08063600   -0.14495328    0.13394709    0.00070107   -0.20862233   -0.02869638    0.08035485
NTUS   -0.11435568    0.17842855   -0.06866024   -0.00647461    0.02927990   -0.05239865    0.00343483   -0.00355499
NURK    0.34947145    0.33831269   -0.45052952   -0.26666773    0.20244294    0.06300341   -0.14340905   -0.06636403
NVSK    0.31742703    0.02499863   -0.12892846    0.03778495   -0.03985851    0.05441144    0.16059064   -0.00547841
NYA1    0.04440667    0.03698650   -0.00790263    0.03653639   -0.02704062    0.00753825    0.00825946    0.00001080
NYAL   -0.06581404    0.05989724   -0.02787092   -0.03610500    0.03055043   -0.00558594   -0.00668469   -0.01105179
OHI2    0.06792707   -0.05100201   -0.00902499   -0.07434469   -0.01069633   -0.00352814   -0.02711258    0.00828059
OHI3    0.04755410   -0.04695278    0.01841026   -0.06795761   -0.00897347    0.00040473   -0.01216468   -0.01644035
OHIG    0.01446875    0.05044204   -0.05027282   -0.08299724   -0.02489172    0.03937395    0.02387001   -0.00094733
ONSA   -0.09402278   -0.02675223   -0.00980200    0.03569494   -0.04055725    0.06843859   -0.00578818   -0.04801033
OPMT   -0.13918174   -0.15987771   -0.02796048    0.06779788    0.03015559    0.07038396    0.01966769   -0.04623642
OS0G    0.07803671    0.03641588    0.00981668   -0.05103936   -0.00310883    0.02210318   -0.02323724   -0.06038328
OSN1   -0.06202416    0.28562547    0.04757695    0.01256875    0.04762817   -0.04553044    0.00383345   -0.05588851
OUS2    0.00895401   -0.02898167   -0.04704769   -0.00776861   -0.00026195   -0.01324186    0.01410327    0.00617762
PADO    0.04320894   -0.01480449   -0.04137960    0.07111372   -0.06988884   -0.04841695    0.11605745    0.09061632
PALM   -0.05951975   -0.03073311    0.01359378   -0.02563475    0.00061370    0.01715774    0.00514424    0.00804354
PALV   -0.04638613   -0.03130400    0.03719018   -0.01864774   -0.01878519    0.03308740   -0.02338833   -0.02327027
PARC    0.02844571   -0.07497293   -0.01485311    0.02885459   -0.00626333   -0.01357125   -0.01592117    0.01560929
PARK    0.09081992    0.03408081   -0.05983402   -0.01928849   -0.00937207    0.00991216    0.02566662   -0.02093719
PBRI   -0.18261009    0.03685467   -0.06667656    0.13681727   -0.21788917    0.06843901    0.01111896    0.03635768
PDEL    0.08663058   -0.03123142   -0.04078320    0.06794193    0.00739247   -0.03108200   -0.00258069    0.00085754
PENC    0.00132340    0.26063185   -0.09370811    0.00492888   -0.02264674    0.04396674   -0.02704105    0.00277736
PERT   -0.10328130   -0.06810961    0.01693461    0.01952884   -0.04039791    0.03243698   -0.00984249    0.00807212
PETP    0.06140348    0.01308371   -0.00374487   -0.07922205    0.00571991   -0.08098068    0.00315044   -0.02430581
PFA2    0.04607232   -0.08073360   -0.29013185    0.00246559   -0.03090836   -0.02861484   -0.00539549    0.02974064
PIE1    0.16973123    0.01479867   -0.06041520   -0.00147182   -0.02283695   -0.01237440    0.01155229    0.00399699
PIMO    0.25946822   -0.17199332    0.16800096    0.07369468    0.15959225    0.01543315    0.03058648    0.05901076
POHN   -0.12076672    0.13775697    0.16006712   -0.09818258    0.02784631    0.04498459    0.01340518    0.00090691
POL2    0.00761735    0.83774610   -0.47747025    0.04526212    0.06814385   -0.04275186    0.05251555    0.08762794
POLV   -0.00581903    0.01754443    0.01308679   -0.00459059    0.00479662    0.00574709    0.00436340   -0.04033233
POTS    0.05813968   -0.15586382    0.03030834   -0.03319908   -0.00012284   -0.04484216   -0.01524178    0.00308026
POVE   -0.18881000    0.05873537   -0.26677876    0.06856506   -0.11245572   -0.10451479    0.00262083   -0.04193584
PRDS   -0.09018016   -0.01923336    0.11858119    0.00021515   -0.07834816    0.09284354   -0.06991232   -0.02725140
PRE1   -0.12974757   -0.13186798   -0.05866025    0.11004890   -0.04111798    0.02819998   -0.01735943    0.04136866
PTAG    0.11508657    0.03466474   -0.05546713    0.09395618   -0.11477558   -0.03294693    0.05894165   -0.01578414
PTBB   -0.08977578   -0.08136594   -0.03324817    0.05583139    0.00332265   -0.01363728    0.03487168   -0.00182948
PTVL    0.24877092    0.20032882    0.02753283    0.08906976   -0.03654740    0.02895075   -0.06629953    0.00219189
PVEP   -0.13924345   -0.33994495    0.13651446    0.05379569   -0.11285707   -0.14212290    0.05197962    0.18639109
QAQ1   -0.01986206   -0.22338985   -0.12346210    0.02781368    0.04617041    0.05372281   -0.00709926   -0.00353200
QUI2    0.11990919    0.12621098   -0.03489485    0.14236625    0.00842162    0.08024395   -0.02075399    0.02919993
QUIN    0.22431652    0.02931546   -0.22406665    0.00468627    0.07891065    0.01452132   -0.05558424    0.01028219
RABT    0.07521022    0.28413492   -0.08863342    0.06565603    0.02857902    0.01356464   -0.06018226    0.02263903
RAMO    0.06616207    0.07758415    0.03381737   -0.02000151    0.01719697    0.00013072   -0.00653311    0.00531294
RBAY    0.23863054   -0.18084423    0.02103922    0.02350175    0.02303804    0.02517559   -0.01198120    0.02205360
RCMN   -0.00289255    0.09140584   -0.11277297   -0.05631378    0.03539878    0.02581081    0.12122682   -0.04388896
RECF    0.01764571   -0.15749812    0.12133156    0.00968193   -0.03816593   -0.06391598   -0.00626690    0.04400403
RESO   -0.12279643    0.05318152   -0.00147275   -0.04121688   -0.04751985    0.01185177   -0.01460003    0.00052864
REUN   -0.00375750   -0.29326132    0.07604704    0.02211499   -0.06276687   -0.07720695   -0.00530806   -0.04747952
REYK   -0.10225439   -0.01684053   -0.00207715    0.01649205    0.01128368    0.00178764   -0.00025660    0.01161317
REYZ    0.01300441   -0.02525600    0.04072260    0.06701637    0.01896699   -0.00044149    0.01103665   -0.02663693
RGDG    0.02997992   -0.03706367   -0.00557439    0.00603687    0.01024976    0.00270793    0.03490817   -0.02409912
RIGA   -0.11163487    0.12615576    0.02630094   -0.01674181    0.04024563   -0.02147296    0.01723314    0.02829534
RIO2   -0.00863804   -0.00513107    0.01050107    0.02247198   -0.00675058   -0.01703115   -0.01383009    0.03006204
RIOG   -0.04837000   -0.06725178    0.02132963   -0.02897456   -0.02839278    0.00348773   -0.07554665   -0.05396892
RIOP   -0.37521139   -0.25666868    0.17708633   -0.02493289    0.08390629    0.17746361   -0.08181377   -0.03580548
ROSA    0.22931895   -0.12764950   -0.12385066   -0.03396913   -0.00934041    0.05986346    0.02884316    0.16215428
ROTH    0.11886266    0.01263691   -0.09081390   -0.06516365    0.04235553    0.00555439    0.02166284   -0.00827916
SALU   -0.21681521   -0.19414419   -0.18615866   -0.15629610    0.02601984   -0.01768370    0.06060024    0.06677251
SAMO    0.03018656    0.00270867   -0.02397444   -0.01605694    0.02723217    0.00602449   -0.06071481   -0.11671920
SANT   -0.48614133    0.26459690   -0.34241034    0.10505345   -0.04945455   -0.09725417    0.08949349    0.00092577
SAVO   -0.04825953    0.14068318   -0.01596806   -0.04884833   -0.00647365   -0.01824411    0.02414378    0.01532701
SCH2    0.12348987   -0.19061440    0.01769500    0.05332158   -0.00566085    0.00428516   -0.00826737    0.01647651
SCOR    0.04745221   -0.00097991    0.02907095    0.02189105    0.02348457   -0.00546410    0.01980246   -0.00575720
SCRZ    0.20947998   -0.38735307    0.10205168    0.21389636    0.01310067    0.04608443   -0.20654082    0.08939249
SCTB    0.03894396    0.04669211   -0.00378484    0.00553110    0.00421584    0.00121555    0.01700352   -0.00001477
SCUB   -0.11349263   -0.31106543   -0.00717394   -0.12763927   -0.00116855   -0.00187152    0.01545584   -0.01142954
SELE   -0.39301139    0.41106764   -0.26003937   -0.27271489    0.14154801   -0.00553346    0.00604292    0.06491549
SEY1    0.07807840    0.16378664   -0.06073426   -0.12354425    0.01615991   -0.16738342    0.07792373    0.06338375
SEYG    0.46469494   -0.16152066    0.02933853   -0.08112521    0.02801644   -0.07908743   -0.13573464    0.04570568
SFER    0.01734214    0.05686606   -0.09134068   -0.00887757    0.03362944   -0.02140735   -0.00450049    0.02125935
SHAO    0.18816682    0.13573536   -0.01086804   -0.02125088   -0.04720627   -0.02661707   -0.01168524    0.00202420
SIMO    0.09068574    0.01588655    0.05268863   -0.05619551   -0.02469008    0.00779893    0.05909321   -0.19326952
SIO3    0.00731328   -0.06559562    0.13766390    0.20016288   -0.07534199   -0.13924017   -0.01122129    0.02669042
SMST    0.41033138   -0.06673199    0.00619546   -0.14200667   -0.06453542    0.02157200    0.04476730   -0.00660702
SOFI   -0.20301879   -0.11839114   -0.00557483   -0.01876389    0.00414795    0.03965000   -0.01097875    0.04178978
SOL1   -0.01855835    0.01676927   -0.03362085    0.01790617   -0.00860253   -0.06121156    0.03831556   -0.04423589
SOLA   -0.43489382    0.20508150    0.05165737   -0.27654846    0.12541700   -0.01396806    0.05210695    0.17568992
SPT0   -0.17623009   -0.04065626    0.01223674    0.01144542   -0.05014669    0.05172958    0.00715930   -0.04466739
SSIA    0.15776927   -0.27575704   -0.00979752    0.06738688    0.05389996   -0.06225263   -0.06065684    0.00564987
STHL    0.41728108    0.15418390    0.00537628    0.07104435    0.01287077   -0.03428183   -0.02175362    0.01359143
STJO   -0.10396435   -0.03822760    0.00817046   -0.01362778   -0.01340184    0.00573685   -0.01200429   -0.00180260
STK2    0.20376917    0.22128969   -0.04492999   -0.11258671   -0.00358695   -0.02876519    0.00791868    0.05963053
STR1    0.06882157    0.14367160   -0.00965173   -0.01840119   -0.01115921   -0.01940168   -0.00688783    0.01071661
STR2   -0.14332264    0.01731105   -0.00320977    0.02612618    0.01425951   -0.02434470   -0.02310889   -0.00133827
SUNM   -0.10959069   -0.17076555   -0.06549097   -0.08360737   -0.12156708    0.01956670   -0.09657998   -0.05786937
SUTH   -0.07646940   -0.06969722    0.01442042   -0.02261284   -0.00298947    0.00254243   -0.00237758    0.00894922
SUTM   -0.01386225   -0.13014504    0.02749619    0.01485660    0.00136162    0.01684908    0.00339784   -0.01927156
SUTV    0.08325094   -0.04584039    0.00719776    0.02065966    0.00159969    0.00721058    0.00329361   -0.03057573
SUWN    0.21769038    0.16589553   -0.01476801   -0.02738426    0.03566543    0.01973000    0.00785414   -0.01617313
SVTL   -0.11011761   -0.19480952   -0.07435234    0.06275492   -0.03324544    0.00295965    0.04178829   -0.03001621
SYDN    0.02638036    0.21352635   -0.00095496   -0.00494143   -0.01395966   -0.01353183   -0.00612758   -0.02212998
SYOG   -0.00041702   -0.02914654    0.03738913   -0.01081152   -0.02376996    0.03481457    0.01587984   -0.01151958
TABL    0.03499071   -0.02990980    0.00244086   -0.02876723   -0.00816957    0.01966818   -0.01665700    0.00082512
TABV    0.08474456   -0.02601088   -0.00897315   -0.00948379    0.03111157    0.00484449    0.03979749   -0.00117627
TAH1   -0.13590671    0.04456302   -0.06663372   -0.13065147    0.06776007    0.00692004   -0.02169922    0.01185506
TASH   -0.28296072    0.26197359    0.17712956    0.05876672   -0.09897006    0.03929484    0.02634738   -0.02224879
TCMS    0.46358928    0.33334913    0.01050466   -0.34572050   -0.13262804   -0.51438001   -0.07717292    0.14172950
TEHN    0.11634484    0.30956963   -0.05592577    0.42543325    0.24094941    0.22677486   -0.05494384   -0.12187851
THTG    0.22912922    0.13156242   -0.10205358   -0.11404846   -0.12879852    0.02058311   -0.10616686   -0.05989657
THTI    0.04400302    0.23239463    0.08000504    0.09376589    0.00202471    0.05020325   -0.05841936    0.03938896
THU1    0.10249954   -0.09473283    0.01029750    0.04303208   -0.00255832   -0.02768723   -0.01852496   -0.04772305
THU2   -0.03733385    0.03370139   -0.01623490    0.03945620    0.05629612    0.03460387   -0.00559528   -0.02602859
THU3   -0.07327486   -0.04722932    0.00633110   -0.05600803   -0.01359752   -0.05425610   -0.02281381   -0.01027373
TID1   -0.13399436   -0.08927287   -0.00907127    0.00310716   -0.00249960    0.01697675    0.01341246    0.00632918
TIDB    0.07988675    0.11041969    0.00133400   -0.01262178    0.00806553   -0.01466503    0.01124745    0.01245461
TITZ    0.10240293   -0.01853571   -0.03486973   -0.07859669    0.01399455   -0.04505764   -0.01404990   -0.00661000
TIXG    0.00740652   -0.00855728   -0.00689887    0.00806438   -0.02950994   -0.00421555    0.00599461    0.03810374
TIXI    0.04029789   -0.03312702   -0.02862760   -0.00188234   -0.01531125    0.03170866   -0.00964166   -0.00889068
TIXJ   -0.08647654   -0.05080717    0.01328600   -0.07003516    0.04282402   -0.00289313    0.00699606    0.00037746
TLSE   -0.20426360   -0.07975174    0.08639323    0.04531446   -0.05939644   -0.02288002    0.02954719    0.03580054
TN22   -0.21056778    0.09105911   -0.02592948    0.01738920   -0.03108361   -0.06224795    0.00811444    0.07192647
TNML   -0.21965953    0.43436185    0.21463909    0.17301778   -0.15219688    0.35965645    0.12676975    0.14629000
TONG    0.11280489   -0.05838456    0.05947740   -0.03301592    0.09457685   -0.12149500   -0.05744419    0.14493054
TOUL   -0.02564917    0.09316813    0.16707728    0.01837287   -0.02029824   -0.03755998    0.02522368    0.06123112
TOW2    0.07317660   -0.05652341   -0.03682304    0.18932191    0.07419858   -0.00414473    0.06389662   -0.02688023
TRAB   -0.30185592   -0.62914607   -0.35272585   -0.20644244    0.00860751    0.08981280   -0.00642910   -0.19511463
TRO1   -0.14899176    0.24566284   -0.01986884   -0.02362772   -0.02434269   -0.03558943    0.01918927   -0.00078568
TROM   -0.22285334    0.00336324   -0.00199802   -0.00988834    0.01109514    0.01212746    0.01982810   -0.04196422
TSEA    0.22559549   -0.03179219   -0.00709189   -0.05116362    0.03281143   -0.00987518    0.05936669    0.04263758
TSKB    0.33437477    0.10760904    0.03053252   -0.11185931   -0.05748363    0.03821970    0.02567874   -0.00281299
TUVA    0.36403292   -0.10838745    0.00477646   -0.04245957   -0.00474752   -0.05058267    0.04982990    0.04086665
TWTF    0.32869927    0.17757115   -0.25128736    0.10790333    0.11032175    0.15690059   -0.04436014   -0.07546914
TXES   -0.16390003   -0.23458941   -0.09046672    0.06545224    0.08031749   -0.07341824   -0.08419247    0.02198165
UFPR    0.19568819    0.02300731    0.02224562   -0.01736030    0.03379425    0.00727738   -0.04775561   -0.02406511
ULAB    0.06326715   -0.01260181   -0.06189733    0.03172963    0.02840922    0.02816380   -0.01381173   -0.01018349
UNB3   -0.20064392   -0.05362696   -0.03167245    0.01763918    0.00008868    0.02058782    0.01714198   -0.00384175
UNBJ    0.11719521   -0.09432007    0.02598949    0.04340939   -0.01428882    0.00227990   -0.01606230    0.00911802
UNBN   -0.22286478   -0.08299518   -0.01793207   -0.01547735   -0.06013704    0.02942496    0.05363572    0.01270516
UNSA   -1.56003462   -0.17051197   -0.17488654   -0.32283187    0.18477625    0.21605492   -0.02636261    0.01202486
UNTR    0.18010410   -0.14388421    0.11631238    0.07864524    0.03057900    0.02804642   -0.00718444   -0.00243836
URUM    0.13344188   -0.04315969    0.06232251   -0.30151610   -0.02569391   -0.07369432    0.02755874    0.02558295
URUS    0.17282686    0.14870803    0.02203840    0.06877009   -0.15115175   -0.01908830   -0.04247987    0.00039692
USN3    0.07949269    0.03012162   -0.01646599    0.02075011    0.08532043    0.01833268    0.03887827   -0.03767187
USNA   -0.01368991   -0.00324977    0.04353636   -0.01168395   -0.00072349   -0.05317138    0.03062739   -0.06446486
USNO    0.02662182   -0.05770324   -0.00106583   -0.01728641   -0.03877604   -0.08884432    0.00760925   -0.06844317
USUD    0.43945765    0.12164571   -0.09609163   -0.08093193   -0.05332191    0.02569824   -0.01238627    0.03987807
VACO   -0.24787538    0.10733773    0.04934260   -0.02474445    0.03230495   -0.00897852   -0.02180589   -0.00500218
VALD   -0.07053659    0.08627330    0.06370123    0.06991442   -0.00837185    0.00719589    0.00674995    0.01509209
VENE    0.16139483    0.22389998    0.22983144   -0.02966819    0.07263792   -0.08730073   -0.03552978   -0.01176909
VESL   -0.19010186    0.02633078   -0.03857809   -0.01716902    0.01243839    0.00746747   -0.01935475   -0.01317022
VIL0   -0.06485377   -0.11701807   -0.06051366   -0.02935894   -0.00568363    0.00516870   -0.00364023   -0.00790684
VILL   -0.03144084    0.06679151   -0.03726195    0.03639816    0.04058421   -0.00833836    0.01567233    0.00640700
VIS0   -0.06751139    0.09385551    0.06685761   -0.01047241    0.01497565   -0.04036861    0.01800611    0.02244920
VNDP    0.15950652   -0.08276383   -0.13632175    0.09401061    0.04370183   -0.00770409   -0.00864632   -0.03369114
VOIM    0.20602054   -0.04524439    0.25553807    0.04148369   -0.10373231   -0.03014578   -0.05384912   -0.07584614
VTSP   -0.03878884   -0.00454398   -0.00921023   -0.10132379    0.03026529   -0.00192621   -0.02559315   -0.03153505
WARK    0.07554989   -0.05779537   -0.00870782    0.02192849   -0.00625415   -0.00878150   -0.01381932    0.00591612
WDC1    0.07773426    0.02237793   -0.00672332    0.02832197    0.03680616   -0.01080598    0.01614154    0.03167903
WDC3    0.13483619   -0.05713574    0.09095526    0.08706068    0.04097534   -0.06322644   -0.06049696   -0.03391519
WEL1   -0.00974376    0.09242108    0.00430579   -0.07006551   -0.01923111    0.02854128   -0.00538923    0.01782444
WES2    0.12079507    0.11284666   -0.12086721   -0.04035968    0.02635912   -0.06271130   -0.00394628    0.05078108
WGTN   -0.02341638    0.04664768   -0.02706847   -0.03918915   -0.00420074   -0.00111721    0.01187771   -0.00242007
WHIT    0.00637724   -0.02089598   -0.02488610   -0.01558815    0.00796637   -0.03169606    0.02283270    0.00957744
WILL   -0.02296424   -0.03824437   -0.02351222    0.03937770    0.00456031   -0.01585885    0.00521083    0.00289847
WIND    0.02215604    0.20461787    0.01453191    0.08552536   -0.05441100   -0.00044754    0.04268439   -0.03893206
WROC   -0.14660129   -0.10112758   -0.03537601    0.01194632    0.00594158    0.06588783    0.00258254   -0.03091746
WSRT    0.09448514    0.06506082    0.00161169    0.01704099    0.00733198   -0.01314365    0.01704245    0.00252741
WTZA   -0.03209507   -0.12430335   -0.01603622   -0.06419868   -0.03469835   -0.01067884    0.00234717   -0.00734893
WTZL    0.17173906    0.18858732   -0.02148788    0.00044171    0.01168703    0.00214965   -0.01912057    0.00306407
WTZR    0.13730130   -0.06762959    0.05190363    0.04751295   -0.00689624    0.01301988   -0.00659235   -0.01059289
WTZZ   -0.18202063   -0.01011593   -0.00435335    0.06065430    0.01591926   -0.00701425    0.01623625   -0.01592407
WUHN    0.17168930    0.08038539   -0.04166683   -0.07360532    0.00983597   -0.02313239   -0.01318860    0.00259384
XIAN   -0.38924998   -0.62809571   -0.20378643   -0.19394172   -0.11371834   -0.09163520    0.05662561    0.12256237
XMIS   -0.32607181   -0.16973295    0.07519452   -0.07639006    0.02568285   -0.02166409    0.00036788   -0.01337941
YAKT   -0.23750378    0.29486475    0.06945307    0.08186857   -0.10512212    0.00647056   -0.10824301   -0.02478685
YAKZ   -0.08998678    0.06213428   -0.14271308    0.18675579   -0.00490392    0.06362608    0.01565651    0.00330771
YAR1    0.03407682   -0.01903306    0.15016348    0.04122695    0.04235553    0.00673768   -0.03846974    0.01073914
YAR2   -0.04155522    0.02997873   -0.09592295    0.01045935   -0.02085646    0.01537123    0.02044125    0.02148185
YAR3    0.03096913    0.03387739    0.10927069    0.03223778   -0.02240713   -0.02438165    0.00388587    0.04083411
YARR    0.03823971   -0.08235244   -0.08279559    0.06258331   -0.02000647   -0.02948747    0.03492508   -0.02606928
YCBA    0.04612253    0.22936456   -0.09818560    0.14131863    0.06174426   -0.07405986   -0.08626705   -0.04849892
YEBE   -0.08784461    0.10897171    0.03142109    0.01317117   -0.00578316   -0.00936598   -0.01335871   -0.01379045
YELL   -0.10519159    0.01338464   -0.02652588    0.07673912    0.05548697   -0.00932978    0.00260262    0.04640482
YIBL    0.96106786    0.32861123    0.34105837    0.03035696    0.06000581   -0.05801461    0.07142366   -0.06754113
YKRO   -0.26513619   -0.33753907   -0.14225825    0.18236944    0.17654047    0.21531194    0.01326550    0.07884415
YSSK    0.05375802   -0.06775124   -0.02576030    0.00505771   -0.03427876    0.04182205   -0.00767088   -0.00077819
ZAMB   -0.22360701   -0.01039594   -0.07064684    0.00604336    0.02743991    0.02023113   -0.02848251   -0.00943127
ZECK    0.14977182    0.18583632   -0.03035506    0.06305893   -0.00931148   -0.00429640    0.00265025    0.01807393
ZIM2    0.03818964   -0.07906974   -0.03833779   -0.08188221   -0.00154787   -0.01486623   -0.00602852   -0.02019770
ZIM3   -0.05777814   -0.04905632   -0.03549145    0.06517540    0.00726915    0.04415293    0.00936914   -0.07349204
ZIMJ    0.04298857   -0.08416579    0.07054794    0.03909493    0.00171681    0.04814349    0.01126299    0.02125740
ZIMM    0.05782762   -0.05542484   -0.06261914    0.06000134   -0.02901166    0.04143487    0.02686759    0.00130690
ZWE2   -0.00199913   -0.17570073   -0.03764110   -0.01487581    0.05315470   -0.01079995    0.00919573   -0.01472047
ZWEN   -0.25674257    0.44407563    0.06794134   -0.05269633   -0.03954386    0.07144433    0.02969234   -0.04905271
