name cos1 sin1 cos2 sin2 cos3 sin3 cos4 sin4
ABMF   -0.20888799   -0.25240806   -0.05271945   -0.13810790   -0.08308548    0.13110441   -0.02257266    0.05507011
ABPO   -0.04671681   -0.15850680    0.04468325    0.17783825   -0.05937093   -0.01090209   -0.01600363    0.00688635
ADE1   -0.02541254   -0.03869761    0.00931469    0.03386037   -0.01665459    0.00761486   -0.01896793   -0.03689190
ADIS    0.00480677    0.28463801   -0.05874448   -0.14773784   -0.21560545   -0.07714647    0.14272761    0.00884828
AIRA    0.41959707   -0.08089839   -0.03403407   -0.04301568   -0.03593124   -0.04312142   -0.02658614   -0.01191746
ALBH   -0.15705169   -0.06986226    0.07069687    0.04170902   -0.03858237   -0.04379088    0.02650169    0.02378060
ALGO   -0.18525654   -0.03259303   -0.13100549    0.01578402   -0.00846117   -0.02207037    0.02811300   -0.00691326
ALIC   -0.13736414    0.00366345   -0.06325581    0.00235263   -0.03085551   -0.02712070    0.00478981    0.02909909
ALRT   -0.04797821    0.06920391    0.01550495    0.05829143    0.03612501    0.00329817   -0.01751239   -0.02881312
AMC2    0.05823914    0.46985623    0.16259025    0.00509734    0.05152341   -0.01126794    0.00437417   -0.04470607
ANKR   -0.43096145   -0.17180760   -0.11758797   -0.10759759    0.00230343    0.05255200    0.00286677   -0.00391066
ANTC   -0.02671331   -0.15097876   -0.09912591    0.10561740   -0.02621813   -0.09337760   -0.01788621    0.03738452
AOML    0.05045395    0.63175114    0.09656191    0.05515971    0.02483697   -0.04372026    0.01844254   -0.21229072
AREG    0.79350132   -0.27074397   -0.34415648   -0.26981803   -0.31130639   -0.21853349   -0.11243733   -0.09000418
AREQ    0.11054200   -0.33134155    0.42394968    0.23405617    0.30618223    0.02369254    0.11341916    0.02764368
AREV    0.19737113    0.13666217    0.57607473    0.07297293   -0.13672798    0.14385958    0.12988722   -0.08511179
ARTU    0.03223797   -0.04153197    0.00747107    0.07883221   -0.00935624    0.00122424    0.03425804    0.07527003
ASC1   -0.32823776   -0.31972392    0.05277457   -0.13198356   -0.00141703   -0.05182086   -0.07680633    0.03474903
ASCG    0.29522972   -0.47226105   -0.02281121    0.17723079   -0.03071350   -0.02926298   -0.02454022   -0.04480040
ASPA   -0.22929281    0.07667820   -0.00488779   -0.07413326   -0.04543963    0.01830186   -0.00890032    0.00577404
AUCK    0.08558448   -0.01210187    0.00180411    0.00435651   -0.00176695    0.01859886   -0.00527972   -0.00705453
AZGB   -0.01002033   -0.01248658   -0.06592831    0.02822986   -0.04692729    0.01617596    0.00286957    0.02168991
BADG    0.06066411    0.40074146    0.04558998   -0.06689128    0.03475136   -0.02836373    0.00699760   -0.03897984
BAKE   -0.02982991    0.13736174    0.00462903   -0.03847181    0.00555016   -0.00611322    0.00633658   -0.02710378
BAKO   -0.02386253    0.31044650    0.01434328    0.06696819    0.05003504   -0.08719550   -0.12795266   -0.01502316
BAN2   -0.01321555    0.25934773    0.23941190   -0.43979207   -0.06353178    0.11410839   -0.10270755    0.00724351
BARH    0.01436913   -0.06984342    0.05971596    0.00061438    0.00547510   -0.00232869    0.00934653    0.01200874
BDOS    0.25573326    0.08722774   -0.07321499   -0.08387535   -0.08172936   -0.01299618   -0.00077874    0.05347497
BHR1    0.24989925    0.92564347   -0.06878994    0.07441610   -0.19325919    0.31697331   -0.26579356    0.17982095
BILI   -0.07523924   -0.09484476   -0.04823955   -0.01734158   -0.03558510   -0.02735175   -0.03570310   -0.02975357
BISK   -0.10609477   -0.19288009   -0.00190340    0.00592762    0.01397108    0.01981710   -0.00673733   -0.00883652
BJCO    0.29778483   -0.02082808   -0.23806794   -0.27581844    0.25417487    0.24694049   -0.10329414    0.06524479
BJFS    0.13793679    0.16350430    0.09042762   -0.02904406    0.20771291    0.07067770    0.00461108   -0.10193959
BJNM    0.21042184   -0.20358779   -0.21927463    0.12823440   -0.15836818   -0.02478612    0.15845170    0.05667622
BNDY   -0.11374453   -0.11641292    0.03658682    0.03152253   -0.01663809    0.03242288   -0.04760707   -0.02336978
BOAV    0.12608526    0.13069283    0.11718189   -0.24633555   -0.03582626    0.11474509    0.03451095    0.01391877
BOGO   -0.20278440   -0.12207058    0.01369050    0.05160288   -0.01739348    0.04715936    0.02205705   -0.01823751
BOGT   -0.13039032    0.16278795    0.02724749   -0.00156875    0.05920900   -0.01303396    0.00829911   -0.05576748
BOR1    0.11639149   -0.08029844    0.02895941   -0.02028727    0.04948702    0.01611162    0.03713814   -0.03545098
BRAZ   -0.21089048   -0.06014636   -0.09557101    0.04235545   -0.06195577   -0.00355051   -0.04264164    0.02366285
BREW    0.28677260    0.00299646   -0.08226656   -0.34007130    0.03700388    0.02074118   -0.00769015   -0.04478479
BRFT   -0.64336337   -0.13610106    0.04480543    0.10287222   -0.01539564    0.09865059    0.02334129    0.02904053
BRMU    0.09229041    0.12699777    0.01291226   -0.07322984    0.00185453    0.03273747   -0.01217076   -0.01458876
BRST   -0.12458639   -0.01639332    0.01955245    0.05019904    0.02417212   -0.01605744    0.02299422    0.00579135
BRUS   -0.00633431   -0.01190495   -0.02545636   -0.03897746    0.01259046    0.03831541   -0.00691685    0.00998151
BRUX   -0.16551079    0.03495708    0.06708954    0.01503023    0.02878316   -0.02024427   -0.03717360    0.02091823
BSHM    0.12055212    0.18027419    0.09866892    0.07070108    0.08442647   -0.00484861    0.00717092   -0.02946701
BUE2    0.05656497   -0.17214587    0.02062485    0.03101529   -0.13663361    0.09518684   -0.02292345   -0.04140680
CAGL    0.31032917   -0.11064162   -0.02202609    0.01827330   -0.03417379   -0.00969838    0.01451737    0.01745332
CAGS   -0.00749353   -0.00806893   -0.09039034    0.00173616    0.00390271   -0.06125761    0.02866093    0.00024000
CAGZ   -0.05284699   -0.25324375    0.02617268    0.00121884    0.02308966   -0.06332833   -0.00630524    0.03641035
CALL   -0.26191184   -0.60708522   -0.01919999    0.48008728    0.21504135   -0.08866241   -0.02481387   -0.02239546
CARR    0.11610951    0.41216758   -0.12950425    0.28031514   -0.04875648    0.07246207   -0.04558181    0.08603227
CAS1   -0.01372882    0.00948829   -0.01969148   -0.00459142   -0.02253277    0.01503609    0.00431786   -0.00076264
CCJ2    0.07402743    0.30013754    0.01283707   -0.10259108    0.11895990    0.00454680   -0.05295043    0.00004559
CCJM    0.09901445    0.29135445   -0.09922440   -0.05386410   -0.00632293    0.00389882   -0.01529033   -0.01764991
CEDU    0.09038248    0.26068684    0.01771702    0.01540034   -0.00519629    0.02491232    0.04571753    0.00628602
CFAG   -0.01984829   -0.24226028    0.18383525   -0.20523137    0.01236864    0.00428423   -0.00399562   -0.12335274
CGGN    0.14746061    0.08867249   -0.15576027   -0.15169999    0.01218685    0.48486638    0.00584760    0.00341768
CHAN    0.13215007   -0.09447420   -0.04900724   -0.02881490   -0.03699988    0.01581123   -0.01913982   -0.00476519
CHAT    0.07104797   -0.15718340    0.04428659   -0.00789228    0.00475825    0.03551602   -0.00994481    0.01006981
CHPG   -0.52913297   -0.06892152    0.14601701   -0.18086757    0.06863594    0.00482948   -0.00197491    0.00535827
CHPI   -0.01578092    0.27043596   -0.10054989    0.12589025    0.03148326    0.08259069   -0.00603957    0.00723998
CHTI   -0.06091425   -0.09378713   -0.03621816   -0.01025080    0.00690947   -0.03437749   -0.00252886   -0.00964773
CHUM    0.14089514    0.25310394    0.57681810   -0.19845160   -0.06414991   -0.16481845    0.01694893   -0.06226905
CHUR    0.04672519    0.10959879    0.00918802    0.00280549    0.00251807    0.02127473   -0.00649055    0.00019427
CIC1   -0.00920523    0.13053085   -0.19168602   -0.04533800    0.07919548   -0.04632399   -0.02157802    0.00397096
CICE    0.12952626   -0.50045911   -0.13141589    0.10926475    0.04457481   -0.13263782    0.05422722   -0.01563471
CKIS    0.08870211    0.06423508    0.02517547    0.06796252    0.01415864    0.06657411    0.07921982    0.00051779
CNMR   -0.00311608    0.10518878    0.18666426    0.08196392    0.02906758    0.11181027    0.01832760   -0.03979356
COCO   -0.12568518   -0.15209917    0.05331620    0.09113366   -0.03288746   -0.00734546    0.02429089   -0.02997656
CONZ   -0.08933098    0.16703816   -0.01908287    0.06070718    0.01691679    0.03224717    0.02640108   -0.00440456
CORD   -0.01637904    0.21404760    0.17004848   -0.17784353   -0.05701326    0.01530750    0.04228486    0.01071442
COYQ    0.12742184    0.00512930    0.01625077   -0.01217856    0.02794450   -0.02199540    0.01522042   -0.00442093
CPVG    0.13011771    0.12512368    0.02204322   -0.17248359    0.12152826   -0.01793107    0.04660238    0.01555328
CPXF   -0.00266157    0.06394059    0.00973468   -0.00730036    0.02636691   -0.02953982    0.00936718   -0.03526342
CRAO    0.00839286   -0.25294602    0.02989055   -0.10069896    0.05635851   -0.01379517   -0.01450646    0.04628905
CRAR   -0.07176713   -0.06713582   -0.03947947   -0.00361840   -0.01005724    0.00867479   -0.00861640   -0.00187928
CRO1   -0.16080725   -0.27067878   -0.00540085   -0.02491992    0.04957404   -0.09048481    0.00119213   -0.04085167
CTWN   -0.04760290   -0.05947531    0.03442073    0.05717379    0.04456100   -0.05963980   -0.02113643    0.08857686
DAEJ    0.16390041   -0.13889924    0.06645741    0.07637376    0.02202390    0.04281705   -0.01170183    0.00039683
DAKA   -0.15895277   -0.16619533   -0.04115978    0.06966599    0.05472940   -0.19648673   -0.00498576    0.05072687
DARW   -0.32357079   -0.52005233    0.20556557    0.29249644   -0.12498210   -0.05320936    0.04967517   -0.01938353
DAV1    0.06847251   -0.03233222   -0.04348260    0.01502179    0.00322782   -0.00116493   -0.00599375    0.00078009
DAVR   -0.05825945   -0.11330597    0.01517667   -0.00828406    0.03274685    0.00509687   -0.00005661   -0.01174859
DGAR   -0.12461409   -0.06469528   -0.13469063    0.02093589    0.08198227    0.04826207    0.00087330    0.03816669
DGAV   -0.02275258    0.17616489   -0.01667046   -0.10656257    0.01526392    0.03137457   -0.01414001    0.00068611
DRAG   -0.85478111    0.04536192    0.32738054   -0.18086451   -0.16499054    0.09537243    0.02699851   -0.02276106
DRAO    0.00465167   -0.22488881   -0.35551134    0.08882890    0.00697634    0.01556468    0.04451510    0.00058878
DUBO   -0.05302729   -0.04361727    0.04257497   -0.04350033   -0.00241386    0.04046001    0.04268645   -0.01947477
DUM1   -0.03481430   -0.05205437   -0.00812783   -0.06416402   -0.03046291    0.03452455   -0.01732418    0.00991742
EIL1    0.14012147   -0.02395987    0.00186077    0.04987156   -0.06802979   -0.00190321    0.04234225    0.04348060
EISL    0.15667646    0.37102186    0.17100097    0.02365927   -0.08526963   -0.09968499    0.03576003    0.00920861
EPRT   -0.00269886   -0.14889810    0.02382049   -0.00240691    0.01833356   -0.03769394    0.01746563   -0.00402621
ETAD   -0.29352112   -0.26427623    0.06082497    0.14721954   -0.25178196   -0.01257342    0.14342320    0.17727925
FAA1   -0.10346609    0.24295939   -0.01226076    0.05420205   -0.07107808   -0.00655553   -0.02404709   -0.06701457
FAIR    0.01905921    0.03955004   -0.02062891   -0.02447750    0.01447100    0.03889993   -0.06500527   -0.01366832
FAIV    0.07647877    0.01651971   -0.09848881   -0.09579327   -0.01566778    0.07263269    0.00332220   -0.00228879
FALE    0.04815545    0.13212069    0.06647753    0.07022561    0.01706070    0.01406738   -0.01045792    0.05474850
FLIN    0.15730599    0.12501594   -0.06228831   -0.01050987   -0.02937067    0.00082107   -0.00547593    0.02521848
FLRS    0.15169470    0.01069186    0.07680350   -0.05672337    0.04796640    0.01598823   -0.02938593   -0.00379525
FORT    0.06687561    0.93985421    0.03171867    0.14862449    0.02603302   -0.04952405    0.09040128   -0.09551791
FRDN   -0.18939725   -0.08706269   -0.04822585    0.04586938    0.00525793    0.01089017    0.01803471    0.00325065
FTNA    0.31234266   -0.01041307    0.04740240   -0.06255842   -0.16099258    0.04476807   -0.08508112    0.02007478
FUNC    0.41655445    0.14539030   -0.12414422   -0.00561271   -0.01989922    0.07056487   -0.03263188   -0.08189845
GALA    0.07812054   -0.22616663    0.06449830    0.10703103   -0.37403960   -0.11181075   -0.06601462    0.04335946
GANP    0.09929373   -0.12630018   -0.06112309   -0.00979425    0.00829439    0.01573753    0.02939305   -0.01957604
GLPS    0.12846694   -0.12838714   -0.02474156    0.33214957   -0.06256566   -0.18292007    0.03059000   -0.15921547
GLSV   -0.06645417    0.05368876   -0.03231472    0.00594317    0.01772685   -0.02834637    0.01680620   -0.02298776
GMAS   -0.05277707   -0.66307050   -0.08394222    0.15543543   -0.14191410   -0.00307518    0.03380211    0.08495479
GMSD    0.10515667    0.29973814    0.11142247    0.00486788   -0.03282504   -0.03143754    0.02276878    0.02648621
GODE   -0.58235122   -0.15386997    0.08553992    0.11527630   -0.03718997    0.01250102    0.01608156   -0.03247827
GODZ    0.04768540    0.04209513   -0.01660789   -0.01024373   -0.06903382   -0.08974237    0.00606672   -0.03137416
GOL2   -0.08118071    0.06476330   -0.00136509   -0.03710622    0.04188867    0.00614251   -0.01202461   -0.07389836
GOLD   -0.05295731    0.01268630    0.02326576    0.01868780   -0.05441073    0.00207650   -0.01415545   -0.00553703
GOPE    0.11409119   -0.10038037    0.05592728    0.01517339    0.02292025    0.03894185    0.01575607   -0.01156400
GOUG   -0.18198234    0.00157064   -0.02083059   -0.01197244   -0.01227853    0.10341017   -0.00077185    0.01221193
GRAS    0.06794809   -0.14011872    0.05435766    0.03812191    0.03028854    0.01122031   -0.04139287    0.00362546
GRAZ   -0.04896367   -0.08286788   -0.04490867    0.07880039   -0.03125085   -0.00283647    0.02511511    0.01391758
GUAM   -0.34242055   -0.00993850    0.10007793    0.05022306   -0.00031956   -0.15191106    0.01816777    0.00501985
GUAO   -0.42677117    0.18966056   -0.26654512    0.19028979   -0.03303009   -0.11444644    0.05250974   -0.07063069
GUAT    0.32550760   -0.06172969    0.01340342   -0.00073118   -0.06720386   -0.00365930   -0.00137551   -0.01241965
GUUG    0.11316928   -0.02467012    0.14137361   -0.02216597    0.07258695    0.00518304    0.03156932   -0.04129073
HARB    0.07876145    0.05327230   -0.05519108   -0.07152434    0.05887130    0.06412908   -0.00393864    0.01327850
HERS   -0.01140435   -0.03474928   -0.00274032    0.02507653    0.04829240    0.01011302   -0.03124158   -0.01901041
HERT   -0.05857576    0.00783718    0.03266279   -0.01545846   -0.04733064   -0.01574462    0.03815699   -0.00893047
HLFX   -0.08830351   -0.06211406   -0.04092165   -0.02967273   -0.00795774   -0.00118806    0.01545707    0.01451466
HNLC    0.07326208   -0.01512179    0.12281461    0.06215696   -0.04754336    0.10099976   -0.02875861    0.01273857
HNPT   -0.11193615   -0.11447930   -0.01460944    0.06336598   -0.01977844   -0.06818443    0.02591727    0.05938277
HOB2   -0.13101230   -0.12521999    0.02182757   -0.02657334    0.01121481    0.01385174   -0.00592895    0.00395540
HOFN    0.11111566    0.00499149    0.00825052   -0.03477831    0.01265095    0.01337102    0.00476868    0.02569324
HOLB   -0.01739867    0.02159731    0.07356151    0.01976325   -0.03532926    0.00181475    0.01620457    0.02825412
HOLM   -0.05633591   -0.07979443   -0.07486826    0.00066016   -0.00604641   -0.00972367    0.04747009    0.01171860
HRAO    0.13561610    0.03138975   -0.08231951    0.06293473   -0.01378874   -0.09824993   -0.00765007   -0.02152104
HRM1    0.00048356   -0.05454247    0.03011893   -0.02094180   -0.05973818   -0.02320474    0.00947184   -0.00889110
HYDE   -0.14007910    0.04871547    0.36210285    0.23663245    0.05257442   -0.04286511    0.05685132    0.08469118
IDDR   -0.01017811   -0.08884435    0.19067181    0.04325356   -0.07220144    0.07041148   -0.01016847   -0.05043557
IISC   -0.19983664    0.28791752    0.01974823   -0.19462066    0.01666715   -0.01548970   -0.02979865    0.08975795
ILHA    0.37494761   -0.22586667   -0.08792257    0.06432414    0.00794762    0.00769207    0.02468323   -0.16015684
IMPZ    1.25754518    0.32357650   -0.19282990   -0.28878523    0.01409272    0.13857064    0.04798083   -0.09562544
INEG    0.01765600    0.23802832   -0.01990354    0.04702301    0.02544528    0.05227203   -0.05854589    0.01780549
INVK   -0.07379130   -0.04744399    0.03609073   -0.03881294   -0.02267267    0.02276432   -0.04883762    0.01781402
IQAL   -0.02466567   -0.03152292   -0.02034297   -0.01400624   -0.00199919    0.01116389    0.00544315   -0.01201499
IQUI    0.13450971   -0.14184701   -0.00224159    0.08453376   -0.11618196    0.04973895    0.00439707   -0.07808420
IRKJ    0.05776080    0.07895474    0.03790930    0.09159457    0.01923828    0.01785652   -0.05541485    0.00864423
IRKT    0.12903898   -0.15525232    0.13606668   -0.02123847    0.00597865    0.00961572    0.01158798   -0.07758593
ISBA   -0.28915031   -0.34093036    0.06250819    0.26526694    0.03160693   -0.08205711    0.00636538   -0.01658907
ISPA   -0.18623113    0.01316753    0.01184799   -0.07561341    0.00339979   -0.02031641   -0.03014568    0.00199165
JAB1   -0.43431826   -0.37287834    0.20738080   -0.14921497    0.16403397    0.08753306    0.10517684    0.01748877
JOG2    0.28807740    0.09962494   -0.06067853   -0.06567394   -0.10947899   -0.04061917    0.04897961    0.06276401
JOZ2    0.04547390   -0.20497196   -0.02221413   -0.02478017    0.01589383   -0.04685516   -0.02771648    0.01427820
JOZE   -0.17663476   -0.09749201   -0.03269938    0.01069392   -0.00238903    0.04566975   -0.02372609   -0.04513294
JPLM    0.05301759   -0.01892824    0.09424332    0.10764373   -0.00490158   -0.06298001    0.01816772   -0.05765338
JPLV    0.07492873    0.05932053   -0.00560878   -0.20190968    0.04636636   -0.01857818    0.06260007    0.03852374
KARR    0.56520670    0.01322816    0.06003511   -0.12776412   -0.13171328    0.02329177    0.03253918    0.03306792
KAT1   -0.21159994   -0.31499588    0.15368675    0.50332282   -0.05753756   -0.05544224    0.04545449   -0.00463983
KELY    0.05561772   -0.11159938    0.07223556   -0.05336730    0.02568968   -0.00260182    0.01310648   -0.01030799
KERG   -0.04835570   -0.05023415    0.01486056   -0.01202122    0.02176180    0.01072456   -0.00620319   -0.00888338
KGNI   -0.26511148    0.44692080   -0.04418321    0.04533331   -0.02581560    0.03219077   -0.00365845   -0.00783083
KHAJ    0.21197083    0.00953562    0.01385410   -0.01456195   -0.07372314   -0.05271207   -0.06146383   -0.06718601
KHAR   -0.05618528   -0.07875239   -0.02462056   -0.02976982    0.01908977    0.04075466    0.04741023   -0.00831845
KIR0   -0.08982123    0.06243972    0.05574092    0.00296476   -0.01223667    0.01228175    0.01158537    0.00280369
KIRI    0.14336501   -0.00390021    0.09260496   -0.22039732    0.05042574    0.00939853    0.03367775    0.00544835
KIRU   -0.17387842   -0.04307193   -0.01995634    0.07101143    0.01381758   -0.01462191   -0.01291368   -0.03217428
KIT3    0.40923179   -0.62484947   -0.05411297   -0.47153327   -0.20927727   -0.17850083   -0.05965160   -0.04204903
KOKB   -0.09075167   -0.03179837    0.09152613   -0.05304696   -0.08108440   -0.01597164    0.03919485    0.00883343
KOKV    0.07723765   -0.08911070   -0.10706199    0.04393706   -0.06444022    0.03259386   -0.00923812    0.00757064
KOSG    0.02062849    0.05023042   -0.02598998   -0.00366226   -0.00795910   -0.01292784    0.01972117   -0.00927246
KOU1    0.05968008    0.30823583    0.08628121   -0.14760161   -0.01229461    0.02633473    0.12111633   -0.08830661
KOUC    0.11865834   -0.22531189   -0.06567039    0.00204785   -0.01464386   -0.02820421   -0.02600243    0.10219689
KOUG    0.25856277    0.36528569   -0.21676183   -0.20212502    0.00728208    0.08050060    0.09416716    0.01057563
KOUR   -0.00083907    0.23216271    0.07393118   -0.23044431   -0.05617925   -0.00128247   -0.03705630    0.05685629
KRGG   -0.01488403    0.02780791    0.01120444    0.03601842   -0.00281865    0.01408011    0.01986617    0.00396651
KSMV   -0.14448295    0.31791455   -0.13288337    0.06834284   -0.03346980    0.07480255    0.00365507    0.00646294
KSTU    0.01835456   -0.21225438   -0.00443854    0.03177458   -0.03018310    0.01832463    0.02099162    0.03559038
KUNM   -0.05750553    0.41254597   -0.00335679    0.11712796   -0.07339788   -0.01583781    0.00207195   -0.07278221
KWJ1   -0.29904337    0.08456580    0.22468753   -0.12777281    0.01825039    0.05054514   -0.04629960   -0.15872692
LAE1    0.69730728    0.68966863    0.01804037    0.17315559   -0.06341964    0.08921526   -0.25399503    0.01700151
LAMA   -0.06825314   -0.10570772   -0.03330903    0.01164821   -0.03424254    0.02782997    0.03502983   -0.03186316
LAUT    0.47310326   -0.00417309    0.18358139   -0.03375712    0.04309908   -0.05827489   -0.12777100   -0.01657887
LHAS   -0.63115458   -0.36450724    0.23538893    0.06512489   -0.16756142    0.05542262    0.05167729   -0.02438558
LHAZ    0.07593812    0.66991931   -0.09531940    0.21203702   -0.12977672    0.14324030   -0.06107482    0.00902359
LMMF   -0.07434556   -0.11442402    0.07746129   -0.07746482   -0.03502743    0.03480337    0.01583185   -0.01457896
LPAL    0.16019060    0.02993863    0.09205872    0.06519484   -0.01382897   -0.00470254    0.00350932    0.00500158
LPGS    0.03670427    0.18220700    0.07064765    0.00140236   -0.03179345   -0.01701428   -0.02924877    0.02545637
M0SE    0.11142159    0.06843104   -0.10889939    0.00277693   -0.03083595    0.00295367    0.01298739    0.00730496
MAC1    0.07262242    0.03766832   -0.01162863    0.01632805   -0.01692331    0.00641216    0.00262417   -0.00340606
MAD2   -0.00364569    0.05420464   -0.05130849    0.01421491   -0.01047420    0.01707091   -0.01024842    0.00987430
MADR    0.09776741   -0.04749070   -0.08486224   -0.02991639   -0.18412178   -0.07130135   -0.05393898    0.05711677
MAG0   -0.02450405    0.00890364    0.00571342    0.06092086   -0.03068545   -0.02802063    0.00720819    0.02874877
MAJU    0.28724948   -0.01396031    0.08369133   -0.04745711    0.00314295   -0.04421321   -0.02372151    0.00801266
MAL2   -0.22436325   -0.25059017   -0.18299853   -0.24658972   -0.17536629    0.03933231    0.13420612    0.15735846
MALD    0.22615476   -0.04906960   -0.22878380   -0.27238706   -0.22530391    0.00017149   -0.00931892   -0.03285829
MALI    0.24591760    0.33272828    0.04722300   -0.22020768    0.03471430    0.16065708   -0.09634823    0.12549563
MANA    0.14601662    0.68181186    0.34485145   -0.04851999    0.17327028    0.04809018   -0.01169616    0.00503906
MAS1   -0.64458193    0.45173368   -0.08767444   -0.03680193   -0.02245931    0.00843011   -0.02655919   -0.00574208
MAT1    0.01136282   -0.00058707   -0.07905826    0.00305821   -0.01769674   -0.01040301   -0.02229144    0.01542813
MATE   -0.00114657    0.00744353    0.00287937    0.07321326   -0.00033682   -0.01455644    0.02317646   -0.01403642
MAUI   -0.13294567   -0.02412827    0.01884644   -0.00220869    0.03347143    0.01734233    0.05745783    0.00202864
MAW1   -0.01736893   -0.00244959   -0.01203900   -0.02006747   -0.01173212   -0.00700170   -0.00767314    0.00152955
MBAR   -0.14112736   -0.17258252   -0.11210438    0.14041571    0.04673710    0.02963730   -0.08552312   -0.03625426
MCIL   -0.16049478    0.11453851    0.05119701    0.02353479    0.09599058   -0.01808005    0.00688054    0.02434641
MCM4   -0.09264420    0.02337594   -0.01783862   -0.01641365   -0.00828089    0.00731406   -0.00651542   -0.00001010
MDO1    0.11893305   -0.06425705   -0.04188476    0.04808544   -0.04265843   -0.01320079    0.00893140    0.00573262
MDVJ   -0.06589957    0.04044708   -0.00218191    0.01627636   -0.01226633   -0.02447719    0.01307513    0.01248927
MDVO   -0.11472190    0.28224963    0.03667802   -0.30576777   -0.06559788   -0.07866664    0.01299336    0.05928423
MEDI   -0.19231751    0.03775211    0.07897624   -0.08946209   -0.00431636    0.02178078   -0.02750865    0.01221958
METS   -0.14893950   -0.08742175   -0.00887408    0.05866674   -0.02018062    0.00539142   -0.00198009   -0.01624280
METZ   -0.08906932   -0.13551026   -0.04807073   -0.02199782    0.02003741   -0.00564286    0.01966771    0.01951662
MGUE   -0.11254027   -0.18835954   -0.11731143   -0.05675007    0.04354878    0.00680229    0.04920433    0.00636985
MIZU    0.12454079   -0.01669009   -0.06035381    0.09646014   -0.00294907    0.02762339   -0.01945432   -0.03095396
MKEA    0.02132312   -0.09342634    0.01619578   -0.02476422    0.01218281   -0.00557605    0.00439474    0.00149595
MNLS    0.02104940   -0.02146998    0.03086885    0.00084078    0.01865879    0.01673639    0.00846475   -0.00887608
MOBJ    0.13832374   -0.05573611   -0.01853146   -0.03952854   -0.01177153   -0.03147781   -0.00479404    0.00603351
MOBK    0.17363526   -0.09317708   -0.02014956   -0.05776786   -0.02020056    0.01356356   -0.01507787   -0.01008556
MOBS    0.02308992    0.16021011    0.03962122   -0.00481258   -0.00525085    0.01417318    0.00425738   -0.01030078
MONP   -0.02848967    0.00512103   -0.00956381   -0.00954266    0.00663042   -0.02359559   -0.00933918   -0.00645617
MORP    0.14231327    0.08698872   -0.04785975    0.02198481    0.00983341   -0.02515407    0.02434476   -0.00322681
MQZG    0.04534621   -0.00171399   -0.02247958    0.00313769   -0.02157975   -0.00332528   -0.02003583    0.02480525
MRO1   -0.24828076   -0.01384183   -0.00324308   -0.08151245    0.04877932   -0.04693115    0.00249786   -0.02926195
MSKU    0.14032998    0.18115776   -0.40441626    0.08976959   -0.22778809    0.04176855    0.21991793   -0.08059048
MTKA   -0.03698937    0.54916718    0.15053735    0.19000271    0.08221399   -0.01323005   -0.00461858    0.00055359
NAIN   -0.14260630    0.02175636    0.04714759    0.04134025   -0.00222683   -0.00883494   -0.00151353   -0.00138631
NANO    0.02586301    0.22487486   -0.06738099   -0.02947971   -0.00552747   -0.04251978    0.00956737   -0.01805784
NAUR    0.04839312   -0.22234412    0.01250573    0.08423331   -0.04854668    0.00913699    0.04854564   -0.01863476
NICO   -0.18153619   -0.21667505    0.05066548   -0.07301715   -0.00334579    0.00005040    0.01154919    0.01226611
NIST   -0.18956233   -0.14172678    0.04105444    0.03659748   -0.01886199    0.00338867    0.01275357   -0.06745447
NIUM    0.18284492   -0.05324373    0.01643749   -0.00778281    0.08964879   -0.04412905    0.06458945   -0.01919768
NKLG    0.12390413    0.22190299   -0.35347478   -0.23366847    0.21179181   -0.09278899    0.16971226   -0.01972264
NLIB    0.12788036    0.14859791   -0.00692432   -0.07580791    0.00440042   -0.03692626    0.03248346    0.05459411
NNOR   -0.04772071   -0.01221730    0.06148046    0.02808086    0.02248888   -0.02050915   -0.00120458    0.03845489
NOT1    0.06380319   -0.19587635    0.04201907   -0.14673842    0.01213626   -0.07406004   -0.03383254    0.05164423
NOTO   -0.09779567    0.09657183   -0.07045053   -0.18827900   -0.08625712   -0.08473963   -0.13019133    0.05567125
NOUM    0.11382535    0.30232446   -0.01530527    0.12685028   -0.11563465    0.06006672    0.04908822   -0.00835949
NOVM   -0.00688228   -0.12723329   -0.02943522   -0.06255110   -0.01959723    0.05773752   -0.02567034   -0.00188484
NRC1    0.13993125    0.12443995   -0.09815932   -0.01580877   -0.04747937    0.00366297   -0.00795511    0.00902580
NRIL    0.04498673   -0.07638535   -0.02376540   -0.04476131   -0.00253781   -0.00312928    0.02458509    0.01700471
NRMD   -0.04115566   -0.39448821    0.04239650    0.01182784   -0.07487454    0.02444227    0.03540278    0.01655767
NSSP    0.03159531    0.07654278   -0.12395038    0.12716977   -0.02228678   -0.22128726   -0.02716556    0.09575709
NTUS   -0.12120062    0.17707921   -0.07099379    0.00013495    0.03363120   -0.05764843   -0.00108685   -0.00313425
NURK    0.33533905    0.35775355   -0.44368306   -0.26706619    0.20248764    0.05749314   -0.14775971   -0.07310793
NVSK    0.32375283    0.02656775   -0.12591232    0.04090717   -0.04057459    0.05355562    0.17341417   -0.01186186
NYA1    0.04382768    0.03694536   -0.00725767    0.03686504   -0.02506947    0.00828414    0.01086901    0.00218865
NYAL   -0.06693878    0.05980315   -0.02903462   -0.03703493    0.03005838   -0.00703537   -0.00487362   -0.01388226
OHI2    0.06687202   -0.05019633   -0.01068246   -0.07470683   -0.00871190   -0.00197779   -0.02561535    0.00658046
OHI3    0.04608033   -0.04410798    0.01706609   -0.06949735   -0.00746708    0.00301426   -0.01401400   -0.01892413
OHIG    0.01339213    0.05311965   -0.04642449   -0.08109729   -0.02218482    0.03732372    0.02744674   -0.00718785
ONSA   -0.09421946   -0.02711594   -0.00864519    0.03613278   -0.03893169    0.06779568   -0.00468864   -0.04685725
OPMT   -0.14572841   -0.15859510   -0.03142153    0.07374404    0.03157902    0.07090073    0.01864016   -0.04887424
OS0G    0.08005546    0.03627820    0.00957306   -0.05258081   -0.00353942    0.01539835   -0.01929430   -0.07554600
OSN1   -0.05850982    0.28186657    0.04705398    0.00843345    0.04554112   -0.04675561    0.00333353   -0.05610870
OUS2    0.00324372   -0.03503099   -0.04780718   -0.00536359   -0.00036532   -0.01271242    0.01399778    0.00685723
PADO    0.04149034   -0.01087665   -0.03945664    0.07028732   -0.07213480   -0.04854858    0.11867973    0.09273663
PALM   -0.06029580   -0.03176688    0.01377887   -0.02489209    0.00135942    0.01536112    0.00222699    0.00722859
PALV   -0.04495313   -0.03359632    0.03895741   -0.01896471   -0.01465413    0.03529965   -0.02408187   -0.02213069
PARC    0.03162980   -0.07653023   -0.01670323    0.02745542   -0.00499756   -0.01786479   -0.01522506    0.01560052
PARK    0.09100588    0.03405021   -0.06002664   -0.01904026   -0.00938298    0.00947514    0.02591795   -0.02060998
PBRI   -0.17772222    0.04039481   -0.06721007    0.12357177   -0.21803737    0.08061917    0.00830720    0.03389878
PDEL    0.08699582   -0.03129052   -0.04094547    0.06865616    0.00650802   -0.03155625   -0.00179719    0.00018427
PENC    0.00193617    0.25987055   -0.09343354    0.00543889   -0.02378687    0.04565761   -0.02809491    0.00027161
PERT   -0.10380056   -0.07025385    0.01524284    0.02164848   -0.03878210    0.03238306   -0.00850118    0.00863450
PETP    0.06255274    0.00997914   -0.00330665   -0.08113024    0.00668999   -0.08336661    0.00276253   -0.02785299
PFA2    0.05338028   -0.08520607   -0.28634380    0.00014434   -0.02984830   -0.02122726   -0.00356507    0.02611753
PIE1    0.16941421    0.01507976   -0.05986940   -0.00183577   -0.02315180   -0.01329653    0.01460787    0.00735785
PIMO    0.24319282   -0.17249877    0.16307567    0.07267501    0.15409693    0.00591497    0.02296099    0.05612893
POHN   -0.12048028    0.14042734    0.16070954   -0.09373174    0.02821967    0.05036626    0.01465185    0.00704621
POL2    0.00612918    0.83605075   -0.47253314    0.04001703    0.07493065   -0.04040124    0.04693999    0.08779046
POLV   -0.00546642    0.01850932    0.01102135   -0.00414707    0.00478037    0.00316444    0.00641279   -0.04001075
POTS    0.05637141   -0.15626405    0.02880305   -0.03244562    0.00074614   -0.04622778   -0.01423175    0.00177184
POVE   -0.17055040    0.07056986   -0.26700574    0.07332182   -0.10743584   -0.09749006    0.00170791   -0.02480736
PRDS   -0.08886846   -0.01916652    0.12310884    0.00247572   -0.07355846    0.09123276   -0.05919133   -0.02713122
PRE1   -0.11795856   -0.13588306   -0.05990915    0.11271902   -0.04202645    0.03789021   -0.01893653    0.03696777
PTAG    0.10726919    0.02394591   -0.05321228    0.09336266   -0.12204641   -0.03682856    0.06638268   -0.01509768
PTBB   -0.09081399   -0.07843692   -0.02915974    0.05493847   -0.00133878   -0.01491429    0.03734568    0.00087878
PTVL    0.23898140    0.19895424    0.02524220    0.08374423   -0.04119681    0.03458507   -0.07727463   -0.00443267
PVEP   -0.15204616   -0.30840715    0.12387284    0.02836929   -0.13066564   -0.15462327    0.10533124    0.14893010
QAQ1   -0.02068739   -0.22319056   -0.12199287    0.02811630    0.04749969    0.05374217   -0.00570066   -0.00359950
QUI2    0.12805516    0.12851542   -0.03340364    0.14564629    0.00746605    0.08759426   -0.02875344    0.03544461
QUIN    0.23224490    0.02794671   -0.22929934    0.00147452    0.08417785    0.01702727   -0.06044664    0.00941937
RABT    0.07512214    0.28615528   -0.09295330    0.06434155    0.03222374    0.00446645   -0.05031743    0.02454743
RAMO    0.06545185    0.07749573    0.03278082   -0.02093270    0.01728016   -0.00094155   -0.00562747    0.00560333
RBAY    0.24296028   -0.18635554    0.01818231    0.02843423    0.02973544    0.02637079   -0.02071635    0.02187950
RCMN    0.01476451    0.07916722   -0.10674453   -0.04821446    0.02736663    0.01097791    0.12368236   -0.04494858
RECF    0.01764571   -0.15749812    0.12133156    0.00968193   -0.03816593   -0.06391598   -0.00626690    0.04400403
RESO   -0.12674339    0.05696134   -0.00234399   -0.04828968   -0.03353228    0.00860702   -0.02691939    0.00018447
REUN   -0.00566388   -0.28829299    0.07846114    0.02519816   -0.06306773   -0.07861111   -0.00297614   -0.04893904
REYK   -0.10192903   -0.01707188   -0.00314156    0.01603297    0.01154463    0.00192171   -0.00117371    0.01249882
REYZ    0.01161907   -0.02587759    0.03846390    0.06560899    0.02163374    0.00302088    0.00673180   -0.02962645
RGDG    0.03004960   -0.03494413   -0.00614415    0.00416410    0.01157070    0.00458346    0.03299827   -0.02433130
RIGA   -0.11191470    0.12629736    0.02556291   -0.01730910    0.04061969   -0.02151696    0.01644792    0.02910626
RIO2   -0.01197386   -0.00482624    0.01163102    0.02278151   -0.00577427   -0.01670760   -0.01453566    0.03051309
RIOG   -0.04970529   -0.05724024    0.02299286   -0.02777297   -0.03078989    0.00399307   -0.07332932   -0.05498821
RIOP   -0.38431816   -0.25071932    0.17166181   -0.02580330    0.07853264    0.18183469   -0.08303723   -0.04239644
ROSA    0.22931895   -0.12764950   -0.12385066   -0.03396913   -0.00934041    0.05986346    0.02884316    0.16215428
ROTH    0.12117117    0.01212030   -0.09214246   -0.06569108    0.04525819    0.00207186    0.01706596   -0.00823470
SALU   -0.21599951   -0.19725433   -0.18916706   -0.15783053    0.02542634   -0.01879561    0.05782697    0.07024976
SAMO    0.03459480    0.00905221   -0.02305253   -0.01686529    0.02653661    0.00002287   -0.07842141   -0.10996045
SANT   -0.47874248    0.26222766   -0.34244446    0.10981755   -0.05200804   -0.08439385    0.08001090   -0.00214734
SAVO   -0.04167461    0.14074227   -0.00960073   -0.03988514   -0.00870988   -0.01422507    0.02151912    0.01705191
SCH2    0.12308720   -0.18992056    0.01823122    0.05198608   -0.00609532    0.00687284   -0.00660036    0.01384903
SCOR    0.04605944   -0.00018340    0.03026659    0.02394013    0.02558372   -0.00461254    0.02288242   -0.00771944
SCRZ    0.20785298   -0.39014676    0.10625441    0.22232743   -0.00606397    0.06328281   -0.23163080    0.05758429
SCTB    0.04133764    0.04953514   -0.00024496   -0.00008737    0.00527219   -0.00116664    0.01321367    0.00189774
SCUB   -0.11723646   -0.31015714   -0.00866235   -0.12528679    0.00077520   -0.00286829    0.01645159   -0.01259760
SELE   -0.39661726    0.42995178   -0.27214828   -0.27695763    0.15451667   -0.01812018    0.00384520    0.06187421
SEY1    0.07992825    0.16507308   -0.05945599   -0.12008707    0.01603266   -0.16185778    0.06920186    0.05792575
SEYG    0.44535295   -0.15444903    0.03602536   -0.06559798    0.00916587   -0.09852697   -0.12481150    0.01824487
SFER    0.01763615    0.06309155   -0.09034763   -0.00579223    0.03917904   -0.01212737   -0.00603602    0.03390217
SHAO    0.19115252    0.13677573   -0.01541748   -0.01858368   -0.04772091   -0.03017364   -0.01312952    0.00076655
SIMO    0.10196871    0.00067950    0.03279301   -0.06507548   -0.01747747    0.05288350    0.08424555   -0.22295950
SIO3    0.00631492   -0.06791786    0.13558293    0.20016594   -0.06888372   -0.14856400   -0.01480175    0.02524892
SMST    0.41220175   -0.06813251    0.00827160   -0.14084029   -0.05901154    0.01909119    0.04564072   -0.00820159
SOFI   -0.20184170   -0.11708540   -0.00561140   -0.02084278    0.00470390    0.03981405   -0.01180926    0.04027722
SOL1   -0.01965921    0.01816361   -0.02987206    0.01930246   -0.00777663   -0.06807856    0.02856453   -0.05091848
SOLA   -0.38496466    0.23465064    0.07138067   -0.22963685    0.09791322    0.00207908    0.03592021    0.11468356
SPT0   -0.17621017   -0.04050469    0.01242087    0.01159651   -0.04969363    0.05165013    0.00718943   -0.04524811
SSIA    0.15693256   -0.27564986   -0.01006231    0.06662418    0.05523159   -0.06305833   -0.05794738    0.00832602
STHL    0.41778799    0.15971907    0.00022661    0.07238318    0.00891482   -0.03982779   -0.02099018    0.01331468
STJO   -0.10356909   -0.03842613    0.00849276   -0.01316608   -0.01334526    0.00593499   -0.01252449   -0.00090878
STK2    0.20870817    0.22241613   -0.04807558   -0.11133038   -0.00014256   -0.03240829    0.00489721    0.06234131
STR1    0.06861777    0.14326451   -0.01364361   -0.02060795   -0.01223554   -0.02375455   -0.00488514    0.01072882
STR2   -0.14402022    0.01766802   -0.00302998    0.02642144    0.01432488   -0.02396516   -0.02302676   -0.00140054
SUNM   -0.12679879   -0.16913235   -0.08173352   -0.10074739   -0.11686321   -0.00117356   -0.09093387   -0.06512155
SUTH   -0.07665612   -0.06922352    0.01523275   -0.02522456   -0.00011684    0.00254486   -0.00330534    0.00591376
SUTM   -0.01364456   -0.12898417    0.02903003    0.01488406   -0.00123395    0.01360202    0.00446273   -0.01986748
SUTV    0.08128360   -0.03979981    0.00804325    0.02134355    0.00032880    0.00849768    0.00428935   -0.02988084
SUWN    0.22127286    0.16619624   -0.01872362   -0.03173046    0.03296118    0.02458566    0.00706362   -0.01776207
SVTL   -0.10445489   -0.18837868   -0.07510285    0.06083389   -0.02910008    0.00254087    0.04035565   -0.02841574
SYDN    0.02448252    0.21187224   -0.00077152   -0.00650505   -0.01363868   -0.01360480   -0.00705724   -0.02221503
SYOG    0.00025257   -0.02976463    0.03835257   -0.01078867   -0.02248922    0.03587414    0.01509321   -0.01075572
TABL    0.03481151   -0.03059212    0.00184014   -0.02893473   -0.00811628    0.01936743   -0.01647927    0.00015595
TABV    0.08468805   -0.02656969   -0.01067228   -0.00814891    0.03348623    0.00460028    0.03656533   -0.00228702
TAH1   -0.13648853    0.04324942   -0.06578956   -0.13233242    0.06827198    0.00590227   -0.01822883    0.00960933
TASH   -0.28907286    0.26131100    0.18102170    0.05139540   -0.08824572    0.04461260    0.01612341   -0.01976025
TCMS    0.44964476    0.33317915   -0.01536139   -0.35064564   -0.15417100   -0.48049637   -0.08275053    0.16776573
TEHN    0.09355973    0.38201646   -0.24698141    0.24066547    0.40136783    0.31397846    0.02492295   -0.07715934
THTG    0.23406145    0.13188271   -0.09903734   -0.11378380   -0.12641242    0.02007794   -0.10417340   -0.06022457
THTI    0.04380833    0.23041712    0.08345962    0.09605836    0.00742219    0.04817328   -0.05161601    0.04378986
THU1    0.10300341   -0.08668920    0.00460509    0.04446770   -0.01572295   -0.02257187   -0.03363470   -0.04973065
THU2   -0.03905785    0.03362968   -0.01683691    0.04029700    0.05648701    0.03491239   -0.00388589   -0.02505814
THU3   -0.07445709   -0.04495621    0.00473781   -0.05619402   -0.01556972   -0.05374160   -0.02090819   -0.00683328
TID1   -0.13417804   -0.08900478   -0.00733684    0.00156985   -0.00309894    0.01666304    0.01573797    0.00696657
TIDB    0.07990510    0.11053453    0.00150337   -0.01252441    0.00843779   -0.01446482    0.01230251    0.01222681
TITZ    0.10240293   -0.01853571   -0.03486973   -0.07859669    0.01399455   -0.04505764   -0.01404990   -0.00661000
TIXG    0.00547306   -0.00732603   -0.00916634    0.00907730   -0.02983911   -0.00366285    0.00709983    0.03660066
TIXI    0.04043649   -0.03574096   -0.03205225   -0.00586008   -0.01418561    0.02982052   -0.00612721   -0.00485717
TIXJ   -0.11422744   -0.07550902    0.01231671   -0.09660065    0.05813707   -0.03274708    0.02223599    0.02541449
TLSE   -0.20164428   -0.07786008    0.08623330    0.04508786   -0.05912444   -0.02628250    0.03225258    0.03927588
TN22   -0.20089410    0.09635028   -0.03015866    0.00837297   -0.02568479   -0.06185532    0.00622804    0.06465572
TNML   -0.22275716    0.44663834    0.21650771    0.19534868   -0.14444484    0.39900570    0.12054781    0.16376444
TONG    0.11280489   -0.05838456    0.05947740   -0.03301592    0.09457685   -0.12149500   -0.05744419    0.14493054
TOUL   -0.02149366    0.09095520    0.17240792    0.02326245   -0.01956660   -0.02631761    0.01416604    0.06817182
TOW2    0.07369064   -0.05776431   -0.03645263    0.18765064    0.07520489   -0.00505812    0.06512425   -0.02719324
TRAB   -0.34631864   -0.60763184   -0.34877402   -0.19818509    0.04320293    0.10505741   -0.05686775   -0.23663592
TRO1   -0.15074589    0.24482166   -0.01938564   -0.02220016   -0.02532644   -0.03153498    0.01863587   -0.00345515
TROM   -0.22215160    0.00462662   -0.00117359   -0.00718059    0.01535483    0.00995142    0.02272051   -0.03188295
TSEA    0.22646854   -0.02297156   -0.01105153   -0.04601100    0.02947354   -0.00793016    0.05967336    0.04283110
TSKB    0.33413432    0.10932969    0.03900043   -0.11039630   -0.06399627    0.03845114    0.02523577   -0.00370842
TUVA    0.36403292   -0.10838745    0.00477646   -0.04245957   -0.00474752   -0.05058267    0.04982990    0.04086665
TWTF    0.33048501    0.17127170   -0.25010785    0.10858020    0.10872634    0.16202833   -0.04164734   -0.08667961
TXES   -0.17632634   -0.22869067   -0.08964300    0.06195535    0.07279488   -0.06558095   -0.08040805    0.03749481
UFPR    0.19826690    0.02301245    0.02530828   -0.01830011    0.03706537    0.00723103   -0.04902848   -0.02618221
ULAB    0.06320945   -0.01208397   -0.06313632    0.03167239    0.02663174    0.02877089   -0.01380011   -0.01060730
UNB3   -0.20141847   -0.05391575   -0.03116217    0.01878018    0.00077969    0.01927423    0.01603737   -0.00361476
UNBJ    0.11719521   -0.09432007    0.02598949    0.04340939   -0.01428882    0.00227990   -0.01606230    0.00911802
UNBN   -0.22286478   -0.08299518   -0.01793207   -0.01547735   -0.06013704    0.02942496    0.05363572    0.01270516
UNSA   -1.56311957   -0.16744761   -0.18035935   -0.32957219    0.18702197    0.20929321   -0.02924697    0.00877675
UNTR    0.17805051   -0.14388081    0.12045375    0.07547045    0.03013108    0.03447834   -0.00970447   -0.00549178
URUM    0.13261571   -0.04043526    0.06632419   -0.29738815   -0.02582570   -0.08382095    0.01960699    0.02503563
URUS    0.17072874    0.13545836    0.01674043    0.05874667   -0.14934770   -0.01979358   -0.02151820    0.00322950
USN3    0.08197535    0.03495833   -0.01574832    0.02490142    0.07826123    0.01549123    0.03354759   -0.04281038
USNA   -0.01356889    0.00111286    0.04108321   -0.01110800   -0.00563871   -0.04854679    0.02625754   -0.06090249
USNO    0.02501246   -0.06080994   -0.00053662   -0.01694597   -0.04051531   -0.08679349   -0.00134487   -0.06919498
USUD    0.43898717    0.12050864   -0.09702933   -0.08267644   -0.05273794    0.02466047   -0.00993056    0.03793063
VACO   -0.25065456    0.10445750    0.04790257   -0.02334050    0.03353492   -0.00983942   -0.01833597   -0.00438837
VALD   -0.07078654    0.08635967    0.06224919    0.06968519   -0.00962244    0.00553851    0.00691238    0.01395359
VENE    0.14367912    0.21321011    0.18708745   -0.03049740    0.05719323   -0.09375741   -0.03216130   -0.02056191
VESL   -0.18978834    0.02734489   -0.03930092   -0.01400465    0.00736007    0.00919939   -0.01918374   -0.01388097
VIL0   -0.06537759   -0.11715358   -0.06088922   -0.02968938   -0.00599300    0.00465464   -0.00400011   -0.00824185
VILL   -0.02930415    0.06755525   -0.03762705    0.03422804    0.03956290   -0.00615347    0.01733666    0.00687590
VIS0   -0.06884244    0.09370835    0.06596547   -0.00931757    0.01326697   -0.03927910    0.02102692    0.02298633
VNDP    0.17811091   -0.09845023   -0.14494400    0.07779281    0.03308461    0.00501702    0.00342335   -0.02678652
VOIM    0.20399218   -0.03968476    0.25035945    0.04806390   -0.11199730   -0.02530310   -0.06252282   -0.07254035
VTSP   -0.03878884   -0.00454398   -0.00921023   -0.10132379    0.03026529   -0.00192621   -0.02559315   -0.03153505
WARK    0.07554989   -0.05779537   -0.00870782    0.02192849   -0.00625415   -0.00878150   -0.01381932    0.00591612
WDC1    0.07773426    0.02237793   -0.00672332    0.02832197    0.03680616   -0.01080598    0.01614154    0.03167903
WDC3    0.13483619   -0.05713574    0.09095526    0.08706068    0.04097534   -0.06322644   -0.06049696   -0.03391519
WEL1   -0.00974376    0.09242108    0.00430579   -0.07006551   -0.01923111    0.02854128   -0.00538923    0.01782444
WES2    0.12000047    0.11408876   -0.12178828   -0.03928635    0.02572109   -0.06150388   -0.00462007    0.05171570
WGTN   -0.02341638    0.04664768   -0.02706847   -0.03918915   -0.00420074   -0.00111721    0.01187771   -0.00242007
WHIT    0.00571774   -0.01900742   -0.02330474   -0.01539585    0.00523704   -0.03108674    0.02370204    0.00719125
WILL   -0.02285541   -0.03787351   -0.02429885    0.03834024    0.00596699   -0.01438823    0.00484744    0.00149705
WIND    0.02659836    0.20746617    0.01542904    0.08544503   -0.05454464   -0.00223468    0.04167466   -0.04266303
WROC   -0.14623924   -0.09648893   -0.03494742    0.00978691    0.00371832    0.06815388    0.00481991   -0.03083271
WSRT    0.09532615    0.06488729    0.00170917    0.01646913    0.00674471   -0.01393404    0.01502088    0.00094804
WTZA   -0.03108062   -0.12481658   -0.01738902   -0.06431898   -0.03355144   -0.01390675    0.00252185   -0.00753407
WTZL    0.17111058    0.19116515   -0.02356302    0.00210920    0.00906411    0.00423172   -0.02310142    0.00350234
WTZR    0.13880653   -0.06798661    0.05292893    0.04941688   -0.00878408    0.01518550   -0.00488845   -0.00777374
WTZZ   -0.18118443   -0.01032059   -0.00445949    0.06050492    0.01558916   -0.00623007    0.01579561   -0.01693667
WUHN    0.18050324    0.08062084   -0.04860210   -0.07869821    0.01561088   -0.01507944   -0.01417655   -0.01464352
XIAN   -0.40376816   -0.63735983   -0.16739786   -0.18121377   -0.14751281   -0.05697117    0.03181309    0.11501952
XMIS   -0.32634534   -0.17438005    0.07488770   -0.07993910    0.02227356   -0.02525725   -0.00257763   -0.01394107
YAKT   -0.23472863    0.29686148    0.07272385    0.08206763   -0.10070782    0.00632047   -0.11178325   -0.02407688
YAKZ   -0.08149498    0.07786563   -0.13822597    0.18081681    0.00508406    0.06852432    0.00362626    0.00287677
YAR1    0.04641180   -0.00620347    0.15337604    0.04756425    0.03925264    0.00136221   -0.01685165   -0.00830522
YAR2   -0.04162920    0.02973736   -0.09560160    0.01029683   -0.02143252    0.01541729    0.02127362    0.02210218
YAR3    0.03114905    0.03388012    0.10917556    0.03220987   -0.02238965   -0.02446592    0.00383779    0.04091818
YARR    0.04021125   -0.08340659   -0.07886232    0.06302133   -0.01695881   -0.02537856    0.03501896   -0.02303507
YCBA    0.02319869    0.24739352   -0.14454317    0.12062389    0.03706221   -0.05109383   -0.05338242   -0.05715053
YEBE   -0.08854713    0.10936868    0.03192987    0.01424464   -0.00632043   -0.00642322   -0.01630466   -0.01326828
YELL   -0.10590191    0.01337922   -0.02431777    0.07849326    0.05651220   -0.01110554    0.00465342    0.04800799
YIBL    0.95354776    0.33434525    0.34278969    0.02925838    0.05713136   -0.04335632    0.06605021   -0.07764609
YKRO   -0.23866837   -0.32857983   -0.17275255    0.16688633    0.20251013    0.20338171    0.02951349    0.07402225
YSSK    0.05355254   -0.06889741   -0.02554537    0.00372235   -0.03632837    0.03953153   -0.01039629   -0.00183790
ZAMB   -0.22076249   -0.00154442   -0.06947344    0.00476971    0.02436495    0.01976944   -0.02709511   -0.01613544
ZECK    0.14857200    0.18548747   -0.03091158    0.06316115   -0.01219827   -0.00522252    0.00071598    0.01475632
ZIM2    0.04083088   -0.07771119   -0.03543626   -0.08048098    0.00357052   -0.01108125   -0.01033945   -0.01877748
ZIM3   -0.06282285   -0.05124956   -0.03766514    0.06168017    0.00629403    0.04388337    0.00765491   -0.07063751
ZIMJ    0.04257548   -0.09180846    0.07187533    0.03402365   -0.00501540    0.04629672    0.00397797    0.02192971
ZIMM    0.05820584   -0.05610864   -0.06297014    0.06155142   -0.02888350    0.03999927    0.02600983    0.00249016
ZWE2   -0.00715885   -0.17837190   -0.03789375   -0.01218322    0.04311288   -0.01334899   -0.00522793   -0.01847090
ZWEN   -0.27857932    0.44347247    0.08535384   -0.06203112   -0.04359009    0.06912089    0.05313762   -0.05203534
