name cos1 sin1 cos2 sin2 cos3 sin3 cos4 sin4
ABMF   -0.22045951   -0.14927627    0.02093423   -0.11479925   -0.05424908    0.08410400   -0.04310912    0.03755420
ABPO   -0.02777291   -0.05266469    0.04264289    0.13186630   -0.03080040   -0.00038598   -0.02395400    0.01285706
ADE1   -0.02912557   -0.02773408    0.00985877    0.04496770   -0.01510976    0.01619230   -0.01736106   -0.03577134
ADIS   -0.02218505    0.31952205   -0.03766003   -0.11961724   -0.21454345   -0.09437388    0.12941185    0.00589210
AIRA    0.38742132   -0.09568493   -0.03446482   -0.02733453   -0.05452263   -0.05519377   -0.03097888   -0.02204334
ALBH   -0.12008630   -0.08339503    0.05132780    0.03249264   -0.01496234   -0.02811775    0.01310544    0.02235645
ALGO   -0.19030029   -0.02034723   -0.12805032    0.01568730   -0.01044120   -0.03040200    0.02345486   -0.00357808
ALIC   -0.11652619   -0.01715015   -0.08225673    0.01962770   -0.03187278   -0.02960789    0.03107164    0.02212033
ALRT   -0.06537752    0.03698250    0.03433759    0.05752978    0.03716333   -0.00083334   -0.02309592   -0.02479651
AMC2    0.06446989    0.46708855    0.16276015    0.00448045    0.05100299   -0.02240213    0.00962093   -0.04927328
ANKR   -0.38499606   -0.18500081   -0.08923879   -0.09664174    0.01574418    0.05835775    0.00155734    0.00309994
ANTC   -0.05404126   -0.22567973   -0.09744067    0.09816928   -0.01535399   -0.09582898   -0.01289038    0.06020398
AOML    0.05554543    0.64465669    0.11726884    0.04777301    0.01032730   -0.06972230    0.00186383   -0.19823668
AREG    0.68874591   -0.12217088   -0.44497162   -0.11047367   -0.25682441   -0.13895202   -0.01039266   -0.10581071
AREQ    0.12231148   -0.41640500    0.42478995    0.17851857    0.31129770   -0.00645403    0.07296782    0.02729308
AREV    0.18050899    0.40084851    0.39851633   -0.01889900   -0.13326782    0.09455163    0.14093717   -0.06065785
ARTU    0.05848956   -0.06706106   -0.00300450    0.09878957   -0.00260288   -0.01554054    0.03289946    0.09470399
ASC1   -0.27217379   -0.32121170    0.02591578   -0.14585356    0.01300191   -0.00061874   -0.05611213    0.01134550
ASCG    0.25288357   -0.47497450   -0.03238630    0.19659126   -0.02122569   -0.00491542   -0.01685425   -0.02610309
ASPA   -0.19402566    0.05048099   -0.00340342   -0.08962999   -0.05108413    0.02296790   -0.00942409    0.00135887
AUCK    0.10203765   -0.03469620   -0.00651881    0.00653209   -0.00206696    0.02175713   -0.00354499   -0.01024227
AZGB   -0.01235312   -0.01127589   -0.06677281    0.03511161   -0.03532296    0.01568671    0.00080722    0.01127850
BADG    0.05496869    0.39582719    0.04825700   -0.08151305    0.02504482   -0.02888985    0.00685238   -0.04282757
BAKE   -0.03760257    0.11641985   -0.00530598   -0.05007784   -0.00387612   -0.00919961   -0.00350230   -0.02979384
BAKO    0.04438334    0.38330730    0.03944346    0.07492788    0.03388800   -0.09581111   -0.13723189   -0.02744137
BAN2   -0.15219344    0.32606320    0.27546520   -0.17002354   -0.00587161    0.01058819   -0.07237094   -0.01223589
BARH    0.02608820   -0.07711465    0.06820086   -0.00034504    0.00340316   -0.01351239    0.00562972    0.01100310
BDOS    0.25573326    0.08722774   -0.07321499   -0.08387535   -0.08172936   -0.01299618   -0.00077874    0.05347497
BHR1    0.31019485    1.04938426   -0.05970309    0.09458091   -0.13827894    0.32867044   -0.34243959    0.04771859
BILI   -0.02826101   -0.12368709   -0.01669369    0.00763700   -0.02310204   -0.03356873   -0.02127539   -0.04570500
BISK   -0.08011538   -0.15318639   -0.02496732   -0.00891610   -0.00189762    0.01499109   -0.01965846    0.00451771
BJCO    0.26166893   -0.12754502   -0.24901096   -0.33301818    0.25683468    0.23560676   -0.09809961    0.04333337
BJFS    0.14364164    0.15502316    0.09332998   -0.04678162    0.18723489    0.07311254    0.00410846   -0.10383479
BJNM    0.22719509   -0.19991845   -0.21903613    0.11787663   -0.15144964   -0.04052367    0.15496679    0.02054162
BNDY   -0.11189518   -0.12208344    0.03590970    0.02977872   -0.01505422    0.03163875   -0.04613505   -0.02717869
BOAV    0.14672834    0.05432807    0.11070982   -0.31064148   -0.02590173    0.08448185    0.05272118   -0.02223041
BOGO   -0.17742447   -0.11748700    0.01020673    0.03770554   -0.02039420    0.03296831    0.02089640   -0.01235700
BOGT   -0.10638589    0.17437842    0.06802660    0.06615453    0.03694372   -0.03021148    0.01995426   -0.03399540
BOR1    0.12944011   -0.08482396    0.02486672   -0.01380848    0.05405271    0.01688476    0.03404696   -0.03702210
BRAZ   -0.23125976   -0.00836381   -0.08469831    0.04246679   -0.07668110    0.00656665   -0.02836737    0.03233783
BREW    0.26179578    0.02488903   -0.10474849   -0.37120145    0.06141718    0.03242480   -0.02317652   -0.04038980
BRFT   -0.66521732   -0.19312344    0.07654919    0.10201375   -0.01453544    0.11152206    0.03907809    0.02954306
BRMU    0.09010433    0.12347471    0.00796886   -0.07620444    0.00047326    0.03167091   -0.01899373   -0.00482274
BRST   -0.15934427   -0.07087035    0.02139713    0.04564876    0.00197053    0.00356867    0.01122839    0.00051999
BRUS   -0.01044505   -0.00997140   -0.02026208   -0.03899064    0.00852765    0.03462617   -0.00345283    0.01468961
BRUX   -0.16758969    0.02091270    0.05241992    0.01822728    0.03457107   -0.00719105   -0.03139485    0.01214717
BSHM    0.12855578    0.18104504    0.08755991    0.07279073    0.09065657    0.00118592    0.00598467   -0.03126806
BUE2    0.08484204   -0.16522259   -0.03724380    0.01038886   -0.11217251    0.09936323   -0.01969904    0.00912206
CAGL    0.33907334   -0.23075526   -0.02713226    0.04988243   -0.02944989   -0.01705977    0.00916097    0.03035132
CAGS   -0.08513864   -0.02777540   -0.08891551    0.02155256   -0.01087455   -0.04661697    0.01968082   -0.01285773
CAGZ   -0.09128662   -0.22550927    0.03484567   -0.01168135    0.02681046   -0.06917873   -0.00720789    0.02641438
CALL   -0.27422879   -0.53265929   -0.09958320    0.30770780    0.23640499   -0.17925697   -0.08473022   -0.02510808
CARR    0.17500484    0.48431299   -0.10413165    0.33788793   -0.04610232    0.04167354   -0.04002634    0.06103294
CAS1   -0.00794563    0.02075798   -0.02238514    0.00190584   -0.02234283    0.01208368    0.00306163   -0.00159668
CCJ2    0.07066465    0.30877843   -0.00414812   -0.11427035    0.09453375   -0.00318003   -0.04894884   -0.00163420
CCJM    0.09140090    0.29911827   -0.08609332   -0.04400685   -0.00408329   -0.00430284   -0.01132357   -0.00828302
CEDU    0.08370933    0.28551298    0.01773898    0.02212965   -0.02452800    0.01867707    0.04395173    0.01040117
CFAG    0.13140620   -0.00094232    0.21077487   -0.23917194    0.04556757    0.06755440   -0.01080823   -0.05983294
CGGN    0.16154473    0.35415858   -0.31919587   -0.15716498   -0.05951191    0.42144339    0.07075846   -0.01064884
CHAN    0.10727100   -0.12940639   -0.05894886   -0.05132978   -0.04327324    0.01370722   -0.01777565   -0.00759341
CHAT    0.08460485   -0.15161678    0.04536731   -0.00442323   -0.00557483    0.04120208   -0.01379939    0.01738061
CHPG   -0.51906717   -0.14923098    0.12590052   -0.20459412    0.10273658   -0.01410240    0.00031911    0.03413336
CHPI   -0.02338074    0.31034748   -0.09533486    0.12162338    0.07595240    0.08555968   -0.00403368    0.01753785
CHTI   -0.06344537   -0.08801626   -0.03942403   -0.01370033    0.01020997   -0.03583582   -0.00086234   -0.00766623
CHUM    0.12646127    0.11446866    0.51157738   -0.23308854   -0.10955684   -0.13424555    0.01413690   -0.11327010
CHUR    0.05138273    0.10693665    0.01575695   -0.00270418    0.00782603    0.01794598   -0.01345512   -0.00747270
CIC1   -0.03291929    0.06689400   -0.18550978   -0.12121670    0.11094019   -0.03664091   -0.02535929   -0.01223818
CICE    0.17556751   -0.33112233   -0.15212157   -0.07007797    0.04255285   -0.02170004    0.02152559   -0.05181428
CKIS    0.09400136   -0.03692018    0.01735911    0.05097918    0.01698228    0.07054580    0.09555170   -0.02782573
CNMR   -0.01149310    0.08011461    0.17209451    0.10524416    0.03656309    0.10437715    0.03071967    0.00016496
COCO   -0.08194646   -0.16862312    0.03005308    0.09716849   -0.02832317    0.00901563   -0.01114626   -0.02300432
CONZ   -0.04317697    0.10538156   -0.04159857    0.01891356    0.00818218    0.03249503    0.04040776    0.01128957
CORD   -0.01074456    0.22105416    0.12026155   -0.18642134   -0.08568509    0.07126914    0.05813721    0.05591377
COYQ    0.09756627   -0.00998975    0.01770774   -0.00993321    0.04716396   -0.02786392    0.00825635   -0.00045652
CPVG    0.05898409    0.11983938   -0.06144511   -0.14794009    0.09121748    0.01310747    0.05462908    0.02263744
CPXF   -0.03057296    0.06583681    0.01129993    0.00071313    0.01172411   -0.03042951    0.02626485   -0.03083948
CRAO   -0.00112266   -0.23860922    0.02098980   -0.08943144    0.05796220   -0.01108316   -0.00784976    0.04623472
CRAR   -0.07355731   -0.06843634   -0.03352979   -0.01060421   -0.00910058    0.01182357   -0.00376899   -0.00222848
CRO1   -0.12744920   -0.27138931    0.00066414   -0.02829906    0.04689912   -0.09019330   -0.00723446   -0.03678037
CTWN   -0.03024853   -0.04661720    0.03108745    0.04173195    0.03955341   -0.02463759   -0.02417958    0.12219963
DAEJ    0.14606425   -0.18822847    0.07737663    0.05979927    0.02760543    0.04281718   -0.00563308    0.00602056
DAKA   -0.20590171   -0.10696616   -0.08404500    0.06256723    0.01552331   -0.09815160   -0.00201280    0.04622635
DARW   -0.23730628   -0.52137222    0.22224554    0.29840006   -0.09744341   -0.04911596    0.02597807   -0.01848120
DAV1    0.06947257   -0.03319439   -0.04607060    0.00878467    0.00308412   -0.00136251   -0.00669294   -0.00409723
DAVR   -0.01809121   -0.10138532    0.02740301   -0.00586676    0.01711794    0.01760530   -0.00564235    0.01122639
DGAR   -0.06458620   -0.08317840   -0.10157466    0.03898612    0.08476353    0.07221043    0.00351983    0.03451222
DGAV    0.02841319    0.18626672   -0.01578001   -0.10088382    0.07105969    0.01058905   -0.01691872   -0.01520229
DRAG   -0.83500521    0.03617996    0.30045067   -0.14771331   -0.13987499    0.07876640    0.04024152    0.02560079
DRAO   -0.02725485   -0.18135669   -0.33893951    0.08079831   -0.01043624    0.00668494    0.05358718   -0.01452498
DUBO   -0.06060520   -0.07271063    0.03756536   -0.02896468   -0.00669137    0.04208592    0.03965251   -0.01576435
DUM1   -0.02432811   -0.05715764   -0.01181194   -0.04749553   -0.00842411    0.01412861   -0.02604513    0.01642845
EIL1    0.08474989    0.01775130   -0.00419227    0.03342879   -0.05199547    0.01826389    0.03458385    0.04099734
EISL    0.00402972    0.38242270    0.14279386   -0.00093190   -0.12654656   -0.07929812   -0.00135983    0.03107694
EPRT    0.00285324   -0.14423699    0.02615680   -0.00817506    0.01532015   -0.03076619    0.01258384   -0.00073793
ETAD   -0.31362451   -0.20588317   -0.05574933    0.20914260   -0.30193247   -0.00529602    0.16244133    0.23974436
FAA1   -0.08178684    0.28204320    0.00044147    0.07949021   -0.06738342   -0.00093160   -0.02246633   -0.08073487
FAIR    0.03327459    0.04146577    0.00280771   -0.01790234    0.03058103    0.04760424   -0.07383765   -0.00319905
FAIV    0.05165583    0.10154163   -0.08908538   -0.09204254    0.02973843    0.08176757    0.02160150    0.00838652
FALE    0.06547212    0.12986690    0.04170550    0.07754230   -0.00753997    0.00982878   -0.00716053    0.08041572
FLIN    0.17548070    0.13486684   -0.07483058   -0.02680464   -0.02729163    0.00303438   -0.00392739    0.01926517
FLRS    0.13601500   -0.01161472    0.07569017   -0.06099062    0.04185644    0.00940462   -0.02832548    0.00581938
FORT    0.00405587    0.88790090    0.15364101    0.11413050    0.12459557   -0.01422189    0.06184717   -0.12757932
FRDN   -0.18508347   -0.09524124   -0.05252766    0.04310036    0.00563503    0.01613893    0.02340383    0.00211470
FTNA    0.32539903   -0.02151555    0.02707374   -0.08116497   -0.17303693    0.07062592   -0.05439787    0.02221110
FUNC    0.41238989    0.10358087   -0.07780056   -0.01325512   -0.05292312    0.06306909   -0.02333475   -0.07493219
GALA    0.02697009   -0.20077328    0.14622381    0.23919488   -0.33323983   -0.12757926   -0.04521336   -0.01307160
GANP    0.08649981   -0.11768067   -0.04808272   -0.01162927    0.01226027    0.02236590    0.03295535   -0.00800328
GLPS    0.13046753    0.03012700   -0.06321845    0.35411245   -0.05228914   -0.17391868    0.01428920   -0.16830221
GLSV   -0.08346888    0.05552890   -0.01847606   -0.00241473   -0.00297932   -0.03438889    0.02557324   -0.00605747
GMAS    0.05676986   -0.75103572   -0.01266141    0.11036373   -0.04902551   -0.00107192    0.06820041    0.14249925
GMSD    0.08951452    0.28595073    0.11370733    0.02243934   -0.02556842   -0.04198078    0.01665313    0.02811559
GODE   -0.41103237   -0.10700759    0.01817229    0.06492625   -0.06024812    0.00600811    0.01343688   -0.00476137
GODZ    0.09138066    0.25551849   -0.05422212   -0.02226851   -0.04805747   -0.04858272   -0.01896654   -0.01661448
GOL2   -0.02523058    0.02402771   -0.01402861    0.01793173    0.02993067   -0.01211384    0.03329961   -0.04632389
GOLD   -0.08828108   -0.00707717    0.02765913    0.02121962   -0.06137793   -0.01107346    0.00535305   -0.00483115
GOPE    0.12153490   -0.10727103    0.06069342    0.01571186    0.01482022    0.03691083    0.01787822   -0.00787837
GOUG   -0.18284125   -0.00937459   -0.04063438   -0.00774783   -0.01115727    0.09588541   -0.01757040   -0.00577142
GRAS    0.08168126   -0.12503781    0.06377112    0.04990335    0.01357787    0.00817628   -0.03331413    0.00614151
GRAZ   -0.04480130   -0.08980301   -0.04190960    0.07266869   -0.02368020   -0.01677034    0.02638980    0.02143769
GUAM   -0.37364207    0.00129018    0.12963497    0.01192336    0.01128476   -0.14729261    0.00604239   -0.00672548
GUAO   -0.43065344    0.14618462   -0.23874700    0.14688323   -0.00057852   -0.12198523    0.05873368   -0.06024766
GUAT    0.26864819   -0.05465782   -0.00538902    0.00420235   -0.05968061    0.00151497   -0.02740513   -0.04692859
GUUG    0.09359980   -0.01767656    0.11041988   -0.01037901    0.07408094   -0.00336087    0.02958027   -0.03596445
HARB    0.04710632    0.10238654   -0.04818149   -0.06341478    0.05370316    0.07202110   -0.00580678    0.00956939
HERS   -0.00312926   -0.03305067    0.00939291    0.02532943    0.05062429    0.01779426   -0.03466693   -0.02161262
HERT   -0.04792592   -0.00521166    0.03046774   -0.01879725   -0.05084519   -0.03244537    0.04663618   -0.00597066
HLFX   -0.09226848   -0.06987096   -0.04680358   -0.01757458   -0.00509706    0.00251190    0.01473449    0.01159774
HNLC    0.09922260   -0.03556102    0.10520507    0.06350481   -0.01914712    0.11638085   -0.04604445   -0.00626497
HNPT   -0.13230613   -0.12038689   -0.00917800    0.06728455   -0.00748303   -0.05739677    0.01494777    0.04367965
HOB2   -0.12465968   -0.11239700    0.02055074   -0.02306520    0.00221265    0.01824389   -0.00366422    0.00439322
HOFN    0.12111425    0.02520556    0.00854430   -0.02624509    0.03070301    0.00932055    0.00476725    0.01414987
HOLB   -0.00745580    0.04145888    0.07657110    0.03031772   -0.04070294   -0.00911780    0.00946889    0.01599669
HOLM   -0.05944571   -0.07943697   -0.06810356   -0.00708953    0.00876235    0.00084006    0.01774270    0.00859078
HRAO    0.14362693    0.04587715   -0.06982276    0.09163686   -0.00915734   -0.09898158   -0.01008089   -0.03357587
HRM1    0.00749489   -0.06651678    0.03072668   -0.01330569   -0.06410417   -0.03088011    0.01788383   -0.00791604
HYDE   -0.14994408    0.10972888    0.36286544    0.23723664    0.02842190   -0.05709980    0.04186301    0.07848964
IDDR    0.01003189   -0.09514560    0.18600285    0.05504292   -0.06425135    0.05120566   -0.01477065   -0.03709353
IISC   -0.10963554    0.36819680   -0.00360263   -0.15020696    0.01102032   -0.00275977   -0.01455655    0.09095706
ILHA    0.27977656   -0.22040627   -0.03916138    0.06521606    0.03338025   -0.01553140   -0.02254060   -0.08526768
IMPZ    1.21140536    0.26091802   -0.20084871   -0.27580245    0.02346190    0.21659329    0.02549078   -0.11046345
INEG    0.04823257    0.30898807    0.01508571    0.01195900    0.04303487    0.06659703   -0.04306484    0.00185796
INVK   -0.07348899   -0.02123383    0.04881771   -0.06294209   -0.02582128    0.03865835   -0.02245052    0.01507740
IQAL   -0.01249447   -0.04121479   -0.03496174   -0.02065364   -0.00757646    0.00863887   -0.00173505    0.00312416
IQUI    0.22780848   -0.12158477   -0.06079865    0.09587759   -0.15799656    0.02306032    0.03319980   -0.08036250
IRKJ    0.07540543    0.06312511    0.03899393    0.08557042    0.00027040    0.01655675   -0.05750739    0.01650595
IRKT    0.12086228   -0.15192187    0.13786260   -0.03207322    0.01240048    0.01685035    0.02184542   -0.06058212
ISBA   -0.50914352   -0.41626351    0.01128248    0.24585563    0.02388634   -0.07446676    0.01028133    0.01859095
ISPA   -0.18623113    0.01316753    0.01184799   -0.07561341    0.00339979   -0.02031641   -0.03014568    0.00199165
JAB1   -0.42689992   -0.31727614    0.16838171   -0.13261623    0.26810120    0.00855548    0.04667190    0.07598501
JOG2    0.22625241    0.07024710   -0.07983398   -0.08210775   -0.09359352   -0.03490151   -0.06881896    0.04964832
JOZ2    0.05963986   -0.21222019   -0.01578359   -0.02695906    0.01336607   -0.04207017   -0.03106609    0.00736466
JOZE   -0.18528894   -0.10992413   -0.03064644    0.00303650    0.00049499    0.04364456   -0.00013055   -0.04706781
JPLM    0.01728229    0.00909118    0.11066156    0.11100200   -0.00394587   -0.05182852    0.02631452   -0.04066678
JPLV   -0.00930573    0.02827594   -0.02148773   -0.23375804    0.01686381   -0.02788920    0.07799061    0.02226621
KARR    0.54088683   -0.01952759    0.06349230   -0.13413874   -0.12862127    0.00502284    0.04983021    0.02663568
KAT1   -0.18553977   -0.45786685    0.22919500    0.41517306   -0.13923106   -0.06990022    0.05016407   -0.08279545
KELY    0.07952428   -0.13320719    0.08772470   -0.05199399    0.03382343   -0.00326872    0.00321115   -0.01180038
KERG   -0.06431427   -0.05655449    0.01829188   -0.00360446    0.02081162    0.01105389   -0.00267774   -0.00701779
KGNI   -0.31835726    0.47032431   -0.04804890    0.14656317    0.02614148    0.06452509    0.00307065   -0.03556179
KHAJ    0.19110033    0.04075433   -0.00812482    0.01153057   -0.07926267   -0.04750229   -0.02642704   -0.06201573
KHAR   -0.05767406   -0.09084429   -0.02546350   -0.01300472    0.02354689    0.02588413    0.02208575   -0.01503874
KIR0   -0.08606351    0.06278945    0.06933059    0.00154906   -0.00773961   -0.00025008    0.00468426   -0.00383896
KIRI    0.10197399    0.00943518    0.06849054   -0.19003131    0.05060618    0.03914998    0.04434809    0.00029489
KIRU   -0.18489044   -0.03093190   -0.03111665    0.07154982    0.00986026   -0.01318255   -0.02183687   -0.04636544
KIT3    0.46382115   -0.84000682   -0.12706368   -0.51155996   -0.18767307   -0.16260585   -0.06905933   -0.05908090
KOKB   -0.06163352   -0.02519982    0.08498873   -0.06572483   -0.09679977   -0.01428717    0.03232963    0.00227673
KOKV    0.07776786   -0.10287062   -0.09688719    0.04501172   -0.06303198    0.03719571   -0.00880328    0.01074311
KOSG    0.03426539    0.04531329   -0.03359174    0.00377546   -0.00168883   -0.01620910    0.01731762   -0.00207557
KOU1    0.05968008    0.30823583    0.08628121   -0.14760161   -0.01229461    0.02633473    0.12111633   -0.08830661
KOUC    0.11504451   -0.21721726   -0.06546604    0.00057615   -0.00597311   -0.02485581   -0.03881796    0.11490874
KOUG    0.24432876    0.32937480   -0.23692721   -0.18184735    0.00875605    0.07658950    0.08952456    0.03407272
KOUR   -0.00746101    0.17593385    0.05396490   -0.23056974   -0.06893408    0.00664851   -0.03753292    0.04967951
KRGG   -0.01344491    0.03215353    0.01240856    0.03551758   -0.00076879    0.01866523    0.01546344    0.00563820
KSMV   -0.14192728    0.35728270   -0.12408481    0.10090437   -0.03972463    0.05160878    0.00257799    0.01485497
KSTU    0.00800467   -0.20513520   -0.00702818    0.03033450   -0.03383805    0.03630041    0.05958173    0.03483011
KUNM   -0.14186001    0.41774374    0.03921109    0.13311261   -0.09668681   -0.00525114    0.01821652   -0.03792841
KWJ1   -0.20762956    0.03363071    0.17977027   -0.11753556    0.08201743   -0.05088459   -0.00645363   -0.09359571
LAE1    0.52864733    0.41875052    0.01533421    0.34004477    0.04237021   -0.04244369   -0.22360986    0.01832224
LAMA   -0.07219733   -0.10722213   -0.02666297    0.01477892   -0.03520031    0.02524529    0.03841350   -0.03290747
LAUT    0.45746231   -0.00422761    0.17064591   -0.02842823    0.02592838   -0.04368235   -0.13044382   -0.00013056
LHAS   -0.68912165   -0.40914809    0.27403959    0.16853918   -0.15030882    0.03467793    0.04859486   -0.05689384
LHAZ    0.06916313    0.71690407   -0.20248617    0.21902231   -0.10373346    0.14029649   -0.03248269    0.00111564
LMMF   -0.09525268   -0.10856340    0.08090596   -0.06735586   -0.04974046    0.01698305    0.02571606   -0.00982891
LPAL    0.17458167    0.02970915    0.08484973    0.05675340   -0.01449394   -0.00421905   -0.00112106    0.00640006
LPGS    0.04354188    0.19021794    0.05351774    0.01788463   -0.02466953   -0.01573537   -0.02732105    0.01780553
M0SE    0.10906432    0.10403539   -0.10235776   -0.01513559   -0.04737076   -0.00104028    0.02635101    0.00795508
MAC1    0.07434585    0.03636505   -0.01229676    0.01464915   -0.01835095    0.00490665    0.00018356   -0.00306809
MAD2   -0.01601321    0.06553891   -0.09411308    0.02533810   -0.02097200    0.01829570   -0.02773035    0.02584902
MADR    0.04340126   -0.02659147   -0.03726395   -0.06654320   -0.17312452   -0.02145870   -0.09276313    0.05006720
MAG0   -0.04163917    0.01953357   -0.01460193    0.06020796   -0.03413920   -0.03896832    0.01271294    0.02273843
MAJU    0.30424426   -0.04238527    0.02770303   -0.06551773   -0.01775974   -0.00798677    0.00113792    0.05360438
MAL2   -0.25739323   -0.27837184   -0.17795953   -0.23677897   -0.12752981    0.03822069    0.08564934    0.14627198
MALD    0.15215144   -0.11692596   -0.11881531   -0.30193825   -0.19297262    0.02360577   -0.00027846    0.03406311
MALI    0.29178473    0.34387365    0.01353312   -0.27796306    0.04366485    0.12370190   -0.02944423    0.09883665
MANA    0.12231207    0.69402396    0.33588727   -0.06621891    0.16805924    0.04799080    0.00996944    0.00366316
MAS1   -0.68591033    0.43215810   -0.09808620   -0.03590554   -0.03630509    0.00575428   -0.02859862   -0.01922602
MAT1    0.00785066    0.02057169   -0.07923533    0.01181649   -0.00962906   -0.02528497   -0.02870741    0.01139384
MATE    0.04881866    0.05250175    0.00826619    0.09896793   -0.00203022   -0.01034892    0.02734697   -0.00655865
MAUI   -0.10295735   -0.03618895    0.01173904    0.00575752    0.01607021    0.02018251    0.04739519   -0.00065587
MAW1   -0.03539172    0.00340111   -0.01565815   -0.01787746   -0.01337651   -0.00605969   -0.00491762    0.00069164
MBAR   -0.20467653   -0.23248759   -0.12231422    0.08192998    0.00145678    0.03042285   -0.02664369   -0.04484718
MCIL   -0.17609635    0.12388072    0.05325438    0.02046119    0.08811388   -0.02408713    0.01211207    0.02508927
MCM4   -0.10014241    0.01088048   -0.02198831   -0.00905285   -0.01128123   -0.00229644   -0.00620484    0.00728623
MDO1    0.10645350   -0.06882420   -0.02679519    0.03800036   -0.03902776   -0.02473056    0.00362639    0.00717815
MDVJ   -0.08631403    0.07532583   -0.00676819    0.00587546   -0.00189034   -0.03065568    0.01934854    0.02051262
MDVO   -0.10618992    0.14870226   -0.01901260   -0.24912272   -0.11946334   -0.04379949    0.07821907    0.09800624
MEDI   -0.11928047   -0.05549925    0.06667691   -0.09210337    0.00797774    0.03297230   -0.03013932    0.00201737
METS   -0.14779327   -0.08890302   -0.00206065    0.06345766   -0.02533532    0.00678308   -0.00189266   -0.02605797
METZ   -0.05121830   -0.09744785   -0.05346300   -0.01744046    0.02263325   -0.00234037    0.01675636    0.01156804
MGUE   -0.11293500   -0.14821799   -0.08886199   -0.05496090    0.05644216    0.01143801    0.04604117    0.02567664
MIZU    0.11113288   -0.00023267   -0.04388536    0.09600752    0.00191853    0.02133519   -0.02545538   -0.03370007
MKEA    0.02228467   -0.08353229    0.02339487   -0.02962891    0.00861383   -0.00874968    0.00648122   -0.00044603
MNLS    0.00796626   -0.00912430    0.00493958   -0.00056830    0.02737611    0.03445602    0.00420398   -0.01370896
MOBJ    0.05206655   -0.05740563   -0.00197689   -0.04903531   -0.01378043   -0.01847073    0.00024444   -0.01011807
MOBK    0.15660449   -0.06536110   -0.03450283   -0.06091037   -0.04001879    0.00008371   -0.02056004   -0.02804749
MOBS    0.02347864    0.16895038    0.04539649    0.00229294    0.00165401    0.01738653    0.00688620   -0.01170355
MONP   -0.03152285   -0.00566763   -0.01077523   -0.02366344    0.00678479   -0.02449489   -0.01340819   -0.00691996
MORP    0.17034104    0.10590790   -0.03458343    0.06908714    0.05163239   -0.04335303   -0.00308278    0.01581173
MQZG    0.04326732   -0.00539123   -0.01578456    0.00596521   -0.02529610   -0.00716769   -0.01370266    0.02448378
MRO1   -0.19353618    0.02813825    0.01759606   -0.05093548    0.04604469   -0.03794701    0.03612471   -0.04004473
MSKU    0.12798007    0.10360663   -0.33452751    0.02484613   -0.15450256    0.13903432    0.13038581    0.02439261
MTKA   -0.02947516    0.57692731    0.16614062    0.16631516    0.08172191   -0.04024052   -0.02947555    0.00061783
NAIN   -0.15069251    0.01434135    0.06216272    0.03300722    0.00068519   -0.01206767    0.00845878    0.00478211
NANO    0.00164565    0.19469954   -0.05835592   -0.01318995   -0.00518363   -0.03939322    0.00259472   -0.02733514
NAUR    0.04538356   -0.21785821    0.01489331    0.09067111   -0.06148993    0.01263279    0.04584993   -0.02296372
NICO   -0.17726996   -0.28843990    0.08526000   -0.07905349   -0.00781128    0.00336330    0.00958047    0.01121100
NIST   -0.08582072   -0.12836733    0.06212863    0.03435104   -0.02948551    0.02634180    0.00058396   -0.03510742
NIUM    0.16673644   -0.03476200    0.00805068   -0.01386477    0.07953748   -0.03642744    0.07403560   -0.01709942
NKLG    0.14272576    0.15882836   -0.27527793   -0.20671467    0.14319179   -0.06508946    0.15311183   -0.07956477
NLIB    0.37567405    0.26614712   -0.04750706   -0.06765733   -0.00505794   -0.11886076    0.02143654    0.09908048
NNOR   -0.02805056   -0.02160144    0.05921260    0.03979732    0.01951148   -0.03074347    0.01076222    0.04260132
NOT1    0.05864619   -0.22761322    0.05118816   -0.15466917    0.01605520   -0.07524295   -0.02443786    0.04076834
NOTO   -0.08939949   -0.01363485    0.02776206   -0.17653704   -0.02272587   -0.05214397   -0.06797047   -0.02433009
NOUM    0.04972680    0.22661693   -0.04332688    0.07099084   -0.15769887    0.07450942    0.04536453    0.00700770
NOVM   -0.00160700   -0.11526330   -0.00541412   -0.05049230   -0.01598418    0.05876956   -0.01389893    0.00193036
NRC1    0.13828407    0.10470846   -0.09748874   -0.02975275   -0.03993691   -0.00355192    0.00359514   -0.00269810
NRIL    0.04664343   -0.08343108   -0.02906825   -0.05426754   -0.00367950   -0.00543115    0.01598380    0.03706537
NRMD   -0.04191693   -0.40955264    0.00808701   -0.01495886   -0.07124274    0.03646151    0.04473997    0.00745895
NSSP    0.03325860    0.03500088   -0.22721383    0.03838119   -0.04075960   -0.19690541   -0.03069980    0.06688385
NTUS   -0.17526629    0.23385468   -0.07100837   -0.03727510    0.01969055   -0.01997998   -0.00290348   -0.01906616
NURK    0.26418923    0.42049805   -0.27845732   -0.30052662    0.00699486    0.03040615   -0.06506623    0.05811334
NVSK    0.21407905    0.00304254   -0.09810283    0.05174627   -0.00995591    0.05190133    0.13006944   -0.02572622
NYA1    0.04685349    0.03227062   -0.00391760    0.03572927   -0.02236095    0.00443456    0.01085071   -0.00639370
NYAL   -0.04201648    0.04224683   -0.02404837   -0.02484151    0.03053876    0.00210462   -0.01382217   -0.01124082
OHI2    0.03198147   -0.01876791   -0.01652339   -0.06153589   -0.00563647   -0.00183962   -0.02981457   -0.01108795
OHI3    0.05086983   -0.03295344    0.00714603   -0.06700931   -0.00939383    0.00716355   -0.01216000   -0.01807100
OHIG    0.01064337    0.09058135   -0.03860233   -0.08418105   -0.02506287    0.04305375    0.03632931    0.00328666
ONSA   -0.07790540   -0.03140670   -0.00686503    0.03479976   -0.02815207    0.06468062   -0.00470546   -0.04467615
OPMT   -0.14578143   -0.13846779   -0.02562690    0.06976425    0.02578488    0.06150566    0.02602782   -0.05039048
OS0G    0.08085907    0.03930931    0.01001287   -0.04685775   -0.00755090    0.02504029   -0.02638282   -0.06117648
OSN1   -0.06875037    0.27247596    0.02349241    0.02719950    0.03131451   -0.03688818    0.00637000   -0.04480115
OUS2    0.01111368   -0.04895274   -0.04325297   -0.00977269   -0.00626803   -0.00861574    0.01785010    0.00267774
PADO    0.06169539   -0.09560532   -0.05747025    0.04143803   -0.06823823   -0.05375173    0.08631642    0.09271320
PALM   -0.08298379   -0.01710368    0.02073133   -0.03114596   -0.01020025    0.01823441    0.00276736    0.00957889
PALV   -0.07811086   -0.00778998    0.02771879   -0.01535417   -0.01803736    0.00935376   -0.01810057   -0.03124734
PARC    0.00860864   -0.05787799   -0.01805912    0.00264500    0.01965444    0.00083433   -0.01729007    0.02709625
PARK    0.09882274    0.02519108   -0.05983113   -0.00378537   -0.01853896    0.00386629    0.02785194   -0.01400661
PBRI   -0.16436312    0.07612838   -0.01395387    0.18047355   -0.18259075    0.18302691    0.06623949    0.05329224
PDEL    0.09340499   -0.03700732   -0.03564405    0.07362033    0.00475617   -0.02582713    0.00026761   -0.00728075
PENC    0.00696213    0.26625677   -0.08603020    0.00065659   -0.01273565    0.04864143   -0.02689357   -0.00114371
PERT   -0.10460652   -0.05158581    0.03279048    0.03033169   -0.03844296    0.04101290   -0.00491412    0.00301975
PETP    0.04148364   -0.03537319    0.01668769   -0.09025604   -0.01018888   -0.09420292    0.00999804   -0.02036243
PFA2    0.07238833   -0.07945389   -0.22643966   -0.00614137   -0.03084438   -0.02242112    0.01115572    0.04488549
PIE1    0.15196029   -0.00909560   -0.05810944   -0.00831678   -0.01865767    0.00147278    0.01214255    0.00104931
PIMO    0.21279735   -0.18472467    0.17608028    0.09132591    0.17372396    0.02037475    0.02311190    0.07490491
POHN   -0.11493050    0.10008061    0.14453858   -0.09426657    0.03151386    0.08006239    0.01606631    0.00367558
POL2   -0.01345621    0.86252241   -0.50220135    0.03164240    0.07362704   -0.06249754    0.05812443    0.08216894
POLV    0.01528031    0.05598712    0.02966346    0.00338837    0.02483791    0.01854879    0.00861234   -0.02696874
POTS    0.07197674   -0.14260808    0.02199201   -0.03029406    0.01259557   -0.04851011   -0.02082222   -0.00019784
POVE   -0.09834948    0.09992456   -0.23274653   -0.00980520   -0.03169871   -0.15542614    0.07868977   -0.03495725
PRDS    0.01562266   -0.01239646    0.11034317   -0.00337725   -0.08931744    0.08383539   -0.04976471   -0.08681189
PRE1   -0.14779704   -0.10919073   -0.07216571    0.11039020   -0.05837037    0.03806380   -0.02035850    0.00676059
PTAG    0.20990485   -0.00093084   -0.02734113    0.06984120   -0.13344864    0.00059798    0.08456419   -0.02898168
PTBB   -0.08922356   -0.08213212   -0.03174582    0.05661056    0.00251942   -0.01217651    0.03392350   -0.00326157
PTVL    0.30713106    0.04705563    0.05456057    0.01348162    0.02001394   -0.03427964   -0.03643893   -0.05044453
PVEP   -0.02055861   -0.13610659    0.11795763    0.09274225   -0.06462748   -0.17647362    0.11391976    0.12013933
QAQ1   -0.01555529   -0.22190378   -0.12583173    0.01885624    0.03612632    0.05403784    0.00402446   -0.00831525
QUI2    0.09660442    0.14856820   -0.06297980    0.11396322    0.01231412    0.06138643   -0.03135440    0.01013002
QUIN    0.24238919    0.05243289   -0.19115025   -0.00463115    0.08557220    0.03465984   -0.04050009    0.02128956
RABT    0.10265577    0.25961339   -0.07473252    0.05867129    0.02237820    0.00717880   -0.03361252    0.02555963
RAMO    0.07082146    0.07415655    0.03495653   -0.01951942    0.03013405   -0.00568193   -0.01103897    0.00938770
RBAY    0.25178761   -0.16428830    0.03115069    0.03995703    0.03768639    0.00303035   -0.02397699    0.03024568
RCMN    0.00284747    0.05259171   -0.13041385   -0.06159721    0.02278106    0.01837899    0.11301931   -0.03176235
RECF    0.01764571   -0.15749812    0.12133156    0.00968193   -0.03816593   -0.06391598   -0.00626690    0.04400403
RESO   -0.15246426    0.03154961    0.01521122   -0.02783147   -0.03046647    0.00871399   -0.01056272    0.01001594
REUN   -0.00407158   -0.25852488    0.03148469    0.01997346   -0.04679665   -0.08798373   -0.01752379   -0.04775561
REYK   -0.14592040   -0.00485985    0.00340764    0.00581853    0.01053562   -0.00179522    0.00217761    0.01461284
REYZ    0.01405366   -0.02795086    0.01606083    0.01586141    0.01290114    0.01652449    0.02297875   -0.02079132
RGDG    0.02726068   -0.02940059   -0.00911872   -0.00083436    0.01671101    0.00500023    0.03051477   -0.02159470
RIGA   -0.09661566    0.10220755    0.01769757   -0.01659783    0.04118247   -0.03113175    0.01736365    0.02709203
RIO2   -0.00594847    0.00608702    0.01261402    0.02709557   -0.00722998   -0.01655326   -0.01416503    0.03267540
RIOG   -0.03479865   -0.03968270   -0.00227253   -0.04163225   -0.01602110    0.01312658   -0.06320180   -0.05188308
RIOP   -0.40872664   -0.25939214    0.18807082   -0.04234328    0.02569366    0.15036240   -0.08677555   -0.03622180
ROSA    0.26729192   -0.27098719   -0.08039243   -0.09556262   -0.06915962    0.02461554    0.00303247    0.10555859
ROTH    0.09858306    0.00926623   -0.06540394   -0.06510722    0.01665902    0.01044045    0.02315496   -0.00255747
SALU   -0.27535351   -0.23139460   -0.19921512   -0.12643868    0.03892852   -0.01267230    0.08990772    0.07395619
SAMO   -0.06910814   -0.06896318   -0.03862722    0.05801289    0.07448126    0.04640078   -0.00264214   -0.11813302
SANT   -0.39312202    0.27316179   -0.32986954    0.04233652   -0.03737799   -0.05206072    0.08922957   -0.01441253
SAVO   -0.01781989    0.15182202   -0.01288419   -0.01700254   -0.02322262   -0.01660316    0.01313869    0.00181588
SCH2    0.11187622   -0.16589487    0.01604683    0.03670641    0.00550522    0.00677831   -0.01075002    0.00882555
SCOR    0.03640133   -0.00674618    0.01850692    0.02719050    0.01249420    0.01086947    0.02285786   -0.00622193
SCRZ    0.27888727   -0.39720555    0.10039375    0.21392324   -0.00905366    0.07531271   -0.17769773    0.06387270
SCTB    0.02904792    0.03344976   -0.01326593   -0.01193679   -0.01083124   -0.00284293    0.00453864   -0.00476083
SCUB   -0.09069464   -0.27718149   -0.00000192   -0.12115870   -0.00531156    0.00045580    0.00641496   -0.02429137
SELE   -0.38271685    0.54122889   -0.21788813   -0.29983884    0.15871781    0.00629205   -0.03722476    0.04719775
SEY1    0.13883936    0.16624316   -0.06448725   -0.16796784    0.04877973   -0.15601402    0.04862852    0.02369869
SEYG    0.24696522   -0.19478909    0.05308730   -0.20295870    0.08842521   -0.11712792   -0.13846727    0.00565064
SFER    0.06188301    0.02736690   -0.06462925   -0.02927553    0.04419938   -0.02020805   -0.00587777    0.01927824
SHAO    0.17098609    0.13869411   -0.03208302   -0.02792388   -0.04632910   -0.03857235   -0.01030005   -0.00771359
SIMO    0.12956586   -0.05062788   -0.00111428    0.00492086    0.04606846    0.04461810    0.02785795   -0.18860241
SIO3   -0.04043323   -0.07883643    0.16729241    0.21065630   -0.06665335   -0.15011290    0.00076646    0.01466892
SMST    0.42807183   -0.08253944    0.02826132   -0.16573673   -0.04100086   -0.00391706    0.06135590   -0.03191003
SOFI   -0.19372488   -0.10506723   -0.00815581   -0.03404455    0.00991311    0.05033126   -0.02819056    0.03150265
SOL1    0.00893538    0.07737724   -0.01457180    0.01557763   -0.02833428   -0.06992668    0.02741543   -0.03857203
SOLA   -0.43097177    0.25163564    0.05460426   -0.20045408    0.09389055    0.00609252    0.05514223    0.15105157
SPT0   -0.18092039   -0.04358472    0.01293782   -0.00273550   -0.05886910    0.05360872    0.00018345   -0.04597044
SSIA    0.15804152   -0.31878592   -0.01099984    0.06460083    0.04465639   -0.05842629   -0.04639762    0.00048208
STHL    0.41420047    0.21101694    0.00784527    0.07121810    0.03331325   -0.01522422   -0.00501963    0.03394200
STJO   -0.10414043   -0.03816202    0.00587121   -0.01558390   -0.00838640    0.00231903   -0.01129122    0.00610291
STK2    0.13187551    0.19787226   -0.04863609   -0.10332275    0.01363271   -0.02367392    0.00883676    0.06194766
STR1    0.06510304    0.13984506   -0.02241581   -0.01909613   -0.01542783   -0.01797605   -0.01194378    0.00678267
STR2   -0.14603713    0.02243441   -0.00407539    0.03838553    0.00873063   -0.01897442   -0.02263375   -0.00458817
SUNM   -0.15992133   -0.10393418   -0.10610674   -0.10464114   -0.06912273    0.02183931   -0.10685676   -0.08531474
SUTH   -0.06072826   -0.07687811    0.01648234   -0.03566249   -0.00965664    0.00120342    0.00229427    0.01450729
SUTM    0.00068240   -0.11496596    0.02558034    0.00506791   -0.00142038    0.00106174    0.00257912   -0.01231543
SUTV    0.06755967   -0.03224179    0.01341551    0.01416407   -0.00029374    0.00574696    0.00354011   -0.01540726
SUWN    0.20096428    0.15111418   -0.03119912   -0.05081365    0.03503653    0.01309140    0.00257974   -0.00145232
SVTL   -0.09425239   -0.19768948   -0.09185892    0.05792469   -0.01745249   -0.02141686    0.02998596   -0.01686985
SYDN    0.01330628    0.22427949   -0.00900168   -0.01009570   -0.00716356   -0.01239065   -0.01139042   -0.01563628
SYOG   -0.01476867   -0.03381872    0.03366140   -0.02013653   -0.02179294    0.03403755    0.01619637   -0.00761620
TABL    0.02340960   -0.00622212   -0.00266738   -0.02360923   -0.01539700    0.02046522   -0.01329363    0.00073043
TABV    0.05229790   -0.02309088   -0.00836100    0.00183898    0.03123759   -0.00024876    0.03086639   -0.00854137
TAH1   -0.13010234    0.06040018   -0.09095707   -0.15042292    0.03778582    0.00311677   -0.03165641   -0.02378098
TASH   -0.37876623    0.37950402    0.18060265   -0.00522121   -0.09718487    0.07182927   -0.00840177   -0.03232933
TCMS    0.39108598    0.36187581    0.04150333   -0.30942603   -0.19266407   -0.39085629   -0.15513970    0.08676578
TEHN    0.06945627    0.02753406   -0.04721130    0.35868429    0.06799753    0.09248112   -0.08188544   -0.09523975
THTG    0.25653864    0.06721067   -0.09536559   -0.13857053   -0.11697527   -0.01123321   -0.09786017   -0.05750654
THTI    0.03028681    0.27541599    0.08942227    0.08030340    0.01892178    0.05671701   -0.06618096    0.02500984
THU1    0.07052939   -0.06416974    0.00660637    0.00467590   -0.00602400   -0.05755990   -0.03177611   -0.02534920
THU2   -0.02944612    0.03685699   -0.00801422    0.03511539    0.04427793    0.02210749   -0.00745003   -0.01926779
THU3   -0.06530533   -0.03945567   -0.01724512   -0.04387257   -0.01417778   -0.04512647   -0.02313627   -0.00294829
TID1   -0.13850713   -0.08603561    0.00068135    0.00984557   -0.00380920    0.01716839    0.01267311    0.01503483
TIDB    0.08052722    0.11010959   -0.00246223   -0.00906469    0.00492390   -0.01116304    0.01069978    0.01784172
TITZ    0.10595249   -0.02680123   -0.03984345   -0.07306031    0.01359813   -0.05336256   -0.01479668    0.00058644
TIXG    0.00084147    0.01750480   -0.02312676    0.01620998   -0.02684412   -0.01342260   -0.00486014    0.01998519
TIXI    0.04040381   -0.02926849   -0.02805372   -0.00459025   -0.01123831    0.03159654   -0.00736277   -0.00470207
TIXJ   -0.00129284    0.07364435    0.04011567    0.01654126    0.03558086    0.03950462    0.02767386    0.05593780
TLSE   -0.17720168   -0.05336311    0.09233099    0.03942840   -0.06326620   -0.04062393    0.02073026    0.03240955
TN22   -0.20780732    0.04658832    0.00263426   -0.00227717   -0.06091956   -0.02225271    0.01380349    0.06540524
TNML   -0.22451504    0.45063347    0.14123984    0.26040030   -0.13660855    0.33191727    0.07949282    0.14852416
TONG    0.06736321   -0.09658931    0.08004256   -0.00897542    0.10232225   -0.12719591   -0.05394093    0.10848321
TOUL   -0.02804081    0.11360815    0.14337174    0.02210056   -0.02525422   -0.04416919    0.04094155    0.08163895
TOW2    0.07426497   -0.06071323   -0.03848358    0.18581061    0.07254044    0.00105174    0.05681357   -0.02159920
TRAB   -0.42238735   -0.54476779   -0.37811041   -0.38772601   -0.02418770    0.19010412    0.00340123   -0.07240316
TRO1   -0.11615510    0.21892276   -0.00832905   -0.01830246   -0.03769137   -0.04163446    0.01939407   -0.00708063
TROM   -0.20495581    0.01924297    0.00310352    0.01358486    0.02589007    0.02574402    0.01158695   -0.03396591
TSEA    0.25826154   -0.00761325   -0.02227976   -0.04848448    0.03911410   -0.00428058    0.05450602    0.03420476
TSKB    0.38161278    0.09902650    0.01358752   -0.11732901   -0.04813919    0.04784749    0.01690946    0.00731000
TUVA    0.36403292   -0.10838745    0.00477646   -0.04245957   -0.00474752   -0.05058267    0.04982990    0.04086665
TWTF    0.35755949    0.14586518   -0.23207727    0.10382545    0.09048781    0.19909058   -0.03300879   -0.09949342
TXES   -0.14048619   -0.15850178   -0.04869904    0.09151198    0.05340699   -0.06167530   -0.05915000    0.02221151
UFPR    0.18829450    0.02492065    0.03451767   -0.00749254    0.00307613    0.03043772   -0.05472262   -0.03547312
ULAB    0.05321872   -0.01010020   -0.06011587    0.03843951    0.02655403    0.03435044   -0.00296391   -0.00505949
UNB3   -0.21227747   -0.06612421   -0.04614501    0.02128845    0.00546768    0.02448116    0.01353592   -0.00802330
UNBJ    0.11932128   -0.09657022    0.02574490    0.04596237   -0.01535508    0.00111982   -0.01572649    0.00965902
UNBN   -0.21965696   -0.10326946   -0.03494988   -0.02057390   -0.05928288    0.03428717    0.04389143    0.00057634
UNSA   -1.48640931   -0.09386374   -0.22844876   -0.32898153    0.16681785    0.17071457   -0.00649513    0.04684176
UNTR    0.13563261   -0.11410951    0.12150246    0.04546359    0.04313908    0.01390125    0.02658677    0.01418940
URUM    0.13254640   -0.03456220    0.06409849   -0.28615242   -0.01951711   -0.07277970    0.03054430    0.03056291
URUS    0.24087601    0.21806286   -0.03810904    0.12880254   -0.16555125   -0.05023146   -0.01040140   -0.04657045
USN3    0.06909371   -0.00488178   -0.01147722    0.03737538    0.06849401    0.01937411    0.03421529   -0.04234115
USNA    0.01812127    0.03586860    0.03096158    0.00506997   -0.02354185   -0.04531919    0.03707515   -0.05093913
USNO    0.02857279   -0.04078955    0.03142641   -0.01432534   -0.03230954   -0.07075879    0.00263351   -0.05185732
USUD    0.43528912    0.12307726   -0.09366257   -0.07444121   -0.05180166    0.03427260   -0.00743075    0.03478471
VACO   -0.22712587    0.08672981    0.04512967   -0.02496491    0.01657973   -0.01996580   -0.01827584   -0.00318146
VALD   -0.06237648    0.08842492    0.06352397    0.06903251   -0.01280306    0.00203897    0.00174225    0.01829676
VENE    0.08521993    0.29763259    0.22331048   -0.02268135    0.06821860   -0.04822389   -0.04972959   -0.02829197
VESL   -0.16800870    0.03502225   -0.03520029   -0.01328328    0.01726571    0.02315095   -0.02670565   -0.01491295
VIL0   -0.05955579   -0.11082265   -0.06239031   -0.02879218   -0.00473330    0.00615120   -0.00443350   -0.00124485
VILL   -0.02597847    0.04140734   -0.07238771    0.03679496    0.04022176    0.00742317    0.03551310    0.00342965
VIS0   -0.07355436    0.09300890    0.05164320   -0.00798783    0.01745151   -0.04319814    0.03128145    0.01759670
VNDP    0.16735988   -0.22300311   -0.19050497    0.08337128    0.02514523   -0.02043664   -0.04422104   -0.01506061
VOIM    0.25083736   -0.11013601    0.24090073    0.08498409   -0.05891356    0.00811171   -0.05142155   -0.06386586
VTSP   -0.03145783    0.00381311   -0.01218735   -0.10358123    0.03633271   -0.00250469   -0.02969153   -0.03500317
WARK    0.07093574   -0.04075450   -0.01211942    0.02667759   -0.00214013    0.00256692   -0.00742902    0.00312629
WDC1    0.04719878    0.09049971    0.00425283    0.04307473    0.02193170   -0.00305716    0.01659181    0.03621356
WDC3    0.13732596   -0.05955335    0.09039505    0.09041198    0.03998442   -0.06588379   -0.05551204   -0.03252599
WEL1   -0.00974376    0.09242108    0.00430579   -0.07006551   -0.01923111    0.02854128   -0.00538923    0.01782444
WES2    0.11966625    0.09978700   -0.12329806   -0.04339092    0.01613016   -0.06711423   -0.00730636    0.05153238
WGTN   -0.01500521    0.05612370   -0.02749459   -0.04519522    0.00024937   -0.00508111    0.00838541   -0.00295191
WHIT   -0.01203124   -0.02513993   -0.01871021   -0.02479494    0.01173067   -0.03184604    0.01859842    0.00592815
WILL   -0.02455167   -0.04621880   -0.03737701    0.04466820    0.00113369   -0.00637831    0.01309965    0.00372614
WIND    0.03664127    0.15038081    0.02852826    0.09960018   -0.04736256   -0.00347439    0.04079584   -0.03629117
WROC   -0.11705165   -0.13293665   -0.03295323    0.00697446    0.01885147    0.05388730   -0.00961677   -0.03487060
WSRT    0.05116795    0.06096716   -0.00768936    0.02566735    0.00690301   -0.01297942    0.01075047   -0.00043844
WTZA   -0.03365698   -0.13275541   -0.01719252   -0.06161649   -0.03158357   -0.00920765    0.00138923   -0.00663824
WTZL    0.18362117    0.18446946   -0.02988470    0.01277435    0.01087889   -0.00774796   -0.01686807    0.01111648
WTZR    0.13794854   -0.06299197    0.03980911    0.03980205    0.00632257    0.01989472   -0.01373382   -0.01170727
WTZZ   -0.17440275   -0.01152467   -0.01443857    0.05680016    0.01499684   -0.00469884    0.01792288   -0.00935352
WUHN    0.10740941    0.07351808   -0.09975911   -0.05656597    0.03550477   -0.03395539    0.00028114   -0.01060122
XIAN   -0.41703803   -0.36966931   -0.08996023   -0.09574179   -0.09604439   -0.03459425    0.00259906    0.11499237
XMIS   -0.35201551   -0.17373460    0.07056656   -0.06578487    0.01459943   -0.01176855    0.00540536   -0.01155988
YAKT   -0.24491673    0.28540071    0.05454871    0.07639451   -0.12321836    0.00379287   -0.10168189   -0.02622643
YAKZ   -0.08942486    0.04744069   -0.16390693    0.19299438   -0.01361286    0.07962546    0.04615255   -0.00128242
YAR1    0.08877820    0.04740739    0.12425428    0.14111421    0.02836325    0.00697849    0.01056997    0.02059424
YAR2   -0.02789587    0.03314060   -0.10607870    0.00478016   -0.01964491    0.02362730    0.02557521    0.02032464
YAR3    0.04140473    0.02638606    0.10206130    0.03546549   -0.01775025   -0.02981688    0.00090780    0.04523644
YARR    0.01221280   -0.07215882   -0.10378595    0.07335693   -0.02266392   -0.03312296    0.03170611   -0.02306084
YCBA    0.09639472    0.31160529   -0.03224768    0.39562142    0.12699149    0.05220202   -0.03005821    0.01774806
YEBE   -0.08418624    0.11286161    0.02646781   -0.00734594    0.00573546   -0.02800974   -0.02869927   -0.01281943
YELL   -0.10648935    0.03311121   -0.02519209    0.07226982    0.05776879   -0.01611909    0.00957708    0.04009232
YIBL    0.93871061    0.32018024    0.31034562    0.09747707    0.00087173   -0.03478714   -0.01376363   -0.09079025
YKRO   -0.52114915   -0.35492867    0.15270635    0.09054569    0.06250989    0.35798273    0.13211312    0.05435395
YSSK    0.04953383   -0.06735448   -0.02382488   -0.00336465   -0.04256152    0.04191479   -0.00505958   -0.00806938
ZAMB   -0.19558737    0.03180165   -0.00529013    0.00947542    0.02630951    0.03387905   -0.03181473   -0.01437820
ZECK    0.16239165    0.19260050   -0.03436451    0.06035631   -0.00287341    0.00115802   -0.00472477    0.02882426
ZIM2    0.05134416   -0.04221970   -0.01784161   -0.07418920    0.01370021   -0.03311271   -0.02157388   -0.02310101
ZIM3   -0.03953138   -0.02930372   -0.04197245    0.04971814    0.01711635    0.05412627    0.02056399   -0.07753260
ZIMJ   -0.01718492   -0.10064144    0.03284239    0.06845285    0.00619631    0.03667127    0.02872558   -0.00637673
ZIMM    0.05508779   -0.04816749   -0.07171458    0.05673187   -0.01168702    0.03787091    0.01570154   -0.00270762
ZWE2    0.01757431   -0.13886366    0.00314209   -0.00616284    0.02925849    0.00296125   -0.01218934   -0.01570090
ZWEN   -0.19686794    0.42038935    0.01223308   -0.09369357   -0.01858609    0.08024293    0.06831605    0.01031881
