name detected metadata valid
ABMF     7     6     0
ABPO    10     3     0
ADE1     4     0     0
ADIS    15     2     2
AIRA    10     7     2
ALBH    22    17     2
ALGO    14    14     4
ALIC    17     9     2
ALRT    24     4     2
AMC2    18     7     3
ANKR    13     8     3
ANTC    13     4     2
AOML     4     3     0
AREG    14     3     3
AREQ    19    10     4
AREV    13     5     4
ARTU    24     1     0
ASC1     2     1     0
ASCG     5     2     0
ASPA     8     2     1
AUCK    11     8     2
AZGB     5     5     1
BADG    20     4     4
BAKE    26     3     0
BAKO    19    21     4
BAN2    18     1     0
BARH    11     4     1
BDOS     2     1     0
BHR1    12     1     0
BILI    20     0     0
BISK     6     1     0
BJCO     5     2     1
BJFS    19     5     1
BJNM     5     0     0
BNDY     1     4     0
BOAV     8     1     0
BOGO     7     6     0
BOGT    21    12     6
BOR1    17     4     0
BRAZ    16    16     3
BREW    14     5     0
BRFT     9     1     0
BRMU     4     7     1
BRST    13     9     1
BRUS     8     9     0
BRUX     6    10     0
BSHM     8     3     1
BUE2     3     0     0
CAGL    16     2     0
CAGS    11     6     0
CAGZ     6     6     1
CALL    11     0     0
CARR    10     1     3
CAS1    23     7     5
CCJ2     8     4     0
CCJM     2    10     0
CEDU    19    12     6
CFAG    14     2     0
CGGN     7     3     1
CHAN    10     2     3
CHAT     6     3     1
CHPG     9     2     0
CHPI     8     7     0
CHTI     4     2     0
CHUM    18     4     2
CHUR    25    17     4
CIC1     8     1     1
CICE     4     0     0
CKIS     3     4     0
CNMR    11     4     1
COCO    18    12     5
CONZ     7     7     2
CORD    15     3     1
COYQ     3     6     0
CPVG     8     3     1
CPXF    12     7     2
CRAO     3     2     1
CRAR    23     0     0
CRO1    12    12     3
CTWN     5     0     0
DAEJ    25     7     2
DAKA     2     6     2
DARW    19    17     2
DAV1    24    12     5
DAVR     8     2     2
DGAR    14     9     2
DGAV     3     3     1
DRAG    11     9     5
DRAO    23    15     1
DUBO    21     8     4
DUM1    23     0     0
EIL1    23     3     0
EISL     5     3     0
EPRT     9     9     2
ETAD     7     0     0
FAA1    10     5     1
FAIR    28    14     2
FAIV    20     1     1
FALE     8     6     2
FLIN    27    12     7
FLRS     2     1     0
FORT     4     3     2
FRDN     1    10     0
FTNA     2     3     1
FUNC    10     3     3
GALA    13     1     1
GANP    17     6     2
GLPS    20     6     2
GLSV    19     5     2
GMAS     6     1     1
GMSD     3     5     0
GODE    11    10     3
GODZ    22     6     0
GOL2    11     1     0
GOLD    21     4     4
GOPE    20    11     6
GOUG     7     1     0
GRAS    19    10     2
GRAZ    20    15     4
GUAM    18     9     4
GUAO    17     2     2
GUAT    15     2     0
GUUG    10     5     1
HARB    20    10     2
HERS    17     4     1
HERT    10     1     0
HLFX     5     4     1
HNLC     9     5     0
HNPT    18    10     6
HOB2    12    10     3
HOFN    18     7     4
HOLB    16    20     4
HOLM    24     9     4
HRAO    22    15     6
HRM1     3     2     0
HYDE    19     7     2
IDDR     8     4     2
IISC    24     7     3
ILHA     2     3     0
IMPZ    12     6     0
INEG    18     8     1
INVK    27     3     1
IQAL    16     2     1
IQUI     7     0     0
IRKJ    22     1     2
IRKT    21     0     0
ISBA    16     3     1
ISPA     0     2     0
JAB1     8    15     3
JOG2     9     4     2
JOZ2    17     2     1
JOZE    17     4     0
JPLM    23    12     3
JPLV     4     1     0
KARR    18    14     4
KAT1     5     1     0
KELY    17     9     4
KERG    11    11     1
KGNI     6     5     0
KHAJ    13     1     2
KHAR     8     5     0
KIR0    23    18     0
KIRI     4    10     0
KIRU    27     8     1
KIT3    28     3     3
KOKB    18     9     7
KOKV     5     1     0
KOSG    10    10     4
KOU1     2     1     0
KOUC     2     4     0
KOUG     6     3     0
KOUR    18    12     5
KRGG     2     4     0
KSMV     8     6     0
KSTU     5     4     3
KUNM    15     0     0
KWJ1     4     1     0
LAE1     5     3     1
LAMA    21    10     4
LAUT     1     4     0
LHAS    19     3     1
LHAZ    24     5     1
LMMF     6     4     3
LPAL    14     2     2
LPGS    13     8     0
M0SE     7     5     0
MAC1     7     9     1
MAD2    19     5     3
MADR     1     6     1
MAG0    24     2     3
MAJU     3     4     2
MAL2    20     4     1
MALD     7     0     0
MALI    10     2     1
MANA    15     5     2
MAS1    20     9     1
MAT1    15     3     1
MATE    27     8     2
MAUI    10     4     1
MAW1    27     8     3
MBAR    16     4     3
MCIL     7    15     3
MCM4    25     5     2
MDO1    22    13     6
MDVJ    24     2     0
MDVO     9     0     0
MEDI    27     3     2
METS    17    11     3
METZ     8     1     0
MGUE     4     2     0
MIZU    10     9     0
MKEA    12     8     4
MNLS    10     7     0
MOBJ    22     2     5
MOBK     6     0     0
MOBS     4     6     2
MONP    19    15     2
MORP    19     7     0
MQZG     8     7     2
MRO1     6     1     0
MSKU     2     0     0
MTKA    10     3     0
NAIN     1     6     0
NANO    15     8     0
NAUR     4     8     0
NICO    25     8     1
NIST    20     2     1
NIUM     2     4     0
NKLG    22     5     0
NLIB    29     6     3
NNOR    13     4     2
NOT1    14     4     1
NOTO     8     1     0
NOUM     4     3     0
NOVM    19     0     0
NRC1    20    14     5
NRIL    20     2     0
NRMD    15     3     0
NSSP    18     4     5
NTUS    23     7     1
NURK    10     1     2
NVSK    23     2     1
NYA1    24     5     3
NYAL    25     3     1
OHI2    25     4     1
OHI3    11    10     1
OHIG     3     6     2
ONSA    16     8     1
OPMT     4     0     0
OS0G     6     2     1
OSN1     9     2     0
OUS2     7     9     2
PADO    13     6     2
PALM    20     3     1
PALV     7     1     0
PARC    17     7     4
PARK     6     3     1
PBRI     7     2     0
PDEL     5     4     2
PENC    20     6     4
PERT    19     9     3
PETP    13     1     1
PFA2     4     4     0
PIE1    20    10     1
PIMO    12     6     2
POHN     7     8     1
POL2    22     9     2
POLV    15     2     0
POTS    21     9     4
POVE    21     3     0
PRDS    14     8     2
PRE1    14     1     0
PTAG     8     4     1
PTBB     5     4     1
PTVL     4     2     0
PVEP     3     9     1
QAQ1    21     8     1
QUI2     2     0     0
QUIN    23    15     3
RABT    12     2     0
RAMO    18     8     5
RBAY     7     2     0
RCMN     3     0     0
RECF     1     5     0
RESO     8     7     2
REUN    17     9     5
REYK    24    10     6
REYZ     9     1     0
RGDG     1     3     0
RIGA    10    10     2
RIO2     6     4     1
RIOG     2     1     0
RIOP    13     5     0
ROSA     4     3     0
ROTH    13     0     0
SALU    14     5     4
SAMO    11     6     0
SANT    20    11     3
SAVO     5     2     0
SCH2    24     7     3
SCOR    27     5     4
SCRZ     6     1     0
SCTB    19     3     0
SCUB     4     4     1
SELE    20     2     2
SEY1     6    12     1
SEYG    10     3     1
SFER    15     9     2
SHAO    17     1     1
SIMO     5     0     0
SIO3    15    20     3
SMST     8     3     1
SOFI    21     5     1
SOL1    10     5     3
SOLA     3     2     2
SPT0     6     7     2
SSIA     8     3     1
STHL    11     1     0
STJO    12    26     8
STK2     7     4     0
STR1     8    13     4
STR2     9    10     1
SUNM    12     0     0
SUTH    14     8     2
SUTM    12     3     0
SUTV     3     0     0
SUWN    25     4     1
SVTL    11     6     2
SYDN     7     2     0
SYOG    26     7     6
TABL    17     6     2
TABV    11     7     3
TAH1     8     1     0
TASH    19     5     1
TCMS    10     3     1
TEHN     7     4     0
THTG     8     3     0
THTI    21     5     1
THU1    11     0     0
THU2    24    10     2
THU3    13     3     0
TID1     9     8     3
TIDB    10     8     2
TITZ     5     3     3
TIXG    17     0     0
TIXI    23     5     2
TIXJ    15     0     0
TLSE     8    12     0
TN22     9     1     0
TNML    11     2     0
TONG     3     6     0
TOUL     1     0     0
TOW2    14     7     1
TRAB    15     0     0
TRO1    14     8     1
TROM    16     5     0
TSEA    20     2     2
TSKB    21    17     1
TUVA     1     4     1
TWTF    17     3     1
TXES    19    14     2
UFPR     5     1     0
ULAB    24     3     1
UNB3     3     4     0
UNBJ     3     3     0
UNBN     1     0     0
UNSA    13     8     3
UNTR     1     5     0
URUM    23     6     4
URUS     6     1     1
USN3     7     1     0
USNA     7    15     1
USNO    12     5     3
USUD    19     5     2
VACO     8     2     1
VALD    11     7     2
VENE    16     4     3
VESL    11     1     0
VIL0     5    16     2
VILL    20     9     5
VIS0    12    15     2
VNDP     2    15     0
VOIM     7     1     0
VTSP     7     3     1
WARK     2     4     1
WDC1     5     0     0
WDC3     1     0     0
WEL1     1     2     0
WES2    13    36     9
WGTN     5     6     1
WHIT    27    10     3
WILL    23     9     3
WIND    10     3     0
WROC    19    13     7
WSRT    17    10     3
WTZA     7     6     1
WTZL     4     9     1
WTZR    17    13     2
WTZZ    13    11     2
WUHN    23     6     5
XIAN    15     1     1
XMIS     6     4     2
YAKT    24     1     1
YAKZ     5     0     0
YAR1     8     2     1
YAR2     9    10     1
YAR3     6     3     0
YARR     9     4     2
YCBA    13     0     0
YEBE    12     6     1
YELL    27    11     2
YIBL     6     3     1
YKRO    20     3     1
YSSK    18     2     0
ZAMB    21     3     2
ZECK    19     7     3
ZIM2    15     3     2
ZIM3     5     0     0
ZIMJ    22     1     1
ZIMM    18     6     2
ZWE2    14     1     1
ZWEN    10     5     1
