name detected metadata valid
ABMF     3     6     0
ABPO     3     3     0
ADE1     3     0     0
ADIS     3     2     0
AIRA     6     7     2
ALBH    10    17     1
ALGO     4    14     1
ALIC    12     9     2
ALRT    13     4     1
AMC2     8     7     2
ANKR    12     8     3
ANTC     6     4     0
AOML     2     3     1
AREG     5     3     1
AREQ    10    10     2
AREV     1     5     0
ARTU    13     1     0
ASC1     0     1     0
ASCG     3     2     0
ASPA     6     2     1
AUCK    11     8     2
AZGB     4     5     1
BADG     8     4     1
BAKE    11     3     0
BAKO    11    21     4
BAN2     6     1     0
BARH     5     4     1
BDOS     1     1     0
BHR1     3     1     1
BILI     7     0     0
BISK     3     1     0
BJCO     3     2     0
BJFS    11     5     1
BJNM     1     0     0
BNDY     1     4     0
BOAV     5     1     0
BOGO     4     6     0
BOGT     8    12     3
BOR1    14     4     0
BRAZ     9    16     2
BREW     6     5     1
BRFT     8     1     0
BRMU     4     7     2
BRST     9     9     1
BRUS     6     9     0
BRUX     4    10     0
BSHM     5     3     1
BUE2     1     0     0
CAGL    13     2     0
CAGS     8     6     0
CAGZ     5     6     1
CALL     3     0     0
CARR     1     1     0
CAS1    13     7     3
CCJ2     4     4     0
CCJM     2    10     0
CEDU     9    12     4
CFAG     4     2     0
CGGN     0     3     0
CHAN     5     2     1
CHAT     5     3     1
CHPG     1     2     0
CHPI     5     7     0
CHTI     4     2     0
CHUM     8     4     0
CHUR    13    17     1
CIC1     3     1     0
CICE     0     0     0
CKIS     1     4     0
CNMR     7     4     1
COCO    13    12     4
CONZ     5     7     2
CORD     7     3     0
COYQ     0     6     0
CPVG     3     3     1
CPXF     6     7     1
CRAO     1     2     0
CRAR    14     0     0
CRO1     8    12     3
CTWN     4     0     0
DAEJ    16     7     2
DAKA     1     6     1
DARW    11    17     0
DAV1    16    12     5
DAVR     5     2     2
DGAR     6     9     1
DGAV     3     3     1
DRAG     5     9     2
DRAO    18    15     1
DUBO    12     8     2
DUM1    16     0     0
EIL1     6     3     1
EISL     1     3     0
EPRT     6     9     2
ETAD     0     0     0
FAA1     7     5     1
FAIR    14    14     2
FAIV     3     1     0
FALE     3     6     0
FLIN    10    12     4
FLRS     2     1     0
FORT     3     3     2
FRDN     2    10     0
FTNA     1     3     0
FUNC     2     3     0
GALA     0     1     0
GANP    11     6     2
GLPS    12     6     2
GLSV    12     5     2
GMAS     3     1     0
GMSD     1     5     0
GODE     6    10     2
GODZ    20     6     0
GOL2     4     1     0
GOLD    11     4     2
GOPE    13    11     6
GOUG     2     1     0
GRAS    11    10     0
GRAZ    13    15     2
GUAM     9     9     2
GUAO     7     2     1
GUAT     6     2     0
GUUG     7     5     1
HARB    12    10     1
HERS    11     4     1
HERT     6     1     0
HLFX     2     4     0
HNLC     6     5     0
HNPT    14    10     4
HOB2    10    10     4
HOFN    12     7     4
HOLB    11    20     3
HOLM     9     9     2
HRAO    15    15     6
HRM1     2     2     0
HYDE    13     7     0
IDDR     4     4     1
IISC    14     7     1
ILHA     0     3     0
IMPZ     4     6     0
INEG     5     8     0
INVK    11     3     1
IQAL     9     2     1
IQUI     0     0     0
IRKJ    16     1     1
IRKT    10     0     0
ISBA    11     3     1
ISPA     0     2     0
JAB1     2    15     1
JOG2     2     4     0
JOZ2    13     2     1
JOZE    10     4     0
JPLM    12    12     1
JPLV     0     1     0
KARR     7    14     1
KAT1     2     1     0
KELY     8     9     2
KERG     7    11     1
KGNI     2     5     0
KHAJ     6     1     0
KHAR     2     5     0
KIR0     6    18     0
KIRI     3    10     0
KIRU    10     8     1
KIT3    15     3     1
KOKB     9     9     2
KOKV     3     1     0
KOSG     8    10     3
KOU1     1     1     0
KOUC     2     4     0
KOUG     5     3     0
KOUR    13    12     4
KRGG     2     4     0
KSMV     6     6     0
KSTU     2     4     2
KUNM     8     0     0
KWJ1     2     1     0
LAE1     2     3     1
LAMA    17    10     3
LAUT     1     4     0
LHAS     4     3     0
LHAZ    15     5     1
LMMF     3     4     2
LPAL     8     2     2
LPGS     7     8     0
M0SE     4     5     0
MAC1     6     9     0
MAD2     9     5     1
MADR     1     6     1
MAG0     8     2     2
MAJU     0     4     0
MAL2     7     4     1
MALD     2     0     0
MALI     3     2     1
MANA     5     5     0
MAS1    11     9     1
MAT1     7     3     1
MATE    14     8     2
MAUI     4     4     1
MAW1    17     8     3
MBAR     5     4     0
MCIL     4    15     2
MCM4    19     5     2
MDO1    13    13     4
MDVJ    11     2     0
MDVO     3     0     0
MEDI    20     3     2
METS    14    11     3
METZ     3     1     0
MGUE     3     2     0
MIZU     6     9     0
MKEA     9     8     3
MNLS     7     7     0
MOBJ    10     2     2
MOBK     2     0     0
MOBS     3     6     1
MONP    11    15     1
MORP     5     7     0
MQZG     5     7     2
MRO1     3     1     0
MSKU     0     0     0
MTKA     3     3     0
NAIN     0     6     0
NANO     8     8     0
NAUR     3     8     0
NICO    15     8     0
NIST     6     2     1
NIUM     1     4     0
NKLG     9     5     0
NLIB    20     6     2
NNOR    12     4     2
NOT1     5     4     0
NOTO     2     1     0
NOUM     1     3     0
NOVM    14     0     0
NRC1    10    14     3
NRIL    11     2     0
NRMD     8     3     0
NSSP     7     4     2
NTUS     9     7     0
NURK     2     1     1
NVSK    12     2     1
NYA1    13     5     2
NYAL    15     3     0
OHI2    13     4     1
OHI3     9    10     2
OHIG     2     6     2
ONSA     9     8     1
OPMT     3     0     0
OS0G     2     2     0
OSN1     5     2     0
OUS2     7     9     2
PADO     9     6     2
PALM    13     3     1
PALV     3     1     0
PARC     7     7     2
PARK     3     3     0
PBRI     2     2     0
PDEL     4     4     2
PENC    17     6     4
PERT    14     9     2
PETP     6     1     0
PFA2     2     4     0
PIE1    11    10     1
PIMO     8     6     1
POHN     6     8     1
POL2    11     9     2
POLV    11     2     0
POTS    10     9     2
POVE     5     3     0
PRDS     3     8     0
PRE1     5     1     0
PTAG     6     4     1
PTBB     4     4     1
PTVL     3     2     0
PVEP     0     9     0
QAQ1     6     8     1
QUI2     0     0     0
QUIN    10    15     1
RABT     7     2     0
RAMO    15     8     3
RBAY     4     2     0
RCMN     3     0     0
RECF     1     5     0
RESO     4     7     1
REUN     8     9     3
REYK    18    10     5
REYZ     3     1     0
RGDG     1     3     0
RIGA     5    10     2
RIO2     6     4     1
RIOG     2     1     0
RIOP     2     5     0
ROSA     3     3     0
ROTH     3     0     0
SALU     8     5     3
SAMO     3     6     0
SANT    12    11     3
SAVO     2     2     0
SCH2    10     7     1
SCOR    12     5     1
SCRZ     2     1     0
SCTB     3     3     0
SCUB     4     4     1
SELE    10     2     2
SEY1     4    12     1
SEYG     1     3     0
SFER     9     9     2
SHAO     8     1     1
SIMO     1     0     0
SIO3     7    20     3
SMST     3     3     1
SOFI    12     5     1
SOL1     6     5     1
SOLA     1     2     1
SPT0     4     7     2
SSIA     7     3     1
STHL     6     1     0
STJO     8    26     5
STK2     4     4     0
STR1     4    13     3
STR2     6    10     1
SUNM     6     0     0
SUTH     8     8     1
SUTM     7     3     1
SUTV     3     0     0
SUWN    14     4     1
SVTL     6     6     1
SYDN     7     2     0
SYOG    21     7     5
TABL    14     6     2
TABV     8     7     2
TAH1     4     1     0
TASH    11     5     0
TCMS     3     3     0
TEHN     0     4     0
THTG     6     3     0
THTI    11     5     1
THU1     5     0     0
THU2     9    10     2
THU3     4     3     0
TID1     7     8     3
TIDB     7     8     2
TITZ     5     3     3
TIXG    12     0     0
TIXI     8     5     1
TIXJ     2     0     0
TLSE     5    12     0
TN22     5     1     0
TNML     2     2     0
TONG     3     6     0
TOUL     0     0     0
TOW2     9     7     1
TRAB     4     0     0
TRO1     5     8     1
TROM     2     5     0
TSEA     7     2     0
TSKB     9    17     0
TUVA     1     4     1
TWTF     9     3     1
TXES     8    14     1
UFPR     1     1     0
ULAB    11     3     1
UNB3     2     4     0
UNBJ     3     3     0
UNBN     0     0     0
UNSA     8     8     2
UNTR     1     5     0
URUM    14     6     2
URUS     0     1     0
USN3     1     1     0
USNA     4    15     1
USNO     6     5     2
USUD     9     5     2
VACO     4     2     1
VALD     6     7     1
VENE     6     4     2
VESL     6     1     0
VIL0     3    16     2
VILL    13     9     4
VIS0     3    15     1
VNDP     0    15     0
VOIM     3     1     0
VTSP     7     3     1
WARK     2     4     1
WDC1     5     0     0
WDC3     1     0     0
WEL1     1     2     0
WES2     7    36     5
WGTN     5     6     1
WHIT    14    10     2
WILL    11     9     3
WIND     9     3     0
WROC    13    13     5
WSRT    11    10     3
WTZA     4     6     1
WTZL     2     9     0
WTZR    10    13     2
WTZZ     8    11     1
WUHN    17     6     4
XIAN     4     1     1
XMIS     4     4     1
YAKT    14     1     1
YAKZ     1     0     0
YAR1     3     2     1
YAR2     7    10     1
YAR3     3     3     0
YARR     8     4     2
YCBA     4     0     0
YEBE     5     6     1
YELL    18    11     1
YIBL     2     3     0
YKRO     6     3     1
YSSK     9     2     0
ZAMB    11     3     2
ZECK    12     7     2
ZIM2     7     3     1
ZIM3     3     0     0
ZIMJ    10     1     1
ZIMM    11     6     1
ZWE2     7     1     1
ZWEN     1     5     1
