name detected metadata valid
ABMF     1     6     0
ABPO     1     3     0
ADE1     2     0     0
ADIS     0     2     0
AIRA     5     7     2
ALBH     1    17     0
ALGO     2    14     0
ALIC     7     9     2
ALRT     8     4     1
AMC2     4     7     2
ANKR     8     8     3
ANTC     2     4     0
AOML     2     3     1
AREG     1     3     0
AREQ     3    10     0
AREV     0     5     0
ARTU     3     1     0
ASC1     0     1     0
ASCG     1     2     0
ASPA     4     2     1
AUCK     4     8     2
AZGB     4     5     1
BADG     6     4     1
BAKE     5     3     0
BAKO     6    21     3
BAN2     3     1     1
BARH     1     4     1
BDOS     1     1     0
BHR1     4     1     0
BILI     5     0     0
BISK     2     1     0
BJCO     0     2     0
BJFS     3     5     0
BJNM     2     0     0
BNDY     0     4     0
BOAV     4     1     0
BOGO     1     6     0
BOGT     3    12     1
BOR1     4     4     1
BRAZ     4    16     0
BREW     1     5     1
BRFT     2     1     0
BRMU     3     7     1
BRST     1     9     0
BRUS     4     9     0
BRUX     2    10     0
BSHM     3     3     1
BUE2     0     0     0
CAGL     1     2     0
CAGS     3     6     0
CAGZ     0     6     0
CALL     0     0     0
CARR     0     1     0
CAS1     7     7     1
CCJ2     3     4     0
CCJM     0    10     0
CEDU     6    12     2
CFAG     1     2     0
CGGN     1     3     0
CHAN     1     2     1
CHAT     3     3     1
CHPG     2     2     0
CHPI     1     7     0
CHTI     3     2     0
CHUM     6     4     1
CHUR     5    17     0
CIC1     1     1     0
CICE     0     0     0
CKIS     1     4     0
CNMR     2     4     1
COCO     8    12     2
CONZ     1     7     0
CORD     2     3     0
COYQ     0     6     0
CPVG     3     3     1
CPXF     4     7     1
CRAO     1     2     0
CRAR    10     0     0
CRO1     6    12     2
CTWN     4     0     0
DAEJ     5     7     1
DAKA     0     6     0
DARW     3    17     1
DAV1    12    12     4
DAVR     4     2     2
DGAR     2     9     0
DGAV     0     3     0
DRAG     3     9     1
DRAO     0    15     0
DUBO     4     8     1
DUM1     3     0     0
EIL1     3     3     0
EISL     0     3     0
EPRT     5     9     2
ETAD     0     0     0
FAA1     4     5     1
FAIR     1    14     1
FAIV     0     1     0
FALE     2     6     0
FLIN     5    12     1
FLRS     1     1     1
FORT     1     3     1
FRDN     2    10     0
FTNA     1     3     0
FUNC     2     3     1
GALA     0     1     0
GANP     3     6     1
GLPS     2     6     0
GLSV     4     5     1
GMAS     1     1     0
GMSD     1     5     0
GODE     6    10     2
GODZ     2     6     0
GOL2     0     1     0
GOLD     0     4     0
GOPE     5    11     2
GOUG     2     1     0
GRAS     3    10     0
GRAZ     5    15     2
GUAM     7     9     0
GUAO     7     2     1
GUAT     1     2     0
GUUG     1     5     0
HARB     4    10     0
HERS     6     4     1
HERT     5     1     0
HLFX     1     4     0
HNLC     1     5     0
HNPT     5    10     3
HOB2     5    10     3
HOFN     3     7     2
HOLB     9    20     1
HOLM     2     9     2
HRAO     5    15     2
HRM1     1     2     0
HYDE     6     7     1
IDDR     1     4     0
IISC     7     7     1
ILHA     0     3     0
IMPZ     2     6     0
INEG     3     8     0
INVK     0     3     0
IQAL     3     2     0
IQUI     0     0     0
IRKJ     2     1     0
IRKT     5     0     0
ISBA     3     3     1
ISPA     0     2     0
JAB1     1    15     0
JOG2     2     4     0
JOZ2     6     2     1
JOZE     6     4     0
JPLM     2    12     0
JPLV     2     1     0
KARR     4    14     0
KAT1     0     1     0
KELY     2     9     2
KERG     5    11     1
KGNI     2     5     0
KHAJ     1     1     0
KHAR     1     5     0
KIR0     3    18     1
KIRI     3    10     0
KIRU     4     8     1
KIT3     2     3     0
KOKB     5     9     1
KOKV     3     1     0
KOSG     4    10     2
KOU1     1     1     0
KOUC     1     4     0
KOUG     3     3     0
KOUR     4    12     1
KRGG     1     4     0
KSMV     0     6     0
KSTU     2     4     2
KUNM     4     0     0
KWJ1     0     1     0
LAE1     1     3     0
LAMA     5    10     2
LAUT     1     4     0
LHAS     3     3     0
LHAZ     2     5     1
LMMF     2     4     1
LPAL     3     2     2
LPGS     3     8     0
M0SE     3     5     0
MAC1     4     9     1
MAD2     4     5     0
MADR     1     6     1
MAG0     4     2     2
MAJU     0     4     0
MAL2     1     4     0
MALD     2     0     0
MALI     1     2     0
MANA     2     5     0
MAS1     1     9     0
MAT1     4     3     0
MATE     5     8     2
MAUI     2     4     1
MAW1     9     8     2
MBAR     4     4     0
MCIL     3    15     2
MCM4     7     5     0
MDO1     5    13     2
MDVJ     6     2     0
MDVO     2     0     0
MEDI     7     3     0
METS     4    11     1
METZ     1     1     0
MGUE     0     2     0
MIZU     3     9     0
MKEA     3     8     2
MNLS     4     7     0
MOBJ     4     2     2
MOBK     2     0     0
MOBS     3     6     0
MONP     4    15     0
MORP     2     7     0
MQZG     4     7     1
MRO1     2     1     0
MSKU     1     0     0
MTKA     1     3     0
NAIN     0     6     0
NANO     2     8     0
NAUR     3     8     0
NICO     7     8     0
NIST     2     2     0
NIUM     1     4     1
NKLG     2     5     0
NLIB     4     6     1
NNOR     6     4     1
NOT1     2     4     0
NOTO     0     1     0
NOUM     1     3     0
NOVM     6     0     0
NRC1     4    14     1
NRIL     0     2     0
NRMD     2     3     0
NSSP     1     4     0
NTUS     6     7     0
NURK     3     1     1
NVSK     4     2     0
NYA1     2     5     1
NYAL     4     3     0
OHI2     4     4     1
OHI3     4    10     1
OHIG     2     6     2
ONSA     4     8     1
OPMT     3     0     0
OS0G     2     2     0
OSN1     6     2     0
OUS2     2     9     1
PADO     1     6     0
PALM     4     3     0
PALV     1     1     0
PARC     2     7     1
PARK     0     3     0
PBRI     1     2     0
PDEL     2     4     2
PENC     5     6     1
PERT     1     9     1
PETP     2     1     0
PFA2     1     4     0
PIE1     2    10     1
PIMO     1     6     0
POHN     4     8     1
POL2     6     9     1
POLV     1     2     0
POTS     6     9     3
POVE     4     3     0
PRDS     0     8     0
PRE1     4     1     0
PTAG     2     4     0
PTBB     4     4     1
PTVL     0     2     0
PVEP     0     9     0
QAQ1     3     8     1
QUI2     0     0     0
QUIN     4    15     1
RABT     4     2     0
RAMO     3     8     0
RBAY     2     2     0
RCMN     2     0     0
RECF     1     5     0
RESO     5     7     1
REUN     6     9     3
REYK     6    10     4
REYZ     0     1     0
RGDG     1     3     0
RIGA     2    10     1
RIO2     4     4     1
RIOG     1     1     0
RIOP     1     5     0
ROSA     0     3     0
ROTH     4     0     0
SALU     1     5     0
SAMO     0     6     0
SANT     1    11     0
SAVO     1     2     0
SCH2     5     7     1
SCOR     2     5     1
SCRZ     1     1     0
SCTB     3     3     0
SCUB     3     4     1
SELE     3     2     2
SEY1     1    12     0
SEYG     1     3     0
SFER     3     9     2
SHAO     5     1     1
SIMO     1     0     0
SIO3     2    20     1
SMST     3     3     1
SOFI     5     5     2
SOL1     3     5     0
SOLA     1     2     0
SPT0     2     7     2
SSIA     1     3     0
STHL     1     1     0
STJO     4    26     3
STK2     1     4     0
STR1     4    13     3
STR2     4    10     1
SUNM     2     0     0
SUTH     2     8     1
SUTM     3     3     0
SUTV     1     0     0
SUWN     4     4     1
SVTL     2     6     1
SYDN     3     2     0
SYOG    11     7     5
TABL     4     6     1
TABV     2     7     1
TAH1     2     1     0
TASH     2     5     0
TCMS     0     3     0
TEHN     0     4     0
THTG     4     3     0
THTI     6     5     2
THU1     3     0     0
THU2     3    10     0
THU3     1     3     0
TID1     5     8     2
TIDB     5     8     2
TITZ     1     3     1
TIXG     1     0     0
TIXI     4     5     1
TIXJ     1     0     0
TLSE     3    12     1
TN22     1     1     0
TNML     0     2     0
TONG     0     6     0
TOUL     0     0     0
TOW2     3     7     1
TRAB     0     0     0
TRO1     4     8     1
TROM     1     5     0
TSEA     2     2     1
TSKB     1    17     0
TUVA     1     4     1
TWTF     0     3     0
TXES     7    14     0
UFPR     1     1     0
ULAB     8     3     1
UNB3     2     4     0
UNBJ     3     3     0
UNBN     0     0     0
UNSA     6     8     2
UNTR     1     5     0
URUM     9     6     2
URUS     0     1     0
USN3     1     1     0
USNA     3    15     0
USNO     4     5     1
USUD     6     5     2
VACO     2     2     0
VALD     4     7     1
VENE     4     4     2
VESL     3     1     0
VIL0     2    16     1
VILL     1     9     1
VIS0     2    15     0
VNDP     0    15     0
VOIM     1     1     0
VTSP     2     3     0
WARK     2     4     1
WDC1     1     0     0
WDC3     1     0     0
WEL1     1     2     0
WES2     6    36     5
WGTN     2     6     0
WHIT     5    10     2
WILL     5     9     3
WIND     1     3     0
WROC     9    13     5
WSRT     3    10     2
WTZA     3     6     0
WTZL     2     9     0
WTZR     2    13     0
WTZZ     5    11     1
WUHN     9     6     1
XIAN     4     1     1
XMIS     3     4     1
YAKT    13     1     0
YAKZ     0     0     0
YAR1     1     2     1
YAR2     4    10     0
YAR3     2     3     0
YARR     3     4     0
YCBA     1     0     0
YEBE     4     6     1
YELL     2    11     1
YIBL     2     3     0
YKRO     1     3     0
YSSK     3     2     0
ZAMB     4     3     1
ZECK     6     7     0
ZIM2     1     3     1
ZIM3     0     0     0
ZIMJ     2     1     0
ZIMM     2     6     0
ZWE2     3     1     0
ZWEN     2     5     1
