name cos1 sin1 cos2 sin2 cos3 sin3 cos4 sin4
ABMF   -0.21765107   -0.23364094   -0.04660194   -0.13120788   -0.08357158    0.13219861   -0.02146779    0.05906517
ABPO   -0.05353264   -0.15980142    0.04060906    0.18374619   -0.05419211   -0.00840895   -0.00688343   -0.00160028
ADE1   -0.02541254   -0.03869761    0.00931469    0.03386037   -0.01665459    0.00761486   -0.01896793   -0.03689190
ADIS    0.00338948    0.28392683   -0.06167179   -0.14426720   -0.21307797   -0.07257872    0.14647339    0.00674360
AIRA    0.41959707   -0.08089839   -0.03403407   -0.04301568   -0.03593124   -0.04312142   -0.02658614   -0.01191746
ALBH   -0.15745372   -0.06958318    0.07407363    0.04201828   -0.03965386   -0.04552140    0.02769874    0.02652952
ALGO   -0.18494138   -0.03232056   -0.13098326    0.01605617   -0.00858520   -0.02191624    0.02826226   -0.00693760
ALIC   -0.14208282    0.00130323   -0.06439442   -0.00032995   -0.02827968   -0.02447625    0.00629080    0.02352193
ALRT   -0.04846318    0.06751041    0.01595303    0.05852385    0.03596791    0.00321435   -0.01883681   -0.02884140
AMC2    0.05823914    0.46985623    0.16259025    0.00509734    0.05152341   -0.01126794    0.00437417   -0.04470607
ANKR   -0.43155801   -0.17076194   -0.11473826   -0.10749228    0.00448509    0.05468741    0.00207907   -0.00122042
ANTC   -0.02422375   -0.14610756   -0.10121869    0.10135474   -0.02174324   -0.09115205   -0.02179123    0.04109902
AOML    0.05045395    0.63175114    0.09656191    0.05515971    0.02483697   -0.04372026    0.01844254   -0.21229072
AREG    0.77432230   -0.26700331   -0.35937285   -0.28889055   -0.29682681   -0.23901424   -0.09702407   -0.09652242
AREQ    0.11217052   -0.32583824    0.42531745    0.23623287    0.30370703    0.02329961    0.11408205    0.03078285
AREV    0.16646929    0.15994145    0.57908948    0.05364199   -0.14005163    0.15622280    0.13052026   -0.11064837
ARTU    0.03114004   -0.04113793    0.00838963    0.07860369   -0.00977239    0.00157548    0.03665984    0.07514729
ASC1   -0.32713751   -0.32670926    0.05535409   -0.13318484   -0.00537655   -0.05385680   -0.08167492    0.03446947
ASCG    0.29860417   -0.46879991   -0.02224977    0.17961767   -0.03027224   -0.02951259   -0.02317965   -0.04568747
ASPA   -0.22833883    0.07805967   -0.00170863   -0.07296481   -0.04108252    0.01687873   -0.00614185    0.00188076
AUCK    0.08558448   -0.01210187    0.00180411    0.00435651   -0.00176695    0.01859886   -0.00527972   -0.00705453
AZGB   -0.01002033   -0.01248658   -0.06592831    0.02822986   -0.04692729    0.01617596    0.00286957    0.02168991
BADG    0.06355479    0.39912324    0.04637764   -0.06313917    0.02965314   -0.03025957    0.00883029   -0.04325305
BAKE   -0.02970633    0.13730594    0.00491816   -0.03862590    0.00492265   -0.00717975    0.00620960   -0.02554577
BAKO   -0.02387168    0.30745576    0.01338191    0.06141126    0.05238511   -0.09661110   -0.12066350   -0.02303655
BAN2   -0.03232904    0.25328977    0.23409423   -0.43411889   -0.05780515    0.10471930   -0.09225327    0.00593855
BARH    0.01432154   -0.07002900    0.05956600    0.00057008    0.00542319   -0.00219661    0.00938038    0.01203859
BDOS    0.25573326    0.08722774   -0.07321499   -0.08387535   -0.08172936   -0.01299618   -0.00077874    0.05347497
BHR1    0.25591858    0.92471401   -0.08083046    0.08954565   -0.20015419    0.33575813   -0.27009546    0.18108023
BILI   -0.07731413   -0.09664356   -0.04707631   -0.02008005   -0.03547292   -0.02533022   -0.04083317   -0.02929062
BISK   -0.10609477   -0.19288009   -0.00190340    0.00592762    0.01397108    0.01981710   -0.00673733   -0.00883652
BJCO    0.29161721   -0.02194145   -0.24697114   -0.28211037    0.24721939    0.23615335   -0.10369694    0.05778587
BJFS    0.13490795    0.16312188    0.08403121   -0.02856642    0.20011096    0.07401755    0.00200212   -0.09753713
BJNM    0.21042184   -0.20358779   -0.21927463    0.12823440   -0.15836818   -0.02478612    0.15845170    0.05667622
BNDY   -0.11374453   -0.11641292    0.03658682    0.03152253   -0.01663809    0.03242288   -0.04760707   -0.02336978
BOAV    0.13573903    0.13892468    0.12291507   -0.24615801   -0.02983959    0.11371095    0.03715649    0.01351130
BOGO   -0.20278440   -0.12207058    0.01369050    0.05160288   -0.01739348    0.04715936    0.02205705   -0.01823751
BOGT   -0.13222495    0.16295341    0.02950517   -0.00057930    0.05557201   -0.01455345    0.01322266   -0.05589554
BOR1    0.11617371   -0.07984948    0.02926093   -0.02052009    0.04933394    0.01638413    0.03729329   -0.03546547
BRAZ   -0.21360962   -0.06037245   -0.09138378    0.04128253   -0.06547214   -0.00080949   -0.03955790    0.02032137
BREW    0.28863182    0.00430959   -0.08309957   -0.34067921    0.03656169    0.02056815   -0.00679856   -0.04522221
BRFT   -0.64380882   -0.13637521    0.04624174    0.10172314   -0.01302970    0.10113252    0.01875792    0.03251206
BRMU    0.09478854    0.13147932    0.01360219   -0.07321470    0.00294979    0.03209747   -0.01184914   -0.01487981
BRST   -0.11893971   -0.01218254    0.01837435    0.04665839    0.02483091   -0.01472420    0.02028288    0.00549281
BRUS   -0.00633431   -0.01190495   -0.02545636   -0.03897746    0.01259046    0.03831541   -0.00691685    0.00998151
BRUX   -0.16551079    0.03495708    0.06708954    0.01503023    0.02878316   -0.02024427   -0.03717360    0.02091823
BSHM    0.12055212    0.18027419    0.09866892    0.07070108    0.08442647   -0.00484861    0.00717092   -0.02946701
BUE2    0.06581533   -0.13861426    0.01512697    0.04072240   -0.12177585    0.10076131   -0.03600348   -0.03801238
CAGL    0.30497766   -0.11200035   -0.01996538    0.02077877   -0.03444383   -0.01261642    0.01561765    0.01911754
CAGS   -0.00726110   -0.00915966   -0.09016622    0.00095703    0.00370186   -0.06246364    0.02772569   -0.00071976
CAGZ   -0.05284699   -0.25324375    0.02617268    0.00121884    0.02308966   -0.06332833   -0.00630524    0.03641035
CALL   -0.29318331   -0.58129943   -0.11195844    0.41647694    0.20736082   -0.11108389   -0.03673799   -0.00630188
CARR    0.11508662    0.42613784   -0.13372357    0.26852637   -0.05477441    0.04868833   -0.05324484    0.09316282
CAS1   -0.01372882    0.00948829   -0.01969148   -0.00459142   -0.02253277    0.01503609    0.00431786   -0.00076264
CCJ2    0.07402743    0.30013754    0.01283707   -0.10259108    0.11895990    0.00454680   -0.05295043    0.00004559
CCJM    0.09901445    0.29135445   -0.09922440   -0.05386410   -0.00632293    0.00389882   -0.01529033   -0.01764991
CEDU    0.09209041    0.25835127    0.01891254    0.01561835   -0.00508173    0.02565366    0.04554700    0.00656580
CFAG   -0.03731469   -0.23581945    0.18574657   -0.20468191    0.01793160    0.01653962    0.01635376   -0.12894892
CGGN    0.14491347    0.06560601   -0.14699395   -0.18786607   -0.00619327    0.47702599   -0.00279431    0.01198654
CHAN    0.13516461   -0.09259205   -0.04795139   -0.02724605   -0.03651021    0.01649951   -0.01996521   -0.00595753
CHAT    0.06710145   -0.15505327    0.04458254   -0.00689661    0.00437577    0.03428217   -0.01050552    0.00971455
CHPG   -0.54387429   -0.10262209    0.16001848   -0.19835382    0.09117479    0.00835552    0.01336192    0.00594042
CHPI   -0.01955109    0.26796506   -0.10517252    0.13486574    0.03722733    0.08763671   -0.00112132    0.00535703
CHTI   -0.06091425   -0.09378713   -0.03621816   -0.01025080    0.00690947   -0.03437749   -0.00252886   -0.00964773
CHUM    0.14726510    0.25191320    0.58551739   -0.20240346   -0.06184271   -0.18159703    0.00542914   -0.06384936
CHUR    0.04662083    0.11067186    0.00819825    0.00131441    0.00333898    0.02105049   -0.00585325    0.00135316
CIC1   -0.01511790    0.13765035   -0.19626239   -0.05257496    0.08859946   -0.04976569   -0.02340624    0.01211966
CICE    0.10194664   -0.50766093   -0.09220328    0.09296747    0.02950938   -0.09290245    0.03975178   -0.04111084
CKIS    0.08870211    0.06423508    0.02517547    0.06796252    0.01415864    0.06657411    0.07921982    0.00051779
CNMR   -0.00252290    0.10336013    0.18601404    0.08255738    0.02904095    0.11251754    0.01783640   -0.03946754
COCO   -0.12386787   -0.15175014    0.05002629    0.09469039   -0.03566786   -0.00782338    0.01957347   -0.03541849
CONZ   -0.08577486    0.16751763   -0.01535340    0.05743762    0.01808894    0.02551911    0.02103574   -0.00791291
CORD   -0.00981788    0.21590706    0.16699454   -0.17136932   -0.05542305    0.01295965    0.03636182    0.01446010
COYQ    0.12915478    0.00604355    0.01503288   -0.01422552    0.02808604   -0.02145987    0.01569587   -0.00601466
CPVG    0.12802728    0.11992521    0.02488618   -0.17294701    0.11524680   -0.01891658    0.04367325    0.01581975
CPXF   -0.00364320    0.06571751    0.01043485   -0.00616953    0.02752126   -0.02882219    0.00896754   -0.03585576
CRAO    0.00840395   -0.25298041    0.03127830   -0.10107749    0.05969387   -0.01553601   -0.01066353    0.04377177
CRAR   -0.07176713   -0.06713582   -0.03947947   -0.00361840   -0.01005724    0.00867479   -0.00861640   -0.00187928
CRO1   -0.16054213   -0.27032245   -0.00489695   -0.02526614    0.04953476   -0.09124420    0.00020379   -0.04106242
CTWN   -0.04592192   -0.06340738    0.04326330    0.06281526    0.03866059   -0.04848431   -0.03242746    0.08258695
DAEJ    0.16461232   -0.14017485    0.06927576    0.08131177    0.01766354    0.04093070   -0.01121121   -0.00135014
DAKA   -0.15895277   -0.16619533   -0.04115978    0.06966599    0.05472940   -0.19648673   -0.00498576    0.05072687
DARW   -0.32123882   -0.52076691    0.20544449    0.29078595   -0.12681141   -0.05499744    0.04609408   -0.01969375
DAV1    0.06837748   -0.03221738   -0.04326403    0.01488907    0.00293115   -0.00109749   -0.00573340    0.00082916
DAVR   -0.06285713   -0.11383654    0.01106967   -0.00737912    0.03093476    0.00659186   -0.00011797   -0.01201585
DGAR   -0.12042394   -0.06912723   -0.13550227    0.01873298    0.08511731    0.04909827    0.00054568    0.03613981
DGAV   -0.02275258    0.17616489   -0.01667046   -0.10656257    0.01526392    0.03137457   -0.01414001    0.00068611
DRAG   -0.85478111    0.04536192    0.32738054   -0.18086451   -0.16499054    0.09537243    0.02699851   -0.02276106
DRAO    0.00351477   -0.22435785   -0.35548197    0.08874488    0.00694026    0.01518088    0.04462025    0.00064695
DUBO   -0.05282817   -0.04387144    0.04296110   -0.04349732   -0.00178300    0.04106434    0.04394897   -0.01890059
DUM1   -0.03503034   -0.05184920   -0.00772378   -0.06407178   -0.03098899    0.03400512   -0.01796393    0.01108798
EIL1    0.13631573   -0.02197560   -0.00100211    0.04287007   -0.06256811   -0.00368498    0.04059603    0.04971900
EISL    0.15667646    0.37102186    0.17100097    0.02365927   -0.08526963   -0.09968499    0.03576003    0.00920861
EPRT   -0.00269886   -0.14889810    0.02382049   -0.00240691    0.01833356   -0.03769394    0.01746563   -0.00402621
ETAD   -0.27161769   -0.24949973    0.06099489    0.14233406   -0.25806074   -0.01565114    0.13857173    0.17238294
FAA1   -0.10454536    0.24418687   -0.01742570    0.05069411   -0.06597185   -0.01559318   -0.01388059   -0.06122680
FAIR    0.01981344    0.03966182   -0.02015731   -0.02432197    0.01473127    0.03901076   -0.06498938   -0.01357671
FAIV    0.07622925    0.01161283   -0.10023975   -0.10009661   -0.01639899    0.07265746   -0.00484477    0.00079464
FALE    0.04452088    0.12935246    0.06646984    0.06949351    0.01378300    0.01768296   -0.01082227    0.05815724
FLIN    0.15741355    0.12585320   -0.06264082   -0.00935969   -0.03029966    0.00236031   -0.00587529    0.02349249
FLRS    0.15183527    0.01465907    0.07878047   -0.05692675    0.04796990    0.01492971   -0.02935483   -0.00310645
FORT    0.08300329    0.95914453    0.05396811    0.16041009    0.03992903   -0.05001560    0.08921528   -0.08218127
FRDN   -0.18939725   -0.08706269   -0.04822585    0.04586938    0.00525793    0.01089017    0.01803471    0.00325065
FTNA    0.31234266   -0.01041307    0.04740240   -0.06255842   -0.16099258    0.04476807   -0.08508112    0.02007478
FUNC    0.39995756    0.15258965   -0.12401228   -0.00845408   -0.02366888    0.06594824   -0.03126545   -0.08965607
GALA    0.04974263   -0.18712539    0.08586208    0.08686527   -0.38460548   -0.10672298   -0.06588272    0.05109139
GANP    0.09762312   -0.12678777   -0.06085887   -0.01076762    0.00901998    0.01531362    0.02977295   -0.01976114
GLPS    0.12734578   -0.13237727   -0.01384972    0.32699483   -0.06601857   -0.18686348    0.02513129   -0.15194852
GLSV   -0.06477455    0.05475576   -0.03137645    0.00475236    0.01555187   -0.02874092    0.01804019   -0.02053685
GMAS   -0.01204662   -0.66314298   -0.11482414    0.13658355   -0.11685390    0.01503650    0.02557845    0.07876256
GMSD    0.10256280    0.30347595    0.11188817    0.00596478   -0.03207769   -0.03086416    0.02301015    0.02667187
GODE   -0.57847262   -0.15053666    0.08956906    0.10706691   -0.04862472    0.02785082    0.02624984   -0.03592542
GODZ    0.04631030    0.04388013   -0.01717707   -0.01086784   -0.06833521   -0.08812806    0.00772588   -0.03149122
GOL2   -0.08063902    0.06348790    0.00042718   -0.04131185    0.05121669    0.00262041   -0.00527400   -0.06724728
GOLD   -0.05333374    0.01740337    0.02674996    0.01999427   -0.05447298    0.00249830   -0.01397720   -0.00323808
GOPE    0.11409119   -0.10038037    0.05592728    0.01517339    0.02292025    0.03894185    0.01575607   -0.01156400
GOUG   -0.18198234    0.00157064   -0.02083059   -0.01197244   -0.01227853    0.10341017   -0.00077185    0.01221193
GRAS    0.06794809   -0.14011872    0.05435766    0.03812191    0.03028854    0.01122031   -0.04139287    0.00362546
GRAZ   -0.04943692   -0.08257117   -0.04523510    0.07904222   -0.03143613   -0.00265153    0.02550247    0.01383906
GUAM   -0.34192352   -0.01020869    0.09960066    0.05360238    0.00168769   -0.15172619    0.01865481    0.00272544
GUAO   -0.41240038    0.19079689   -0.26660042    0.18883123   -0.03192999   -0.10725874    0.05566160   -0.06420153
GUAT    0.32484677   -0.05562443    0.00929479   -0.00162779   -0.06870120   -0.00168723    0.00107979   -0.00958234
GUUG    0.11328586   -0.02529969    0.14220065   -0.02215894    0.07439647    0.00241687    0.02953160   -0.04237844
HARB    0.08128051    0.05356472   -0.05371185   -0.07277216    0.06028285    0.06350382   -0.00406238    0.01526398
HERS   -0.01289740   -0.03478439   -0.00156831    0.02459436    0.04798237    0.01075557   -0.03124704   -0.01933651
HERT   -0.06120769    0.00789514    0.03174558   -0.01578020   -0.04634851   -0.01638462    0.03932847   -0.00811847
HLFX   -0.08884528   -0.06286241   -0.04107948   -0.03005377   -0.00820410   -0.00094868    0.01498299    0.01435166
HNLC    0.07462284   -0.02267121    0.12300691    0.06308877   -0.04763355    0.09951651   -0.02942341    0.01203547
HNPT   -0.11079721   -0.11274137   -0.01500348    0.06429488   -0.01989172   -0.06823138    0.02621468    0.05997221
HOB2   -0.13126611   -0.12500772    0.02238083   -0.02622242    0.01048825    0.01515640   -0.00290863    0.00693362
HOFN    0.11173076    0.00419035    0.00929557   -0.03575043    0.01268348    0.01311561    0.00497446    0.02650201
HOLB   -0.01363964    0.01876050    0.07259318    0.01892401   -0.03484113    0.00223337    0.01794683    0.02676607
HOLM   -0.05409365   -0.08177005   -0.07610023    0.00211598   -0.00390524   -0.01040337    0.04418036    0.01045298
HRAO    0.13395638    0.02698074   -0.07822950    0.06317884   -0.01798910   -0.09439167   -0.00632265   -0.02458385
HRM1    0.00048356   -0.05454247    0.03011893   -0.02094180   -0.05973818   -0.02320474    0.00947184   -0.00889110
HYDE   -0.13851891    0.04539500    0.35946592    0.23291639    0.05646588   -0.03683674    0.05087533    0.07726210
IDDR   -0.01222660   -0.08614365    0.18878432    0.03983657   -0.07428563    0.07024782   -0.01083854   -0.04652675
IISC   -0.19818900    0.28807776    0.01999846   -0.19320519    0.01684971   -0.01470425   -0.03003216    0.08961699
ILHA    0.38194912   -0.20982437   -0.11240737    0.05956987    0.02228442   -0.01239984    0.03951918   -0.13223773
IMPZ    1.25275177    0.31844783   -0.17992560   -0.29306381    0.01037921    0.14722063    0.04106757   -0.09668136
INEG    0.01728779    0.23773370   -0.02221081    0.04841218    0.02850971    0.05613450   -0.05504203    0.01357258
INVK   -0.07422986   -0.04627502    0.03490045   -0.03877468   -0.02155730    0.02132413   -0.04788607    0.02020293
IQAL   -0.02453278   -0.03202498   -0.02184682   -0.01366114   -0.00003043    0.01212590    0.00426058   -0.01302278
IQUI    0.12805860   -0.14197533   -0.01186386    0.06467005   -0.09944098    0.02736373    0.02851821   -0.07003074
IRKJ    0.05776080    0.07895474    0.03790930    0.09159457    0.01923828    0.01785652   -0.05541485    0.00864423
IRKT    0.12892045   -0.15496241    0.13561345   -0.02145016    0.00620992    0.00942023    0.01162554   -0.07761832
ISBA   -0.29065594   -0.34032400    0.06048039    0.26285536    0.03788172   -0.08184107   -0.00014841   -0.01106242
ISPA   -0.18623113    0.01316753    0.01184799   -0.07561341    0.00339979   -0.02031641   -0.03014568    0.00199165
JAB1   -0.43431826   -0.37287834    0.20738080   -0.14921497    0.16403397    0.08753306    0.10517684    0.01748877
JOG2    0.28939379    0.10355801   -0.06440028   -0.05544019   -0.12590201   -0.03208538    0.02634245    0.05625743
JOZ2    0.04547390   -0.20497196   -0.02221413   -0.02478017    0.01589383   -0.04685516   -0.02771648    0.01427820
JOZE   -0.17599704   -0.09801686   -0.03230173    0.00968366   -0.00228845    0.04479359   -0.02343735   -0.04583744
JPLM    0.05546525   -0.02002134    0.09252687    0.11208631   -0.00158061   -0.06600265    0.01394507   -0.05627183
JPLV    0.07089168    0.08089340   -0.02706731   -0.21103268    0.05170941   -0.01533904    0.07221789    0.05622785
KARR    0.55900909    0.00910338    0.05898958   -0.11766850   -0.12808347    0.02191322    0.03673313    0.03507141
KAT1   -0.18853161   -0.31735733    0.16210289    0.50545436   -0.04520878   -0.05824093    0.05919894   -0.01992964
KELY    0.05409389   -0.11231949    0.07144857   -0.05691504    0.02937104   -0.00038021    0.01116372   -0.00998295
KERG   -0.04874407   -0.04893948    0.01406389   -0.01154570    0.02154973    0.01225616   -0.00564467   -0.00796673
KGNI   -0.27374613    0.45326432   -0.05114667    0.05604761   -0.02769402    0.04674069    0.00417454   -0.00186019
KHAJ    0.20875326    0.01083634    0.01560915   -0.01474037   -0.07463118   -0.05152078   -0.06148052   -0.06687060
KHAR   -0.05975622   -0.07666282   -0.02268410   -0.02931600    0.01854099    0.04024691    0.04733925   -0.00760042
KIR0   -0.08975614    0.06057693    0.05476519    0.00186557   -0.01287487    0.01154392    0.01053531    0.00182803
KIRI    0.14059428   -0.00254677    0.09027379   -0.21613536    0.05087538    0.01551539    0.03700743    0.01067268
KIRU   -0.17360770   -0.04297528   -0.02167348    0.07161020    0.01469748   -0.01591289   -0.01332851   -0.03110129
KIT3    0.41624001   -0.61779180   -0.04327121   -0.46668800   -0.20992401   -0.19568580   -0.06108736   -0.04385817
KOKB   -0.09222747   -0.04168878    0.09038900   -0.05056864   -0.08161826   -0.01419107    0.03981417    0.01211229
KOKV    0.07799757   -0.08856795   -0.10750214    0.04185338   -0.06180248    0.03357434   -0.01149800    0.00974332
KOSG    0.02135638    0.05060658   -0.02512116   -0.00252457   -0.00758323   -0.01157264    0.01982041   -0.00847053
KOU1    0.05968008    0.30823583    0.08628121   -0.14760161   -0.01229461    0.02633473    0.12111633   -0.08830661
KOUC    0.12194462   -0.22088003   -0.06369872    0.00048491   -0.01570965   -0.02754024   -0.02557402    0.10253676
KOUG    0.25658199    0.36697021   -0.21304616   -0.20061530    0.00685108    0.07677210    0.09258530    0.01167887
KOUR   -0.00129920    0.23150543    0.07232647   -0.22982937   -0.05339005    0.00004758   -0.03722716    0.05135937
KRGG   -0.01329356    0.03418021    0.00830027    0.03738324   -0.00190166    0.01332627    0.02051243    0.00583889
KSMV   -0.14011228    0.31498718   -0.13048504    0.06430137   -0.02903515    0.07303235    0.00758571    0.00022612
KSTU    0.01724690   -0.21399845   -0.00162749    0.03584705   -0.03422382    0.01930918    0.02476351    0.02815379
KUNM   -0.05349696    0.41385659   -0.00835555    0.11812020   -0.06831775   -0.01559736   -0.00281580   -0.07357852
KWJ1   -0.28534600    0.07205974    0.24055618   -0.11659619    0.03283634    0.04193223    0.00823594   -0.17087680
LAE1    0.69272057    0.71217888    0.01467152    0.17489621   -0.06276379    0.10425768   -0.25860221    0.01164187
LAMA   -0.06804550   -0.10508544   -0.03365825    0.01149332   -0.03456286    0.02736461    0.03556542   -0.03199341
LAUT    0.47310326   -0.00417309    0.18358139   -0.03375712    0.04309908   -0.05827489   -0.12777100   -0.01657887
LHAS   -0.63374983   -0.36304364    0.24027379    0.05988542   -0.17707422    0.04938165    0.03772129   -0.01513312
LHAZ    0.07526147    0.66834395   -0.09750887    0.20965404   -0.13380454    0.14084726   -0.06587935    0.00855518
LMMF   -0.07434556   -0.11442402    0.07746129   -0.07746482   -0.03502743    0.03480337    0.01583185   -0.01457896
LPAL    0.16012940    0.03113271    0.09190543    0.06555937   -0.01357314   -0.00446779    0.00156180    0.00538137
LPGS    0.03670427    0.18220700    0.07064765    0.00140236   -0.03179345   -0.01701428   -0.02924877    0.02545637
M0SE    0.11142159    0.06843104   -0.10889939    0.00277693   -0.03083595    0.00295367    0.01298739    0.00730496
MAC1    0.07262242    0.03766832   -0.01162863    0.01632805   -0.01692331    0.00641216    0.00262417   -0.00340606
MAD2   -0.00070651    0.05083097   -0.05050277    0.01508981   -0.01010057    0.01603424   -0.01368688    0.01817037
MADR    0.09776741   -0.04749070   -0.08486224   -0.02991639   -0.18412178   -0.07130135   -0.05393898    0.05711677
MAG0   -0.02384443    0.01158337    0.00574719    0.06047132   -0.02938783   -0.02708210    0.00906236    0.02756298
MAJU    0.28724948   -0.01396031    0.08369133   -0.04745711    0.00314295   -0.04421321   -0.02372151    0.00801266
MAL2   -0.22356231   -0.25189446   -0.18622744   -0.24724553   -0.17450473    0.04545225    0.13946141    0.15164312
MALD    0.23880588   -0.06102873   -0.24667397   -0.27996870   -0.23861667    0.01449658    0.01050869   -0.03699779
MALI    0.24616683    0.33230908    0.04665316   -0.22250190    0.03518332    0.15981117   -0.09495793    0.12643549
MANA    0.14624563    0.67803071    0.34264201   -0.04792552    0.17190584    0.04931911   -0.01058262    0.00831650
MAS1   -0.64433526    0.44929557   -0.08835974   -0.03841647   -0.02304483    0.00866760   -0.02612608   -0.00537318
MAT1    0.00908015   -0.00136853   -0.08027529    0.00300689   -0.01615710   -0.00900893   -0.02220303    0.01327208
MATE   -0.00125457    0.00834960    0.00264563    0.07455077    0.00018750   -0.01354064    0.02691173   -0.01081149
MAUI   -0.13511033   -0.02372383    0.01940142   -0.00158652    0.02869163    0.01468915    0.05296926    0.00093389
MAW1   -0.01671119   -0.00235550   -0.01142872   -0.02024910   -0.01179097   -0.00776354   -0.00799903    0.00102570
MBAR   -0.12312936   -0.17849607   -0.10841130    0.13744507    0.03918521    0.02164860   -0.08738481   -0.04139394
MCIL   -0.16049478    0.11453851    0.05119701    0.02353479    0.09599058   -0.01808005    0.00688054    0.02434641
MCM4   -0.09294811    0.02277843   -0.01711936   -0.01590581   -0.00923099    0.00575300   -0.00677417    0.00231093
MDO1    0.12343653   -0.06720014   -0.04062202    0.04806842   -0.04172811   -0.01289075    0.00924685    0.00634349
MDVJ   -0.06580867    0.04063985   -0.00198931    0.01567291   -0.01144662   -0.02313831    0.01056146    0.01388541
MDVO   -0.11760531    0.29417750    0.04472772   -0.30459481   -0.07377796   -0.08452844    0.01333630    0.07241205
MEDI   -0.19205253    0.03911776    0.07809153   -0.09045662   -0.00441202    0.02119778   -0.02604029    0.01284228
METS   -0.14956910   -0.08793238   -0.00765781    0.05828774   -0.02071465    0.00667708   -0.00236948   -0.01706522
METZ   -0.08768010   -0.12689543   -0.04502089   -0.02373881    0.01944773   -0.00718383    0.01795915    0.01928086
MGUE   -0.10845969   -0.18900348   -0.10992243   -0.05638517    0.04855595    0.00367512    0.05331766    0.00360011
MIZU    0.12214219   -0.01751976   -0.06146988    0.09790805   -0.00281054    0.02823650   -0.01922482   -0.03118403
MKEA    0.01859914   -0.09355926    0.01673291   -0.02165325    0.01392628   -0.00681716    0.00349734    0.00022266
MNLS    0.02104940   -0.02146998    0.03086885    0.00084078    0.01865879    0.01673639    0.00846475   -0.00887608
MOBJ    0.13663618   -0.05405047   -0.02044237   -0.04026578   -0.01319381   -0.02858605   -0.00930840    0.00239404
MOBK    0.17926443   -0.09762345   -0.01940937   -0.05812516   -0.01999725    0.01603231   -0.01537667   -0.01029443
MOBS    0.02314097    0.15928137    0.03907657   -0.00484991   -0.00534544    0.01433841    0.00418826   -0.01010446
MONP   -0.02776716    0.00592563   -0.00946548   -0.00936069    0.00689319   -0.02377162   -0.00913099   -0.00635783
MORP    0.14690333    0.09946471   -0.04830327    0.01807196    0.01001332   -0.02061614    0.02550034   -0.00469487
MQZG    0.04534621   -0.00171399   -0.02247958    0.00313769   -0.02157975   -0.00332528   -0.02003583    0.02480525
MRO1   -0.24781775   -0.01382039   -0.00340021   -0.08212626    0.04947197   -0.04623610    0.00466817   -0.03114222
MSKU    0.12021148    0.18814820   -0.41394467    0.06192253   -0.22958466    0.04682420    0.19920130   -0.08418428
MTKA   -0.03403760    0.55079183    0.15043363    0.18931458    0.08150729   -0.01365643   -0.00439162    0.00067806
NAIN   -0.14223101    0.02271786    0.04664458    0.03802636   -0.00157155   -0.00977989   -0.00345929   -0.00176665
NANO    0.02481158    0.22382098   -0.06723585   -0.02927338   -0.00593486   -0.04230734    0.00980456   -0.01795054
NAUR    0.04839312   -0.22234412    0.01250573    0.08423331   -0.04854668    0.00913699    0.04854564   -0.01863476
NICO   -0.17986743   -0.22108799    0.05704239   -0.07327865   -0.00019535    0.00499152    0.00992272    0.01508260
NIST   -0.18735955   -0.14082706    0.03799388    0.04687008   -0.02561035    0.01190391    0.01218750   -0.06582136
NIUM    0.18284492   -0.05324373    0.01643749   -0.00778281    0.08964879   -0.04412905    0.06458945   -0.01919768
NKLG    0.12502909    0.22266789   -0.35104718   -0.23659502    0.21188729   -0.09293307    0.17816586   -0.01718313
NLIB    0.12788036    0.14859791   -0.00692432   -0.07580791    0.00440042   -0.03692626    0.03248346    0.05459411
NNOR   -0.04772071   -0.01221730    0.06148046    0.02808086    0.02248888   -0.02050915   -0.00120458    0.03845489
NOT1    0.06323623   -0.19457222    0.04258655   -0.14599706    0.01150784   -0.07305371   -0.03390142    0.05006027
NOTO   -0.09779567    0.09657183   -0.07045053   -0.18827900   -0.08625712   -0.08473963   -0.13019133    0.05567125
NOUM    0.11684932    0.30868890   -0.01410985    0.12511544   -0.11435616    0.06076655    0.04984547   -0.00956265
NOVM   -0.00714465   -0.12682159   -0.02947977   -0.06255682   -0.02000460    0.05821860   -0.02629196   -0.00306923
NRC1    0.13993568    0.12557917   -0.09791212   -0.01472218   -0.04724242    0.00440004   -0.00833017    0.00971932
NRIL    0.04387914   -0.07603595   -0.02326298   -0.04510137   -0.00252021   -0.00298753    0.02482068    0.01724746
NRMD   -0.04115566   -0.39448821    0.04239650    0.01182784   -0.07487454    0.02444227    0.03540278    0.01655767
NSSP    0.04944649    0.08374854   -0.12443254    0.12887241   -0.02330327   -0.22405531   -0.02834093    0.09632181
NTUS   -0.11465261    0.17574733   -0.06759096    0.00025589    0.03297681   -0.05853445   -0.00061141   -0.00367953
NURK    0.35027533    0.34319311   -0.46058100   -0.27153626    0.20412173    0.06459683   -0.14600188   -0.06956450
NVSK    0.31602789    0.02519033   -0.12581532    0.03516408   -0.04254645    0.05488959    0.16778582   -0.01565028
NYA1    0.04429148    0.03759085   -0.00751784    0.03724173   -0.02591633    0.00794091    0.00998145    0.00113947
NYAL   -0.06715958    0.06001239   -0.02806613   -0.03762481    0.03093774   -0.00568039   -0.00556827   -0.01284444
OHI2    0.06751110   -0.05172797   -0.01011957   -0.07531003   -0.00945195   -0.00161846   -0.02594452    0.00677104
OHI3    0.04718844   -0.04538224    0.01886171   -0.06880608   -0.00934983    0.00201924   -0.01152046   -0.01782879
OHIG    0.01446875    0.05044204   -0.05027282   -0.08299724   -0.02489172    0.03937395    0.02387001   -0.00094733
ONSA   -0.09393681   -0.02695740   -0.00968998    0.03623020   -0.04069851    0.06732794   -0.00561862   -0.04793672
OPMT   -0.13918174   -0.15987771   -0.02796048    0.06779788    0.03015559    0.07038396    0.01966769   -0.04623642
OS0G    0.07788845    0.03588392    0.01066400   -0.05079414   -0.00399527    0.02279212   -0.02243363   -0.06156587
OSN1   -0.06202416    0.28562547    0.04757695    0.01256875    0.04762817   -0.04553044    0.00383345   -0.05588851
OUS2    0.00861725   -0.02908025   -0.04665161   -0.00829784    0.00026280   -0.01263441    0.01308565    0.00649096
PADO    0.04328610   -0.01422555   -0.04050296    0.07173376   -0.06903921   -0.04732749    0.11858473    0.09144516
PALM   -0.05976216   -0.03141190    0.01362584   -0.02619599   -0.00001363    0.01674970    0.00473654    0.00735333
PALV   -0.04495313   -0.03359632    0.03895741   -0.01896471   -0.01465413    0.03529965   -0.02408187   -0.02213069
PARC    0.02938075   -0.07460380   -0.01678275    0.02948580   -0.00552718   -0.01548871   -0.01469119    0.01653679
PARK    0.09100588    0.03405021   -0.06002664   -0.01904026   -0.00938298    0.00947514    0.02591795   -0.02060998
PBRI   -0.17772222    0.04039481   -0.06721007    0.12357177   -0.21803737    0.08061917    0.00830720    0.03389878
PDEL    0.08699582   -0.03129052   -0.04094547    0.06865616    0.00650802   -0.03155625   -0.00179719    0.00018427
PENC    0.00159063    0.26042313   -0.09412700    0.00513626   -0.02188403    0.04413600   -0.02827200    0.00268637
PERT   -0.10380056   -0.07025385    0.01524284    0.02164848   -0.03878210    0.03238306   -0.00850118    0.00863450
PETP    0.06131799    0.00847908   -0.00376389   -0.08093264    0.00585314   -0.08358675    0.00289212   -0.02768471
PFA2    0.04734088   -0.07845459   -0.28742322    0.00339939   -0.03267899   -0.02231524   -0.00972110    0.02455106
PIE1    0.16924772    0.01465003   -0.06082933   -0.00178992   -0.02331946   -0.01293777    0.01074756    0.00425143
PIMO    0.26008889   -0.17356317    0.16703237    0.07152166    0.15837203    0.01511602    0.02634124    0.06005822
POHN   -0.12048028    0.14042734    0.16070954   -0.09373174    0.02821967    0.05036626    0.01465185    0.00704621
POL2    0.00721972    0.83505333   -0.47342324    0.04362778    0.06940869   -0.04392930    0.05085051    0.08321347
POLV   -0.00546642    0.01850932    0.01102135   -0.00414707    0.00478037    0.00316444    0.00641279   -0.04001075
POTS    0.05721777   -0.15711840    0.02918249   -0.03252289    0.00063485   -0.04617468   -0.01456622    0.00139194
POVE   -0.18720755    0.05919399   -0.26567635    0.07317764   -0.11218766   -0.09430152    0.00033037   -0.02545010
PRDS   -0.08744620   -0.01770627    0.12097424    0.00044035   -0.07164259    0.09257014   -0.06017876   -0.02811676
PRE1   -0.12338734   -0.13496225   -0.06039539    0.10995140   -0.04080097    0.03379615   -0.01217241    0.03888215
PTAG    0.11270129    0.03643945   -0.05584148    0.09533109   -0.11854576   -0.03499709    0.06576485   -0.01233148
PTBB   -0.08977578   -0.08136594   -0.03324817    0.05583139    0.00332265   -0.01363728    0.03487168   -0.00182948
PTVL    0.24877092    0.20032882    0.02753283    0.08906976   -0.03654740    0.02895075   -0.06629953    0.00219189
PVEP   -0.13985747   -0.33515048    0.15121018    0.03922953   -0.11713675   -0.11972479    0.06146099    0.17094465
QAQ1   -0.01922979   -0.22418025   -0.12300311    0.02840324    0.04677384    0.05357293   -0.00562543   -0.00335833
QUI2    0.12162998    0.12749627   -0.03337226    0.14609936    0.00604334    0.08712828   -0.03116082    0.03332703
QUIN    0.22596388    0.02715924   -0.22541014    0.00238808    0.07914356    0.01525151   -0.05683308    0.01026670
RABT    0.07742071    0.28593937   -0.09104011    0.06645038    0.02870999    0.00765046   -0.05424973    0.02220591
RAMO    0.06602827    0.07770132    0.03334650   -0.02082443    0.01778736   -0.00123936   -0.00530697    0.00479526
RBAY    0.24296028   -0.18635554    0.01818231    0.02843423    0.02973544    0.02637079   -0.02071635    0.02187950
RCMN    0.00093979    0.08662404   -0.11307286   -0.04929166    0.03330578    0.02246307    0.12488057   -0.04412443
RECF    0.01764571   -0.15749812    0.12133156    0.00968193   -0.03816593   -0.06391598   -0.00626690    0.04400403
RESO   -0.12674339    0.05696134   -0.00234399   -0.04828968   -0.03353228    0.00860702   -0.02691939    0.00018447
REUN   -0.00570399   -0.29224407    0.07945289    0.02289360   -0.05877265   -0.07650522   -0.00761845   -0.04827101
REYK   -0.10189242   -0.01687658   -0.00305668    0.01616322    0.01192717    0.00118963   -0.00160746    0.01187579
REYZ    0.01301340   -0.02435735    0.03921111    0.06608173    0.02312341    0.00065641    0.00636116   -0.02873680
RGDG    0.02860030   -0.03565781   -0.00562578    0.00420198    0.01129468    0.00385884    0.03364440   -0.02418559
RIGA   -0.11191470    0.12629736    0.02556291   -0.01730910    0.04061969   -0.02151696    0.01644792    0.02910626
RIO2   -0.00863804   -0.00513107    0.01050107    0.02247198   -0.00675058   -0.01703115   -0.01383009    0.03006204
RIOG   -0.04837000   -0.06725178    0.02132963   -0.02897456   -0.02839278    0.00348773   -0.07554665   -0.05396892
RIOP   -0.38431816   -0.25071932    0.17166181   -0.02580330    0.07853264    0.18183469   -0.08303723   -0.04239644
ROSA    0.22931895   -0.12764950   -0.12385066   -0.03396913   -0.00934041    0.05986346    0.02884316    0.16215428
ROTH    0.12188053    0.01190009   -0.09354572   -0.06502468    0.04485088    0.00630403    0.01937142   -0.01007443
SALU   -0.21458178   -0.19442557   -0.18823247   -0.16042898    0.02177375   -0.01386812    0.06468754    0.06966071
SAMO    0.02987775    0.00446258   -0.02373179   -0.01965117    0.02316672   -0.00267336   -0.08220280   -0.11798727
SANT   -0.48086386    0.26710275   -0.34621538    0.11257278   -0.05778392   -0.08857742    0.07873466   -0.01043273
SAVO   -0.04825953    0.14068318   -0.01596806   -0.04884833   -0.00647365   -0.01824411    0.02414378    0.01532701
SCH2    0.12258491   -0.19075332    0.01844971    0.05255083   -0.00529655    0.00498953   -0.01018783    0.01501309
SCOR    0.04679209   -0.00151164    0.02891414    0.02203240    0.02324493   -0.00489720    0.02058999   -0.00542266
SCRZ    0.21027490   -0.38874940    0.09817075    0.21442918    0.01761946    0.04848991   -0.20876019    0.08315448
SCTB    0.04148263    0.04894307   -0.00043382    0.00211671    0.00251436   -0.00079570    0.01238289   -0.00097577
SCUB   -0.11349263   -0.31106543   -0.00717394   -0.12763927   -0.00116855   -0.00187152    0.01545584   -0.01142954
SELE   -0.40166188    0.42620728   -0.26695676   -0.27323708    0.14874838   -0.01287258   -0.00238725    0.05756450
SEY1    0.07992825    0.16507308   -0.05945599   -0.12008707    0.01603266   -0.16185778    0.06920186    0.05792575
SEYG    0.45470461   -0.15874839    0.02451590   -0.08403571    0.02066434   -0.08630560   -0.13875858    0.02476193
SFER    0.01667607    0.06095064   -0.09024322   -0.00684404    0.03942915   -0.01421242   -0.00418925    0.03213665
SHAO    0.19115252    0.13677573   -0.01541748   -0.01858368   -0.04772091   -0.03017364   -0.01312952    0.00076655
SIMO    0.08443185    0.01334595    0.05265306   -0.05803870   -0.03051079    0.02107369    0.05981753   -0.18957808
SIO3    0.00961910   -0.06506425    0.13498322    0.20375777   -0.06994702   -0.14640901   -0.01968328    0.02688968
SMST    0.41220175   -0.06813251    0.00827160   -0.14084029   -0.05901154    0.01909119    0.04564072   -0.00820159
SOFI   -0.20269132   -0.11882265   -0.00572922   -0.01968031    0.00558563    0.03870968   -0.01218174    0.04416285
SOL1   -0.01934864    0.01776689   -0.03238218    0.01988229   -0.00661869   -0.06255323    0.03425804   -0.04798963
SOLA   -0.43043670    0.20376454    0.05207151   -0.27165434    0.11930715   -0.01629913    0.05836932    0.16055762
SPT0   -0.17621017   -0.04050469    0.01242087    0.01159651   -0.04969363    0.05165013    0.00718943   -0.04524811
SSIA    0.15693256   -0.27564986   -0.01006231    0.06662418    0.05523159   -0.06305833   -0.05794738    0.00832602
STHL    0.41700736    0.15570924    0.00495842    0.06864006    0.01358562   -0.04067623   -0.01848497    0.00947906
STJO   -0.10356909   -0.03842613    0.00849276   -0.01316608   -0.01334526    0.00593499   -0.01252449   -0.00090878
STK2    0.20314064    0.22189036   -0.04367180   -0.11278607   -0.00451116   -0.02920742    0.00814100    0.05993822
STR1    0.07004232    0.14168489   -0.01018100   -0.01966546   -0.01165031   -0.01960424   -0.00722494    0.01037498
STR2   -0.14402022    0.01766802   -0.00302998    0.02642144    0.01432488   -0.02396516   -0.02302676   -0.00140054
SUNM   -0.11255037   -0.17946464   -0.06078564   -0.08384878   -0.12348793    0.02159911   -0.10383829   -0.06428387
SUTH   -0.07757192   -0.06940449    0.01567364   -0.02226718   -0.00161256    0.00149171   -0.00328012    0.00782848
SUTM   -0.01362023   -0.12992029    0.02739915    0.01560678    0.00041923    0.01509478    0.00457728   -0.02083671
SUTV    0.08325094   -0.04584039    0.00719776    0.02065966    0.00159969    0.00721058    0.00329361   -0.03057573
SUWN    0.21791451    0.16475753   -0.01539617   -0.02722897    0.03454547    0.01969040    0.00897241   -0.01508909
SVTL   -0.11171861   -0.19640310   -0.07416726    0.06075762   -0.03305495    0.00183589    0.04199616   -0.02460760
SYDN    0.02638036    0.21352635   -0.00095496   -0.00494143   -0.01395966   -0.01353183   -0.00612758   -0.02212998
SYOG   -0.00004342   -0.02933224    0.03756420   -0.01061366   -0.02348827    0.03560010    0.01442177   -0.01184987
TABL    0.03490431   -0.02949096    0.00245050   -0.02878559   -0.00815829    0.01936835   -0.01641277    0.00027553
TABV    0.08468805   -0.02656969   -0.01067228   -0.00814891    0.03348623    0.00460028    0.03656533   -0.00228702
TAH1   -0.13648853    0.04324942   -0.06578956   -0.13233242    0.06827198    0.00590227   -0.01822883    0.00960933
TASH   -0.28293277    0.25970140    0.17967225    0.05823639   -0.09283386    0.04341661    0.01873321   -0.02089819
TCMS    0.45234169    0.34345935    0.00216129   -0.33966328   -0.13990276   -0.50088408   -0.08508090    0.15636225
TEHN    0.16486873    0.33959586   -0.16468650    0.39746809    0.21135046    0.40093965    0.01219963   -0.19992557
THTG    0.23406145    0.13188271   -0.09903734   -0.11378380   -0.12641242    0.02007794   -0.10417340   -0.06022457
THTI    0.04387346    0.23266588    0.08039406    0.09687815    0.00392072    0.05191561   -0.06153099    0.03540399
THU1    0.10300341   -0.08668920    0.00460509    0.04446770   -0.01572295   -0.02257187   -0.03363470   -0.04973065
THU2   -0.03819531    0.03319797   -0.01648440    0.03993448    0.05677256    0.03438616   -0.00426046   -0.02565463
THU3   -0.07318563   -0.04834602    0.00579677   -0.05688976   -0.01449747   -0.05438675   -0.02426002   -0.00963808
TID1   -0.13387871   -0.08975738   -0.00861885    0.00235405   -0.00154118    0.01649957    0.01397664    0.00594400
TIDB    0.07987514    0.11037151    0.00126646   -0.01274412    0.00799464   -0.01481988    0.01095471    0.01204977
TITZ    0.10240293   -0.01853571   -0.03486973   -0.07859669    0.01399455   -0.04505764   -0.01404990   -0.00661000
TIXG    0.00522715   -0.00753473   -0.00867084    0.00848814   -0.03014463   -0.00356656    0.00638038    0.03780085
TIXI    0.04015768   -0.03402757   -0.03088358   -0.00285567   -0.01544499    0.03152844   -0.00688079   -0.00619221
TIXJ   -0.07996510   -0.05510674    0.01462332   -0.07072152    0.03672726   -0.01600010    0.00389107    0.00552530
TLSE   -0.20450472   -0.08024674    0.08629630    0.04582663   -0.06013902   -0.02472900    0.02877599    0.03844118
TN22   -0.20752663    0.08751556   -0.02964151    0.01593643   -0.02452602   -0.06135675    0.00884509    0.06468396
TNML   -0.22162433    0.43383239    0.21669446    0.16980158   -0.14423022    0.36517771    0.11623266    0.14654373
TONG    0.11280489   -0.05838456    0.05947740   -0.03301592    0.09457685   -0.12149500   -0.05744419    0.14493054
TOUL   -0.02564917    0.09316813    0.16707728    0.01837287   -0.02029824   -0.03755998    0.02522368    0.06123112
TOW2    0.07369064   -0.05776431   -0.03645263    0.18765064    0.07520489   -0.00505812    0.06512425   -0.02719324
TRAB   -0.30828017   -0.60944847   -0.34582555   -0.19699955    0.03612104    0.09932076   -0.05407218   -0.23453005
TRO1   -0.14951751    0.24477928   -0.01796817   -0.02409567   -0.02551798   -0.03375555    0.01846813   -0.00294906
TROM   -0.22344309    0.00096410   -0.00161016   -0.01027745    0.01479964    0.00869884    0.02334316   -0.03402905
TSEA    0.22511990   -0.02920925   -0.00882009   -0.04862246    0.03175251   -0.00669002    0.05800594    0.04312808
TSKB    0.33361869    0.10741994    0.03327952   -0.11149870   -0.05963076    0.04029115    0.02843390   -0.00429346
TUVA    0.36403292   -0.10838745    0.00477646   -0.04245957   -0.00474752   -0.05058267    0.04982990    0.04086665
TWTF    0.33015714    0.17619790   -0.25301446    0.10837937    0.11204759    0.15948473   -0.04661757   -0.08042702
TXES   -0.16268832   -0.23651640   -0.09316436    0.05823565    0.06946624   -0.06715780   -0.07931529    0.02827063
UFPR    0.19425986    0.02211058    0.02240151   -0.01825582    0.03505279    0.00877357   -0.04961843   -0.02402357
ULAB    0.06349072   -0.01231111   -0.06332184    0.03146271    0.02730357    0.02808259   -0.01539569   -0.01189902
UNB3   -0.20141847   -0.05391575   -0.03116217    0.01878018    0.00077969    0.01927423    0.01603737   -0.00361476
UNBJ    0.11719521   -0.09432007    0.02598949    0.04340939   -0.01428882    0.00227990   -0.01606230    0.00911802
UNBN   -0.22286478   -0.08299518   -0.01793207   -0.01547735   -0.06013704    0.02942496    0.05363572    0.01270516
UNSA   -1.55836346   -0.16737864   -0.17543345   -0.32650816    0.18616622    0.21364339   -0.02732748    0.01641631
UNTR    0.18010410   -0.14388421    0.11631238    0.07864524    0.03057900    0.02804642   -0.00718444   -0.00243836
URUM    0.13394031   -0.04203635    0.06309307   -0.30291399   -0.02748716   -0.07535404    0.02657810    0.02576387
URUS    0.17072874    0.13545836    0.01674043    0.05874667   -0.14934770   -0.01979358   -0.02151820    0.00322950
USN3    0.08158634    0.03015154   -0.01599980    0.01847917    0.08581813    0.01356642    0.03868919   -0.03712112
USNA   -0.01096792   -0.00343360    0.04331084   -0.01025588   -0.00481465   -0.05097097    0.02691527   -0.06378631
USNO    0.02631863   -0.05945405    0.00058938   -0.01882875   -0.03679398   -0.08858544    0.00813747   -0.06753813
USUD    0.43998376    0.12145710   -0.09624243   -0.08156978   -0.05265346    0.02534532   -0.00954940    0.03811098
VACO   -0.24697649    0.10559939    0.04884352   -0.02570553    0.03117272   -0.00949120   -0.02110528   -0.00461349
VALD   -0.07085594    0.08683083    0.06253486    0.07001244   -0.00938215    0.00582854    0.00710005    0.01396091
VENE    0.14209423    0.22773516    0.20892864   -0.03165778    0.06920714   -0.10114125   -0.02774144   -0.02689136
VESL   -0.19096639    0.02725204   -0.03898284   -0.01593618    0.01052614    0.00897529   -0.01817664   -0.01063478
VIL0   -0.06486399   -0.11701394   -0.06053045   -0.02935749   -0.00571499    0.00515531   -0.00368594   -0.00791437
VILL   -0.03091133    0.06792662   -0.03648162    0.03611819    0.04110129   -0.00784677    0.01578748    0.00574964
VIS0   -0.06670057    0.09348536    0.06665565   -0.00964502    0.01301261   -0.03927496    0.01800882    0.02348092
VNDP    0.15950652   -0.08276383   -0.13632175    0.09401061    0.04370183   -0.00770409   -0.00864632   -0.03369114
VOIM    0.20399218   -0.03968476    0.25035945    0.04806390   -0.11199730   -0.02530310   -0.06252282   -0.07254035
VTSP   -0.03878884   -0.00454398   -0.00921023   -0.10132379    0.03026529   -0.00192621   -0.02559315   -0.03153505
WARK    0.07554989   -0.05779537   -0.00870782    0.02192849   -0.00625415   -0.00878150   -0.01381932    0.00591612
WDC1    0.07773426    0.02237793   -0.00672332    0.02832197    0.03680616   -0.01080598    0.01614154    0.03167903
WDC3    0.13483619   -0.05713574    0.09095526    0.08706068    0.04097534   -0.06322644   -0.06049696   -0.03391519
WEL1   -0.00974376    0.09242108    0.00430579   -0.07006551   -0.01923111    0.02854128   -0.00538923    0.01782444
WES2    0.12000047    0.11408876   -0.12178828   -0.03928635    0.02572109   -0.06150388   -0.00462007    0.05171570
WGTN   -0.02341638    0.04664768   -0.02706847   -0.03918915   -0.00420074   -0.00111721    0.01187771   -0.00242007
WHIT    0.00641095   -0.02102569   -0.02419542   -0.01538720    0.00767304   -0.03206154    0.02281664    0.00870756
WILL   -0.02203689   -0.03706817   -0.02472943    0.03940552    0.00576356   -0.01501806    0.00490155    0.00206145
WIND    0.02094516    0.20450079    0.01388808    0.08490582   -0.05417518   -0.00158070    0.04159241   -0.04128743
WROC   -0.14695190   -0.09917362   -0.03409598    0.00909690    0.00367499    0.06801974    0.00471685   -0.03147039
WSRT    0.09519551    0.06498069    0.00205065    0.01648092    0.00643498   -0.01419971    0.01481658    0.00194713
WTZA   -0.03209507   -0.12430335   -0.01603622   -0.06419868   -0.03469835   -0.01067884    0.00234717   -0.00734893
WTZL    0.17111058    0.19116515   -0.02356302    0.00210920    0.00906411    0.00423172   -0.02310142    0.00350234
WTZR    0.13804869   -0.06693841    0.05275691    0.04900249   -0.00861499    0.01502603   -0.00646870   -0.00811904
WTZZ   -0.18166902   -0.01033303   -0.00427427    0.06109065    0.01603859   -0.00656441    0.01612668   -0.01654321
WUHN    0.17264658    0.08030226   -0.03955539   -0.07448911    0.01020559   -0.02461972   -0.01344014   -0.00799575
XIAN   -0.40080403   -0.64653917   -0.17615604   -0.18577374   -0.12198308   -0.05968246    0.00945862    0.13481503
XMIS   -0.32607181   -0.16973295    0.07519452   -0.07639006    0.02568285   -0.02166409    0.00036788   -0.01337941
YAKT   -0.23697979    0.29576548    0.06958950    0.08251259   -0.10407642    0.00923627   -0.11134551   -0.02213568
YAKZ   -0.08149498    0.07786563   -0.13822597    0.18081681    0.00508406    0.06852432    0.00362626    0.00287677
YAR1    0.03284654   -0.00680020    0.15405856    0.03880946    0.04948531    0.00586523   -0.03287458    0.00669829
YAR2   -0.04162920    0.02973736   -0.09560160    0.01029683   -0.02143252    0.01541729    0.02127362    0.02210218
YAR3    0.03096913    0.03387739    0.10927069    0.03223778   -0.02240713   -0.02438165    0.00388587    0.04083411
YARR    0.03823971   -0.08235244   -0.08279559    0.06258331   -0.02000647   -0.02948747    0.03492508   -0.02606928
YCBA    0.02319869    0.24739352   -0.14454317    0.12062389    0.03706221   -0.05109383   -0.05338242   -0.05715053
YEBE   -0.08807828    0.10970550    0.03080790    0.01461834   -0.00580325   -0.00758159   -0.01425591   -0.01107129
YELL   -0.10606845    0.01234174   -0.02577585    0.07861654    0.05688188   -0.01043391    0.00413669    0.04779776
YIBL    0.96109915    0.33124629    0.33841026    0.03072659    0.05427805   -0.05723921    0.06539385   -0.07097799
YKRO   -0.24223207   -0.35468211   -0.14762943    0.17814590    0.18949151    0.18719580    0.01650505    0.08822027
YSSK    0.05350757   -0.06783037   -0.02569243    0.00530561   -0.03483149    0.04143729   -0.00875160   -0.00133938
ZAMB   -0.22478634   -0.00749204   -0.07050008    0.00626083    0.02150979    0.02057309   -0.02641288   -0.01619285
ZECK    0.14894550    0.18606276   -0.03122225    0.06401987   -0.01261238   -0.00367081    0.00017144    0.01580172
ZIM2    0.03957708   -0.07969417   -0.03711100   -0.08044710    0.00215655   -0.01281228   -0.00549896   -0.01935778
ZIM3   -0.05814058   -0.04932189   -0.03645770    0.06492442    0.00586923    0.04441943    0.00868920   -0.07170352
ZIMJ    0.04328288   -0.08675204    0.07048054    0.03861958   -0.00245393    0.04824930    0.00832077    0.02026824
ZIMM    0.05820816   -0.05572609   -0.06269715    0.06065515   -0.02889115    0.03978319    0.02574722    0.00224301
ZWE2   -0.00715885   -0.17837190   -0.03789375   -0.01218322    0.04311288   -0.01334899   -0.00522793   -0.01847090
ZWEN   -0.26709036    0.44056318    0.08503149   -0.05888133   -0.04972401    0.07227010    0.04711243   -0.04552883
