name detected metadata valid
ABMF     6     6     0
ABPO    11     3     0
ADE1     3     0     0
ADIS     9     2     0
AIRA     7     7     2
ALBH    17    17     2
ALGO    13    14     4
ALIC    16     9     2
ALRT    22     4     2
AMC2    16     7     2
ANKR    14     8     4
ANTC    14     4     3
AOML     4     3     0
AREG    10     3     2
AREQ    16    10     4
AREV     9     5     3
ARTU    20     1     0
ASC1     2     1     0
ASCG     4     2     0
ASPA     7     2     1
AUCK    11     8     2
AZGB     4     5     1
BADG    14     4     2
BAKE    20     3     0
BAKO    18    21     5
BAN2    13     1     0
BARH    10     4     1
BDOS     1     1     0
BHR1    12     1     0
BILI    12     0     0
BISK     4     1     0
BJCO     5     2     1
BJFS    17     5     1
BJNM     3     0     0
BNDY     1     4     0
BOAV     7     1     0
BOGO     5     6     0
BOGT    15    12     4
BOR1    15     4     0
BRAZ    14    16     3
BREW    10     5     0
BRFT     9     1     0
BRMU     5     7     1
BRST    14     9     1
BRUS     7     9     0
BRUX     4    10     0
BSHM     6     3     1
BUE2     3     0     0
CAGL    15     2     0
CAGS    10     6     0
CAGZ     5     6     1
CALL    11     0     0
CARR    10     1     2
CAS1    22     7     3
CCJ2     8     4     0
CCJM     2    10     0
CEDU    17    12     5
CFAG    15     2     0
CGGN     4     3     1
CHAN    10     2     2
CHAT     7     3     1
CHPG     8     2     0
CHPI    10     7     0
CHTI     4     2     0
CHUM    18     4     2
CHUR    25    17     4
CIC1     9     1     1
CICE     2     0     0
CKIS     2     4     0
CNMR    12     4     2
COCO    17    12     4
CONZ     9     7     3
CORD    13     3     1
COYQ     2     6     0
CPVG     8     3     1
CPXF    12     7     2
CRAO     3     2     1
CRAR    22     0     0
CRO1    13    12     3
CTWN     5     0     0
DAEJ    23     7     2
DAKA     2     6     2
DARW    16    17     1
DAV1    19    12     5
DAVR     8     2     2
DGAR    13     9     2
DGAV     3     3     1
DRAG     7     9     3
DRAO    19    15     1
DUBO    16     8     4
DUM1    20     0     0
EIL1    14     3     0
EISL     3     3     0
EPRT     9     9     2
ETAD     4     0     0
FAA1    10     5     1
FAIR    21    14     2
FAIV    12     1     1
FALE     9     6     2
FLIN    22    12     6
FLRS     3     1     0
FORT     5     3     3
FRDN     2    10     0
FTNA     2     3     1
FUNC     9     3     2
GALA     6     1     0
GANP    17     6     3
GLPS    20     6     2
GLSV    19     5     2
GMAS     6     1     1
GMSD     3     5     0
GODE    16    10     3
GODZ    23     6     0
GOL2     5     1     0
GOLD    19     4     2
GOPE    20    11     6
GOUG     6     1     0
GRAS    14    10     0
GRAZ    21    15     4
GUAM    16     9     2
GUAO    16     2     1
GUAT    14     2     0
GUUG    10     5     1
HARB    16    10     1
HERS    17     4     1
HERT     9     1     0
HLFX     5     4     0
HNLC     8     5     0
HNPT    17    10     4
HOB2    12    10     3
HOFN    15     7     4
HOLB    18    20     5
HOLM    17     9     2
HRAO    21    15     7
HRM1     2     2     0
HYDE    18     7     1
IDDR    13     4     2
IISC    22     7     3
ILHA     0     3     0
IMPZ    11     6     0
INEG    12     8     0
INVK    22     3     1
IQAL    15     2     1
IQUI     3     0     0
IRKJ    20     1     1
IRKT    17     0     0
ISBA    15     3     1
ISPA     0     2     0
JAB1     3    15     2
JOG2     5     4     0
JOZ2    17     2     1
JOZE    14     4     0
JPLM    19    12     1
JPLV     5     1     0
KARR    15    14     4
KAT1     6     1     1
KELY    17     9     4
KERG    11    11     1
KGNI     5     5     0
KHAJ    12     1     0
KHAR     7     5     0
KIR0    20    18     0
KIRI     4    10     0
KIRU    18     8     1
KIT3    27     3     3
KOKB    15     9     5
KOKV     5     1     0
KOSG     9    10     3
KOU1     2     1     0
KOUC     5     4     0
KOUG     7     3     0
KOUR    19    12     5
KRGG     3     4     0
KSMV     8     6     0
KSTU     5     4     3
KUNM    15     0     0
KWJ1     3     1     0
LAE1     6     3     1
LAMA    21    10     4
LAUT     1     4     0
LHAS    12     3     1
LHAZ    23     5     1
LMMF     6     4     3
LPAL    10     2     2
LPGS    11     8     0
M0SE     7     5     0
MAC1     7     9     1
MAD2    18     5     3
MADR     1     6     1
MAG0    20     2     3
MAJU     2     4     1
MAL2    17     4     1
MALD     2     0     0
MALI     6     2     0
MANA    13     5     2
MAS1    13     9     1
MAT1    16     3     1
MATE    25     8     2
MAUI    11     4     2
MAW1    25     8     3
MBAR    11     4     3
MCIL     7    15     3
MCM4    27     5     2
MDO1    21    13     6
MDVJ    20     2     0
MDVO     6     0     0
MEDI    26     3     2
METS    19    11     3
METZ     8     1     0
MGUE     6     2     0
MIZU     8     9     0
MKEA    14     8     4
MNLS    10     7     0
MOBJ    18     2     3
MOBK     4     0     0
MOBS     5     6     2
MONP    17    15     2
MORP    13     7     0
MQZG     7     7     2
MRO1     4     1     0
MSKU     3     0     0
MTKA    10     3     0
NAIN     3     6     0
NANO    14     8     0
NAUR     3     8     0
NICO    23     8     1
NIST    11     2     1
NIUM     2     4     0
NKLG    21     5     0
NLIB    24     6     2
NNOR    13     4     2
NOT1    11     4     1
NOTO     4     1     0
NOUM     4     3     0
NOVM    17     0     0
NRC1    13    14     4
NRIL    18     2     0
NRMD    11     3     0
NSSP    14     4     3
NTUS    21     7     1
NURK    10     1     2
NVSK    18     2     1
NYA1    22     5     2
NYAL    25     3     1
OHI2    19     4     1
OHI3    11    10     3
OHIG     3     6     2
ONSA    16     8     1
OPMT     4     0     0
OS0G     4     2     1
OSN1     9     2     0
OUS2    12     9     2
PADO    11     6     2
PALM    18     3     1
PALV     6     1     0
PARC    12     7     2
PARK     5     3     1
PBRI     4     2     0
PDEL     4     4     2
PENC    20     6     4
PERT    19     9     3
PETP     9     1     1
PFA2     6     4     0
PIE1    17    10     1
PIMO    14     6     2
POHN     6     8     1
POL2    20     9     2
POLV    14     2     0
POTS    21     9     4
POVE    16     3     0
PRDS     9     8     1
PRE1    11     1     0
PTAG     9     4     1
PTBB     6     4     1
PTVL     4     2     0
PVEP     1     9     0
QAQ1    13     8     1
QUI2     0     0     0
QUIN    19    15     3
RABT    13     2     0
RAMO    18     8     5
RBAY     5     2     0
RCMN     5     0     0
RECF     1     5     0
RESO     7     7     2
REUN    13     9     4
REYK    25    10     6
REYZ     9     1     0
RGDG     2     3     0
RIGA     9    10     2
RIO2     7     4     1
RIOG     3     1     0
RIOP     9     5     0
ROSA     4     3     0
ROTH    15     0     0
SALU    14     5     4
SAMO     7     6     0
SANT    16    11     4
SAVO     6     2     0
SCH2    19     7     2
SCOR    25     5     4
SCRZ     5     1     0
SCTB    11     3     0
SCUB     6     4     1
SELE    18     2     2
SEY1     5    12     1
SEYG     6     3     1
SFER    15     9     2
SHAO    13     1     1
SIMO     3     0     0
SIO3    13    20     3
SMST     8     3     1
SOFI    19     5     1
SOL1     9     5     3
SOLA     5     2     2
SPT0     5     7     2
SSIA     8     3     1
STHL    13     1     0
STJO    10    26     7
STK2     9     4     0
STR1     7    13     4
STR2     7    10     1
SUNM    10     0     0
SUTH    15     8     2
SUTM    14     3     0
SUTV     3     0     0
SUWN    26     4     1
SVTL    11     6     2
SYDN     7     2     0
SYOG    24     7     5
TABL    16     6     2
TABV    11     7     3
TAH1     6     1     0
TASH    19     5     1
TCMS     8     3     0
TEHN     6     4     1
THTG     6     3     0
THTI    17     5     1
THU1     9     0     0
THU2    18    10     2
THU3    13     3     0
TID1     8     8     3
TIDB     8     8     2
TITZ     5     3     3
TIXG    16     0     0
TIXI    19     5     2
TIXJ     8     0     0
TLSE    10    12     1
TN22    11     1     0
TNML     8     2     0
TONG     3     6     0
TOUL     1     0     0
TOW2    14     7     1
TRAB    13     0     0
TRO1    13     8     2
TROM    10     5     0
TSEA    19     2     1
TSKB    20    17     0
TUVA     1     4     1
TWTF    16     3     1
TXES    19    14     2
UFPR     6     1     0
ULAB    22     3     1
UNB3     2     4     0
UNBJ     3     3     0
UNBN     1     0     0
UNSA    15     8     4
UNTR     1     5     0
URUM    22     6     4
URUS     3     1     1
USN3     7     1     0
USNA     7    15     1
USNO    12     5     3
USUD    15     5     2
VACO     8     2     1
VALD    11     7     1
VENE    15     4     2
VESL    11     1     0
VIL0     5    16     2
VILL    20     9     5
VIS0     8    15     2
VNDP     2    15     0
VOIM     5     1     0
VTSP     7     3     1
WARK     3     4     1
WDC1     5     0     0
WDC3     1     0     0
WEL1     1     2     0
WES2    10    36     7
WGTN     5     6     1
WHIT    25    10     3
WILL    22     9     3
WIND    10     3     0
WROC    18    13     7
WSRT    17    10     3
WTZA     9     6     2
WTZL     2     9     0
WTZR    15    13     2
WTZZ    12    11     2
WUHN    22     6     5
XIAN    12     1     1
XMIS     7     4     2
YAKT    23     1     1
YAKZ     4     0     0
YAR1     7     2     1
YAR2     9    10     1
YAR3     7     3     0
YARR    10     4     2
YCBA    10     0     0
YEBE    11     6     1
YELL    25    11     2
YIBL     4     3     0
YKRO    16     3     2
YSSK    17     2     0
ZAMB    20     3     2
ZECK    19     7     3
ZIM2    15     3     2
ZIM3     5     0     0
ZIMJ    16     1     1
ZIMM    16     6     2
ZWE2    14     1     1
ZWEN     7     5     1
