name detected metadata valid
ABMF     2     6     0
ABPO     3     3     0
ADE1     3     0     0
ADIS     3     2     0
AIRA     7     7     2
ALBH     1    17     0
ALGO     5    14     0
ALIC     7     9     2
ALRT     9     4     1
AMC2     4     7     2
ANKR    10     8     3
ANTC     2     4     0
AOML     3     3     1
AREG     1     3     0
AREQ     5    10     1
AREV     0     5     0
ARTU     9     1     0
ASC1     0     1     0
ASCG     1     2     0
ASPA     4     2     1
AUCK     6     8     2
AZGB     4     5     1
BADG     8     4     2
BAKE     9     3     0
BAKO     9    21     3
BAN2     9     1     0
BARH     1     4     1
BDOS     2     1     0
BHR1     7     1     0
BILI    10     0     0
BISK     2     1     0
BJCO     0     2     0
BJFS     4     5     0
BJNM     4     0     0
BNDY     0     4     0
BOAV     5     1     0
BOGO     5     6     0
BOGT     5    12     2
BOR1     5     4     0
BRAZ     4    16     0
BREW     2     5     1
BRFT     7     1     0
BRMU     3     7     1
BRST     1     9     0
BRUS     4     9     0
BRUX     2    10     0
BSHM     4     3     1
BUE2     0     0     0
CAGL    10     2     0
CAGS     5     6     0
CAGZ     2     6     0
CALL     6     0     0
CARR     2     1     1
CAS1    11     7     2
CCJ2     5     4     0
CCJM     2    10     0
CEDU     7    12     3
CFAG     1     2     0
CGGN     1     3     0
CHAN     4     2     2
CHAT     3     3     1
CHPG     2     2     0
CHPI     3     7     0
CHTI     3     2     0
CHUM     8     4     1
CHUR     8    17     0
CIC1     1     1     0
CICE     0     0     0
CKIS     1     4     0
CNMR     2     4     1
COCO     8    12     2
CONZ     1     7     0
CORD     3     3     0
COYQ     0     6     0
CPVG     3     3     1
CPXF     4     7     1
CRAO     1     2     0
CRAR    13     0     0
CRO1     7    12     2
CTWN     4     0     0
DAEJ     6     7     1
DAKA     0     6     0
DARW     5    17     1
DAV1    13    12     4
DAVR     4     2     2
DGAR     2     9     0
DGAV     0     3     0
DRAG     3     9     1
DRAO     5    15     0
DUBO     6     8     2
DUM1    15     0     0
EIL1     5     3     0
EISL     0     3     0
EPRT     5     9     2
ETAD     1     0     0
FAA1     2     5     0
FAIR    14    14     2
FAIV     0     1     0
FALE     2     6     0
FLIN     5    12     1
FLRS     2     1     0
FORT     1     3     1
FRDN     2    10     0
FTNA     1     3     0
FUNC     3     3     2
GALA     2     1     0
GANP     4     6     1
GLPS     2     6     0
GLSV     6     5     1
GMAS     1     1     0
GMSD     1     5     0
GODE     6    10     2
GODZ     4     6     0
GOL2     0     1     0
GOLD     2     4     1
GOPE     6    11     2
GOUG     7     1     0
GRAS     3    10     0
GRAZ     6    15     1
GUAM     7     9     0
GUAO     9     2     1
GUAT     1     2     0
GUUG     3     5     0
HARB     4    10     0
HERS     7     4     1
HERT     5     1     0
HLFX     2     4     1
HNLC     1     5     0
HNPT     6    10     4
HOB2     6    10     3
HOFN     7     7     2
HOLB    11    20     3
HOLM     2     9     2
HRAO     5    15     2
HRM1     1     2     0
HYDE    10     7     1
IDDR     1     4     0
IISC     9     7     2
ILHA     0     3     0
IMPZ     2     6     0
INEG     4     8     1
INVK    15     3     1
IQAL     3     2     0
IQUI     0     0     0
IRKJ     4     1     0
IRKT    11     0     0
ISBA     4     3     1
ISPA     0     2     0
JAB1     1    15     0
JOG2     2     4     0
JOZ2     6     2     1
JOZE     7     4     0
JPLM     3    12     0
JPLV     2     1     0
KARR     4    14     0
KAT1     0     1     0
KELY     2     9     2
KERG     6    11     1
KGNI     2     5     0
KHAJ     6     1     0
KHAR     1     5     0
KIR0     5    18     1
KIRI     3    10     0
KIRU    12     8     1
KIT3     2     3     0
KOKB     6     9     2
KOKV     3     1     0
KOSG     5    10     2
KOU1     2     1     0
KOUC     1     4     0
KOUG     4     3     0
KOUR     8    12     2
KRGG     1     4     0
KSMV     5     6     0
KSTU     5     4     3
KUNM     4     0     0
KWJ1     1     1     0
LAE1     1     3     0
LAMA     6    10     2
LAUT     1     4     0
LHAS     5     3     0
LHAZ     4     5     0
LMMF     2     4     1
LPAL     3     2     2
LPGS     3     8     0
M0SE     4     5     0
MAC1     4     9     1
MAD2     6     5     0
MADR     2     6     1
MAG0     6     2     2
MAJU     0     4     0
MAL2     1     4     0
MALD     2     0     0
MALI     1     2     0
MANA     2     5     0
MAS1     1     9     0
MAT1     6     3     1
MATE     6     8     2
MAUI     2     4     1
MAW1    11     8     2
MBAR     4     4     0
MCIL     5    15     3
MCM4     8     5     0
MDO1     6    13     1
MDVJ     7     2     0
MDVO     9     0     0
MEDI     7     3     0
METS     4    11     1
METZ     1     1     0
MGUE     0     2     0
MIZU     3     9     0
MKEA     3     8     2
MNLS     4     7     0
MOBJ    10     2     3
MOBK     3     0     0
MOBS     3     6     0
MONP     4    15     0
MORP     3     7     0
MQZG     4     7     1
MRO1     2     1     0
MSKU     2     0     0
MTKA     3     3     0
NAIN     2     6     0
NANO     2     8     0
NAUR     4     8     0
NICO    10     8     0
NIST     2     2     0
NIUM     1     4     1
NKLG     4     5     0
NLIB    19     6     1
NNOR     6     4     1
NOT1     2     4     0
NOTO     0     1     0
NOUM     1     3     0
NOVM     6     0     0
NRC1     6    14     0
NRIL     5     2     0
NRMD     2     3     0
NSSP     5     4     0
NTUS     8     7     1
NURK     4     1     1
NVSK    16     2     1
NYA1     4     5     2
NYAL     4     3     0
OHI2    10     4     1
OHI3     4    10     1
OHIG     3     6     2
ONSA     4     8     1
OPMT     3     0     0
OS0G     6     2     1
OSN1     6     2     0
OUS2     3     9     1
PADO     1     6     0
PALM     6     3     0
PALV     1     1     0
PARC     2     7     1
PARK     0     3     0
PBRI     1     2     0
PDEL     3     4     2
PENC     5     6     1
PERT     8     9     2
PETP     2     1     0
PFA2     1     4     0
PIE1     4    10     1
PIMO     1     6     0
POHN     5     8     1
POL2     9     9     1
POLV     4     2     1
POTS     9     9     2
POVE     7     3     1
PRDS     3     8     0
PRE1     7     1     0
PTAG     2     4     0
PTBB     5     4     1
PTVL     0     2     0
PVEP     3     9     1
QAQ1     3     8     1
QUI2     2     0     0
QUIN     8    15     0
RABT     4     2     0
RAMO     3     8     0
RBAY     2     2     0
RCMN     2     0     0
RECF     1     5     0
RESO     7     7     3
REUN     6     9     3
REYK     7    10     5
REYZ     0     1     0
RGDG     1     3     0
RIGA     2    10     1
RIO2     4     4     1
RIOG     1     1     0
RIOP     3     5     0
ROSA     0     3     0
ROTH     4     0     0
SALU     4     5     2
SAMO     2     6     0
SANT     1    11     0
SAVO     1     2     0
SCH2     7     7     1
SCOR     2     5     1
SCRZ     1     1     0
SCTB     5     3     0
SCUB     3     4     1
SELE     4     2     2
SEY1     1    12     0
SEYG     1     3     0
SFER     5     9     2
SHAO     6     1     1
SIMO     2     0     0
SIO3     2    20     1
SMST     4     3     1
SOFI     5     5     1
SOL1     3     5     0
SOLA     2     2     1
SPT0     3     7     2
SSIA     1     3     0
STHL     1     1     0
STJO     4    26     3
STK2     2     4     0
STR1     5    13     4
STR2     4    10     1
SUNM     5     0     0
SUTH     2     8     1
SUTM     3     3     0
SUTV     2     0     0
SUWN     7     4     1
SVTL     2     6     1
SYDN     3     2     0
SYOG    13     7     6
TABL     4     6     1
TABV     3     7     2
TAH1     3     1     0
TASH     5     5     0
TCMS     0     3     0
TEHN     5     4     0
THTG     6     3     0
THTI     6     5     2
THU1     3     0     0
THU2     4    10     0
THU3     3     3     0
TID1     5     8     2
TIDB     5     8     2
TITZ     1     3     1
TIXG     6     0     0
TIXI     7     5     1
TIXJ     3     0     0
TLSE     3    12     1
TN22     1     1     0
TNML     0     2     0
TONG     1     6     0
TOUL     0     0     0
TOW2     3     7     1
TRAB     5     0     0
TRO1     4     8     1
TROM     1     5     0
TSEA     4     2     2
TSKB     7    17     1
TUVA     1     4     1
TWTF     0     3     0
TXES     7    14     0
UFPR     1     1     0
ULAB    10     3     1
UNB3     2     4     0
UNBJ     3     3     0
UNBN     1     0     0
UNSA     6     8     2
UNTR     1     5     0
URUM    12     6     2
URUS     1     1     0
USN3     1     1     0
USNA     3    15     0
USNO     4     5     1
USUD    10     5     2
VACO     3     2     0
VALD     5     7     2
VENE    11     4     2
VESL     3     1     0
VIL0     2    16     1
VILL     7     9     3
VIS0     2    15     0
VNDP     0    15     0
VOIM     1     1     0
VTSP     3     3     0
WARK     2     4     1
WDC1     1     0     0
WDC3     1     0     0
WEL1     1     2     0
WES2     7    36     6
WGTN     2     6     0
WHIT    13    10     4
WILL     6     9     3
WIND     4     3     0
WROC    10    13     6
WSRT     3    10     2
WTZA     4     6     1
WTZL     3     9     1
WTZR     2    13     0
WTZZ     4    11     1
WUHN     9     6     1
XIAN     5     1     1
XMIS     3     4     1
YAKT     9     1     0
YAKZ     4     0     0
YAR1     2     2     1
YAR2     4    10     0
YAR3     3     3     0
YARR     3     4     0
YCBA     1     0     0
YEBE     5     6     1
YELL     3    11     1
YIBL     5     3     0
YKRO     1     3     0
YSSK     5     2     0
ZAMB     4     3     1
ZECK     7     7     2
ZIM2     3     3     1
ZIM3     0     0     0
ZIMJ     2     1     0
ZIMM     7     6     0
ZWE2     4     1     0
ZWEN     2     5     1
