name detected metadata valid
ABMF     2     6     0
ABPO     4     3     0
ADE1     3     0     0
ADIS     6     2     0
AIRA     6     7     2
ALBH    10    17     1
ALGO     6    14     1
ALIC    12     9     2
ALRT    13     4     1
AMC2    10     7     2
ANKR    13     8     4
ANTC     9     4     1
AOML     2     3     1
AREG     4     3     1
AREQ    12    10     2
AREV     1     5     0
ARTU    15     1     0
ASC1     0     1     0
ASCG     3     2     0
ASPA     5     2     1
AUCK    10     8     2
AZGB     4     5     1
BADG    10     4     1
BAKE    12     3     0
BAKO    12    21     4
BAN2     6     1     0
BARH     7     4     1
BDOS     1     1     0
BHR1     1     1     0
BILI     7     0     0
BISK     3     1     0
BJCO     3     2     0
BJFS    12     5     1
BJNM     3     0     0
BNDY     1     4     0
BOAV     4     1     0
BOGO     5     6     0
BOGT     8    12     4
BOR1    15     4     0
BRAZ     7    16     1
BREW     8     5     1
BRFT     8     1     0
BRMU     4     7     2
BRST    10     9     0
BRUS     6     9     0
BRUX     4    10     0
BSHM     5     3     1
BUE2     3     0     0
CAGL    10     2     0
CAGS     8     6     0
CAGZ     5     6     1
CALL     4     0     0
CARR     3     1     1
CAS1    15     7     3
CCJ2     5     4     0
CCJM     2    10     0
CEDU    11    12     5
CFAG     5     2     0
CGGN     1     3     1
CHAN     6     2     1
CHAT     7     3     1
CHPG     1     2     0
CHPI     7     7     0
CHTI     4     2     0
CHUM     7     4     0
CHUR    11    17     1
CIC1     5     1     1
CICE     1     0     0
CKIS     1     4     0
CNMR     9     4     1
COCO    13    12     4
CONZ     6     7     3
CORD     7     3     0
COYQ     1     6     0
CPVG     5     3     1
CPXF     7     7     1
CRAO     1     2     0
CRAR    11     0     0
CRO1    11    12     3
CTWN     4     0     0
DAEJ    15     7     2
DAKA     2     6     2
DARW    14    17     1
DAV1    15    12     4
DAVR     5     2     1
DGAR     9     9     2
DGAV     3     3     1
DRAG     3     9     2
DRAO    16    15     1
DUBO    12     8     2
DUM1    16     0     0
EIL1     6     3     1
EISL     2     3     0
EPRT     7     9     2
ETAD     1     0     0
FAA1     7     5     1
FAIR    13    14     2
FAIV     4     1     0
FALE     4     6     0
FLIN    12    12     4
FLRS     2     1     0
FORT     3     3     2
FRDN     2    10     0
FTNA     2     3     1
FUNC     3     3     0
GALA     1     1     0
GANP    11     6     2
GLPS    10     6     2
GLSV    15     5     2
GMAS     3     1     0
GMSD     1     5     0
GODE    10    10     2
GODZ    20     6     0
GOL2     4     1     0
GOLD    13     4     2
GOPE    17    11     6
GOUG     2     1     0
GRAS    11    10     0
GRAZ    16    15     3
GUAM     8     9     2
GUAO     9     2     1
GUAT     9     2     0
GUUG     7     5     1
HARB    11    10     1
HERS    12     4     1
HERT     6     1     0
HLFX     4     4     0
HNLC     8     5     0
HNPT    14    10     4
HOB2    10    10     4
HOFN    12     7     4
HOLB     8    20     3
HOLM    10     9     2
HRAO    14    15     6
HRM1     2     2     0
HYDE    13     7     1
IDDR     1     4     1
IISC    13     7     1
ILHA     0     3     0
IMPZ     4     6     0
INEG     6     8     0
INVK    12     3     1
IQAL     9     2     1
IQUI     1     0     0
IRKJ    16     1     1
IRKT    10     0     0
ISBA    11     3     1
ISPA     0     2     0
JAB1     2    15     1
JOG2     2     4     0
JOZ2    14     2     1
JOZE    11     4     0
JPLM    12    12     1
JPLV     1     1     0
KARR     7    14     3
KAT1     3     1     0
KELY    10     9     2
KERG     6    11     1
KGNI     3     5     0
KHAJ     7     1     0
KHAR     4     5     0
KIR0     9    18     0
KIRI     3    10     0
KIRU    12     8     1
KIT3    15     3     2
KOKB    11     9     4
KOKV     3     1     0
KOSG     8    10     3
KOU1     2     1     0
KOUC     5     4     0
KOUG     6     3     0
KOUR    12    12     4
KRGG     2     4     0
KSMV     4     6     0
KSTU     2     4     2
KUNM     8     0     0
KWJ1     2     1     0
LAE1     4     3     1
LAMA    17    10     3
LAUT     1     4     0
LHAS     6     3     1
LHAZ    14     5     1
LMMF     5     4     3
LPAL     9     2     2
LPGS    10     8     0
M0SE     4     5     0
MAC1     7     9     1
MAD2    10     5     1
MADR     2     6     1
MAG0     9     2     2
MAJU     1     4     0
MAL2     7     4     1
MALD     2     0     0
MALI     3     2     1
MANA     9     5     1
MAS1    12     9     1
MAT1    12     3     1
MATE    14     8     2
MAUI     8     4     2
MAW1    16     8     2
MBAR     6     4     0
MCIL     4    15     2
MCM4    20     5     2
MDO1    14    13     4
MDVJ     8     2     0
MDVO     2     0     0
MEDI    18     3     2
METS    15    11     3
METZ     4     1     0
MGUE     5     2     0
MIZU     8     9     0
MKEA    11     8     3
MNLS     7     7     0
MOBJ    10     2     2
MOBK     2     0     0
MOBS     3     6     1
MONP    14    15     1
MORP     5     7     0
MQZG     6     7     2
MRO1     2     1     0
MSKU     1     0     0
MTKA     6     3     0
NAIN     2     6     0
NANO     9     8     0
NAUR     3     8     0
NICO    14     8     1
NIST     4     2     1
NIUM     2     4     0
NKLG     9     5     0
NLIB    17     6     2
NNOR    12     4     2
NOT1     7     4     1
NOTO     2     1     0
NOUM     1     3     0
NOVM    13     0     0
NRC1    10    14     3
NRIL    14     2     0
NRMD     7     3     0
NSSP     7     4     3
NTUS    12     7     0
NURK     3     1     1
NVSK    13     2     1
NYA1    13     5     2
NYAL    16     3     1
OHI2    13     4     1
OHI3     9    10     3
OHIG     2     6     2
ONSA     8     8     1
OPMT     3     0     0
OS0G     2     2     0
OSN1     2     2     0
OUS2     9     9     2
PADO     9     6     2
PALM    14     3     1
PALV     4     1     0
PARC     7     7     2
PARK     5     3     1
PBRI     3     2     0
PDEL     4     4     2
PENC    17     6     4
PERT    13     9     2
PETP     7     1     0
PFA2     4     4     0
PIE1     9    10     1
PIMO     8     6     1
POHN     6     8     1
POL2    11     9     1
POLV    12     2     0
POTS    12     9     2
POVE     8     3     0
PRDS     5     8     1
PRE1     6     1     0
PTAG     6     4     1
PTBB     4     4     1
PTVL     3     2     0
PVEP     1     9     0
QAQ1    11     8     1
QUI2     1     0     0
QUIN    11    15     2
RABT     8     2     0
RAMO    13     8     3
RBAY     4     2     0
RCMN     4     0     0
RECF     1     5     0
RESO     4     7     0
REUN     9     9     4
REYK    18    10     5
REYZ     2     1     0
RGDG     2     3     0
RIGA     5    10     2
RIO2     5     4     1
RIOG     3     1     0
RIOP     5     5     0
ROSA     4     3     0
ROTH     5     0     0
SALU     6     5     2
SAMO     4     6     0
SANT    10    11     3
SAVO     5     2     0
SCH2     7     7     1
SCOR    13     5     3
SCRZ     3     1     0
SCTB     4     3     0
SCUB     4     4     0
SELE     9     2     2
SEY1     3    12     1
SEYG     3     3     0
SFER     8     9     2
SHAO     9     1     1
SIMO     1     0     0
SIO3     6    20     3
SMST     3     3     1
SOFI    11     5     1
SOL1     7     5     2
SOLA     0     2     0
SPT0     4     7     2
SSIA     7     3     1
STHL     8     1     0
STJO     9    26     6
STK2     5     4     0
STR1     6    13     3
STR2     7    10     1
SUNM     6     0     0
SUTH    11     8     1
SUTM     7     3     1
SUTV     3     0     0
SUWN    18     4     1
SVTL     7     6     2
SYDN     7     2     0
SYOG    20     7     5
TABL    12     6     2
TABV     9     7     2
TAH1     5     1     0
TASH     8     5     0
TCMS     3     3     0
TEHN     0     4     0
THTG     6     3     0
THTI    12     5     1
THU1     7     0     0
THU2    12    10     2
THU3     5     3     0
TID1     7     8     3
TIDB     7     8     2
TITZ     5     3     3
TIXG    10     0     0
TIXI    10     5     1
TIXJ     2     0     0
TLSE     7    12     1
TN22     6     1     0
TNML     5     2     0
TONG     3     6     0
TOUL     1     0     0
TOW2     9     7     1
TRAB     4     0     0
TRO1    11     8     2
TROM     3     5     0
TSEA    11     2     1
TSKB     9    17     1
TUVA     1     4     1
TWTF     9     3     1
TXES     9    14     2
UFPR     1     1     0
ULAB    12     3     1
UNB3     2     4     0
UNBJ     3     3     0
UNBN     1     0     0
UNSA     9     8     3
UNTR     1     5     0
URUM    15     6     3
URUS     1     1     0
USN3     3     1     0
USNA     5    15     1
USNO     9     5     3
USUD     9     5     2
VACO     4     2     1
VALD     6     7     1
VENE     3     4     2
VESL     9     1     1
VIL0     5    16     2
VILL    10     9     4
VIS0     5    15     2
VNDP     0    15     0
VOIM     4     1     0
VTSP     6     3     1
WARK     3     4     1
WDC1     5     0     0
WDC3     1     0     0
WEL1     1     2     0
WES2     7    36     5
WGTN     5     6     1
WHIT    14    10     2
WILL    13     9     3
WIND    10     3     0
WROC    14    13     6
WSRT    10    10     3
WTZA     6     6     2
WTZL     2     9     0
WTZR     9    13     2
WTZZ    10    11     2
WUHN    16     6     4
XIAN     4     1     1
XMIS     6     4     2
YAKT    12     1     1
YAKZ     1     0     0
YAR1     3     2     1
YAR2     7    10     1
YAR3     7     3     0
YARR     8     4     2
YCBA     2     0     0
YEBE     6     6     1
YELL    15    11     1
YIBL     3     3     0
YKRO     7     3     1
YSSK     9     2     0
ZAMB     7     3     1
ZECK    15     7     2
ZIM2     9     3     1
ZIM3     3     0     0
ZIMJ     9     1     1
ZIMM    12     6     2
ZWE2     7     1     1
ZWEN     1     5     1
