name cos1 sin1 cos2 sin2 cos3 sin3 cos4 sin4
ABMF   -0.21142795   -0.24906385   -0.05310662   -0.13845231   -0.08986798    0.13324314   -0.02217790    0.06448828
ABPO   -0.05652793   -0.14693755    0.02762475    0.17359652   -0.03539802   -0.01723997   -0.00031405    0.01719805
ADE1   -0.02525369   -0.03855505    0.00973047    0.03383603   -0.01625286    0.00711757   -0.01905351   -0.03762020
ADIS    0.00099371    0.28673278   -0.05769712   -0.14148272   -0.20484225   -0.07532015    0.14914092    0.00100276
AIRA    0.41781956   -0.08311115   -0.03583140   -0.04041242   -0.03311264   -0.04066973   -0.02416072   -0.01591014
ALBH   -0.15623363   -0.06802118    0.07444866    0.04070845   -0.04030822   -0.04519419    0.02786739    0.02640734
ALGO   -0.18509811   -0.03314304   -0.13035636    0.01664699   -0.00677241   -0.02200557    0.02989644   -0.00547887
ALIC   -0.13829387    0.00149262   -0.06300050   -0.00087269   -0.02606730   -0.02486104    0.01210017    0.02527325
ALRT   -0.04916300    0.06678543    0.01637368    0.05931065    0.03799977    0.00338383   -0.01901422   -0.02645010
AMC2    0.05869345    0.46951686    0.16305794    0.00410891    0.05034431   -0.01019105    0.00375074   -0.04007511
ANKR   -0.43206456   -0.17027786   -0.11695362   -0.10709602    0.00133800    0.05419123   -0.00028618   -0.00223198
ANTC   -0.02803362   -0.14823833   -0.09598281    0.10563486   -0.02639561   -0.09379064   -0.01852761    0.04353449
AOML    0.05554543    0.64465669    0.11726884    0.04777301    0.01032730   -0.06972230    0.00186383   -0.19823668
AREG    0.78587728   -0.26781739   -0.35352654   -0.28311171   -0.29084388   -0.22547891   -0.09084048   -0.08782400
AREQ    0.11187782   -0.32980021    0.42146366    0.23325990    0.29854024    0.02765276    0.11122421    0.03879245
AREV    0.12964328    0.12980344    0.63022395   -0.03985177   -0.04285218    0.21691742    0.07837266   -0.03049470
ARTU    0.03134939   -0.04023730    0.00727201    0.07791728   -0.00858562    0.00174338    0.03457498    0.07642807
ASC1   -0.32822208   -0.32657654    0.05756899   -0.13276109   -0.00739128   -0.05763890   -0.08436037    0.04031270
ASCG    0.29863510   -0.46921942   -0.02293784    0.17899371   -0.03167894   -0.02957480   -0.02480783   -0.04489414
ASPA   -0.22826833    0.07788517   -0.00152923   -0.07323678   -0.04070582    0.01651684   -0.00555767    0.00153449
AUCK    0.08558448   -0.01210187    0.00180411    0.00435651   -0.00176695    0.01859886   -0.00527972   -0.00705453
AZGB   -0.01195757   -0.00892219   -0.06314735    0.03184860   -0.04235821    0.01358767    0.00091056    0.01827009
BADG    0.06288143    0.39905030    0.04549413   -0.06303572    0.02848024   -0.02897066    0.01181866   -0.04087967
BAKE   -0.03083817    0.13808660    0.00498426   -0.03687256    0.00516136   -0.00757019    0.01016746   -0.02575561
BAKO   -0.02315924    0.31242585    0.01094027    0.06447659    0.04939552   -0.10109663   -0.12273861   -0.02966773
BAN2   -0.01913808    0.25080965    0.22168234   -0.44903514   -0.05584474    0.07615603   -0.11957536    0.03490434
BARH    0.01415112   -0.07055676    0.05883778    0.00035034    0.00420554   -0.00221823    0.00910740    0.01304181
BDOS    0.25559490    0.08696998   -0.07385255   -0.08452740   -0.08364803   -0.01267510   -0.00269402    0.05610944
BHR1    0.22537349    0.96239250   -0.09320847    0.10665102   -0.18912891    0.36381783   -0.29112164    0.18002524
BILI   -0.07773252   -0.09503531   -0.04326040   -0.02291253   -0.03451497   -0.02733795   -0.03877909   -0.02323958
BISK   -0.10655773   -0.19257991   -0.00222955    0.00777096    0.01302262    0.02220060   -0.00597138   -0.00492823
BJCO    0.28926300   -0.01836114   -0.24895727   -0.28673788    0.24210427    0.23381381   -0.11595412    0.06158136
BJFS    0.13420473    0.16347422    0.08621064   -0.02948337    0.20291672    0.06974613    0.00207372   -0.10404548
BJNM    0.20988143   -0.20409366   -0.21958386    0.12579458   -0.15802661   -0.02720738    0.16201054    0.05458196
BNDY   -0.11374453   -0.11641292    0.03658682    0.03152253   -0.01663809    0.03242288   -0.04760707   -0.02336978
BOAV    0.13141617    0.12540041    0.11728053   -0.25210699   -0.03214014    0.10778354    0.04054290    0.00356452
BOGO   -0.20348204   -0.12158893    0.01368218    0.05207420   -0.01707096    0.04708934    0.02188675   -0.01849918
BOGT   -0.13373823    0.15807782    0.03025667   -0.00234121    0.05752252   -0.00894122    0.00943699   -0.05003685
BOR1    0.11600832   -0.08050092    0.02906714   -0.02063848    0.05012641    0.01583929    0.03793229   -0.03544034
BRAZ   -0.21728584   -0.06291705   -0.09697348    0.04361947   -0.06873543    0.00032894   -0.04074203    0.02964939
BREW    0.28493843   -0.00061092   -0.08152443   -0.34055740    0.03776076    0.01778498   -0.00073485   -0.03980026
BRFT   -0.64380882   -0.13637521    0.04624174    0.10172314   -0.01302970    0.10113252    0.01875792    0.03251206
BRMU    0.09346184    0.12918834    0.01197351   -0.07209681    0.00202195    0.03259801   -0.00993629   -0.01239758
BRST   -0.12380458   -0.01439271    0.02171367    0.05087013    0.02440497   -0.01305999    0.02219869    0.00922994
BRUS   -0.00519929   -0.01288165   -0.02773950   -0.04018937    0.01247744    0.04141104   -0.00429865    0.00747829
BRUX   -0.16552036    0.03490271    0.06714114    0.01497665    0.02841504   -0.02019820   -0.03675151    0.02119706
BSHM    0.12642404    0.18056352    0.09854714    0.07227265    0.08502446   -0.00256981    0.00976198   -0.02912939
BUE2    0.06791888   -0.14714118    0.01136169    0.03672596   -0.12270294    0.09939664   -0.03382802   -0.04120336
CAGL    0.30512642   -0.11268976   -0.02277686    0.01819335   -0.03690551   -0.00836097    0.02277918    0.02080314
CAGS   -0.00718399   -0.00886926   -0.09073145    0.00067182    0.00379488   -0.06144561    0.02945748   -0.00135895
CAGZ   -0.05304671   -0.25439794    0.02671461   -0.00064711    0.02461898   -0.06550748   -0.00398181    0.03534178
CALL   -0.27337910   -0.59523705   -0.12316416    0.39193790    0.26223284   -0.15440885   -0.01579150    0.01561503
CARR    0.12229923    0.43711549   -0.14194680    0.27395477   -0.06762980    0.05150977   -0.05961451    0.07084758
CAS1   -0.01267347    0.00955172   -0.01922524   -0.00482633   -0.02309925    0.01369510    0.00419404   -0.00263180
CCJ2    0.07432060    0.30123032    0.01385422   -0.10486161    0.11781524    0.00976576   -0.05330220   -0.00226593
CCJM    0.09901445    0.29135445   -0.09922440   -0.05386410   -0.00632293    0.00389882   -0.01529033   -0.01764991
CEDU    0.09241869    0.26083882    0.01746931    0.01670159   -0.00638863    0.02476828    0.04598247    0.00692501
CFAG   -0.03695624   -0.23998717    0.16817435   -0.20635249    0.03089167    0.02728064    0.01149877   -0.12730025
CGGN    0.07336498    0.01941153   -0.08700235   -0.13172306    0.02488960    0.41876557   -0.10129794   -0.01713576
CHAN    0.13231709   -0.09166037   -0.04822218   -0.02557446   -0.03570041    0.02067712   -0.01269561    0.00474160
CHAT    0.07104797   -0.15718340    0.04428659   -0.00789228    0.00475825    0.03551602   -0.00994481    0.01006981
CHPG   -0.54182794   -0.10514387    0.15359397   -0.20008884    0.09032150    0.00889645    0.00798104    0.01385356
CHPI   -0.01744462    0.27091203   -0.10034205    0.13655536    0.03736629    0.08887434    0.00730200    0.00663226
CHTI   -0.06091425   -0.09378713   -0.03621816   -0.01025080    0.00690947   -0.03437749   -0.00252886   -0.00964773
CHUM    0.16041339    0.25673228    0.56843518   -0.20164099   -0.05391472   -0.17295098   -0.00947657   -0.07757709
CHUR    0.04686290    0.11024350    0.00859936   -0.00004235    0.00272806    0.01858614   -0.00633360    0.00099005
CIC1   -0.03144389    0.15055440   -0.19982037   -0.06354750    0.10622548   -0.03802640   -0.03695497    0.00904767
CICE    0.08863413   -0.51279999   -0.07434323    0.10814981    0.01723929   -0.11954287    0.04111447   -0.01950097
CKIS    0.08692991    0.06527988    0.02858974    0.06758620    0.01398614    0.06907219    0.07925862    0.00374413
CNMR   -0.00378596    0.10333822    0.18838127    0.08484414    0.02535998    0.10742901    0.02294418   -0.03357590
COCO   -0.12329819   -0.15271559    0.05174846    0.09450385   -0.03397831   -0.00816402    0.02167308   -0.03514909
CONZ   -0.08961011    0.15801506   -0.02458749    0.05778039    0.02012927    0.03150027    0.03022474   -0.01034676
CORD   -0.01594363    0.21598575    0.16655843   -0.17042224   -0.05519118    0.01648248    0.04316867    0.01171807
COYQ    0.13083915    0.00316966    0.01948851   -0.01318756    0.03322090   -0.01828645    0.01748930   -0.00428547
CPVG    0.13186368    0.12256077    0.01959444   -0.17978377    0.11712816   -0.02260384    0.04075435    0.01243823
CPXF   -0.00501195    0.06197825    0.01059163   -0.00790219    0.02420627   -0.03543505    0.01359512   -0.04000883
CRAO    0.00840395   -0.25298041    0.03127830   -0.10107749    0.05969387   -0.01553601   -0.01066353    0.04377177
CRAR   -0.07163689   -0.06761410   -0.03889026   -0.00345467   -0.01105034    0.00984122   -0.00960612   -0.00357979
CRO1   -0.16084021   -0.26974460   -0.00582219   -0.02438623    0.04804715   -0.09055188   -0.00168025   -0.04075639
CTWN   -0.04592192   -0.06340738    0.04326330    0.06281526    0.03866059   -0.04848431   -0.03242746    0.08258695
DAEJ    0.16487707   -0.14172449    0.06872857    0.08313763    0.02031385    0.04137527   -0.01272301    0.00163365
DAKA   -0.15895277   -0.16619533   -0.04115978    0.06966599    0.05472940   -0.19648673   -0.00498576    0.05072687
DARW   -0.32342951   -0.51941118    0.20573507    0.29221387   -0.12515659   -0.05772985    0.04424453   -0.02341316
DAV1    0.06860937   -0.03187132   -0.04304472    0.01505622    0.00296088   -0.00065612   -0.00488483    0.00073854
DAVR   -0.05958415   -0.11551406    0.01068934   -0.01019212    0.02819057    0.00635713   -0.00020331   -0.01274265
DGAR   -0.12455911   -0.06463148   -0.13606736    0.01981880    0.08373803    0.04827640   -0.00133482    0.03765667
DGAV   -0.02275258    0.17616489   -0.01667046   -0.10656257    0.01526392    0.03137457   -0.01414001    0.00068611
DRAG   -0.85018207    0.05630984    0.32680557   -0.17742350   -0.16976579    0.09150741    0.02514227   -0.01568355
DRAO    0.00391937   -0.22366010   -0.35616778    0.08796181    0.00764931    0.01610044    0.04416568   -0.00029890
DUBO   -0.05355069   -0.04395073    0.04312176   -0.04356905   -0.00276682    0.04125733    0.04024670   -0.01686473
DUM1   -0.03412311   -0.05118952   -0.00724324   -0.06408844   -0.03081180    0.03492953   -0.01875575    0.01134927
EIL1    0.13539340   -0.02322030    0.00267582    0.04066451   -0.05943754   -0.00548474    0.04535797    0.05090061
EISL    0.13640638    0.36868848    0.15197606    0.04161900   -0.08897809   -0.08345237    0.04071824    0.01780299
EPRT   -0.00320004   -0.14870455    0.02304395   -0.00254960    0.01738708   -0.03853937    0.01645580   -0.00504937
ETAD   -0.29035204   -0.25203670    0.05735448    0.12989719   -0.24130547   -0.01627684    0.14310544    0.17854072
FAA1   -0.10364086    0.24430014   -0.01610970    0.05017198   -0.06501617   -0.01778133   -0.01562448   -0.06430365
FAIR    0.01916318    0.04066887   -0.02175306   -0.02173086    0.01399189    0.04162127   -0.06573118   -0.01115076
FAIV    0.07747610    0.01060382   -0.09573580   -0.08832531   -0.00486902    0.07190082   -0.00696514   -0.00263306
FALE    0.04982858    0.12679775    0.05782047    0.08381975    0.00664705    0.02599027   -0.00025084    0.07079498
FLIN    0.15609880    0.12597969   -0.06047562   -0.00935604   -0.03204717    0.00033998   -0.00238850    0.02623207
FLRS    0.15028741    0.01044688    0.07572799   -0.05649003    0.04673227    0.01676488   -0.03135916   -0.00308961
FORT    0.09010990    0.95782155    0.04405417    0.16309278    0.04304297   -0.05619533    0.08159446   -0.08512615
FRDN   -0.18812802   -0.08799778   -0.04664476    0.04489927    0.00552682    0.00951682    0.01926899    0.00281563
FTNA    0.31234266   -0.01041307    0.04740240   -0.06255842   -0.16099258    0.04476807   -0.08508112    0.02007478
FUNC    0.41589124    0.14472038   -0.12678237   -0.00526160   -0.02469501    0.07210212   -0.03263926   -0.08082024
GALA   -0.01363708   -0.14937109    0.03187776    0.11084858   -0.31481611   -0.13061407   -0.02742476   -0.00206447
GANP    0.10020992   -0.12668552   -0.06058100   -0.00978542    0.00764746    0.01573422    0.02957805   -0.01850315
GLPS    0.12559315   -0.13600722   -0.01533058    0.32913791   -0.06161235   -0.18912210    0.02493223   -0.14913886
GLSV   -0.06481997    0.05572064   -0.03034469    0.00314084    0.01506463   -0.02780539    0.01797898   -0.01922803
GMAS   -0.04350594   -0.59735754   -0.11190143    0.15291237   -0.13362054    0.00197901    0.01607182    0.08373015
GMSD    0.10202705    0.30462835    0.11415805    0.00457415   -0.03585532   -0.03116528    0.02554990    0.02883958
GODE   -0.57710981   -0.16372372    0.09231052    0.11168732   -0.04648988    0.02164614    0.02499269   -0.03117505
GODZ    0.04813805    0.04227220   -0.01684372   -0.01060528   -0.07073309   -0.08923714    0.00873212   -0.03270098
GOL2   -0.08442205    0.06745785    0.00313378   -0.04441424    0.04200121   -0.00119124   -0.00104174   -0.06494727
GOLD   -0.05406796    0.01347360    0.03011858    0.02079696   -0.05714426   -0.00213004   -0.01034334    0.00001039
GOPE    0.11527168   -0.10019310    0.05660409    0.01530072    0.02422193    0.03913035    0.01533835   -0.01147645
GOUG   -0.18220685   -0.00710843   -0.03492972   -0.00808312   -0.00194814    0.10088068   -0.01604304    0.00429277
GRAS    0.06781466   -0.14035983    0.05337230    0.03838635    0.03041099    0.00985976   -0.04210755    0.00550736
GRAZ   -0.04880258   -0.08229338   -0.04521518    0.07993219   -0.03180106   -0.00186845    0.02493429    0.01531782
GUAM   -0.34031861   -0.00918530    0.09474843    0.05674091   -0.00575222   -0.15451983    0.01412022   -0.00220584
GUAO   -0.42692487    0.18531917   -0.26656531    0.19606891   -0.03753170   -0.10483382    0.05138956   -0.07121147
GUAT    0.32491184   -0.05830101    0.01062240   -0.00022698   -0.07190531    0.00119389    0.00646432   -0.01346827
GUUG    0.11328586   -0.02529969    0.14220065   -0.02215894    0.07439647    0.00241687    0.02953160   -0.04237844
HARB    0.08130446    0.05371399   -0.05378405   -0.07234310    0.06094094    0.06413459   -0.00375234    0.01480716
HERS   -0.01206644   -0.03635576   -0.00182204    0.02496562    0.04694544    0.01002138   -0.03144628   -0.02166787
HERT   -0.06124053    0.00767928    0.03120711   -0.01549483   -0.04635981   -0.01567542    0.04038801   -0.00692734
HLFX   -0.08833875   -0.06222742   -0.04075471   -0.02964310   -0.00780038   -0.00153754    0.01548186    0.01434862
HNLC    0.06400584   -0.01885425    0.12219495    0.06694842   -0.04526187    0.10089006   -0.02995890    0.01034068
HNPT   -0.11000004   -0.11287691   -0.01423848    0.06301106   -0.01974712   -0.06674164    0.02719261    0.05464234
HOB2   -0.12775963   -0.12370938    0.02325416   -0.02244620    0.00934133    0.01735567   -0.00201010    0.00834182
HOFN    0.11299650    0.00284915    0.00861444   -0.03432007    0.01274599    0.01340932    0.00549482    0.02633214
HOLB   -0.01068450    0.02442829    0.07461751    0.01758829   -0.03797510    0.00117668    0.01587430    0.02669708
HOLM   -0.05343019   -0.08205976   -0.07563989    0.00344695   -0.00314062   -0.00848516    0.04510953    0.00876756
HRAO    0.13337380    0.02166624   -0.07939762    0.06348379   -0.01834516   -0.09400272   -0.00617477   -0.02638170
HRM1    0.00048393   -0.05442739    0.02994521   -0.02105783   -0.05943894   -0.02325909    0.00927149   -0.00866102
HYDE   -0.12857424    0.04530881    0.36653339    0.22664056    0.06165508   -0.03965041    0.05934726    0.07043429
IDDR   -0.00874553   -0.08532502    0.19337359    0.04063042   -0.07169764    0.06857550   -0.00455688   -0.04774832
IISC   -0.20248610    0.29622898    0.02700163   -0.20522103    0.01858911    0.00161045   -0.02128258    0.08685751
ILHA    0.38338800   -0.20945458   -0.11372235    0.05908802    0.02288243   -0.01165035    0.03924043   -0.13371148
IMPZ    1.25611314    0.32348666   -0.18810482   -0.29143150    0.01152208    0.14761016    0.02719632   -0.09971435
INEG    0.02343307    0.23847530   -0.02385914    0.04460276    0.02852924    0.05725078   -0.05353644    0.01486212
INVK   -0.07403454   -0.04668855    0.03469130   -0.03794842   -0.02133409    0.02095309   -0.04727158    0.02165718
IQAL   -0.02428678   -0.03089727   -0.02224280   -0.01479930    0.00039848    0.01208926    0.00090961   -0.00856488
IQUI    0.12621265   -0.13903465   -0.01523856    0.05614200   -0.10233038    0.03765786    0.02334054   -0.08013357
IRKJ    0.05763830    0.07916650    0.03779665    0.09232133    0.02102215    0.01749439   -0.05551382    0.00806045
IRKT    0.12944489   -0.15517388    0.13579504   -0.01967443    0.00716635    0.00663086    0.01117236   -0.08319859
ISBA   -0.28406900   -0.33972617    0.05497208    0.26063295    0.03209020   -0.07376725   -0.00001693   -0.00171155
ISPA   -0.18623113    0.01316753    0.01184799   -0.07561341    0.00339979   -0.02031641   -0.03014568    0.00199165
JAB1   -0.43784810   -0.36167721    0.18297590   -0.15121211    0.19030309    0.07474627    0.12330308    0.05418829
JOG2    0.29029775    0.10585431   -0.06421901   -0.05496389   -0.12700100   -0.02643769    0.04136854    0.06259698
JOZ2    0.04713873   -0.20239985   -0.02152855   -0.02164776    0.01470009   -0.04427010   -0.03271951    0.01274175
JOZE   -0.17455815   -0.09800194   -0.03070914    0.01022469   -0.00092473    0.04606964   -0.02121465   -0.04363987
JPLM    0.05386353   -0.01829680    0.09439230    0.11054854    0.00163413   -0.06330570    0.01081028   -0.05308898
JPLV    0.08645120    0.05935101   -0.02954904   -0.20441483    0.04178056   -0.01935074    0.08339107    0.02814721
KARR    0.55921692    0.01555776    0.05556538   -0.12548531   -0.12399839    0.02220898    0.03891979    0.02958272
KAT1   -0.18367311   -0.32718640    0.17741452    0.46765103   -0.05561056   -0.06970260    0.03511118   -0.05166446
KELY    0.05605802   -0.11175603    0.07253917   -0.05646644    0.02658101   -0.00005363    0.00478823   -0.00971974
KERG   -0.04866948   -0.04896993    0.01381530   -0.01149474    0.02204230    0.01216881   -0.00622504   -0.00771953
KGNI   -0.27816327    0.45531039   -0.05448921    0.05679824   -0.02966077    0.04257068    0.00027084   -0.00900064
KHAJ    0.21258134    0.00499514    0.01357882   -0.01047988   -0.07089951   -0.05238307   -0.05613133   -0.06349376
KHAR   -0.05888297   -0.07528310   -0.02310429   -0.02961059    0.01878936    0.04359678    0.05077274   -0.00780769
KIR0   -0.09069068    0.06031618    0.05394083    0.00394491   -0.01006396    0.01451148    0.01413083   -0.00183823
KIRI    0.14059428   -0.00254677    0.09027379   -0.21613536    0.05087538    0.01551539    0.03700743    0.01067268
KIRU   -0.17419962   -0.04231399   -0.02291836    0.07172362    0.01407743   -0.01688384   -0.01419030   -0.03114804
KIT3    0.41949912   -0.62150536   -0.04952925   -0.46935096   -0.21366014   -0.18662789   -0.05960437   -0.04243254
KOKB   -0.09002142   -0.03632919    0.09242379   -0.05473877   -0.08311506   -0.01212134    0.03746046    0.00857194
KOKV    0.07799757   -0.08856795   -0.10750214    0.04185338   -0.06180248    0.03357434   -0.01149800    0.00974332
KOSG    0.02132180    0.05073011   -0.02513723   -0.00274289   -0.00747226   -0.01123228    0.01936187   -0.00873542
KOU1    0.05968008    0.30823583    0.08628121   -0.14760161   -0.01229461    0.02633473    0.12111633   -0.08830661
KOUC    0.11834912   -0.22504778   -0.06444333   -0.00073839   -0.00983911   -0.02803215   -0.02487948    0.10601236
KOUG    0.25658199    0.36697021   -0.21304616   -0.20061530    0.00685108    0.07677210    0.09258530    0.01167887
KOUR   -0.00310162    0.23678149    0.07344249   -0.22575074   -0.05311788   -0.00131534   -0.03758821    0.04952674
KRGG   -0.01488403    0.02780791    0.01120444    0.03601842   -0.00281865    0.01408011    0.01986617    0.00396651
KSMV   -0.14011228    0.31498718   -0.13048504    0.06430137   -0.02903515    0.07303235    0.00758571    0.00022612
KSTU    0.01755222   -0.20691668   -0.00919997    0.03613496   -0.03113540    0.02459284    0.02989275    0.04354946
KUNM   -0.05134058    0.41418207   -0.01249499    0.12124439   -0.06739515   -0.02057640   -0.00219515   -0.06828836
KWJ1   -0.28468847    0.07331803    0.23836569   -0.11824760    0.03608537    0.04120023    0.00519641   -0.16831762
LAE1    0.65743531    0.72346875    0.03192045    0.16693820   -0.05556759    0.11560420   -0.24825826   -0.01567617
LAMA   -0.06803087   -0.10543769   -0.03285608    0.01165866   -0.03439184    0.02832080    0.03629092   -0.03055236
LAUT    0.47310326   -0.00417309    0.18358139   -0.03375712    0.04309908   -0.05827489   -0.12777100   -0.01657887
LHAS   -0.62568196   -0.36399383    0.23217392    0.05256457   -0.18421060    0.03997355    0.05264243   -0.01505278
LHAZ    0.07118785    0.67019626   -0.10030258    0.20984665   -0.13686413    0.14266019   -0.07158138    0.00452778
LMMF   -0.07394351   -0.11401731    0.07724664   -0.07786624   -0.03480703    0.03462569    0.01505280   -0.01333363
LPAL    0.16001445    0.03022300    0.09271592    0.06504381   -0.01462495   -0.00553713    0.00348950    0.00672927
LPGS    0.03705233    0.18037108    0.06936271    0.00265471   -0.03191833   -0.01369728   -0.02999778    0.02520042
M0SE    0.11332083    0.07023482   -0.10643273    0.00250907   -0.03868034    0.00422017    0.01836742    0.00452216
MAC1    0.07262242    0.03766832   -0.01162863    0.01632805   -0.01692331    0.00641216    0.00262417   -0.00340606
MAD2   -0.00460588    0.05117949   -0.04570763    0.01213399   -0.01279889    0.01574549   -0.00521778    0.01795214
MADR    0.09492905   -0.04110087   -0.07441774   -0.03932056   -0.18403187   -0.05181506   -0.08847307    0.05795584
MAG0   -0.02557446    0.01155928    0.00671188    0.05988900   -0.03116350   -0.02657137    0.00961558    0.02661594
MAJU    0.28488534   -0.01420914    0.08030019   -0.04620138    0.00043191   -0.03955273   -0.02154302    0.01310144
MAL2   -0.21305271   -0.25562021   -0.19087337   -0.24514153   -0.17398832    0.05132136    0.14320002    0.14057935
MALD    0.19700734   -0.09084353   -0.23321389   -0.28977621   -0.21848742   -0.01646100    0.02709977   -0.02905976
MALI    0.24131216    0.33268875    0.04327419   -0.21463303    0.00852125    0.14036986   -0.09591624    0.11517774
MANA    0.14745716    0.67614556    0.34086463   -0.04896676    0.17537729    0.04922178   -0.01285867    0.00532979
MAS1   -0.64599444    0.45020504   -0.08694248   -0.03675759   -0.02067838    0.00674004   -0.02798154   -0.00509922
MAT1    0.01160047   -0.00153493   -0.08009228    0.00400492   -0.01659855   -0.01050419   -0.02158873    0.01354370
MATE   -0.00198166    0.00824749    0.00283127    0.07414824    0.00092190   -0.01142635    0.02758163   -0.01379298
MAUI   -0.13504786   -0.02129226    0.01276342   -0.00159057    0.02957121    0.01282168    0.05651346    0.00265975
MAW1   -0.01631139   -0.00324960   -0.01125300   -0.02129172   -0.01244042   -0.00852972   -0.00803343   -0.00079430
MBAR   -0.12519712   -0.17505696   -0.10990713    0.13680076    0.04207640    0.03241575   -0.08091823   -0.03584294
MCIL   -0.15994732    0.11739600    0.05413080    0.02271831    0.09213392   -0.01729880    0.00913778    0.03019578
MCM4   -0.09274542    0.02335175   -0.01697578   -0.01571743   -0.01082856    0.00555640   -0.00729454    0.00180874
MDO1    0.12068167   -0.06425434   -0.04341705    0.04952230   -0.03870519   -0.01224621    0.00944736    0.00521097
MDVJ   -0.06512260    0.04031881   -0.00512628    0.01620534   -0.00882644   -0.02662737    0.01135661    0.01576660
MDVO   -0.12275420    0.29428718    0.04610602   -0.29905731   -0.06913372   -0.08706921    0.02600393    0.06456050
MEDI   -0.19131882    0.03862385    0.07857844   -0.08996740   -0.00312629    0.02136504   -0.02726671    0.01262101
METS   -0.15081867   -0.08653743   -0.00921903    0.05734255   -0.02081551    0.00662863   -0.00258354   -0.01650563
METZ   -0.08589445   -0.12392513   -0.04456672   -0.02432431    0.01806870   -0.00554754    0.02022130    0.01403835
MGUE   -0.10891227   -0.18677540   -0.11118247   -0.05723756    0.04925699    0.00356795    0.05273579    0.00324070
MIZU    0.12220127   -0.01744784   -0.06132117    0.09775309   -0.00327005    0.02798870   -0.01879840   -0.03022040
MKEA    0.01885242   -0.09050585    0.01837145   -0.02468481    0.01488276   -0.00436912    0.00463935   -0.00073295
MNLS    0.02216310   -0.02178485    0.02571018    0.00414971    0.02452159    0.02094675    0.00659679   -0.01048422
MOBJ    0.13737246   -0.05319847   -0.02116020   -0.04055311   -0.01331917   -0.02702583   -0.01133308   -0.00025971
MOBK    0.18127999   -0.09628619   -0.01927502   -0.05484625   -0.02201814    0.01958276   -0.02233149   -0.00894702
MOBS    0.02292955    0.15987622    0.03893403   -0.00478337   -0.00564903    0.01496167    0.00475676   -0.00964818
MONP   -0.02777492    0.00568643   -0.00918511   -0.00920774    0.00640120   -0.02313243   -0.01022119   -0.00659272
MORP    0.14273116    0.09101123   -0.05130841    0.01854844    0.00534814   -0.01362690    0.03385207   -0.00599446
MQZG    0.04528176   -0.00206399   -0.02190898    0.00350895   -0.02262108   -0.00352257   -0.01853726    0.02421287
MRO1   -0.25836317   -0.00948560    0.00247078   -0.07728349    0.06888948   -0.05029238    0.01957354   -0.04424234
MSKU    0.18526790    0.14054269   -0.37718937    0.11979351   -0.24119018    0.09946166    0.14536027   -0.06964382
MTKA   -0.03858405    0.55130755    0.15427327    0.19123014    0.08233453   -0.01703796   -0.00678919    0.00097699
NAIN   -0.14238271    0.02189345    0.04728555    0.04160728   -0.00220084   -0.00843787   -0.00271697   -0.00117687
NANO    0.02468987    0.22444543   -0.06698612   -0.03132940   -0.00312325   -0.04198004    0.00921984   -0.01575082
NAUR    0.05805328   -0.22558172    0.01294753    0.07282234   -0.05251940   -0.00353861    0.04380566   -0.02491179
NICO   -0.18040292   -0.22334803    0.05909865   -0.07261397   -0.00104845    0.00868766    0.00648569    0.01440893
NIST   -0.18931153   -0.13955048    0.03776072    0.04493931   -0.02602690    0.00826456    0.02182389   -0.06748056
NIUM    0.18284492   -0.05324373    0.01643749   -0.00778281    0.08964879   -0.04412905    0.06458945   -0.01919768
NKLG    0.12539552    0.22057813   -0.34685908   -0.23142882    0.19994165   -0.09200420    0.18206254   -0.03649245
NLIB    0.12985819    0.14801798   -0.01007923   -0.07291055    0.00965066   -0.03780014    0.03256251    0.05157692
NNOR   -0.04714887   -0.01194982    0.06060433    0.02851404    0.02289231   -0.02186242   -0.00052868    0.03991353
NOT1    0.06293278   -0.19489143    0.04198812   -0.14693899    0.01327271   -0.07293131   -0.03469402    0.05484652
NOTO   -0.10491437    0.09809073   -0.07517177   -0.18960640   -0.08278204   -0.09089706   -0.12524120    0.05569601
NOUM    0.11146975    0.29973331   -0.01911290    0.12916313   -0.11239590    0.06825320    0.06080712   -0.00297106
NOVM   -0.00516046   -0.12603648   -0.02856701   -0.06070554   -0.02081656    0.05963714   -0.02783884   -0.00353550
NRC1    0.13993456    0.12544512   -0.09759923   -0.01404608   -0.04549571    0.00554445   -0.00583687    0.00930128
NRIL    0.04456221   -0.07697310   -0.02216363   -0.04430838   -0.00310467   -0.00205338    0.02369962    0.01824863
NRMD   -0.04290651   -0.39496142    0.04146942    0.00712844   -0.07218417    0.01765075    0.03461050    0.02344359
NSSP    0.02969775    0.07217494   -0.14545324    0.13743447    0.00360351   -0.20556193   -0.02820932    0.07858561
NTUS   -0.11435568    0.17842855   -0.06866024   -0.00647461    0.02927990   -0.05239865    0.00343483   -0.00355499
NURK    0.33301503    0.36314948   -0.44707659   -0.26228850    0.19440929    0.06536805   -0.14826409   -0.06823005
NVSK    0.31742703    0.02499863   -0.12892846    0.03778495   -0.03985851    0.05441144    0.16059064   -0.00547841
NYA1    0.04440667    0.03698650   -0.00790263    0.03653639   -0.02704062    0.00753825    0.00825946    0.00001080
NYAL   -0.06581404    0.05989724   -0.02787092   -0.03610500    0.03055043   -0.00558594   -0.00668469   -0.01105179
OHI2    0.06792707   -0.05100201   -0.00902499   -0.07434469   -0.01069633   -0.00352814   -0.02711258    0.00828059
OHI3    0.04549468   -0.04551690    0.01760627   -0.06775406   -0.00866054    0.00099978   -0.01238389   -0.01818027
OHIG    0.01446875    0.05044204   -0.05027282   -0.08299724   -0.02489172    0.03937395    0.02387001   -0.00094733
ONSA   -0.09402278   -0.02675223   -0.00980200    0.03569494   -0.04055725    0.06843859   -0.00578818   -0.04801033
OPMT   -0.13918174   -0.15987771   -0.02796048    0.06779788    0.03015559    0.07038396    0.01966769   -0.04623642
OS0G    0.07803671    0.03641588    0.00981668   -0.05103936   -0.00310883    0.02210318   -0.02323724   -0.06038328
OSN1   -0.06202416    0.28562547    0.04757695    0.01256875    0.04762817   -0.04553044    0.00383345   -0.05588851
OUS2    0.00367431   -0.03747472   -0.04608006   -0.00364145   -0.00200216   -0.01257250    0.01488661    0.00614529
PADO    0.04320894   -0.01480449   -0.04137960    0.07111372   -0.06988884   -0.04841695    0.11605745    0.09061632
PALM   -0.05951975   -0.03073311    0.01359378   -0.02563475    0.00061370    0.01715774    0.00514424    0.00804354
PALV   -0.04638613   -0.03130400    0.03719018   -0.01864774   -0.01878519    0.03308740   -0.02338833   -0.02327027
PARC    0.02710912   -0.07375911   -0.01410522    0.02778453   -0.00693980   -0.01232453   -0.01597663    0.01433369
PARK    0.09081992    0.03408081   -0.05983402   -0.01928849   -0.00937207    0.00991216    0.02566662   -0.02093719
PBRI   -0.18261009    0.03685467   -0.06667656    0.13681727   -0.21788917    0.06843901    0.01111896    0.03635768
PDEL    0.08663058   -0.03123142   -0.04078320    0.06794193    0.00739247   -0.03108200   -0.00258069    0.00085754
PENC    0.00156708    0.26105760   -0.09429297    0.00455686   -0.02286778    0.04461292   -0.02703592    0.00212934
PERT   -0.10195094   -0.06912919    0.01479731    0.01932953   -0.03944014    0.03354525   -0.00975972    0.00741925
PETP    0.06267384    0.01456536   -0.00325266   -0.07936378    0.00653473   -0.08078966    0.00303600   -0.02450428
PFA2    0.05188782   -0.08643302   -0.29031027    0.00040904   -0.03007732   -0.02674679   -0.00344840    0.03058224
PIE1    0.16973123    0.01479867   -0.06041520   -0.00147182   -0.02283695   -0.01237440    0.01155229    0.00399699
PIMO    0.25724182   -0.17403072    0.16710541    0.07145613    0.16046495    0.01735301    0.03220779    0.06115582
POHN   -0.12076672    0.13775697    0.16006712   -0.09818258    0.02784631    0.04498459    0.01340518    0.00090691
POL2    0.00977918    0.83584619   -0.47804170    0.04602278    0.06842921   -0.04293577    0.05227930    0.08724908
POLV   -0.00581903    0.01754443    0.01308679   -0.00459059    0.00479662    0.00574709    0.00436340   -0.04033233
POTS    0.05676023   -0.15582397    0.03007662   -0.03391774   -0.00008895   -0.04476348   -0.01527508    0.00307222
POVE   -0.18881000    0.05873537   -0.26677876    0.06856506   -0.11245572   -0.10451479    0.00262083   -0.04193584
PRDS   -0.09018016   -0.01923336    0.11858119    0.00021515   -0.07834816    0.09284354   -0.06991232   -0.02725140
PRE1   -0.13142208   -0.13907852   -0.05752350    0.10642421   -0.03779379    0.02476113   -0.01375708    0.04098214
PTAG    0.11187031    0.03033271   -0.05856646    0.08488065   -0.11478490   -0.03303039    0.05980947   -0.01806724
PTBB   -0.08933808   -0.08049248   -0.03325616    0.05629787    0.00314656   -0.01373352    0.03514419   -0.00168148
PTVL    0.25279183    0.17659606    0.04040734    0.09832110   -0.04177995    0.03374226   -0.05959672    0.00100027
PVEP   -0.12080933   -0.32637899    0.11501805    0.04060117   -0.09295368   -0.12513290    0.03711844    0.17190130
QAQ1   -0.02236848   -0.22326309   -0.12315383    0.02752581    0.04665130    0.05371545   -0.00729683   -0.00313779
QUI2    0.11080767    0.10676979   -0.02243092    0.12984958    0.02083553    0.08545567   -0.02123391    0.03746777
QUIN    0.22431652    0.02931546   -0.22406665    0.00468627    0.07891065    0.01452132   -0.05558424    0.01028219
RABT    0.07447698    0.28401552   -0.08856334    0.06614647    0.02920789    0.01422224   -0.06040223    0.02315227
RAMO    0.06616207    0.07758415    0.03381737   -0.02000151    0.01719697    0.00013072   -0.00653311    0.00531294
RBAY    0.23863054   -0.18084423    0.02103922    0.02350175    0.02303804    0.02517559   -0.01198120    0.02205360
RCMN    0.00862822    0.08424421   -0.10603552   -0.05559616    0.02954050    0.01514076    0.11987714   -0.04501830
RECF    0.01764571   -0.15749812    0.12133156    0.00968193   -0.03816593   -0.06391598   -0.00626690    0.04400403
RESO   -0.12502132    0.05071547   -0.00107418   -0.04309842   -0.04670972    0.01067309   -0.01215169    0.00073166
REUN   -0.00263066   -0.28865742    0.07519869    0.02029855   -0.06349353   -0.07524309   -0.00519842   -0.04802594
REYK   -0.10226891   -0.01694558   -0.00189683    0.01640528    0.01130570    0.00203003   -0.00044862    0.01149065
REYZ    0.01300441   -0.02525600    0.04072260    0.06701637    0.01896699   -0.00044149    0.01103665   -0.02663693
RGDG    0.03224318   -0.03704871   -0.00593924    0.00695834    0.00973158    0.00310537    0.03489941   -0.02469609
RIGA   -0.11163487    0.12615576    0.02630094   -0.01674181    0.04024563   -0.02147296    0.01723314    0.02829534
RIO2   -0.01197386   -0.00482624    0.01163102    0.02278151   -0.00577427   -0.01670760   -0.01453566    0.03051309
RIOG   -0.04956341   -0.05765675    0.02415105   -0.02862549   -0.02904814    0.00465760   -0.07383441   -0.05367152
RIOP   -0.37521139   -0.25666868    0.17708633   -0.02493289    0.08390629    0.17746361   -0.08181377   -0.03580548
ROSA    0.22931895   -0.12764950   -0.12385066   -0.03396913   -0.00934041    0.05986346    0.02884316    0.16215428
ROTH    0.12004683    0.00642403   -0.09098139   -0.06611791    0.04189222    0.00465573    0.02238430   -0.00818067
SALU   -0.21681521   -0.19414419   -0.18615866   -0.15629610    0.02601984   -0.01768370    0.06060024    0.06677251
SAMO    0.03018656    0.00270867   -0.02397444   -0.01605694    0.02723217    0.00602449   -0.06071481   -0.11671920
SANT   -0.48614133    0.26459690   -0.34241034    0.10505345   -0.04945455   -0.09725417    0.08949349    0.00092577
SAVO   -0.04746285    0.14098661   -0.01346162   -0.04693440   -0.00891231   -0.01763455    0.02456502    0.01342804
SCH2    0.12348987   -0.19061440    0.01769500    0.05332158   -0.00566085    0.00428516   -0.00826737    0.01647651
SCOR    0.04745221   -0.00097991    0.02907095    0.02189105    0.02348457   -0.00546410    0.01980246   -0.00575720
SCRZ    0.20141671   -0.39044122    0.10672994    0.21085774    0.01129299    0.04307916   -0.20105602    0.08972149
SCTB    0.03934067    0.04850642   -0.00332650    0.00461486    0.00309278    0.00184173    0.01819271    0.00057491
SCUB   -0.11723646   -0.31015714   -0.00866235   -0.12528679    0.00077520   -0.00286829    0.01645159   -0.01259760
SELE   -0.39301139    0.41106764   -0.26003937   -0.27271489    0.14154801   -0.00553346    0.00604292    0.06491549
SEY1    0.07807840    0.16378664   -0.06073426   -0.12354425    0.01615991   -0.16738342    0.07792373    0.06338375
SEYG    0.46469494   -0.16152066    0.02933853   -0.08112521    0.02801644   -0.07908743   -0.13573464    0.04570568
SFER    0.01258054    0.05626811   -0.09168543   -0.00755074    0.03082954   -0.02300036   -0.00539147    0.02272788
SHAO    0.18686263    0.13706599   -0.01169196   -0.02178931   -0.04774564   -0.02665501   -0.01262865    0.00131496
SIMO    0.09068574    0.01588655    0.05268863   -0.05619551   -0.02469008    0.00779893    0.05909321   -0.19326952
SIO3    0.00381923   -0.07105373    0.13532049    0.20531911   -0.07066916   -0.13986994   -0.01324958    0.02423748
SMST    0.41033138   -0.06673199    0.00619546   -0.14200667   -0.06453542    0.02157200    0.04476730   -0.00660702
SOFI   -0.20288171   -0.11817066   -0.00565403   -0.01822509    0.00446308    0.04006384   -0.01081548    0.04145593
SOL1   -0.01855835    0.01676927   -0.03362085    0.01790617   -0.00860253   -0.06121156    0.03831556   -0.04423589
SOLA   -0.43323976    0.20305235    0.05189783   -0.28143006    0.12191730   -0.01693653    0.05016303    0.17802271
SPT0   -0.17623009   -0.04065626    0.01223674    0.01144542   -0.05014669    0.05172958    0.00715930   -0.04466739
SSIA    0.15776927   -0.27575704   -0.00979752    0.06738688    0.05389996   -0.06225263   -0.06065684    0.00564987
STHL    0.41728108    0.15418390    0.00537628    0.07104435    0.01287077   -0.03428183   -0.02175362    0.01359143
STJO   -0.10396435   -0.03822760    0.00817046   -0.01362778   -0.01340184    0.00573685   -0.01200429   -0.00180260
STK2    0.20376917    0.22128969   -0.04492999   -0.11258671   -0.00358695   -0.02876519    0.00791868    0.05963053
STR1    0.06882157    0.14367160   -0.00965173   -0.01840119   -0.01115921   -0.01940168   -0.00688783    0.01071661
STR2   -0.14332264    0.01731105   -0.00320977    0.02612618    0.01425951   -0.02434470   -0.02310889   -0.00133827
SUNM   -0.10959069   -0.17076555   -0.06549097   -0.08360737   -0.12156708    0.01956670   -0.09657998   -0.05786937
SUTH   -0.07728939   -0.07159457    0.01614225   -0.02417975   -0.00264830    0.00195363   -0.00248277    0.00843172
SUTM   -0.01246397   -0.12671744    0.02602343    0.01358920    0.00177541    0.01610943    0.00408495   -0.01863136
SUTV    0.08128360   -0.03979981    0.00804325    0.02134355    0.00032880    0.00849768    0.00428935   -0.02988084
SUWN    0.21769038    0.16589553   -0.01476801   -0.02738426    0.03566543    0.01973000    0.00785414   -0.01617313
SVTL   -0.10867172   -0.19361884   -0.07457631    0.06449154   -0.03425043    0.00357017    0.04163266   -0.03050725
SYDN    0.02448252    0.21187224   -0.00077152   -0.00650505   -0.01363868   -0.01360480   -0.00705724   -0.02221503
SYOG   -0.00041702   -0.02914654    0.03738913   -0.01081152   -0.02376996    0.03481457    0.01587984   -0.01151958
TABL    0.03501437   -0.03096564    0.00196129   -0.02885587   -0.00812993    0.01961732   -0.01678618    0.00070927
TABV    0.08248339   -0.02878360   -0.01002743   -0.00720978    0.03196263    0.00460285    0.03958106   -0.00113230
TAH1   -0.13590671    0.04456302   -0.06663372   -0.13065147    0.06776007    0.00692004   -0.02169922    0.01185506
TASH   -0.28532767    0.26366598    0.17709233    0.05870564   -0.09913746    0.03946643    0.02647101   -0.02311028
TCMS    0.46358928    0.33334913    0.01050466   -0.34572050   -0.13262804   -0.51438001   -0.07717292    0.14172950
TEHN    0.13120908    0.28363207   -0.04191381    0.41548913    0.24861403    0.20873128   -0.04703969   -0.13300464
THTG    0.22912922    0.13156242   -0.10205358   -0.11404846   -0.12879852    0.02058311   -0.10616686   -0.05989657
THTI    0.04400302    0.23239463    0.08000504    0.09376589    0.00202471    0.05020325   -0.05841936    0.03938896
THU1    0.10666622   -0.09435080    0.00922461    0.03929920   -0.00362975   -0.02618283   -0.01712036   -0.04912966
THU2   -0.03733385    0.03370139   -0.01623490    0.03945620    0.05629612    0.03460387   -0.00559528   -0.02602859
THU3   -0.07206412   -0.04737709    0.00539113   -0.05585950   -0.01284593   -0.05464499   -0.02371493   -0.01019042
TID1   -0.13277159   -0.08868135   -0.00991383    0.00270186   -0.00228653    0.01697563    0.01379057    0.00656856
TIDB    0.07988675    0.11041969    0.00133400   -0.01262178    0.00806553   -0.01466503    0.01124745    0.01245461
TITZ    0.10240293   -0.01853571   -0.03486973   -0.07859669    0.01399455   -0.04505764   -0.01404990   -0.00661000
TIXG    0.00740652   -0.00855728   -0.00689887    0.00806438   -0.02950994   -0.00421555    0.00599461    0.03810374
TIXI    0.04029789   -0.03312702   -0.02862760   -0.00188234   -0.01531125    0.03170866   -0.00964166   -0.00889068
TIXJ   -0.08519072   -0.05879037    0.01902980   -0.07486121    0.04595472   -0.00195515    0.01050663   -0.00355376
TLSE   -0.20287940   -0.07533854    0.08278794    0.04506117   -0.06043693   -0.02608901    0.03193594    0.03635959
TN22   -0.20340750    0.09701039   -0.02786561    0.01224847   -0.03171274   -0.06099593    0.00785349    0.07233923
TNML   -0.21965953    0.43436185    0.21463909    0.17301778   -0.15219688    0.35965645    0.12676975    0.14629000
TONG    0.11280489   -0.05838456    0.05947740   -0.03301592    0.09457685   -0.12149500   -0.05744419    0.14493054
TOUL   -0.02564917    0.09316813    0.16707728    0.01837287   -0.02029824   -0.03755998    0.02522368    0.06123112
TOW2    0.07317660   -0.05652341   -0.03682304    0.18932191    0.07419858   -0.00414473    0.06389662   -0.02688023
TRAB   -0.30185592   -0.62914607   -0.35272585   -0.20644244    0.00860751    0.08981280   -0.00642910   -0.19511463
TRO1   -0.14899176    0.24566284   -0.01986884   -0.02362772   -0.02434269   -0.03558943    0.01918927   -0.00078568
TROM   -0.22157260    0.00756992   -0.00243660   -0.00902205    0.01156236    0.01257201    0.01975446   -0.04103646
TSEA    0.22739760   -0.02546498   -0.00702909   -0.05117126    0.03459655   -0.00838933    0.05897313    0.04382147
TSKB    0.33467311    0.10492194    0.02923165   -0.11145330   -0.05739686    0.03913600    0.02580658   -0.00255031
TUVA    0.36403292   -0.10838745    0.00477646   -0.04245957   -0.00474752   -0.05058267    0.04982990    0.04086665
TWTF    0.32950645    0.17227131   -0.25071030    0.10927046    0.10979460    0.15579536   -0.04486568   -0.07554483
TXES   -0.16957565   -0.23093197   -0.08909484    0.06919821    0.08427866   -0.07219187   -0.08270735    0.02012939
UFPR    0.19611585    0.02403352    0.02184337   -0.01641689    0.03345562    0.00755487   -0.04766669   -0.02381629
ULAB    0.06326715   -0.01260181   -0.06189733    0.03172963    0.02840922    0.02816380   -0.01381173   -0.01018349
UNB3   -0.20064392   -0.05362696   -0.03167245    0.01763918    0.00008868    0.02058782    0.01714198   -0.00384175
UNBJ    0.11719521   -0.09432007    0.02598949    0.04340939   -0.01428882    0.00227990   -0.01606230    0.00911802
UNBN   -0.22286478   -0.08299518   -0.01793207   -0.01547735   -0.06013704    0.02942496    0.05363572    0.01270516
UNSA   -1.55944662   -0.17508217   -0.17026666   -0.32399184    0.18641668    0.21810348   -0.02632342    0.01359257
UNTR    0.18010410   -0.14388421    0.11631238    0.07864524    0.03057900    0.02804642   -0.00718444   -0.00243836
URUM    0.13344188   -0.04315969    0.06232251   -0.30151610   -0.02569391   -0.07369432    0.02755874    0.02558295
URUS    0.17282686    0.14870803    0.02203840    0.06877009   -0.15115175   -0.01908830   -0.04247987    0.00039692
USN3    0.08012223    0.03210151   -0.01723862    0.02111187    0.08597269    0.01808877    0.03922547   -0.03714035
USNA   -0.00863693   -0.00606638    0.04381473   -0.01680194   -0.00211958   -0.05407837    0.03184553   -0.06307263
USNO    0.02662182   -0.05770324   -0.00106583   -0.01728641   -0.03877604   -0.08884432    0.00760925   -0.06844317
USUD    0.43996410    0.12091622   -0.09467125   -0.08078228   -0.05249055    0.02668601   -0.01297358    0.04150132
VACO   -0.24787538    0.10733773    0.04934260   -0.02474445    0.03230495   -0.00897852   -0.02180589   -0.00500218
VALD   -0.07053659    0.08627330    0.06370123    0.06991442   -0.00837185    0.00719589    0.00674995    0.01509209
VENE    0.17131569    0.22053551    0.22742844   -0.02412773    0.07244560   -0.08918344   -0.03332031   -0.00978363
VESL   -0.19011416    0.02697327   -0.04040644   -0.01849612    0.01150059    0.00638421   -0.02100874   -0.01340088
VIL0   -0.06536594   -0.11715760   -0.06087101   -0.02969029   -0.00595989    0.00466942   -0.00395217   -0.00823334
VILL   -0.03267295    0.06508652   -0.03761901    0.03799112    0.04165414   -0.00875901    0.01521615    0.00611710
VIS0   -0.06689047    0.09406353    0.06721754   -0.01015742    0.01485652   -0.03989179    0.01774259    0.02290490
VNDP    0.15950652   -0.08276383   -0.13632175    0.09401061    0.04370183   -0.00770409   -0.00864632   -0.03369114
VOIM    0.20602054   -0.04524439    0.25553807    0.04148369   -0.10373231   -0.03014578   -0.05384912   -0.07584614
VTSP   -0.03878884   -0.00454398   -0.00921023   -0.10132379    0.03026529   -0.00192621   -0.02559315   -0.03153505
WARK    0.07554989   -0.05779537   -0.00870782    0.02192849   -0.00625415   -0.00878150   -0.01381932    0.00591612
WDC1    0.07773426    0.02237793   -0.00672332    0.02832197    0.03680616   -0.01080598    0.01614154    0.03167903
WDC3    0.13483619   -0.05713574    0.09095526    0.08706068    0.04097534   -0.06322644   -0.06049696   -0.03391519
WEL1   -0.00974376    0.09242108    0.00430579   -0.07006551   -0.01923111    0.02854128   -0.00538923    0.01782444
WES2    0.12079507    0.11284666   -0.12086721   -0.04035968    0.02635912   -0.06271130   -0.00394628    0.05078108
WGTN   -0.02341638    0.04664768   -0.02706847   -0.03918915   -0.00420074   -0.00111721    0.01187771   -0.00242007
WHIT    0.00637724   -0.02089598   -0.02488610   -0.01558815    0.00796637   -0.03169606    0.02283270    0.00957744
WILL   -0.02296424   -0.03824437   -0.02351222    0.03937770    0.00456031   -0.01585885    0.00521083    0.00289847
WIND    0.02628858    0.20770628    0.01496711    0.08607423   -0.05569777   -0.00103220    0.04210057   -0.04000805
WROC   -0.14565502   -0.09981698   -0.03595331    0.01275041    0.00582534    0.06576476    0.00280651   -0.03039773
WSRT    0.09448514    0.06506082    0.00161169    0.01704099    0.00733198   -0.01314365    0.01704245    0.00252741
WTZA   -0.03173451   -0.12461093   -0.01565671   -0.06463031   -0.03424570   -0.01126046    0.00233744   -0.00771333
WTZL    0.17173906    0.18858732   -0.02148788    0.00044171    0.01168703    0.00214965   -0.01912057    0.00306407
WTZR    0.13751574   -0.06796568    0.05203333    0.04774464   -0.00710105    0.01305007   -0.00661322   -0.01080019
WTZZ   -0.18230556   -0.00951706   -0.00424441    0.06103206    0.01601425   -0.00697109    0.01614328   -0.01580246
WUHN    0.17168930    0.08038539   -0.04166683   -0.07360532    0.00983597   -0.02313239   -0.01318860    0.00259384
XIAN   -0.38924998   -0.62809571   -0.20378643   -0.19394172   -0.11371834   -0.09163520    0.05662561    0.12256237
XMIS   -0.32677798   -0.17197468    0.07644591   -0.07640946    0.02529773   -0.02256842    0.00059203   -0.01323503
YAKT   -0.23750378    0.29486475    0.06945307    0.08186857   -0.10512212    0.00647056   -0.10824301   -0.02478685
YAKZ   -0.09211736    0.06196515   -0.14293952    0.18410028   -0.00375470    0.06229180    0.01757906    0.00792688
YAR1    0.03407682   -0.01903306    0.15016348    0.04122695    0.04235553    0.00673768   -0.03846974    0.01073914
YAR2   -0.04155522    0.02997873   -0.09592295    0.01045935   -0.02085646    0.01537123    0.02044125    0.02148185
YAR3    0.03114905    0.03388012    0.10917556    0.03220987   -0.02238965   -0.02446592    0.00383779    0.04091818
YARR    0.03879639   -0.08177217   -0.08236858    0.06257768   -0.01984157   -0.02896367    0.03485407   -0.02607753
YCBA    0.05781317    0.23744872   -0.09017983    0.15158897    0.06131347   -0.06411106   -0.09001501   -0.03805082
YEBE   -0.08784461    0.10897171    0.03142109    0.01317117   -0.00578316   -0.00936598   -0.01335871   -0.01379045
YELL   -0.10519159    0.01338464   -0.02652588    0.07673912    0.05548697   -0.00932978    0.00260262    0.04640482
YIBL    0.95734596    0.34388406    0.34218893    0.02324089    0.06145082   -0.04637386    0.07427360   -0.06915836
YKRO   -0.27201901   -0.32825006   -0.14425197    0.18603605    0.17935411    0.22083416    0.01504500    0.08445011
YSSK    0.05375802   -0.06775124   -0.02576030    0.00505771   -0.03427876    0.04182205   -0.00767088   -0.00077819
ZAMB   -0.22794889   -0.00904792   -0.07255774    0.00101140    0.03092113    0.01906842   -0.02901395   -0.00797162
ZECK    0.14930289    0.18583585   -0.03050440    0.06332418   -0.00940027   -0.00457711    0.00303951    0.01786044
ZIM2    0.04023383   -0.07654283   -0.03803651   -0.08151458   -0.00107910   -0.01546198   -0.00579262   -0.02027312
ZIM3   -0.06247276   -0.05099296   -0.03668690    0.06192304    0.00771925    0.04361476    0.00835839   -0.07244147
ZIMJ    0.04298857   -0.08416579    0.07054794    0.03909493    0.00171681    0.04814349    0.01126299    0.02125740
ZIMM    0.05872011   -0.05534504   -0.06283627    0.06064959   -0.02920457    0.04150315    0.02724171    0.00153914
ZWE2   -0.00054927   -0.17722305   -0.03909529   -0.01312156    0.05316090   -0.01343278    0.00992744   -0.01235583
ZWEN   -0.25674257    0.44407563    0.06794134   -0.05269633   -0.03954386    0.07144433    0.02969234   -0.04905271
