name detected metadata valid
ABMF     1     6     0
ABPO     5     3     0
ADE1     3     0     0
ADIS     2     2     0
AIRA     2     7     1
ALBH     1    17     0
ALGO     3    14     0
ALIC     7     9     2
ALRT     3     4     0
AMC2     4     7     2
ANKR     2     8     1
ANTC     2     4     0
AOML     2     3     1
AREG     1     3     0
AREQ     3    10     0
AREV     1     5     0
ARTU     1     1     0
ASC1     1     1     0
ASCG     1     2     0
ASPA     2     2     0
AUCK     4     8     2
AZGB     4     5     1
BADG     6     4     1
BAKE     2     3     0
BAKO     4    21     1
BAN2     3     1     1
BARH     1     4     1
BDOS     1     1     0
BHR1     2     1     0
BILI     1     0     0
BISK     2     1     0
BJCO     0     2     0
BJFS     1     5     0
BJNM     3     0     0
BNDY     3     4     0
BOAV     2     1     0
BOGO     5     6     0
BOGT     3    12     1
BOR1     4     4     1
BRAZ     3    16     0
BREW     5     5     1
BRFT     2     1     0
BRMU     1     7     0
BRST     1     9     0
BRUS     4     9     0
BRUX     2    10     0
BSHM     1     3     0
BUE2     0     0     0
CAGL     1     2     0
CAGS     3     6     0
CAGZ     2     6     0
CALL     1     0     0
CARR     0     1     0
CAS1     7     7     1
CCJ2     3     4     0
CCJM     0    10     0
CEDU     2    12     0
CFAG     1     2     0
CGGN     2     3     1
CHAN     1     2     1
CHAT     3     3     1
CHPG     1     2     0
CHPI     1     7     0
CHTI     3     2     0
CHUM     6     4     1
CHUR     5    17     0
CIC1     4     1     1
CICE     0     0     0
CKIS     1     4     0
CNMR     4     4     1
COCO     8    12     2
CONZ     2     7     2
CORD     2     3     0
COYQ     0     6     0
CPVG     1     3     1
CPXF     3     7     1
CRAO     1     2     0
CRAR     1     0     0
CRO1     3    12     1
CTWN     3     0     0
DAEJ     3     7     1
DAKA     3     6     2
DARW     4    17     1
DAV1     2    12     1
DAVR     4     2     2
DGAR     2     9     0
DGAV     2     3     1
DRAG     3     9     1
DRAO     0    15     0
DUBO     2     8     1
DUM1     3     0     0
EIL1     3     3     0
EISL     2     3     1
EPRT     1     9     0
ETAD     1     0     0
FAA1     2     5     0
FAIR     4    14     2
FAIV     0     1     0
FALE     2     6     0
FLIN     2    12     1
FLRS     2     1     0
FORT     1     3     1
FRDN     2    10     0
FTNA     3     3     1
FUNC     2     3     1
GALA     1     1     0
GANP     2     6     0
GLPS     2     6     0
GLSV     5     5     1
GMAS     1     1     0
GMSD     1     5     0
GODE     3    10     2
GODZ     1     6     0
GOL2     0     1     0
GOLD     2     4     1
GOPE     2    11     1
GOUG     1     1     0
GRAS     3    10     0
GRAZ     3    15     1
GUAM     5     9     0
GUAO     2     2     0
GUAT     2     2     0
GUUG     1     5     0
HARB     4    10     0
HERS     4     4     1
HERT     1     1     0
HLFX     1     4     0
HNLC     2     5     0
HNPT     3    10     2
HOB2     2    10     2
HOFN     3     7     2
HOLB     1    20     0
HOLM     2     9     2
HRAO     3    15     2
HRM1     1     2     0
HYDE     3     7     0
IDDR     1     4     0
IISC     1     7     0
ILHA     0     3     0
IMPZ     2     6     0
INEG     1     8     0
INVK     3     3     1
IQAL     3     2     0
IQUI     0     0     0
IRKJ     1     1     0
IRKT     2     0     0
ISBA     3     3     1
ISPA     0     2     0
JAB1     1    15     0
JOG2     2     4     0
JOZ2     2     2     0
JOZE     1     4     0
JPLM     2    12     0
JPLV     2     1     0
KARR     3    14     0
KAT1     1     1     0
KELY     1     9     1
KERG     2    11     2
KGNI     2     5     0
KHAJ     1     1     0
KHAR     1     5     0
KIR0     3    18     1
KIRI     3    10     0
KIRU     2     8     1
KIT3     2     3     0
KOKB     1     9     0
KOKV     3     1     0
KOSG     4    10     2
KOU1     2     1     0
KOUC     1     4     0
KOUG     3     3     0
KOUR     4    12     1
KRGG     1     4     0
KSMV     4     6     0
KSTU     1     4     1
KUNM     4     0     0
KWJ1     2     1     0
LAE1     1     3     0
LAMA     2    10     2
LAUT     1     4     0
LHAS     4     3     0
LHAZ     2     5     1
LMMF     1     4     0
LPAL     3     2     2
LPGS     3     8     0
M0SE     3     5     0
MAC1     4     9     1
MAD2     4     5     0
MADR     1     6     0
MAG0     2     2     0
MAJU     0     4     0
MAL2     1     4     0
MALD     1     0     0
MALI     1     2     0
MANA     2     5     0
MAS1     1     9     0
MAT1     1     3     1
MATE     5     8     2
MAUI     4     4     1
MAW1     5     8     1
MBAR     4     4     0
MCIL     3    15     2
MCM4     3     5     0
MDO1     4    13     2
MDVJ     1     2     0
MDVO     2     0     0
MEDI     5     3     0
METS     4    11     1
METZ     1     1     0
MGUE     0     2     0
MIZU     3     9     0
MKEA     2     8     2
MNLS     4     7     0
MOBJ     2     2     1
MOBK     2     0     0
MOBS     3     6     0
MONP     3    15     0
MORP     3     7     0
MQZG     4     7     1
MRO1     2     1     0
MSKU     1     0     0
MTKA     1     3     0
NAIN     1     6     0
NANO     2     8     0
NAUR     1     8     0
NICO     5     8     0
NIST     2     2     0
NIUM     1     4     1
NKLG     4     5     0
NLIB     3     6     0
NNOR     4     4     1
NOT1     2     4     0
NOTO     4     1     0
NOUM     1     3     0
NOVM     1     0     0
NRC1     4    14     0
NRIL     1     2     0
NRMD     2     3     0
NSSP     8     4     2
NTUS     4     7     0
NURK     3     1     1
NVSK     1     2     0
NYA1     2     5     1
NYAL     4     3     0
OHI2     2     4     1
OHI3     4    10     1
OHIG     2     6     2
ONSA     4     8     1
OPMT     3     0     0
OS0G     0     2     0
OSN1     1     2     0
OUS2     2     9     1
PADO     1     6     0
PALM     2     3     0
PALV     1     1     0
PARC     1     7     1
PARK     0     3     0
PBRI     1     2     0
PDEL     2     4     2
PENC     2     6     0
PERT     6     9     2
PETP     2     1     0
PFA2     1     4     0
PIE1     4    10     1
PIMO     1     6     0
POHN     4     8     1
POL2     6     9     1
POLV     4     2     1
POTS     4     9     3
POVE     1     3     0
PRDS     3     8     0
PRE1     4     1     0
PTAG     2     4     0
PTBB     3     4     1
PTVL     0     2     0
PVEP     0     9     0
QAQ1     3     8     1
QUI2     0     0     0
QUIN     3    15     1
RABT     4     2     0
RAMO     1     8     0
RBAY     2     2     0
RCMN     2     0     0
RECF     1     5     0
RESO     3     7     1
REUN     6     9     3
REYK     6    10     4
REYZ     3     1     0
RGDG     1     3     0
RIGA     4    10     2
RIO2     6     4     1
RIOG     1     1     0
RIOP     2     5     0
ROSA     1     3     0
ROTH     1     0     0
SALU     1     5     0
SAMO     2     6     0
SANT     1    11     0
SAVO     1     2     0
SCH2     2     7     0
SCOR     2     5     1
SCRZ     1     1     0
SCTB     3     3     0
SCUB     3     4     1
SELE     1     2     0
SEY1     1    12     0
SEYG     1     3     0
SFER     2     9     1
SHAO     2     1     0
SIMO     1     0     0
SIO3     2    20     1
SMST     2     3     1
SOFI     2     5     0
SOL1     3     5     0
SOLA     2     2     0
SPT0     2     7     2
SSIA     1     3     0
STHL     1     1     0
STJO     4    26     3
STK2     1     4     0
STR1     3    13     2
STR2     2    10     0
SUNM     3     0     0
SUTH     2     8     1
SUTM     3     3     0
SUTV     1     0     0
SUWN     4     4     1
SVTL     2     6     1
SYDN     1     2     0
SYOG     3     7     2
TABL     3     6     1
TABV     2     7     1
TAH1     2     1     0
TASH     4     5     0
TCMS     0     3     0
TEHN     2     4     0
THTG     4     3     0
THTI     2     5     0
THU1     1     0     0
THU2     3    10     0
THU3     3     3     0
TID1     4     8     1
TIDB     1     8     0
TITZ     1     3     1
TIXG     1     0     0
TIXI     3     5     1
TIXJ     1     0     0
TLSE     3    12     1
TN22     1     1     0
TNML     0     2     0
TONG     1     6     0
TOUL     1     0     0
TOW2     0     7     0
TRAB     0     0     0
TRO1     4     8     1
TROM     2     5     0
TSEA     0     2     0
TSKB     1    17     0
TUVA     1     4     1
TWTF     2     3     0
TXES     1    14     0
UFPR     1     1     0
ULAB     3     3     0
UNB3     2     4     0
UNBJ     3     3     0
UNBN     0     0     0
UNSA     3     8     2
UNTR     1     5     0
URUM     2     6     1
URUS     1     1     0
USN3     1     1     0
USNA     3    15     0
USNO     3     5     0
USUD     5     5     2
VACO     2     2     0
VALD     2     7     1
VENE     2     4     1
VESL     3     1     0
VIL0     1    16     1
VILL     5     9     2
VIS0     1    15     0
VNDP     0    15     0
VOIM     1     1     0
VTSP     2     3     0
WARK     2     4     1
WDC1     1     0     0
WDC3     1     0     0
WEL1     1     2     0
WES2     4    36     3
WGTN     1     6     0
WHIT     3    10     1
WILL     5     9     3
WIND     5     3     0
WROC     3    13     2
WSRT     1    10     0
WTZA     3     6     0
WTZL     2     9     0
WTZR     2    13     0
WTZZ     3    11     1
WUHN     2     6     1
XIAN     1     1     1
XMIS     1     4     0
YAKT     8     1     0
YAKZ     1     0     0
YAR1     1     2     1
YAR2     3    10     0
YAR3     3     3     0
YARR     3     4     0
YCBA     1     0     0
YEBE     1     6     1
YELL     2    11     1
YIBL     2     3     0
YKRO     1     3     0
YSSK     2     2     0
ZAMB     3     3     0
ZECK     4     7     0
ZIM2     3     3     1
ZIM3     0     0     0
ZIMJ     2     1     0
ZIMM     2     6     0
ZWE2     3     1     0
ZWEN     2     5     1
