name cos1 sin1 cos2 sin2 cos3 sin3 cos4 sin4
ABMF   -0.20888799   -0.25240806   -0.05271945   -0.13810790   -0.08308548    0.13110441   -0.02257266    0.05507011
ABPO   -0.00968270   -0.14157633    0.03627113    0.16362421   -0.05669565   -0.01605703   -0.01213488    0.00786858
ADE1   -0.02541254   -0.03869761    0.00931469    0.03386037   -0.01665459    0.00761486   -0.01896793   -0.03689190
ADIS    0.00480677    0.28463801   -0.05874448   -0.14773784   -0.21560545   -0.07714647    0.14272761    0.00884828
AIRA    0.41959707   -0.08089839   -0.03403407   -0.04301568   -0.03593124   -0.04312142   -0.02658614   -0.01191746
ALBH   -0.15639854   -0.06879591    0.07090934    0.04143600   -0.03860725   -0.04427545    0.02636852    0.02387918
ALGO   -0.18439295   -0.03161628   -0.13057983    0.01648864   -0.00862949   -0.02225123    0.02840243   -0.00703523
ALIC   -0.13736414    0.00366345   -0.06325581    0.00235263   -0.03085551   -0.02712070    0.00478981    0.02909909
ALRT   -0.04797821    0.06920391    0.01550495    0.05829143    0.03612501    0.00329817   -0.01751239   -0.02881312
AMC2    0.06341547    0.47015408    0.16307696    0.00505867    0.05128110   -0.01140292    0.00480267   -0.04453720
ANKR   -0.43096145   -0.17180760   -0.11758797   -0.10759759    0.00230343    0.05255200    0.00286677   -0.00391066
ANTC   -0.02243416   -0.15324524   -0.09658593    0.10443192   -0.02457305   -0.09406947   -0.01780768    0.03835932
AOML    0.05045395    0.63175114    0.09656191    0.05515971    0.02483697   -0.04372026    0.01844254   -0.21229072
AREG    0.79350132   -0.27074397   -0.34415648   -0.26981803   -0.31130639   -0.21853349   -0.11243733   -0.09000418
AREQ    0.11700871   -0.32424371    0.42331542    0.23158685    0.30880369    0.02397313    0.11223101    0.02545985
AREV    0.19737113    0.13666217    0.57607473    0.07297293   -0.13672798    0.14385958    0.12988722   -0.08511179
ARTU    0.03223797   -0.04153197    0.00747107    0.07883221   -0.00935624    0.00122424    0.03425804    0.07527003
ASC1   -0.32823776   -0.31972392    0.05277457   -0.13198356   -0.00141703   -0.05182086   -0.07680633    0.03474903
ASCG    0.29522972   -0.47226105   -0.02281121    0.17723079   -0.03071350   -0.02926298   -0.02454022   -0.04480040
ASPA   -0.22115115    0.06951843   -0.00427877   -0.07906058   -0.04517803    0.01797927   -0.00656892    0.00613240
AUCK    0.08558448   -0.01210187    0.00180411    0.00435651   -0.00176695    0.01859886   -0.00527972   -0.00705453
AZGB   -0.01002033   -0.01248658   -0.06592831    0.02822986   -0.04692729    0.01617596    0.00286957    0.02168991
BADG    0.06072758    0.40309122    0.04557488   -0.06721752    0.03500739   -0.02760431    0.00701673   -0.03894263
BAKE   -0.03288952    0.13724013    0.00434240   -0.03820645    0.00613830   -0.00565035    0.00596646   -0.02693372
BAKO   -0.02301287    0.30397936    0.02052947    0.06150465    0.05409459   -0.08462320   -0.12914139   -0.01736295
BAN2   -0.01321555    0.25934773    0.23941190   -0.43979207   -0.06353178    0.11410839   -0.10270755    0.00724351
BARH    0.01468637   -0.06852687    0.05973964    0.00190142    0.00487808   -0.00193441    0.01017285    0.01239898
BDOS    0.25573326    0.08722774   -0.07321499   -0.08387535   -0.08172936   -0.01299618   -0.00077874    0.05347497
BHR1    0.24989925    0.92564347   -0.06878994    0.07441610   -0.19325919    0.31697331   -0.26579356    0.17982095
BILI   -0.07523924   -0.09484476   -0.04823955   -0.01734158   -0.03558510   -0.02735175   -0.03570310   -0.02975357
BISK   -0.10609477   -0.19288009   -0.00190340    0.00592762    0.01397108    0.01981710   -0.00673733   -0.00883652
BJCO    0.29778483   -0.02082808   -0.23806794   -0.27581844    0.25417487    0.24694049   -0.10329414    0.06524479
BJFS    0.13497769    0.16157372    0.09062689   -0.02846814    0.20812778    0.07166118    0.00433746   -0.10275359
BJNM    0.21814393   -0.19919143   -0.20814050    0.12986353   -0.15436044   -0.02565119    0.16733664    0.06005227
BNDY   -0.11374453   -0.11641292    0.03658682    0.03152253   -0.01663809    0.03242288   -0.04760707   -0.02336978
BOAV    0.12608526    0.13069283    0.11718189   -0.24633555   -0.03582626    0.11474509    0.03451095    0.01391877
BOGO   -0.20278440   -0.12207058    0.01369050    0.05160288   -0.01739348    0.04715936    0.02205705   -0.01823751
BOGT   -0.12914049    0.16329172    0.02758977   -0.00237723    0.05999225   -0.01262599    0.00967834   -0.05795645
BOR1    0.11639149   -0.08029844    0.02895941   -0.02028727    0.04948702    0.01611162    0.03713814   -0.03545098
BRAZ   -0.21089048   -0.06014636   -0.09557101    0.04235545   -0.06195577   -0.00355051   -0.04264164    0.02366285
BREW    0.28376543   -0.00584677   -0.08071123   -0.34160408    0.03670813    0.02086855   -0.00758667   -0.04520094
BRFT   -0.64336337   -0.13610106    0.04480543    0.10287222   -0.01539564    0.09865059    0.02334129    0.02904053
BRMU    0.09229041    0.12699777    0.01291226   -0.07322984    0.00185453    0.03273747   -0.01217076   -0.01458876
BRST   -0.13177498   -0.01741964    0.01840231    0.04977133    0.02516470   -0.01421430    0.02346737    0.00726508
BRUS   -0.00633431   -0.01190495   -0.02545636   -0.03897746    0.01259046    0.03831541   -0.00691685    0.00998151
BRUX   -0.16551079    0.03495708    0.06708954    0.01503023    0.02878316   -0.02024427   -0.03717360    0.02091823
BSHM    0.12055212    0.18027419    0.09866892    0.07070108    0.08442647   -0.00484861    0.00717092   -0.02946701
BUE2    0.05656497   -0.17214587    0.02062485    0.03101529   -0.13663361    0.09518684   -0.02292345   -0.04140680
CAGL    0.31032917   -0.11064162   -0.02202609    0.01827330   -0.03417379   -0.00969838    0.01451737    0.01745332
CAGS   -0.00614678   -0.00854048   -0.08939001    0.00145494    0.00465417   -0.06188819    0.02903957    0.00024462
CAGZ   -0.05284699   -0.25324375    0.02617268    0.00121884    0.02308966   -0.06332833   -0.00630524    0.03641035
CALL   -0.25723636   -0.65086045   -0.01398338    0.48709231    0.23314238   -0.09097201   -0.01399931   -0.01681108
CARR    0.11610951    0.41216758   -0.12950425    0.28031514   -0.04875648    0.07246207   -0.04558181    0.08603227
CAS1   -0.01394017    0.01034162   -0.01943453   -0.00421416   -0.02302312    0.01491207    0.00424020   -0.00084652
CCJ2    0.07544535    0.30320383    0.01146706   -0.10231937    0.12206907    0.00654100   -0.05391902   -0.00116331
CCJM    0.09901445    0.29135445   -0.09922440   -0.05386410   -0.00632293    0.00389882   -0.01529033   -0.01764991
CEDU    0.09166358    0.25912950    0.01703378    0.01397725   -0.00627422    0.02601127    0.04605801    0.00670175
CFAG   -0.00843580   -0.24032980    0.18656864   -0.19729520    0.01127963    0.00081012   -0.00197998   -0.12725663
CGGN    0.15326776    0.07436572   -0.10427722   -0.14394342    0.00996962    0.46343549   -0.01242002   -0.02006568
CHAN    0.13247328   -0.09860418   -0.04587061   -0.03079663   -0.03473725    0.01763330   -0.01959809   -0.00598293
CHAT    0.07104797   -0.15718340    0.04428659   -0.00789228    0.00475825    0.03551602   -0.00994481    0.01006981
CHPG   -0.52913297   -0.06892152    0.14601701   -0.18086757    0.06863594    0.00482948   -0.00197491    0.00535827
CHPI   -0.01578092    0.27043596   -0.10054989    0.12589025    0.03148326    0.08259069   -0.00603957    0.00723998
CHTI   -0.06091425   -0.09378713   -0.03621816   -0.01025080    0.00690947   -0.03437749   -0.00252886   -0.00964773
CHUM    0.14089514    0.25310394    0.57681810   -0.19845160   -0.06414991   -0.16481845    0.01694893   -0.06226905
CHUR    0.04725887    0.10920499    0.00924431    0.00286645    0.00256015    0.02125629   -0.00624621    0.00029785
CIC1   -0.01670476    0.15787760   -0.18685918   -0.04650415    0.07785050   -0.03902494   -0.02341520    0.00718559
CICE    0.12952626   -0.50045911   -0.13141589    0.10926475    0.04457481   -0.13263782    0.05422722   -0.01563471
CKIS    0.07430158    0.03793415    0.02876332    0.06185678    0.00770710    0.07196222    0.07509391   -0.00198488
CNMR   -0.01084034    0.09863256    0.18336384    0.08291921    0.02919278    0.11273682    0.02065679   -0.03863002
COCO   -0.12568518   -0.15209917    0.05331620    0.09113366   -0.03288746   -0.00734546    0.02429089   -0.02997656
CONZ   -0.08768548    0.16334974   -0.02086192    0.05650659    0.01436289    0.03123075    0.02563443   -0.00400334
CORD   -0.01637904    0.21404760    0.17004848   -0.17784353   -0.05701326    0.01530750    0.04228486    0.01071442
COYQ    0.12742184    0.00512930    0.01625077   -0.01217856    0.02794450   -0.02199540    0.01522042   -0.00442093
CPVG    0.13325355    0.13098929    0.01848842   -0.17879051    0.11922007   -0.01818818    0.04377448    0.01323908
CPXF   -0.00803589    0.06382875    0.01069706   -0.00546874    0.02355672   -0.03115569    0.01053746   -0.03247987
CRAO    0.00839286   -0.25294602    0.02989055   -0.10069896    0.05635851   -0.01379517   -0.01450646    0.04628905
CRAR   -0.07325517   -0.06627119   -0.03924231   -0.00363866   -0.01028410    0.00808875   -0.00854828   -0.00173026
CRO1   -0.15825024   -0.26960902   -0.00522247   -0.02653936    0.04899072   -0.09167927    0.00146839   -0.04026807
CTWN   -0.04760290   -0.05947531    0.03442073    0.05717379    0.04456100   -0.05963980   -0.02113643    0.08857686
DAEJ    0.16390041   -0.13889924    0.06645741    0.07637376    0.02202390    0.04281705   -0.01170183    0.00039683
DAKA   -0.25929202   -0.15215317   -0.01699212    0.07250881    0.01698469   -0.18334406   -0.01346752    0.05436416
DARW   -0.32357079   -0.52005233    0.20556557    0.29249644   -0.12498210   -0.05320936    0.04967517   -0.01938353
DAV1    0.06847251   -0.03233222   -0.04348260    0.01502179    0.00322782   -0.00116493   -0.00599375    0.00078009
DAVR   -0.05825945   -0.11330597    0.01517667   -0.00828406    0.03274685    0.00509687   -0.00005661   -0.01174859
DGAR   -0.12585729   -0.06555407   -0.13332164    0.02151802    0.08130021    0.04956884    0.00027645    0.03878138
DGAV   -0.02275258    0.17616489   -0.01667046   -0.10656257    0.01526392    0.03137457   -0.01414001    0.00068611
DRAG   -0.84867145    0.04250452    0.32396543   -0.17724016   -0.16260926    0.09635474    0.02631543   -0.02124023
DRAO    0.00465167   -0.22488881   -0.35551134    0.08882890    0.00697634    0.01556468    0.04451510    0.00058878
DUBO   -0.05302729   -0.04361727    0.04257497   -0.04350033   -0.00241386    0.04046001    0.04268645   -0.01947477
DUM1   -0.03481430   -0.05205437   -0.00812783   -0.06416402   -0.03046291    0.03452455   -0.01732418    0.00991742
EIL1    0.14012147   -0.02395987    0.00186077    0.04987156   -0.06802979   -0.00190321    0.04234225    0.04348060
EISL    0.15667646    0.37102186    0.17100097    0.02365927   -0.08526963   -0.09968499    0.03576003    0.00920861
EPRT   -0.00269886   -0.14889810    0.02382049   -0.00240691    0.01833356   -0.03769394    0.01746563   -0.00402621
ETAD   -0.29352112   -0.26427623    0.06082497    0.14721954   -0.25178196   -0.01257342    0.14342320    0.17727925
FAA1   -0.10346609    0.24295939   -0.01226076    0.05420205   -0.07107808   -0.00655553   -0.02404709   -0.06701457
FAIR    0.01905921    0.03955004   -0.02062891   -0.02447750    0.01447100    0.03889993   -0.06500527   -0.01366832
FAIV    0.06744739    0.01257416   -0.10059561   -0.09871706   -0.01431845    0.07434274    0.00383468   -0.00032543
FALE    0.05128354    0.13819318    0.06281709    0.07120493    0.01567397    0.01260754   -0.01016724    0.05624321
FLIN    0.15730599    0.12501594   -0.06228831   -0.01050987   -0.02937067    0.00082107   -0.00547593    0.02521848
FLRS    0.14868594    0.00648116    0.07477696   -0.05389332    0.04878234    0.01643360   -0.02899825   -0.00228307
FORT    0.06687561    0.93985421    0.03171867    0.14862449    0.02603302   -0.04952405    0.09040128   -0.09551791
FRDN   -0.18939725   -0.08706269   -0.04822585    0.04586938    0.00525793    0.01089017    0.01803471    0.00325065
FTNA    0.32508419    0.00231906    0.05376437   -0.07782736   -0.16609214    0.04519582   -0.07988839    0.01746179
FUNC    0.41690196    0.14200494   -0.12271034   -0.00532760   -0.02251826    0.07052082   -0.03038285   -0.08054326
GALA    0.10077901   -0.20803318    0.06738176    0.10894779   -0.36374221   -0.12170717   -0.05452786    0.04327640
GANP    0.09946200   -0.12866572   -0.05990693   -0.00895662    0.00814265    0.01588493    0.02970649   -0.01920309
GLPS    0.12846694   -0.12838714   -0.02474156    0.33214957   -0.06256566   -0.18292007    0.03059000   -0.15921547
GLSV   -0.06717693    0.05212109   -0.03306600    0.00541324    0.01719584   -0.02755828    0.01709191   -0.02263331
GMAS   -0.05277707   -0.66307050   -0.08394222    0.15543543   -0.14191410   -0.00307518    0.03380211    0.08495479
GMSD    0.10515667    0.29973814    0.11142247    0.00486788   -0.03282504   -0.03143754    0.02276878    0.02648621
GODE   -0.58235122   -0.15386997    0.08553992    0.11527630   -0.03718997    0.01250102    0.01608156   -0.03247827
GODZ    0.04768540    0.04209513   -0.01660789   -0.01024373   -0.06903382   -0.08974237    0.00606672   -0.03137416
GOL2   -0.08118071    0.06476330   -0.00136509   -0.03710622    0.04188867    0.00614251   -0.01202461   -0.07389836
GOLD   -0.05573001    0.01394767    0.02459722    0.01833605   -0.05395956    0.00229375   -0.01447840   -0.00489453
GOPE    0.11569044   -0.10005132    0.05535293    0.01584948    0.02299696    0.03881224    0.01599274   -0.01153005
GOUG   -0.18198234    0.00157064   -0.02083059   -0.01197244   -0.01227853    0.10341017   -0.00077185    0.01221193
GRAS    0.06928443   -0.14113147    0.05494721    0.03891749    0.03097019    0.01150934   -0.04153706    0.00371166
GRAZ   -0.04833029   -0.08022987   -0.04477425    0.07892923   -0.03087156   -0.00211685    0.02557978    0.01400293
GUAM   -0.34230538   -0.01242240    0.10257445    0.04834696   -0.00285634   -0.15415618    0.01977013    0.00407549
GUAO   -0.43671815    0.18191180   -0.26726731    0.19194625   -0.03558566   -0.11059968    0.05132136   -0.07082538
GUAT    0.32550760   -0.06172969    0.01340342   -0.00073118   -0.06720386   -0.00365930   -0.00137551   -0.01241965
GUUG    0.11316928   -0.02467012    0.14137361   -0.02216597    0.07258695    0.00518304    0.03156932   -0.04129073
HARB    0.07689128    0.05317881   -0.05423323   -0.07140755    0.05876311    0.06424473   -0.00395265    0.01327562
HERS   -0.01140435   -0.03474928   -0.00274032    0.02507653    0.04829240    0.01011302   -0.03124158   -0.01901041
HERT   -0.05857576    0.00783718    0.03266279   -0.01545846   -0.04733064   -0.01574462    0.03815699   -0.00893047
HLFX   -0.08702777   -0.06102538   -0.04080569   -0.02857422   -0.00914056   -0.00084663    0.01421414    0.01364031
HNLC    0.07326208   -0.01512179    0.12281461    0.06215696   -0.04754336    0.10099976   -0.02875861    0.01273857
HNPT   -0.11193615   -0.11447930   -0.01460944    0.06336598   -0.01977844   -0.06818443    0.02591727    0.05938277
HOB2   -0.13101230   -0.12521999    0.02182757   -0.02657334    0.01121481    0.01385174   -0.00592895    0.00395540
HOFN    0.11311823    0.00685447    0.00815342   -0.03599082    0.01282753    0.01328605    0.00408530    0.02567251
HOLB   -0.01739867    0.02159731    0.07356151    0.01976325   -0.03532926    0.00181475    0.01620457    0.02825412
HOLM   -0.05633591   -0.07979443   -0.07486826    0.00066016   -0.00604641   -0.00972367    0.04747009    0.01171860
HRAO    0.13770991    0.02551830   -0.08233126    0.06333804   -0.01547667   -0.09955333   -0.00780011   -0.02188281
HRM1    0.00048356   -0.05454247    0.03011893   -0.02094180   -0.05973818   -0.02320474    0.00947184   -0.00889110
HYDE   -0.12437957    0.03772491    0.36836602    0.23738557    0.05778069   -0.04376891    0.05618678    0.08541268
IDDR   -0.01035210   -0.08881175    0.19077487    0.04325878   -0.07218250    0.07046912   -0.01035977   -0.05072793
IISC   -0.19651601    0.28922026    0.01818639   -0.19382248    0.01657678   -0.01559958   -0.02968721    0.08964989
ILHA    0.34161687   -0.15175336   -0.06850398    0.07701361   -0.00099173    0.01306315    0.02905596   -0.14984213
IMPZ    1.25754518    0.32357650   -0.19282990   -0.28878523    0.01409272    0.13857064    0.04798083   -0.09562544
INEG    0.01778188    0.23772176   -0.02021933    0.04723717    0.02466296    0.05225282   -0.05935248    0.01827178
INVK   -0.07451583   -0.04673974    0.03635038   -0.03913816   -0.02288282    0.02317372   -0.04884022    0.01792612
IQAL   -0.02466567   -0.03152292   -0.02034297   -0.01400624   -0.00199919    0.01116389    0.00544315   -0.01201499
IQUI    0.15644387   -0.18521293    0.00023337    0.08083072   -0.14593837    0.03417922    0.00193815   -0.06873703
IRKJ    0.05776261    0.07890553    0.03797649    0.09156902    0.01917528    0.01790256   -0.05552302    0.00866374
IRKT    0.12903898   -0.15525232    0.13606668   -0.02123847    0.00597865    0.00961572    0.01158798   -0.07758593
ISBA   -0.29211162   -0.34596708    0.06171475    0.26655065    0.03250238   -0.08037414    0.00644188   -0.01578078
ISPA   -0.18623113    0.01316753    0.01184799   -0.07561341    0.00339979   -0.02031641   -0.03014568    0.00199165
JAB1   -0.43431826   -0.37287834    0.20738080   -0.14921497    0.16403397    0.08753306    0.10517684    0.01748877
JOG2    0.28258699    0.08010712   -0.05819514   -0.07250926   -0.11214248   -0.04288941    0.04768020    0.05460823
JOZ2    0.04547390   -0.20497196   -0.02221413   -0.02478017    0.01589383   -0.04685516   -0.02771648    0.01427820
JOZE   -0.17696943   -0.09747106   -0.03301740    0.01041037   -0.00268013    0.04537987   -0.02355470   -0.04528812
JPLM    0.05301759   -0.01892824    0.09424332    0.10764373   -0.00490158   -0.06298001    0.01816772   -0.05765338
JPLV    0.07492873    0.05932053   -0.00560878   -0.20190968    0.04636636   -0.01857818    0.06260007    0.03852374
KARR    0.56520670    0.01322816    0.06003511   -0.12776412   -0.13171328    0.02329177    0.03253918    0.03306792
KAT1   -0.21793150   -0.31911474    0.15780341    0.49866242   -0.05863356   -0.05562309    0.04647738   -0.00345167
KELY    0.05623745   -0.11183370    0.07169093   -0.05514683    0.02392181   -0.00241685    0.01417535   -0.00941074
KERG   -0.04817330   -0.04942416    0.01471327   -0.01210026    0.02202217    0.01069207   -0.00621828   -0.00866544
KGNI   -0.26511148    0.44692080   -0.04418321    0.04533331   -0.02581560    0.03219077   -0.00365845   -0.00783083
KHAJ    0.21197083    0.00953562    0.01385410   -0.01456195   -0.07372314   -0.05271207   -0.06146383   -0.06718601
KHAR   -0.05618528   -0.07875239   -0.02462056   -0.02976982    0.01908977    0.04075466    0.04741023   -0.00831845
KIR0   -0.08919346    0.06174066    0.05584945    0.00223713   -0.01261700    0.01212768    0.01165479    0.00263304
KIRI    0.14336501   -0.00390021    0.09260496   -0.22039732    0.05042574    0.00939853    0.03367775    0.00544835
KIRU   -0.17453379   -0.04179087   -0.02108283    0.07197046    0.01278901   -0.01400513   -0.01354915   -0.03213104
KIT3    0.40920765   -0.62600504   -0.05476921   -0.47242184   -0.20913656   -0.17945820   -0.06060480   -0.04184893
KOKB   -0.09075167   -0.03179837    0.09152613   -0.05304696   -0.08108440   -0.01597164    0.03919485    0.00883343
KOKV    0.07723765   -0.08911070   -0.10706199    0.04393706   -0.06444022    0.03259386   -0.00923812    0.00757064
KOSG    0.02062849    0.05023042   -0.02598998   -0.00366226   -0.00795910   -0.01292784    0.01972117   -0.00927246
KOU1    0.07735848    0.28320256    0.07095048   -0.17208683   -0.01593050    0.02459049    0.12730094   -0.09602193
KOUC    0.11564840   -0.22724927   -0.06634474    0.00285578   -0.01433471   -0.02906079   -0.02577676    0.10124665
KOUG    0.25856277    0.36528569   -0.21676183   -0.20212502    0.00728208    0.08050060    0.09416716    0.01057563
KOUR   -0.00083907    0.23216271    0.07393118   -0.23044431   -0.05617925   -0.00128247   -0.03705630    0.05685629
KRGG   -0.01488403    0.02780791    0.01120444    0.03601842   -0.00281865    0.01408011    0.01986617    0.00396651
KSMV   -0.14448295    0.31791455   -0.13288337    0.06834284   -0.03346980    0.07480255    0.00365507    0.00646294
KSTU    0.01835456   -0.21225438   -0.00443854    0.03177458   -0.03018310    0.01832463    0.02099162    0.03559038
KUNM   -0.06211911    0.41870955   -0.00689712    0.11429569   -0.07272628   -0.01811653    0.00440601   -0.07099562
KWJ1   -0.29904337    0.08456580    0.22468753   -0.12777281    0.01825039    0.05054514   -0.04629960   -0.15872692
LAE1    0.73427117    0.64009930   -0.00467821    0.19609609   -0.05343266    0.09263978   -0.24530791    0.01910159
LAMA   -0.06922127   -0.10354786   -0.03371111    0.01149225   -0.03486349    0.02794662    0.03501727   -0.03231674
LAUT    0.47310326   -0.00417309    0.18358139   -0.03375712    0.04309908   -0.05827489   -0.12777100   -0.01657887
LHAS   -0.66344044   -0.34146308    0.23854470    0.08607882   -0.16423491    0.04508144    0.04392359   -0.03496214
LHAZ    0.07593812    0.66991931   -0.09531940    0.21203702   -0.12977672    0.14324030   -0.06107482    0.00902359
LMMF   -0.08040247   -0.11851194    0.07521697   -0.07662741   -0.03499092    0.03318419    0.01585892   -0.01109147
LPAL    0.16019060    0.02993863    0.09205872    0.06519484   -0.01382897   -0.00470254    0.00350932    0.00500158
LPGS    0.04485883    0.18331342    0.07074469    0.00083412   -0.03296600   -0.01854635   -0.02773464    0.02712265
M0SE    0.11142159    0.06843104   -0.10889939    0.00277693   -0.03083595    0.00295367    0.01298739    0.00730496
MAC1    0.07219235    0.03786356   -0.01193976    0.01688984   -0.01702025    0.00636051    0.00242395   -0.00328816
MAD2   -0.00907792    0.05245377   -0.05083300    0.01422852   -0.00865832    0.01736661   -0.00980316    0.01010917
MADR    0.09776741   -0.04749070   -0.08486224   -0.02991639   -0.18412178   -0.07130135   -0.05393898    0.05711677
MAG0   -0.02450405    0.00890364    0.00571342    0.06092086   -0.03068545   -0.02802063    0.00720819    0.02874877
MAJU    0.30665770   -0.00770750    0.07893420   -0.05011897   -0.00062052   -0.04667910   -0.02276977    0.00895657
MAL2   -0.24375259   -0.25610719   -0.17174281   -0.25084302   -0.17874146    0.04003424    0.13021742    0.15632930
MALD    0.22615476   -0.04906960   -0.22878380   -0.27238706   -0.22530391    0.00017149   -0.00931892   -0.03285829
MALI    0.24591760    0.33272828    0.04722300   -0.22020768    0.03471430    0.16065708   -0.09634823    0.12549563
MANA    0.13630031    0.69093369    0.34622427   -0.04682450    0.17737454    0.04789276   -0.00923212    0.00389979
MAS1   -0.64253676    0.45194713   -0.08729452   -0.03629456   -0.02324274    0.00781039   -0.02634147   -0.00639887
MAT1    0.01537074    0.00300191   -0.07688554    0.00277028   -0.01822057   -0.01165174   -0.02260340    0.01395498
MATE   -0.00131096    0.00730498    0.00267111    0.07319544   -0.00058222   -0.01431137    0.02324980   -0.01378931
MAUI   -0.13294567   -0.02412827    0.01884644   -0.00220869    0.03347143    0.01734233    0.05745783    0.00202864
MAW1   -0.01789434   -0.00192062   -0.01199980   -0.02025582   -0.01175077   -0.00706602   -0.00766990    0.00166260
MBAR   -0.14112736   -0.17258252   -0.11210438    0.14041571    0.04673710    0.02963730   -0.08552312   -0.03625426
MCIL   -0.16049478    0.11453851    0.05119701    0.02353479    0.09599058   -0.01808005    0.00688054    0.02434641
MCM4   -0.09295952    0.02329297   -0.01766669   -0.01645754   -0.00837496    0.00743488   -0.00641182   -0.00010958
MDO1    0.11893305   -0.06425705   -0.04188476    0.04808544   -0.04265843   -0.01320079    0.00893140    0.00573262
MDVJ   -0.06672785    0.04076957   -0.00163481    0.01560193   -0.01206295   -0.02382973    0.01288549    0.01237596
MDVO   -0.11472190    0.28224963    0.03667802   -0.30576777   -0.06559788   -0.07866664    0.01299336    0.05928423
MEDI   -0.19002747    0.03745145    0.08017133   -0.09002315   -0.00424186    0.02239146   -0.02684146    0.01264225
METS   -0.14893950   -0.08742175   -0.00887408    0.05866674   -0.02018062    0.00539142   -0.00198009   -0.01624280
METZ   -0.08906932   -0.13551026   -0.04807073   -0.02199782    0.02003741   -0.00564286    0.01966771    0.01951662
MGUE   -0.11254027   -0.18835954   -0.11731143   -0.05675007    0.04354878    0.00680229    0.04920433    0.00636985
MIZU    0.12454079   -0.01669009   -0.06035381    0.09646014   -0.00294907    0.02762339   -0.01945432   -0.03095396
MKEA    0.02162928   -0.09487689    0.01623975   -0.02365585    0.01191695   -0.00647412    0.00474064    0.00175559
MNLS    0.02104940   -0.02146998    0.03086885    0.00084078    0.01865879    0.01673639    0.00846475   -0.00887608
MOBJ    0.13834690   -0.05626047   -0.01839581   -0.03963014   -0.01121833   -0.03069019   -0.00513073    0.00708095
MOBK    0.16445886   -0.08253227   -0.02064304   -0.05307484   -0.02235574    0.01151470   -0.01812790   -0.01008884
MOBS    0.02308992    0.16021011    0.03962122   -0.00481258   -0.00525085    0.01417318    0.00425738   -0.01030078
MONP   -0.02737361    0.00491561   -0.00872470   -0.01057844    0.00748006   -0.02365125   -0.00873759   -0.00670052
MORP    0.14231327    0.08698872   -0.04785975    0.02198481    0.00983341   -0.02515407    0.02434476   -0.00322681
MQZG    0.04534621   -0.00171399   -0.02247958    0.00313769   -0.02157975   -0.00332528   -0.02003583    0.02480525
MRO1   -0.24895308   -0.01315747   -0.00411279   -0.08166598    0.04974296   -0.04721258    0.00296239   -0.02854760
MSKU    0.14032998    0.18115776   -0.40441626    0.08976959   -0.22778809    0.04176855    0.21991793   -0.08059048
MTKA   -0.03228589    0.56120650    0.14935440    0.18996507    0.08255821   -0.00993476   -0.00252050   -0.00098659
NAIN   -0.14260630    0.02175636    0.04714759    0.04134025   -0.00222683   -0.00883494   -0.00151353   -0.00138631
NANO    0.02703228    0.22242996   -0.06799437   -0.03047340   -0.00545217   -0.04263147    0.00987130   -0.01888591
NAUR    0.04839312   -0.22234412    0.01250573    0.08423331   -0.04854668    0.00913699    0.04854564   -0.01863476
NICO   -0.18168582   -0.22168677    0.05268454   -0.07407813   -0.00313369   -0.00104286    0.01280735    0.01148522
NIST   -0.18956233   -0.14172678    0.04105444    0.03659748   -0.01886199    0.00338867    0.01275357   -0.06745447
NIUM    0.18849967   -0.03807178    0.03407634   -0.01618567    0.09286956   -0.04607045    0.06888167   -0.01793042
NKLG    0.12417364    0.22080943   -0.35257839   -0.23364901    0.21185637   -0.09219281    0.16981747   -0.01985525
NLIB    0.12788036    0.14859791   -0.00692432   -0.07580791    0.00440042   -0.03692626    0.03248346    0.05459411
NNOR   -0.04772071   -0.01221730    0.06148046    0.02808086    0.02248888   -0.02050915   -0.00120458    0.03845489
NOT1    0.06230254   -0.19368205    0.04057872   -0.14733388    0.01328399   -0.07593774   -0.03253852    0.05222286
NOTO   -0.07598155    0.04789486   -0.06274589   -0.18960509   -0.07910917   -0.07928069   -0.11872618    0.05614469
NOUM    0.11382535    0.30232446   -0.01530527    0.12685028   -0.11563465    0.06006672    0.04908822   -0.00835949
NOVM   -0.00727681   -0.12764676   -0.02845487   -0.06290124   -0.01946880    0.05741919   -0.02450745   -0.00184137
NRC1    0.13779178    0.12124806   -0.09802529   -0.01643297   -0.04854837    0.00370150   -0.00837577    0.00837900
NRIL    0.04543475   -0.07702387   -0.02376044   -0.04435299   -0.00292929   -0.00333328    0.02454084    0.01726758
NRMD   -0.04115566   -0.39448821    0.04239650    0.01182784   -0.07487454    0.02444227    0.03540278    0.01655767
NSSP    0.03159531    0.07654278   -0.12395038    0.12716977   -0.02228678   -0.22128726   -0.02716556    0.09575709
NTUS   -0.12120062    0.17707921   -0.07099379    0.00013495    0.03363120   -0.05764843   -0.00108685   -0.00313425
NURK    0.34191131    0.36264814   -0.44709024   -0.27985405    0.19870715    0.06243903   -0.14546829   -0.07719339
NVSK    0.33053867    0.02470883   -0.13095056    0.04060492   -0.04104719    0.05249391    0.17545323   -0.01278496
NYA1    0.04379361    0.03683437   -0.00721855    0.03675023   -0.02501609    0.00821031    0.01091360    0.00225333
NYAL   -0.06710826    0.06024544   -0.02870247   -0.03698515    0.02965088   -0.00708775   -0.00529016   -0.01458113
OHI2    0.06555492   -0.04816871   -0.01028795   -0.07411302   -0.00911680   -0.00177667   -0.02505405    0.00707877
OHI3    0.04785446   -0.04602209    0.01594206   -0.06863169   -0.00652165    0.00273871   -0.01451972   -0.01840449
OHIG    0.01339213    0.05311965   -0.04642449   -0.08109729   -0.02218482    0.03732372    0.02744674   -0.00718785
ONSA   -0.09495200   -0.02708508   -0.00902971    0.03589412   -0.03919023    0.06794541   -0.00479065   -0.04691362
OPMT   -0.14572841   -0.15859510   -0.03142153    0.07374404    0.03157902    0.07090073    0.01864016   -0.04887424
OS0G    0.06629470    0.02437434    0.01397081   -0.04703015   -0.00531468    0.01607200   -0.01720780   -0.07495814
OSN1   -0.05850982    0.28186657    0.04705398    0.00843345    0.04554112   -0.04675561    0.00333353   -0.05610870
OUS2    0.00324372   -0.03503099   -0.04780718   -0.00536359   -0.00036532   -0.01271242    0.01399778    0.00685723
PADO    0.04149034   -0.01087665   -0.03945664    0.07028732   -0.07213480   -0.04854858    0.11867973    0.09273663
PALM   -0.05911658   -0.03028637    0.01454874   -0.02469450    0.00206117    0.01567949    0.00245326    0.00735059
PALV   -0.05042778   -0.03290818    0.03871949   -0.01832075   -0.01345120    0.03560268   -0.02483821   -0.02214013
PARC    0.03227284   -0.07943473   -0.01505239    0.02792350   -0.00538981   -0.01781095   -0.01439198    0.01573519
PARK    0.09064028    0.03646368   -0.06148510   -0.01906497   -0.00940149    0.00837770    0.02652863   -0.02044529
PBRI   -0.17772222    0.04039481   -0.06721007    0.12357177   -0.21803737    0.08061917    0.00830720    0.03389878
PDEL    0.08699582   -0.03129052   -0.04094547    0.06865616    0.00650802   -0.03155625   -0.00179719    0.00018427
PENC    0.00193617    0.25987055   -0.09343354    0.00543889   -0.02378687    0.04565761   -0.02809491    0.00027161
PERT   -0.10584010   -0.07117189    0.01433886    0.02034387   -0.03880213    0.03293491   -0.00871316    0.00818603
PETP    0.06255274    0.00997914   -0.00330665   -0.08113024    0.00668999   -0.08336661    0.00276253   -0.02785299
PFA2    0.05543830   -0.08011261   -0.28771927    0.00007839   -0.02745530   -0.02322745   -0.00359825    0.02489869
PIE1    0.16941421    0.01507976   -0.05986940   -0.00183577   -0.02315180   -0.01329653    0.01460787    0.00735785
PIMO    0.24319282   -0.17249877    0.16307567    0.07267501    0.15409693    0.00591497    0.02296099    0.05612893
POHN   -0.12048028    0.14042734    0.16070954   -0.09373174    0.02821967    0.05036626    0.01465185    0.00704621
POL2    0.00366667    0.83460017   -0.47064850    0.03865880    0.07467763   -0.04003186    0.04693791    0.08814859
POLV   -0.00627443    0.02095517    0.01193161   -0.00346153    0.00432942    0.00339666    0.00648017   -0.03900894
POTS    0.05536915   -0.15707889    0.02856160   -0.03288514    0.00055233   -0.04636141   -0.01432216    0.00154900
POVE   -0.16988132    0.06981865   -0.26676483    0.07377999   -0.10771611   -0.09706733    0.00100947   -0.02423762
PRDS   -0.07921839   -0.01434507    0.12565841    0.00494807   -0.07355497    0.09031381   -0.05949757   -0.02853393
PRE1   -0.11798089   -0.13629974   -0.05953724    0.11318482   -0.04208899    0.03775895   -0.01950119    0.03806956
PTAG    0.10726919    0.02394591   -0.05321228    0.09336266   -0.12204641   -0.03682856    0.06638268   -0.01509768
PTBB   -0.09081399   -0.07843692   -0.02915974    0.05493847   -0.00133878   -0.01491429    0.03734568    0.00087878
PTVL    0.23898140    0.19895424    0.02524220    0.08374423   -0.04119681    0.03458507   -0.07727463   -0.00443267
PVEP   -0.15204616   -0.30840715    0.12387284    0.02836929   -0.13066564   -0.15462327    0.10533124    0.14893010
QAQ1   -0.01980044   -0.22459673   -0.12143054    0.02953924    0.04686160    0.05373523   -0.00518606   -0.00423492
QUI2    0.12805516    0.12851542   -0.03340364    0.14564629    0.00746605    0.08759426   -0.02875344    0.03544461
QUIN    0.23224490    0.02794671   -0.22929934    0.00147452    0.08417785    0.01702727   -0.06044664    0.00941937
RABT    0.07374783    0.28854118   -0.09397909    0.06334250    0.03221824    0.00432216   -0.05085321    0.02429385
RAMO    0.06545185    0.07749573    0.03278082   -0.02093270    0.01728016   -0.00094155   -0.00562747    0.00560333
RBAY    0.24296028   -0.18635554    0.01818231    0.02843423    0.02973544    0.02637079   -0.02071635    0.02187950
RCMN    0.01476451    0.07916722   -0.10674453   -0.04821446    0.02736663    0.01097791    0.12368236   -0.04494858
RECF    0.01764571   -0.15749812    0.12133156    0.00968193   -0.03816593   -0.06391598   -0.00626690    0.04400403
RESO   -0.12674339    0.05696134   -0.00234399   -0.04828968   -0.03353228    0.00860702   -0.02691939    0.00018447
REUN   -0.00508691   -0.29137568    0.07894038    0.02782365   -0.06285138   -0.07894065   -0.00258420   -0.04930678
REYK   -0.10320478   -0.01632275   -0.00351133    0.01608384    0.01145963    0.00206519   -0.00079523    0.01226352
REYZ    0.01161907   -0.02587759    0.03846390    0.06560899    0.02163374    0.00302088    0.00673180   -0.02962645
RGDG    0.03004960   -0.03494413   -0.00614415    0.00416410    0.01157070    0.00458346    0.03299827   -0.02433130
RIGA   -0.11191470    0.12629736    0.02556291   -0.01730910    0.04061969   -0.02151696    0.01644792    0.02910626
RIO2   -0.01197386   -0.00482624    0.01163102    0.02278151   -0.00577427   -0.01670760   -0.01453566    0.03051309
RIOG   -0.04171009   -0.06007947    0.01946006   -0.02510197   -0.02984600    0.00347593   -0.07234888   -0.05624773
RIOP   -0.37942726   -0.24658681    0.17165694   -0.03069780    0.08018704    0.18169411   -0.08691383   -0.04438503
ROSA    0.22931895   -0.12764950   -0.12385066   -0.03396913   -0.00934041    0.05986346    0.02884316    0.16215428
ROTH    0.12117117    0.01212030   -0.09214246   -0.06569108    0.04525819    0.00207186    0.01706596   -0.00823470
SALU   -0.21599951   -0.19725433   -0.18916706   -0.15783053    0.02542634   -0.01879561    0.05782697    0.07024976
SAMO    0.03507117    0.02323386   -0.02965327   -0.02005063    0.02369080    0.00101858   -0.07755683   -0.11286844
SANT   -0.47874248    0.26222766   -0.34244446    0.10981755   -0.05200804   -0.08439385    0.08001090   -0.00214734
SAVO   -0.03202913    0.14582642   -0.00782668   -0.03443523   -0.01043212   -0.01542349    0.02230068    0.01586019
SCH2    0.12168590   -0.18784081    0.01778690    0.05102743   -0.00583374    0.00736338   -0.00594097    0.01366194
SCOR    0.04431571   -0.00045068    0.02949428    0.02425810    0.02487124   -0.00433335    0.02247805   -0.00759642
SCRZ    0.20785298   -0.39014676    0.10625441    0.22232743   -0.00606397    0.06328281   -0.23163080    0.05758429
SCTB    0.04133764    0.04953514   -0.00024496   -0.00008737    0.00527219   -0.00116664    0.01321367    0.00189774
SCUB   -0.11723646   -0.31015714   -0.00866235   -0.12528679    0.00077520   -0.00286829    0.01645159   -0.01259760
SELE   -0.40181215    0.42288727   -0.27356116   -0.27388289    0.15788947   -0.02163175    0.00375873    0.05895152
SEY1    0.07992825    0.16507308   -0.05945599   -0.12008707    0.01603266   -0.16185778    0.06920186    0.05792575
SEYG    0.45770341   -0.17922240    0.03438799   -0.06616830    0.01893546   -0.10275132   -0.12433884    0.01157330
SFER    0.01763615    0.06309155   -0.09034763   -0.00579223    0.03917904   -0.01212737   -0.00603602    0.03390217
SHAO    0.18777289    0.13940909   -0.01508504   -0.01777340   -0.04729187   -0.03155910   -0.01296893    0.00034949
SIMO    0.10196871    0.00067950    0.03279301   -0.06507548   -0.01747747    0.05288350    0.08424555   -0.22295950
SIO3    0.00506538   -0.06705526    0.13639541    0.20063981   -0.06931779   -0.14908020   -0.01443898    0.02512259
SMST    0.41220175   -0.06813251    0.00827160   -0.14084029   -0.05901154    0.01909119    0.04564072   -0.00820159
SOFI   -0.20077076   -0.11544838   -0.00501399   -0.02179726    0.00442169    0.03972506   -0.01184715    0.03995746
SOL1   -0.01965921    0.01816361   -0.02987206    0.01930246   -0.00777663   -0.06807856    0.02856453   -0.05091848
SOLA   -0.38496466    0.23465064    0.07138067   -0.22963685    0.09791322    0.00207908    0.03592021    0.11468356
SPT0   -0.17511285   -0.03957110    0.01393036    0.01064467   -0.04933465    0.05049121    0.00707225   -0.04571180
SSIA    0.15693256   -0.27564986   -0.01006231    0.06662418    0.05523159   -0.06305833   -0.05794738    0.00832602
STHL    0.41778799    0.15971907    0.00022661    0.07238318    0.00891482   -0.03982779   -0.02099018    0.01331468
STJO   -0.10356909   -0.03842613    0.00849276   -0.01316608   -0.01334526    0.00593499   -0.01252449   -0.00090878
STK2    0.20870817    0.22241613   -0.04807558   -0.11133038   -0.00014256   -0.03240829    0.00489721    0.06234131
STR1    0.07486714    0.14873343   -0.01603458   -0.02202695   -0.01110443   -0.02298065   -0.00356295    0.01014567
STR2   -0.14402022    0.01766802   -0.00302998    0.02642144    0.01432488   -0.02396516   -0.02302676   -0.00140054
SUNM   -0.12679879   -0.16913235   -0.08173352   -0.10074739   -0.11686321   -0.00117356   -0.09093387   -0.06512155
SUTH   -0.07665612   -0.06922352    0.01523275   -0.02522456   -0.00011684    0.00254486   -0.00330534    0.00591376
SUTM   -0.01256342   -0.13100900    0.02912935    0.01459246   -0.00173384    0.01422997    0.00408803   -0.02040998
SUTV    0.08128360   -0.03979981    0.00804325    0.02134355    0.00032880    0.00849768    0.00428935   -0.02988084
SUWN    0.22127286    0.16619624   -0.01872362   -0.03173046    0.03296118    0.02458566    0.00706362   -0.01776207
SVTL   -0.10581039   -0.19624816   -0.07381014    0.06135042   -0.02960249    0.00151514    0.04124995   -0.02851427
SYDN    0.02448252    0.21187224   -0.00077152   -0.00650505   -0.01363868   -0.01360480   -0.00705724   -0.02221503
SYOG    0.00025257   -0.02976463    0.03835257   -0.01078867   -0.02248922    0.03587414    0.01509321   -0.01075572
TABL    0.03481151   -0.03059212    0.00184014   -0.02893473   -0.00811628    0.01936743   -0.01647927    0.00015595
TABV    0.08463199   -0.02762859   -0.00993448   -0.00744048    0.03353904    0.00470552    0.03630560   -0.00216316
TAH1   -0.14063096    0.04837717   -0.06600242   -0.13869195    0.07128951    0.00939415   -0.01972243    0.00897956
TASH   -0.28907286    0.26131100    0.18102170    0.05139540   -0.08824572    0.04461260    0.01612341   -0.01976025
TCMS    0.44964476    0.33317915   -0.01536139   -0.35064564   -0.15417100   -0.48049637   -0.08275053    0.16776573
TEHN    0.09355973    0.38201646   -0.24698141    0.24066547    0.40136783    0.31397846    0.02492295   -0.07715934
THTG    0.23406145    0.13188271   -0.09903734   -0.11378380   -0.12641242    0.02007794   -0.10417340   -0.06022457
THTI    0.04380833    0.23041712    0.08345962    0.09605836    0.00742219    0.04817328   -0.05161601    0.04378986
THU1    0.10692289   -0.09368934    0.00670010    0.04272095   -0.01233199   -0.01852960   -0.03083689   -0.04894148
THU2   -0.03915952    0.03369776   -0.01686640    0.04026354    0.05637148    0.03486867   -0.00360234   -0.02542224
THU3   -0.07445709   -0.04495621    0.00473781   -0.05619402   -0.01556972   -0.05374160   -0.02090819   -0.00683328
TID1   -0.13417804   -0.08900478   -0.00733684    0.00156985   -0.00309894    0.01666304    0.01573797    0.00696657
TIDB    0.07990510    0.11053453    0.00150337   -0.01252441    0.00843779   -0.01446482    0.01230251    0.01222681
TITZ    0.10240293   -0.01853571   -0.03486973   -0.07859669    0.01399455   -0.04505764   -0.01404990   -0.00661000
TIXG    0.00547306   -0.00732603   -0.00916634    0.00907730   -0.02983911   -0.00366285    0.00709983    0.03660066
TIXI    0.04139898   -0.03773598   -0.03213238   -0.00624795   -0.01295515    0.02956650   -0.00635852   -0.00437662
TIXJ   -0.06656025   -0.05076018    0.02159485   -0.06183371    0.04615853   -0.01749496    0.02254972    0.02245899
TLSE   -0.19925587   -0.07358577    0.08515976    0.04485532   -0.05703988   -0.02604175    0.03068908    0.04029900
TN22   -0.20089410    0.09635028   -0.03015866    0.00837297   -0.02568479   -0.06185532    0.00622804    0.06465572
TNML   -0.22573246    0.44646039    0.20995618    0.19695275   -0.14574752    0.40610050    0.11272664    0.15631926
TONG    0.11280489   -0.05838456    0.05947740   -0.03301592    0.09457685   -0.12149500   -0.05744419    0.14493054
TOUL   -0.03537438    0.09864910    0.16751294    0.02821671   -0.01517030   -0.02369314    0.01752746    0.07032251
TOW2    0.07097819   -0.05312714   -0.03741039    0.18802810    0.07509116   -0.00568058    0.06510877   -0.02794349
TRAB   -0.34576981   -0.58638179   -0.35345113   -0.19419659    0.04632342    0.11134703   -0.05092953   -0.23431366
TRO1   -0.15054575    0.24463801   -0.01968266   -0.02187289   -0.02526970   -0.03117120    0.01865840   -0.00336235
TROM   -0.21953893    0.00302724   -0.00205665   -0.00568306    0.01520042    0.00951077    0.02276879   -0.03202061
TSEA    0.22959817   -0.02359677   -0.01233371   -0.04464594    0.03004618   -0.00729464    0.05917090    0.04234399
TSKB    0.33413432    0.10932969    0.03900043   -0.11039630   -0.06399627    0.03845114    0.02523577   -0.00370842
TUVA    0.36403292   -0.10838745    0.00477646   -0.04245957   -0.00474752   -0.05058267    0.04982990    0.04086665
TWTF    0.33272237    0.16708737   -0.25153079    0.10664098    0.10927631    0.16241111   -0.04131701   -0.08831301
TXES   -0.17632634   -0.22869067   -0.08964300    0.06195535    0.07279488   -0.06558095   -0.08040805    0.03749481
UFPR    0.19826690    0.02301245    0.02530828   -0.01830011    0.03706537    0.00723103   -0.04902848   -0.02618221
ULAB    0.06320945   -0.01208397   -0.06313632    0.03167239    0.02663174    0.02877089   -0.01380011   -0.01060730
UNB3   -0.20141847   -0.05391575   -0.03116217    0.01878018    0.00077969    0.01927423    0.01603737   -0.00361476
UNBJ    0.11719521   -0.09432007    0.02598949    0.04340939   -0.01428882    0.00227990   -0.01606230    0.00911802
UNBN   -0.22286478   -0.08299518   -0.01793207   -0.01547735   -0.06013704    0.02942496    0.05363572    0.01270516
UNSA   -1.56311957   -0.16744761   -0.18035935   -0.32957219    0.18702197    0.20929321   -0.02924697    0.00877675
UNTR    0.17805051   -0.14388081    0.12045375    0.07547045    0.03013108    0.03447834   -0.00970447   -0.00549178
URUM    0.13261571   -0.04043526    0.06632419   -0.29738815   -0.02582570   -0.08382095    0.01960699    0.02503563
URUS    0.18419197    0.12768595    0.01654862    0.06472004   -0.14195284   -0.02276503   -0.01834889    0.00090473
USN3    0.08507674    0.04389875   -0.02103107    0.02313869    0.08040593    0.01503780    0.03452607   -0.04067228
USNA   -0.01356889    0.00111286    0.04108321   -0.01110800   -0.00563871   -0.04854679    0.02625754   -0.06090249
USNO    0.02501246   -0.06080994   -0.00053662   -0.01694597   -0.04051531   -0.08679349   -0.00134487   -0.06919498
USUD    0.43898717    0.12050864   -0.09702933   -0.08267644   -0.05273794    0.02466047   -0.00993056    0.03793063
VACO   -0.25065456    0.10445750    0.04790257   -0.02334050    0.03353492   -0.00983942   -0.01833597   -0.00438837
VALD   -0.07078654    0.08635967    0.06224919    0.06968519   -0.00962244    0.00553851    0.00691238    0.01395359
VENE    0.14367912    0.21321011    0.18708745   -0.03049740    0.05719323   -0.09375741   -0.03216130   -0.02056191
VESL   -0.18954630    0.02871492   -0.03955400   -0.01363301    0.00655685    0.00884548   -0.01914781   -0.01371853
VIL0   -0.06498280   -0.11417825   -0.06293219   -0.02932138   -0.00658436    0.00371200   -0.00439420   -0.00817519
VILL   -0.02930415    0.06755525   -0.03762705    0.03422804    0.03956290   -0.00615347    0.01733666    0.00687590
VIS0   -0.06828373    0.09420292    0.06631434   -0.00853499    0.01345628   -0.03894482    0.02141098    0.02297639
VNDP    0.17811091   -0.09845023   -0.14494400    0.07779281    0.03308461    0.00501702    0.00342335   -0.02678652
VOIM    0.19017508   -0.04044051    0.25259839    0.05618014   -0.11295703   -0.02425245   -0.06134199   -0.07151652
VTSP   -0.03878884   -0.00454398   -0.00921023   -0.10132379    0.03026529   -0.00192621   -0.02559315   -0.03153505
WARK    0.07554989   -0.05779537   -0.00870782    0.02192849   -0.00625415   -0.00878150   -0.01381932    0.00591612
WDC1    0.07773426    0.02237793   -0.00672332    0.02832197    0.03680616   -0.01080598    0.01614154    0.03167903
WDC3    0.13483619   -0.05713574    0.09095526    0.08706068    0.04097534   -0.06322644   -0.06049696   -0.03391519
WEL1   -0.00974376    0.09242108    0.00430579   -0.07006551   -0.01923111    0.02854128   -0.00538923    0.01782444
WES2    0.12000047    0.11408876   -0.12178828   -0.03928635    0.02572109   -0.06150388   -0.00462007    0.05171570
WGTN   -0.02341638    0.04664768   -0.02706847   -0.03918915   -0.00420074   -0.00111721    0.01187771   -0.00242007
WHIT    0.00512067   -0.01779070   -0.02285634   -0.01539352    0.00520866   -0.03116368    0.02395969    0.00721793
WILL   -0.02285541   -0.03787351   -0.02429885    0.03834024    0.00596699   -0.01438823    0.00484744    0.00149705
WIND    0.02659836    0.20746617    0.01542904    0.08544503   -0.05454464   -0.00223468    0.04167466   -0.04266303
WROC   -0.15031298   -0.09421230   -0.03761682    0.01130648    0.00236224    0.06861096    0.00522178   -0.03291396
WSRT    0.09444790    0.06534398    0.00224652    0.01610334    0.00681424   -0.01363731    0.01443585    0.00038566
WTZA   -0.03108062   -0.12481658   -0.01738902   -0.06431898   -0.03355144   -0.01390675    0.00252185   -0.00753407
WTZL    0.17111058    0.19116515   -0.02356302    0.00210920    0.00906411    0.00423172   -0.02310142    0.00350234
WTZR    0.13880653   -0.06798661    0.05292893    0.04941688   -0.00878408    0.01518550   -0.00488845   -0.00777374
WTZZ   -0.18118443   -0.01032059   -0.00445949    0.06050492    0.01558916   -0.00623007    0.01579561   -0.01693667
WUHN    0.18050324    0.08062084   -0.04860210   -0.07869821    0.01561088   -0.01507944   -0.01417655   -0.01464352
XIAN   -0.40376816   -0.63735983   -0.16739786   -0.18121377   -0.14751281   -0.05697117    0.03181309    0.11501952
XMIS   -0.32606102   -0.17610344    0.07556753   -0.07592123    0.02527133   -0.02890688   -0.00038481   -0.01181286
YAKT   -0.23472863    0.29686148    0.07272385    0.08206763   -0.10070782    0.00632047   -0.11178325   -0.02407688
YAKZ   -0.08149498    0.07786563   -0.13822597    0.18081681    0.00508406    0.06852432    0.00362626    0.00287677
YAR1    0.04641180   -0.00620347    0.15337604    0.04756425    0.03925264    0.00136221   -0.01685165   -0.00830522
YAR2   -0.04162920    0.02973736   -0.09560160    0.01029683   -0.02143252    0.01541729    0.02127362    0.02210218
YAR3    0.03252474    0.03264089    0.10785488    0.03248492   -0.02157506   -0.02497522    0.00326853    0.04135447
YARR    0.04021125   -0.08340659   -0.07886232    0.06302133   -0.01695881   -0.02537856    0.03501896   -0.02303507
YCBA    0.02319869    0.24739352   -0.14454317    0.12062389    0.03706221   -0.05109383   -0.05338242   -0.05715053
YEBE   -0.09334583    0.10088774    0.02820220    0.01595154   -0.00664661   -0.00619416   -0.01765063   -0.01356615
YELL   -0.10700184    0.01474522   -0.02446661    0.07813269    0.05606634   -0.01131987    0.00498848    0.04776396
YIBL    0.95354776    0.33434525    0.34278969    0.02925838    0.05713136   -0.04335632    0.06605021   -0.07764609
YKRO   -0.23866837   -0.32857983   -0.17275255    0.16688633    0.20251013    0.20338171    0.02951349    0.07402225
YSSK    0.05355254   -0.06889741   -0.02554537    0.00372235   -0.03632837    0.03953153   -0.01039629   -0.00183790
ZAMB   -0.21733100    0.00353306   -0.06898795    0.00615150    0.02663676    0.02176922   -0.02507454   -0.01626937
ZECK    0.14857200    0.18548747   -0.03091158    0.06316115   -0.01219827   -0.00522252    0.00071598    0.01475632
ZIM2    0.04492790   -0.07584300   -0.03309720   -0.07913242    0.00506039   -0.01013272   -0.01098158   -0.01849218
ZIM3   -0.06506548   -0.05136741   -0.03901193    0.06332758    0.00573873    0.04501173    0.00811330   -0.06933385
ZIMJ    0.03184879   -0.08994709    0.07301212    0.03384182   -0.00356803    0.04450195    0.00397889    0.02225274
ZIMM    0.05840211   -0.05414286   -0.06307918    0.06164647   -0.02864538    0.04049196    0.02611169    0.00281124
ZWE2   -0.00715885   -0.17837190   -0.03789375   -0.01218322    0.04311288   -0.01334899   -0.00522793   -0.01847090
ZWEN   -0.27857932    0.44347247    0.08535384   -0.06203112   -0.04359009    0.06912089    0.05313762   -0.05203534
