name cos1 sin1 cos2 sin2 cos3 sin3 cos4 sin4
ABMF   -0.20678125   -0.25096642   -0.05065994   -0.14286890   -0.09099726    0.12879391   -0.02540198    0.06348472
ABPO   -0.05405883   -0.15009551    0.02826626    0.17654437   -0.03913676   -0.01814783    0.00071359    0.01432192
ADE1   -0.02541254   -0.03869761    0.00931469    0.03386037   -0.01665459    0.00761486   -0.01896793   -0.03689190
ADIS    0.00381831    0.28498117   -0.05981556   -0.14488751   -0.21093154   -0.07396871    0.14728760    0.00410416
AIRA    0.41810955   -0.08295448   -0.03589585   -0.04052320   -0.03297159   -0.04070634   -0.02455002   -0.01601402
ALBH   -0.15650502   -0.06827457    0.07451081    0.04144081   -0.03982821   -0.04578638    0.02753282    0.02643047
ALGO   -0.18509845   -0.03321628   -0.13030529    0.01646621   -0.00671783   -0.02206895    0.03022982   -0.00595069
ALIC   -0.13843008    0.00153415   -0.06276713   -0.00059045   -0.02694227   -0.02418021    0.01094627    0.02424971
ALRT   -0.04914844    0.06829380    0.01646522    0.05901292    0.03790174    0.00414644   -0.01885312   -0.02624827
AMC2    0.05838397    0.46963118    0.16291285    0.00412383    0.04995727   -0.01097283    0.00258003   -0.04101433
ANKR   -0.43204151   -0.17024656   -0.11699561   -0.10713741    0.00140962    0.05425042   -0.00046086   -0.00217244
ANTC   -0.02750095   -0.14917867   -0.09619184    0.10453571   -0.02753807   -0.09431713   -0.01929485    0.04519299
AOML    0.05554543    0.64465669    0.11726884    0.04777301    0.01032730   -0.06972230    0.00186383   -0.19823668
AREG    0.76165153   -0.26034124   -0.35873033   -0.28053727   -0.29147101   -0.23323402   -0.09390952   -0.09540497
AREQ    0.10788172   -0.32603178    0.42449818    0.23498818    0.30161619    0.03062264    0.11787680    0.03590128
AREV    0.12673935    0.14257829    0.61899306   -0.03386410   -0.07317346    0.20671092    0.07753570   -0.07722137
ARTU    0.03161170   -0.04067516    0.00724063    0.07851281   -0.00882194    0.00157440    0.03598374    0.07713928
ASC1   -0.32822208   -0.32657654    0.05756899   -0.13276109   -0.00739128   -0.05763890   -0.08436037    0.04031270
ASCG    0.29522972   -0.47226105   -0.02281121    0.17723079   -0.03071350   -0.02926298   -0.02454022   -0.04480040
ASPA   -0.23068744    0.08375216   -0.00306415   -0.06954358   -0.03996672    0.01799463   -0.00630546    0.00236378
AUCK    0.08558448   -0.01210187    0.00180411    0.00435651   -0.00176695    0.01859886   -0.00527972   -0.00705453
AZGB   -0.01002033   -0.01248658   -0.06592831    0.02822986   -0.04692729    0.01617596    0.00286957    0.02168991
BADG    0.06355231    0.39930186    0.04628797   -0.06252412    0.02953234   -0.02959672    0.00907027   -0.04284021
BAKE   -0.03262036    0.13765591    0.00473325   -0.03710328    0.00531770   -0.00769668    0.01031935   -0.02598961
BAKO   -0.02353813    0.31297801    0.00987472    0.06459591    0.04881772   -0.10206879   -0.12188894   -0.03067736
BAN2    0.00065944    0.28501983    0.21699842   -0.44018418   -0.04251407    0.08809797   -0.10741109    0.03441453
BARH    0.01409928   -0.07042403    0.05883767    0.00018681    0.00442391   -0.00207181    0.00885348    0.01260348
BDOS    0.25573326    0.08722774   -0.07321499   -0.08387535   -0.08172936   -0.01299618   -0.00077874    0.05347497
BHR1    0.22553063    0.96100889   -0.09317070    0.10537242   -0.19023233    0.36106860   -0.29863513    0.17661252
BILI   -0.08267837   -0.09615074   -0.04782691   -0.02113691   -0.04077668   -0.02537558   -0.04121485   -0.02326034
BISK   -0.10657148   -0.19312337   -0.00230236    0.00785694    0.01288683    0.02136731   -0.00784865   -0.00478473
BJCO    0.28926300   -0.01836114   -0.24895727   -0.28673788    0.24210427    0.23381381   -0.11595412    0.06158136
BJFS    0.13641761    0.16339313    0.08704287   -0.02920921    0.20160202    0.07008830   -0.00022564   -0.10277375
BJNM    0.21137976   -0.20315577   -0.21912646    0.12578632   -0.15765102   -0.02510679    0.16444239    0.05435393
BNDY   -0.11374453   -0.11641292    0.03658682    0.03152253   -0.01663809    0.03242288   -0.04760707   -0.02336978
BOAV    0.10747470    0.14016259    0.11063892   -0.24869305   -0.04464587    0.10816896    0.03451238    0.00941280
BOGO   -0.20278440   -0.12207058    0.01369050    0.05160288   -0.01739348    0.04715936    0.02205705   -0.01823751
BOGT   -0.12992141    0.15184270    0.03115128    0.00012442    0.05863115   -0.00761929    0.00612588   -0.05070302
BOR1    0.11612425   -0.08052036    0.02893844   -0.02063154    0.04987460    0.01580365    0.03773023   -0.03566597
BRAZ   -0.21800297   -0.06300493   -0.09768873    0.04304218   -0.06874971   -0.00053415   -0.04002548    0.02924259
BREW    0.28533106   -0.00054183   -0.08200636   -0.34103294    0.03790823    0.01800276   -0.00447071   -0.04129073
BRFT   -0.64380882   -0.13637521    0.04624174    0.10172314   -0.01302970    0.10113252    0.01875792    0.03251206
BRMU    0.09346619    0.12820053    0.01312389   -0.07191535    0.00178137    0.03387780   -0.01130447   -0.01325906
BRST   -0.12151817   -0.01972649    0.02389748    0.05268958    0.02411319   -0.01131678    0.02022530    0.00843808
BRUS   -0.00536650   -0.01284207   -0.02744250   -0.04016222    0.01217589    0.04109082   -0.00398987    0.00804201
BRUX   -0.16551079    0.03495708    0.06708954    0.01503023    0.02878316   -0.02024427   -0.03717360    0.02091823
BSHM    0.12432898    0.18207196    0.09906061    0.07180521    0.08447685   -0.00252440    0.00867644   -0.03048780
BUE2    0.06963283   -0.14724271    0.01133534    0.03400558   -0.12640090    0.09882806   -0.03687624   -0.03437871
CAGL    0.30571709   -0.11273176   -0.02421163    0.01851971   -0.03473110   -0.00910784    0.02084096    0.02180721
CAGS   -0.00749322   -0.00930757   -0.09146384    0.00027498    0.00224253   -0.06133382    0.02909130    0.00049175
CAGZ   -0.05284699   -0.25324375    0.02617268    0.00121884    0.02308966   -0.06332833   -0.00630524    0.03641035
CALL   -0.27646726   -0.59984155   -0.11783333    0.39337122    0.25674148   -0.15017043   -0.01438227    0.00531568
CARR    0.11049977    0.41074244   -0.12419224    0.26759321   -0.05119962    0.05251089   -0.05317723    0.08004499
CAS1   -0.01223345    0.00935046   -0.01895240   -0.00521824   -0.02322488    0.01340310    0.00411877   -0.00257089
CCJ2    0.07432060    0.30123032    0.01385422   -0.10486161    0.11781524    0.00976576   -0.05330220   -0.00226593
CCJM    0.09901445    0.29135445   -0.09922440   -0.05386410   -0.00632293    0.00389882   -0.01529033   -0.01764991
CEDU    0.09112688    0.26060256    0.01767190    0.01598972   -0.00551963    0.02414859    0.04673099    0.00635411
CFAG   -0.03695624   -0.23998717    0.16817435   -0.20635249    0.03089167    0.02728064    0.01149877   -0.12730025
CGGN    0.12163037    0.03664838   -0.12066709   -0.18769724   -0.01477373    0.49103387   -0.05586006    0.02102182
CHAN    0.13236009   -0.09111896   -0.04787491   -0.02513723   -0.03510472    0.02086437   -0.01170267    0.00435017
CHAT    0.07104797   -0.15718340    0.04428659   -0.00789228    0.00475825    0.03551602   -0.00994481    0.01006981
CHPG   -0.55081049   -0.12224183    0.14072721   -0.20814396    0.08815471    0.01349891    0.01187964    0.01770868
CHPI   -0.02125452    0.26979586   -0.10424977    0.13544186    0.03442102    0.08744118    0.00481470    0.00618622
CHTI   -0.06091425   -0.09378713   -0.03621816   -0.01025080    0.00690947   -0.03437749   -0.00252886   -0.00964773
CHUM    0.14878448    0.25614604    0.57858906   -0.20351681   -0.05733853   -0.17080608   -0.00664887   -0.07403565
CHUR    0.04678014    0.11022642    0.00845880    0.00002508    0.00281925    0.01868549   -0.00592200    0.00122386
CIC1   -0.03144389    0.15055440   -0.19982037   -0.06354750    0.10622548   -0.03802640   -0.03695497    0.00904767
CICE    0.10455048   -0.51416904   -0.09225597    0.10079896    0.02640208   -0.10377683    0.04314247   -0.03101136
CKIS    0.08870211    0.06423508    0.02517547    0.06796252    0.01415864    0.06657411    0.07921982    0.00051779
CNMR   -0.00378596    0.10333822    0.18838127    0.08484414    0.02535998    0.10742901    0.02294418   -0.03357590
COCO   -0.12327406   -0.15254253    0.05159971    0.09408658   -0.03354164   -0.00773507    0.02149429   -0.03540896
CONZ   -0.08952352    0.15774252   -0.02409513    0.05789768    0.02012120    0.03229749    0.02911643   -0.00958078
CORD   -0.01463484    0.21557008    0.16676176   -0.17135350   -0.05621474    0.01523557    0.03999115    0.01123231
COYQ    0.12844196    0.00472281    0.01498872   -0.01262108    0.02891828   -0.02048252    0.01600025   -0.00715738
CPVG    0.12965955    0.12260598    0.01967696   -0.17734795    0.11816167   -0.02279401    0.04069833    0.01215322
CPXF   -0.00455831    0.06091037    0.01069111   -0.00825870    0.02421222   -0.03566111    0.01402119   -0.04041093
CRAO    0.00840395   -0.25298041    0.03127830   -0.10107749    0.05969387   -0.01553601   -0.01066353    0.04377177
CRAR   -0.07173721   -0.06763235   -0.03899863   -0.00368520   -0.01082491    0.00945374   -0.00912476   -0.00361096
CRO1   -0.16084021   -0.26974460   -0.00582219   -0.02438623    0.04804715   -0.09055188   -0.00168025   -0.04075639
CTWN   -0.04592192   -0.06340738    0.04326330    0.06281526    0.03866059   -0.04848431   -0.03242746    0.08258695
DAEJ    0.16537623   -0.14086321    0.06996015    0.08156149    0.01916261    0.04133877   -0.01398367    0.00017987
DAKA   -0.15895277   -0.16619533   -0.04115978    0.06966599    0.05472940   -0.19648673   -0.00498576    0.05072687
DARW   -0.32020747   -0.51904450    0.20830468    0.29194918   -0.12363813   -0.05703356    0.04631986   -0.02197159
DAV1    0.06821401   -0.03184117   -0.04322354    0.01547229    0.00300249   -0.00075261   -0.00593813    0.00064657
DAVR   -0.06089272   -0.11496672    0.01252024   -0.00856868    0.03201687    0.00706049    0.00012645   -0.01042267
DGAR   -0.12439804   -0.06481258   -0.13559518    0.01986423    0.08346857    0.04844419   -0.00067668    0.03670194
DGAV   -0.02275258    0.17616489   -0.01667046   -0.10656257    0.01526392    0.03137457   -0.01414001    0.00068611
DRAG   -0.86511726    0.04392876    0.32882131   -0.18417052   -0.17079567    0.08656657    0.02652765   -0.02053633
DRAO    0.00512303   -0.22443190   -0.35613089    0.08803146    0.00765904    0.01660842    0.04402821   -0.00033485
DUBO   -0.05273200   -0.04355820    0.04270022   -0.04331264   -0.00299815    0.04156878    0.04091280   -0.01686914
DUM1   -0.03495712   -0.05153547   -0.00787653   -0.06457088   -0.03079787    0.03459001   -0.01815943    0.01076587
EIL1    0.13589951   -0.02494660    0.00327502    0.03928242   -0.05947466   -0.00504886    0.04571666    0.05110533
EISL    0.13079004    0.36823282    0.15645580    0.04139896   -0.09603477   -0.08328800    0.04465927    0.01891494
EPRT   -0.00320004   -0.14870455    0.02304395   -0.00254960    0.01738708   -0.03853937    0.01645580   -0.00504937
ETAD   -0.31553637   -0.27005011    0.05737222    0.14021737   -0.24159226   -0.01735551    0.14860777    0.19047300
FAA1   -0.10364086    0.24430014   -0.01610970    0.05017198   -0.06501617   -0.01778133   -0.01562448   -0.06430365
FAIR    0.01868093    0.04070636   -0.02195877   -0.02126256    0.01408301    0.04213957   -0.06612742   -0.00979912
FAIV    0.07727079    0.01366634   -0.09814160   -0.08747903   -0.00758776    0.07209210   -0.00448828   -0.00255304
FALE    0.05109221    0.12605888    0.05661563    0.08269149    0.00635365    0.02610332   -0.00167486    0.07087876
FLIN    0.15672040    0.12498852   -0.06134369   -0.00849254   -0.03110567    0.00052760   -0.00354962    0.02707661
FLRS    0.15028741    0.01044688    0.07572799   -0.05649003    0.04673227    0.01676488   -0.03135916   -0.00308961
FORT    0.07553312    0.96607882    0.04776004    0.16680805    0.04856479   -0.05191204    0.07911013   -0.08187965
FRDN   -0.18812802   -0.08799778   -0.04664476    0.04489927    0.00552682    0.00951682    0.01926899    0.00281563
FTNA    0.31234266   -0.01041307    0.04740240   -0.06255842   -0.16099258    0.04476807   -0.08508112    0.02007478
FUNC    0.41435425    0.14225219   -0.12330155   -0.00606556   -0.02141398    0.07170400   -0.03288230   -0.08443255
GALA   -0.01945409   -0.18633861    0.02603979    0.09497022   -0.30508866   -0.12186141   -0.05667489    0.01726356
GANP    0.10033585   -0.12687626   -0.06055760   -0.01000159    0.00795302    0.01551369    0.02977944   -0.01910653
GLPS    0.12556677   -0.13603272   -0.01546086    0.32897726   -0.06145002   -0.18936740    0.02524928   -0.14900523
GLSV   -0.06481671    0.05585532   -0.02996286    0.00298373    0.01481651   -0.02789670    0.01759337   -0.01969155
GMAS   -0.04350594   -0.59735754   -0.11190143    0.15291237   -0.13362054    0.00197901    0.01607182    0.08373015
GMSD    0.10202705    0.30462835    0.11415805    0.00457415   -0.03585532   -0.03116528    0.02554990    0.02883958
GODE   -0.57537634   -0.16219718    0.09304211    0.11068265   -0.04796114    0.02328512    0.02499454   -0.03338113
GODZ    0.04786756    0.04196386   -0.01666295   -0.01107841   -0.07009587   -0.08902151    0.00846804   -0.03212815
GOL2   -0.08068666    0.06764934    0.00144192   -0.04154993    0.04288829   -0.00334865    0.00273270   -0.06237163
GOLD   -0.05376888    0.01441550    0.02966622    0.02078042   -0.05681703   -0.00194505   -0.01081402    0.00016581
GOPE    0.11527168   -0.10019310    0.05660409    0.01530072    0.02422193    0.03913035    0.01533835   -0.01147645
GOUG   -0.18127726   -0.00678551   -0.03610398   -0.00732723   -0.00188110    0.09881382   -0.01333556    0.00537378
GRAS    0.06766473   -0.13981296    0.05375595    0.03766592    0.03077901    0.01021594   -0.04052858    0.00418317
GRAZ   -0.04878482   -0.08231556   -0.04521779    0.07987684   -0.03179670   -0.00193772    0.02484109    0.01519389
GUAM   -0.34033958   -0.00869061    0.09327814    0.05620007   -0.00569946   -0.15476895    0.01245885   -0.00302265
GUAO   -0.42494743    0.18461358   -0.26744717    0.19381112   -0.04145174   -0.10278427    0.04919505   -0.06531403
GUAT    0.32396252   -0.06259809    0.01165628    0.00055386   -0.07146545   -0.00227455    0.00582094   -0.01562176
GUUG    0.11328586   -0.02529969    0.14220065   -0.02215894    0.07439647    0.00241687    0.02953160   -0.04237844
HARB    0.07875844    0.05314264   -0.05431708   -0.07197501    0.06030359    0.06348564   -0.00275548    0.01396681
HERS   -0.01201770   -0.03633985   -0.00194207    0.02495545    0.04710967    0.01009902   -0.03157134   -0.02181479
HERT   -0.06134172    0.00775056    0.03127219   -0.01554927   -0.04644057   -0.01564228    0.04048166   -0.00695259
HLFX   -0.08830351   -0.06211406   -0.04092165   -0.02967273   -0.00795774   -0.00118806    0.01545707    0.01451466
HNLC    0.07326208   -0.01512179    0.12281461    0.06215696   -0.04754336    0.10099976   -0.02875861    0.01273857
HNPT   -0.11115142   -0.11224969   -0.01456349    0.06389484   -0.01950291   -0.06614734    0.02744876    0.05502763
HOB2   -0.12775963   -0.12370938    0.02325416   -0.02244620    0.00934133    0.01735567   -0.00201010    0.00834182
HOFN    0.11111566    0.00499149    0.00825052   -0.03477831    0.01265095    0.01337102    0.00476868    0.02569324
HOLB   -0.01061239    0.02430648    0.07464528    0.01741928   -0.03806958    0.00107160    0.01575858    0.02677708
HOLM   -0.05362835   -0.08103509   -0.07710826    0.00274583   -0.00227553   -0.01030161    0.04664614    0.00801587
HRAO    0.13494630    0.02167278   -0.07879050    0.06377392   -0.01867599   -0.09419656   -0.00483898   -0.02699197
HRM1    0.00048356   -0.05454247    0.03011893   -0.02094180   -0.05973818   -0.02320474    0.00947184   -0.00889110
HYDE   -0.13003184    0.04703493    0.36500510    0.22980258    0.05973300   -0.03795487    0.05400310    0.07362934
IDDR   -0.00874553   -0.08532502    0.19337359    0.04063042   -0.07169764    0.06857550   -0.00455688   -0.04774832
IISC   -0.19981358    0.29576165    0.02763077   -0.20731821    0.01664438    0.00022531   -0.02117731    0.08625233
ILHA    0.38194912   -0.20982437   -0.11240737    0.05956987    0.02228442   -0.01239984    0.03951918   -0.13223773
IMPZ    1.25706344    0.32384883   -0.18835083   -0.29049025    0.00974918    0.14687413    0.02788479   -0.10238077
INEG    0.01806799    0.23894934   -0.01987078    0.04294403    0.02609233    0.05973708   -0.05316995    0.01427938
INVK   -0.07457281   -0.04625671    0.03526148   -0.03879660   -0.02172434    0.02150865   -0.04634373    0.02014047
IQAL   -0.02356738   -0.03117228   -0.02199937   -0.01381655   -0.00021786    0.01187712    0.00119327   -0.01022014
IQUI    0.12805860   -0.14197533   -0.01186386    0.06467005   -0.09944098    0.02736373    0.02851821   -0.07003074
IRKJ    0.05758577    0.07903662    0.03803009    0.09224712    0.02069430    0.01749322   -0.05555167    0.00714655
IRKT    0.12940527   -0.15534997    0.13668789   -0.02031272    0.00583510    0.00889687    0.01290274   -0.08156377
ISBA   -0.29099543   -0.33649332    0.05844450    0.26446591    0.03713766   -0.07502060    0.00092404   -0.00618664
ISPA   -0.18623113    0.01316753    0.01184799   -0.07561341    0.00339979   -0.02031641   -0.03014568    0.00199165
JAB1   -0.43238443   -0.36228670    0.18058715   -0.15962509    0.19492748    0.07075171    0.10647603    0.04020589
JOG2    0.28967977    0.10447634   -0.06367770   -0.05668664   -0.12770203   -0.03119769    0.02867457    0.05648005
JOZ2    0.04713873   -0.20239985   -0.02152855   -0.02164776    0.01470009   -0.04427010   -0.03271951    0.01274175
JOZE   -0.17455536   -0.09782928   -0.03085137    0.01017500   -0.00108014    0.04589577   -0.02106197   -0.04415833
JPLM    0.05672817   -0.02171858    0.09422113    0.10986760    0.00065065   -0.06408550    0.01168354   -0.05499369
JPLV    0.08731047    0.05804494   -0.02371015   -0.20669947    0.04394458   -0.01494748    0.09304158    0.04018206
KARR    0.55961380    0.00722796    0.05286495   -0.12381173   -0.13059301    0.02438802    0.04268913    0.03274132
KAT1   -0.17681179   -0.32839156    0.17107027    0.47272535   -0.05407895   -0.07801550    0.03828158   -0.04314778
KELY    0.05575878   -0.11157305    0.07254417   -0.05576065    0.02738657    0.00049700    0.00572821   -0.01008062
KERG   -0.04866948   -0.04896993    0.01381530   -0.01149474    0.02204230    0.01216881   -0.00622504   -0.00771953
KGNI   -0.27808980    0.45538686   -0.05443561    0.05656035   -0.03015410    0.04242660    0.00001063   -0.00852968
KHAJ    0.21473122    0.00422726    0.01111138   -0.01019561   -0.07031128   -0.05347200   -0.06056825   -0.06375407
KHAR   -0.05890524   -0.07553367   -0.02354360   -0.02976868    0.01828247    0.04416571    0.05128500   -0.00720543
KIR0   -0.09049680    0.06040784    0.05404202    0.00366340   -0.01039091    0.01414188    0.01370581   -0.00116934
KIRI    0.14059428   -0.00254677    0.09027379   -0.21613536    0.05087538    0.01551539    0.03700743    0.01067268
KIRU   -0.17344945   -0.04259830   -0.02202532    0.07152513    0.01471031   -0.01655893   -0.01362402   -0.02998369
KIT3    0.41903116   -0.62123943   -0.04925618   -0.46846656   -0.21255112   -0.18697312   -0.05988870   -0.04336706
KOKB   -0.09027167   -0.03380348    0.09251255   -0.05427845   -0.08118111   -0.01372259    0.03962574    0.00874391
KOKV    0.07799757   -0.08856795   -0.10750214    0.04185338   -0.06180248    0.03357434   -0.01149800    0.00974332
KOSG    0.02135638    0.05060658   -0.02512116   -0.00252457   -0.00758323   -0.01157264    0.01982041   -0.00847053
KOU1    0.05968008    0.30823583    0.08628121   -0.14760161   -0.01229461    0.02633473    0.12111633   -0.08830661
KOUC    0.11834912   -0.22504778   -0.06444333   -0.00073839   -0.00983911   -0.02803215   -0.02487948    0.10601236
KOUG    0.25658199    0.36697021   -0.21304616   -0.20061530    0.00685108    0.07677210    0.09258530    0.01167887
KOUR   -0.00310162    0.23678149    0.07344249   -0.22575074   -0.05311788   -0.00131534   -0.03758821    0.04952674
KRGG   -0.01488403    0.02780791    0.01120444    0.03601842   -0.00281865    0.01408011    0.01986617    0.00396651
KSMV   -0.14011228    0.31498718   -0.13048504    0.06430137   -0.02903515    0.07303235    0.00758571    0.00022612
KSTU    0.02108772   -0.20606985   -0.01198808    0.03677900   -0.02887822    0.02299378    0.02606671    0.04566831
KUNM   -0.05094040    0.40948090   -0.01000244    0.12228459   -0.06817307   -0.02081689   -0.00204430   -0.06803918
KWJ1   -0.28534600    0.07205974    0.24055618   -0.11659619    0.03283634    0.04193223    0.00823594   -0.17087680
LAE1    0.69633965    0.71209721    0.00795753    0.17145450   -0.05616359    0.11722991   -0.25307766   -0.00537325
LAMA   -0.06809612   -0.10537372   -0.03300175    0.01176176   -0.03457759    0.02833405    0.03581336   -0.03061767
LAUT    0.47310326   -0.00417309    0.18358139   -0.03375712    0.04309908   -0.05827489   -0.12777100   -0.01657887
LHAS   -0.63521699   -0.34867571    0.23529028    0.06224414   -0.18011341    0.03890605    0.04555265   -0.01984819
LHAZ    0.07193165    0.66964756   -0.09964673    0.21057472   -0.13706474    0.14236802   -0.07010550    0.00448532
LMMF   -0.07394351   -0.11401731    0.07724664   -0.07786624   -0.03480703    0.03462569    0.01505280   -0.01333363
LPAL    0.15984768    0.02897831    0.09204145    0.06484253   -0.01513450   -0.00468409    0.00425929    0.00601152
LPGS    0.03700644    0.18072495    0.06982901    0.00205466   -0.03279304   -0.01315668   -0.02907648    0.02501399
M0SE    0.11332083    0.07023482   -0.10643273    0.00250907   -0.03868034    0.00422017    0.01836742    0.00452216
MAC1    0.07262242    0.03766832   -0.01162863    0.01632805   -0.01692331    0.00641216    0.00262417   -0.00340606
MAD2   -0.00518052    0.05228599   -0.04597154    0.01134795   -0.01195192    0.01617298   -0.00688508    0.01830072
MADR    0.08616002   -0.04727666   -0.07276081   -0.04814330   -0.17205077   -0.05481705   -0.07365954    0.06122228
MAG0   -0.02503175    0.01145127    0.00710756    0.05997391   -0.03147252   -0.02650856    0.01097994    0.02783511
MAJU    0.28628540   -0.01340517    0.08318699   -0.04641459    0.00370044   -0.04185162   -0.02021134    0.00894041
MAL2   -0.21277655   -0.25590835   -0.19123139   -0.24594581   -0.17464624    0.05264121    0.14386794    0.14006922
MALD    0.21865479   -0.06757158   -0.22489282   -0.27532264   -0.21351857   -0.00835966    0.02467378   -0.02541396
MALI    0.24731242    0.33037879    0.04156842   -0.21321074    0.00976717    0.14123944   -0.09364733    0.11644184
MANA    0.14740767    0.67589148    0.34052640   -0.04927296    0.17475714    0.04895832   -0.01384232    0.00523035
MAS1   -0.63913677    0.45226318   -0.08728169   -0.03554836   -0.02349974    0.00677574   -0.02686036   -0.00765601
MAT1    0.01160047   -0.00153493   -0.08009228    0.00400492   -0.01659855   -0.01050419   -0.02158873    0.01354370
MATE   -0.00283987    0.00972944    0.00366540    0.07509978    0.00117575   -0.01167735    0.02757164   -0.01359374
MAUI   -0.13460450   -0.02143895    0.01435346   -0.00166041    0.03044834    0.01282989    0.05508808    0.00290950
MAW1   -0.01638465   -0.00292732   -0.01089787   -0.02133166   -0.01250586   -0.00850651   -0.00756685   -0.00089177
MBAR   -0.14107451   -0.17953279   -0.11737199    0.13621197    0.04386119    0.02830772   -0.07953682   -0.04114988
MCIL   -0.15994732    0.11739600    0.05413080    0.02271831    0.09213392   -0.01729880    0.00913778    0.03019578
MCM4   -0.09274542    0.02335175   -0.01697578   -0.01571743   -0.01082856    0.00555640   -0.00729454    0.00180874
MDO1    0.12066083   -0.06428973   -0.04346793    0.04955997   -0.03860760   -0.01216805    0.00947450    0.00506605
MDVJ   -0.06484684    0.04049287   -0.00499778    0.01643916   -0.00895084   -0.02582718    0.01018469    0.01568841
MDVO   -0.11870156    0.29850407    0.04722940   -0.30056386   -0.07320667   -0.08650714    0.01693937    0.07105991
MEDI   -0.19152257    0.03876467    0.07886783   -0.09013622   -0.00354505    0.02157553   -0.02691352    0.01240513
METS   -0.15081867   -0.08653743   -0.00921903    0.05734255   -0.02081551    0.00662863   -0.00258354   -0.01650563
METZ   -0.08736519   -0.12844451   -0.04432453   -0.02434219    0.01760178   -0.00643616    0.02084064    0.01596284
MGUE   -0.10891227   -0.18677540   -0.11118247   -0.05723756    0.04925699    0.00356795    0.05273579    0.00324070
MIZU    0.12454079   -0.01669009   -0.06035381    0.09646014   -0.00294907    0.02762339   -0.01945432   -0.03095396
MKEA    0.01885242   -0.09050585    0.01837145   -0.02468481    0.01488276   -0.00436912    0.00463935   -0.00073295
MNLS    0.02216310   -0.02178485    0.02571018    0.00414971    0.02452159    0.02094675    0.00659679   -0.01048422
MOBJ    0.13690873   -0.05376943   -0.02067431   -0.03983601   -0.01349881   -0.02840354   -0.01074829    0.00178315
MOBK    0.17452460   -0.08734304   -0.02341717   -0.05473386   -0.02321069    0.01277304   -0.01724538   -0.01302798
MOBS    0.02292955    0.15987622    0.03893403   -0.00478337   -0.00564903    0.01496167    0.00475676   -0.00964818
MONP   -0.02814066    0.00479741   -0.00881625   -0.00953034    0.00667879   -0.02306210   -0.00995332   -0.00669099
MORP    0.14136063    0.08867333   -0.05030915    0.02072356    0.00567646   -0.01650027    0.03513660   -0.00227977
MQZG    0.04528754   -0.00209045   -0.02198464    0.00353601   -0.02248233   -0.00349804   -0.01879968    0.02403874
MRO1   -0.25374963   -0.00770482    0.00038214   -0.07158880    0.06491607   -0.04208504    0.01718544   -0.03955170
MSKU    0.18526790    0.14054269   -0.37718937    0.11979351   -0.24119018    0.09946166    0.14536027   -0.06964382
MTKA   -0.03858405    0.55130755    0.15427327    0.19123014    0.08233453   -0.01703796   -0.00678919    0.00097699
NAIN   -0.14238271    0.02189345    0.04728555    0.04160728   -0.00220084   -0.00843787   -0.00271697   -0.00117687
NANO    0.02498791    0.22448757   -0.06718868   -0.03105685   -0.00357981   -0.04184378    0.00928859   -0.01648733
NAUR    0.04839312   -0.22234412    0.01250573    0.08423331   -0.04854668    0.00913699    0.04854564   -0.01863476
NICO   -0.18010933   -0.22307807    0.05922566   -0.07192895   -0.00118319    0.00957669    0.00589465    0.01517360
NIST   -0.18929660   -0.13999242    0.03719899    0.04549428   -0.02677743    0.00914109    0.01796552   -0.06696181
NIUM    0.18284492   -0.05324373    0.01643749   -0.00778281    0.08964879   -0.04412905    0.06458945   -0.01919768
NKLG    0.12578021    0.22055179   -0.34726997   -0.23124866    0.20030290   -0.09224386    0.18183366   -0.03592717
NLIB    0.13102533    0.14882013   -0.00885147   -0.07318846    0.00740363   -0.03960469    0.03300974    0.05392833
NNOR   -0.04714887   -0.01194982    0.06060433    0.02851404    0.02289231   -0.02186242   -0.00052868    0.03991353
NOT1    0.06352479   -0.19581317    0.04309761   -0.14759163    0.01442122   -0.07331414   -0.03292640    0.05410886
NOTO   -0.10199028    0.09861342   -0.07471293   -0.19295254   -0.08364516   -0.09137021   -0.12655929    0.05345319
NOUM    0.11146975    0.29973331   -0.01911290    0.12916313   -0.11239590    0.06825320    0.06080712   -0.00297106
NOVM   -0.00509517   -0.12607341   -0.02849348   -0.06072925   -0.02073502    0.05971512   -0.02765178   -0.00344360
NRC1    0.13994451    0.12370095   -0.09769709   -0.01521414   -0.04657675    0.00511502   -0.00690123    0.00926092
NRIL    0.04517668   -0.07633419   -0.02356989   -0.04434963   -0.00243298   -0.00211712    0.02444565    0.01958556
NRMD   -0.04174051   -0.39496900    0.04247253    0.00523038   -0.07458152    0.01848228    0.03560811    0.02315169
NSSP    0.02923633    0.07751863   -0.14053815    0.14030332    0.00743941   -0.21114707   -0.03401031    0.07720786
NTUS   -0.11725640    0.18044071   -0.06883040   -0.00662955    0.02960105   -0.05264775    0.00269765   -0.00189586
NURK    0.33507935    0.36121370   -0.44996391   -0.26038883    0.19883131    0.06553315   -0.15274117   -0.07025924
NVSK    0.31742160    0.02353849   -0.12687989    0.03934409   -0.04213103    0.05346670    0.16394598   -0.00834539
NYA1    0.04476376    0.03713952   -0.00771200    0.03682030   -0.02700991    0.00779202    0.00841201    0.00009158
NYAL   -0.06581404    0.05989724   -0.02787092   -0.03610500    0.03055043   -0.00558594   -0.00668469   -0.01105179
OHI2    0.06838039   -0.05080902   -0.01001853   -0.07514681   -0.00997454   -0.00275910   -0.02770096    0.00917179
OHI3    0.04516309   -0.04397128    0.01805798   -0.06860000   -0.00903528    0.00259924   -0.01174634   -0.01954915
OHIG    0.01446875    0.05044204   -0.05027282   -0.08299724   -0.02489172    0.03937395    0.02387001   -0.00094733
ONSA   -0.09402278   -0.02675223   -0.00980200    0.03569494   -0.04055725    0.06843859   -0.00578818   -0.04801033
OPMT   -0.13918174   -0.15987771   -0.02796048    0.06779788    0.03015559    0.07038396    0.01966769   -0.04623642
OS0G    0.07788845    0.03588392    0.01066400   -0.05079414   -0.00399527    0.02279212   -0.02243363   -0.06156587
OSN1   -0.06202416    0.28562547    0.04757695    0.01256875    0.04762817   -0.04553044    0.00383345   -0.05588851
OUS2    0.00367431   -0.03747472   -0.04608006   -0.00364145   -0.00200216   -0.01257250    0.01488661    0.00614529
PADO    0.04224553   -0.01333940   -0.04189900    0.07217638   -0.06986507   -0.04818915    0.11837074    0.09111613
PALM   -0.05960423   -0.03363229    0.01461988   -0.02517655    0.00020686    0.01803223    0.00485787    0.00802542
PALV   -0.04592967   -0.03203021    0.03630567   -0.01840626   -0.01727566    0.03348475   -0.02475552   -0.02477171
PARC    0.02714117   -0.07311449   -0.01410062    0.02716814   -0.00625133   -0.01228643   -0.01461830    0.01392490
PARK    0.09100588    0.03405021   -0.06002664   -0.01904026   -0.00938298    0.00947514    0.02591795   -0.02060998
PBRI   -0.17901091    0.04000349   -0.06816690    0.12286888   -0.21848661    0.07975650    0.00849255    0.03307616
PDEL    0.08699582   -0.03129052   -0.04094547    0.06865616    0.00650802   -0.03155625   -0.00179719    0.00018427
PENC    0.00182983    0.26085576   -0.09471018    0.00476686   -0.02210592    0.04478354   -0.02826636    0.00203732
PERT   -0.10264320   -0.07031617    0.01455972    0.01988176   -0.03944179    0.03324721   -0.00958977    0.00757726
PETP    0.06330756    0.01150130   -0.00570182   -0.07943217    0.00669308   -0.08012668    0.00145898   -0.02439908
PFA2    0.05290579   -0.08655271   -0.28911660    0.00032073   -0.02913201   -0.02645191   -0.00173925    0.03139380
PIE1    0.16801339    0.01350830   -0.06031382   -0.00203681   -0.02251225   -0.01185993    0.01187827    0.00389991
PIMO    0.25779701   -0.17519818    0.16591960    0.06989165    0.15792848    0.01647472    0.02972945    0.06144568
POHN   -0.12048028    0.14042734    0.16070954   -0.09373174    0.02821967    0.05036626    0.01465185    0.00704621
POL2    0.00902864    0.83580942   -0.47823895    0.04595131    0.06840178   -0.04291988    0.05215050    0.08695884
POLV   -0.00583059    0.01752532    0.01299175   -0.00464717    0.00464368    0.00569568    0.00419186   -0.04039475
POTS    0.05596256   -0.15703730    0.02986214   -0.03312126    0.00008104   -0.04495913   -0.01529908    0.00333900
POVE   -0.18548594    0.05710804   -0.26541046    0.06852071   -0.10931017   -0.10159109    0.00298984   -0.04018852
PRDS   -0.08997113   -0.01978146    0.11872661    0.00034579   -0.07655874    0.09256419   -0.06505217   -0.02587108
PRE1   -0.12798683   -0.13384577   -0.05742428    0.11261208   -0.04289678    0.02826386   -0.01488399    0.04310063
PTAG    0.11187031    0.03033271   -0.05856646    0.08488065   -0.11478490   -0.03303039    0.05980947   -0.01806724
PTBB   -0.08933808   -0.08049248   -0.03325616    0.05629787    0.00314656   -0.01373352    0.03514419   -0.00168148
PTVL    0.25279183    0.17659606    0.04040734    0.09832110   -0.04177995    0.03374226   -0.05959672    0.00100027
PVEP   -0.13936251   -0.33460051    0.14915287    0.04109542   -0.12072618   -0.12545463    0.06772712    0.17111277
QAQ1   -0.02101140   -0.22301676   -0.12247835    0.02800125    0.04688821    0.05359469   -0.00703520   -0.00311482
QUI2    0.11079438    0.10796944   -0.02355753    0.13142979    0.01840935    0.08642430   -0.02434968    0.03716399
QUIN    0.22440730    0.02923717   -0.22306978    0.00435681    0.07931795    0.01427895   -0.05504950    0.01025930
RABT    0.07526980    0.28391281   -0.08787940    0.06553683    0.03008471    0.01363317   -0.05935073    0.02286425
RAMO    0.06616207    0.07758415    0.03381737   -0.02000151    0.01719697    0.00013072   -0.00653311    0.00531294
RBAY    0.23590291   -0.18235897    0.02230025    0.02605292    0.02239634    0.02420050   -0.01379475    0.02190843
RCMN    0.00862822    0.08424421   -0.10603552   -0.05559616    0.02954050    0.01514076    0.11987714   -0.04501830
RECF    0.01764571   -0.15749812    0.12133156    0.00968193   -0.03816593   -0.06391598   -0.00626690    0.04400403
RESO   -0.12708388    0.04814006    0.00019935   -0.04144127   -0.04624762    0.01289557   -0.01357215    0.00036948
REUN   -0.00321713   -0.28820229    0.07685925    0.01882274   -0.06196026   -0.07329141   -0.00777417   -0.04752002
REYK   -0.10226891   -0.01694558   -0.00189683    0.01640528    0.01130570    0.00203003   -0.00044862    0.01149065
REYZ    0.01300441   -0.02525600    0.04072260    0.06701637    0.01896699   -0.00044149    0.01103665   -0.02663693
RGDG    0.03004960   -0.03494413   -0.00614415    0.00416410    0.01157070    0.00458346    0.03299827   -0.02433130
RIGA   -0.11156196    0.12638297    0.02594325   -0.01702231    0.04083762   -0.02142243    0.01678204    0.02851553
RIO2   -0.01197386   -0.00482624    0.01163102    0.02278151   -0.00577427   -0.01670760   -0.01453566    0.03051309
RIOG   -0.04956341   -0.05765675    0.02415105   -0.02862549   -0.02904814    0.00465760   -0.07383441   -0.05367152
RIOP   -0.37647141   -0.25347755    0.17424663   -0.02776404    0.08633967    0.18180175   -0.08493608   -0.03712037
ROSA    0.22931895   -0.12764950   -0.12385066   -0.03396913   -0.00934041    0.05986346    0.02884316    0.16215428
ROTH    0.12220324    0.00617154   -0.09344668   -0.06621650    0.04415667    0.00559527    0.02087277   -0.00983215
SALU   -0.21681521   -0.19414419   -0.18615866   -0.15629610    0.02601984   -0.01768370    0.06060024    0.06677251
SAMO    0.01951229    0.01157818   -0.02414685   -0.00625489    0.02977457    0.00850979   -0.06050613   -0.11875857
SANT   -0.48495586    0.26628819   -0.34604185    0.10579110   -0.05458072   -0.09322192    0.08396418   -0.00057465
SAVO   -0.04746285    0.14098661   -0.01346162   -0.04693440   -0.00891231   -0.01763455    0.02456502    0.01342804
SCH2    0.12350370   -0.19080374    0.01777825    0.05324605   -0.00541974    0.00444901   -0.00835447    0.01717209
SCOR    0.04780734   -0.00132177    0.02913286    0.02150961    0.02304813   -0.00558949    0.01919921   -0.00565197
SCRZ    0.20360087   -0.38405497    0.10311137    0.20378243    0.01174897    0.04744762   -0.19826848    0.08674071
SCTB    0.04223039    0.04468179   -0.00242541    0.00273189    0.00451688   -0.00126456    0.01645625    0.00017463
SCUB   -0.11723646   -0.31015714   -0.00866235   -0.12528679    0.00077520   -0.00286829    0.01645159   -0.01259760
SELE   -0.39338010    0.41184505   -0.25916929   -0.27331298    0.14018403   -0.00512450    0.00791117    0.06427012
SEY1    0.07835318    0.16384905   -0.06182171   -0.12409756    0.01820273   -0.16644902    0.07494308    0.06120569
SEYG    0.45906166   -0.15073657    0.02594821   -0.08527473    0.02920900   -0.07928401   -0.13592909    0.04489006
SFER    0.01389415    0.05790509   -0.09371607   -0.01049925    0.03397125   -0.02064972   -0.00722051    0.02284545
SHAO    0.18974892    0.13668654   -0.01447462   -0.01991348   -0.04589410   -0.03001707   -0.01242525    0.00451074
SIMO    0.09015391    0.02801435    0.05962924   -0.06188300   -0.01967788    0.02778523    0.04779822   -0.19533732
SIO3    0.00980326   -0.06462298    0.13445544    0.20116970   -0.07058572   -0.14217941   -0.01585907    0.03038719
SMST    0.41033138   -0.06673199    0.00619546   -0.14200667   -0.06453542    0.02157200    0.04476730   -0.00660702
SOFI   -0.20283917   -0.11816907   -0.00539787   -0.01862633    0.00381993    0.03984365   -0.01097082    0.04145385
SOL1   -0.01798591    0.01701116   -0.03408028    0.01692426   -0.00928081   -0.06041151    0.04015999   -0.04359198
SOLA   -0.42260554    0.20349595    0.05563051   -0.27258136    0.11472570   -0.01335458    0.04999622    0.16758967
SPT0   -0.17621017   -0.04050469    0.01242087    0.01159651   -0.04969363    0.05165013    0.00718943   -0.04524811
SSIA    0.15766081   -0.27550581   -0.00981781    0.06791844    0.05365605   -0.06153529   -0.06109686    0.00656637
STHL    0.41728108    0.15418390    0.00537628    0.07104435    0.01287077   -0.03428183   -0.02175362    0.01359143
STJO   -0.10427950   -0.04000732    0.00901683   -0.01405897   -0.01303596    0.00575590   -0.01221825   -0.00121894
STK2    0.20376917    0.22128969   -0.04492999   -0.11258671   -0.00358695   -0.02876519    0.00791868    0.05963053
STR1    0.07004232    0.14168489   -0.01018100   -0.01966546   -0.01165031   -0.01960424   -0.00722494    0.01037498
STR2   -0.14402022    0.01766802   -0.00302998    0.02642144    0.01432488   -0.02396516   -0.02302676   -0.00140054
SUNM   -0.11299457   -0.16903026   -0.06942243   -0.08832498   -0.11744495    0.01487546   -0.09291244   -0.05297800
SUTH   -0.07721401   -0.07148888    0.01634743   -0.02418815   -0.00250326    0.00178098   -0.00250848    0.00826406
SUTM   -0.01253680   -0.12659740    0.02629521    0.01358817    0.00158874    0.01568486    0.00364340   -0.01840372
SUTV    0.08128360   -0.03979981    0.00804325    0.02134355    0.00032880    0.00849768    0.00428935   -0.02988084
SUWN    0.21763525    0.16591708   -0.01465771   -0.02752816    0.03537526    0.01968098    0.00795903   -0.01594936
SVTL   -0.10463581   -0.18679385   -0.07413243    0.06402709   -0.03350120    0.00407131    0.04046096   -0.03165715
SYDN    0.02448252    0.21187224   -0.00077152   -0.00650505   -0.01363868   -0.01360480   -0.00705724   -0.02221503
SYOG   -0.00029517   -0.02916627    0.03713348   -0.01081114   -0.02335801    0.03485886    0.01540844   -0.01168464
TABL    0.03484993   -0.03065319    0.00194629   -0.02881837   -0.00803088    0.01982631   -0.01644631    0.00075832
TABV    0.08278269   -0.02862177   -0.01062925   -0.00739079    0.03283867    0.00481172    0.03858733   -0.00125266
TAH1   -0.13601869    0.04411512   -0.06664297   -0.13159347    0.06847009    0.00540357   -0.01983973    0.01011928
TASH   -0.27967493    0.26148493    0.17579572    0.06176607   -0.09638644    0.03695567    0.02763994   -0.02049154
TCMS    0.45479088    0.32652261    0.01193586   -0.34040058   -0.13547898   -0.51184771   -0.07536163    0.13406008
TEHN    0.12537650    0.31538590   -0.05824641    0.43039056    0.23822957    0.23203607   -0.06583787   -0.10185153
THTG    0.23406145    0.13188271   -0.09903734   -0.11378380   -0.12641242    0.02007794   -0.10417340   -0.06022457
THTI    0.04391293    0.23250100    0.07996748    0.09442585    0.00339638    0.05030002   -0.05811284    0.03790068
THU1    0.10115822   -0.08946024    0.00905861    0.04506781    0.00085854   -0.02616720   -0.02278038   -0.05278715
THU2   -0.03742822    0.03371612   -0.01658693    0.03941609    0.05618683    0.03517140   -0.00501431   -0.02550891
THU3   -0.07201191   -0.04770151    0.00551248   -0.05560665   -0.01312513   -0.05475051   -0.02344943   -0.01038388
TID1   -0.13277706   -0.08865359   -0.00997849    0.00264539   -0.00220724    0.01707188    0.01350359    0.00644003
TIDB    0.07987514    0.11037151    0.00126646   -0.01274412    0.00799464   -0.01481988    0.01095471    0.01204977
TITZ    0.10240293   -0.01853571   -0.03486973   -0.07859669    0.01399455   -0.04505764   -0.01404990   -0.00661000
TIXG    0.00598793   -0.00775205   -0.00809039    0.00871007   -0.02989115   -0.00357865    0.00634641    0.03801703
TIXI    0.03916904   -0.03437984   -0.03045707   -0.00170464   -0.01567471    0.03277559   -0.00868415   -0.00787842
TIXJ   -0.08432441   -0.05119871    0.01045918   -0.06783079    0.04192001   -0.00739522    0.00453789    0.00314298
TLSE   -0.20185060   -0.07661211    0.08451674    0.04535997   -0.06088309   -0.02466264    0.03015843    0.03740740
TN22   -0.20340750    0.09701039   -0.02786561    0.01224847   -0.03171274   -0.06099593    0.00785349    0.07233923
TNML   -0.23039962    0.44402368    0.21851834    0.17386739   -0.14602668    0.36673195    0.12037148    0.14835848
TONG    0.11280489   -0.05838456    0.05947740   -0.03301592    0.09457685   -0.12149500   -0.05744419    0.14493054
TOUL   -0.02564917    0.09316813    0.16707728    0.01837287   -0.02029824   -0.03755998    0.02522368    0.06123112
TOW2    0.07317660   -0.05652341   -0.03682304    0.18932191    0.07419858   -0.00414473    0.06389662   -0.02688023
TRAB   -0.31380216   -0.61393412   -0.36018764   -0.19777040    0.00921706    0.08940004   -0.00211576   -0.20341080
TRO1   -0.14881377    0.24536075   -0.01980295   -0.02380267   -0.02473217   -0.03548830    0.01973247   -0.00120225
TROM   -0.22232526    0.00649614   -0.00178989   -0.00612828    0.00917781    0.01172000    0.02233775   -0.04032890
TSEA    0.22859482   -0.02743922   -0.00769874   -0.05111581    0.03433730   -0.00840509    0.05875616    0.04373351
TSKB    0.33455443    0.10530134    0.02928183   -0.11086137   -0.05692816    0.03997546    0.02758582   -0.00248760
TUVA    0.36403292   -0.10838745    0.00477646   -0.04245957   -0.00474752   -0.05058267    0.04982990    0.04086665
TWTF    0.32970706    0.17228641   -0.25167311    0.10887699    0.11130747    0.15689476   -0.04573233   -0.07722314
TXES   -0.16868620   -0.23115333   -0.09011868    0.06782853    0.08333819   -0.06942188   -0.08030715    0.01889767
UFPR    0.19611585    0.02403352    0.02184337   -0.01641689    0.03345562    0.00755487   -0.04766669   -0.02381629
ULAB    0.06283631   -0.01254600   -0.06231109    0.03184313    0.02795439    0.02803479   -0.01404784   -0.01000325
UNB3   -0.20141847   -0.05391575   -0.03116217    0.01878018    0.00077969    0.01927423    0.01603737   -0.00361476
UNBJ    0.11719521   -0.09432007    0.02598949    0.04340939   -0.01428882    0.00227990   -0.01606230    0.00911802
UNBN   -0.22286478   -0.08299518   -0.01793207   -0.01547735   -0.06013704    0.02942496    0.05363572    0.01270516
UNSA   -1.56041273   -0.17147065   -0.16752176   -0.32792498    0.18327480    0.22011856   -0.02405999    0.01358347
UNTR    0.18010410   -0.14388421    0.11631238    0.07864524    0.03057900    0.02804642   -0.00718444   -0.00243836
URUM    0.13316294   -0.04304484    0.06193975   -0.30151650   -0.02574931   -0.07416509    0.02733176    0.02444027
URUS    0.17148760    0.15285699    0.01487951    0.06574504   -0.14717756   -0.03194886   -0.03026216   -0.00283580
USN3    0.08190300    0.03168179   -0.01578048    0.01867905    0.08507573    0.01456872    0.03667607   -0.03913943
USNA   -0.00842018   -0.00611374    0.04396880   -0.01714783   -0.00262322   -0.05414526    0.03090242   -0.06251564
USNO    0.02662182   -0.05770324   -0.00106583   -0.01728641   -0.03877604   -0.08884432    0.00760925   -0.06844317
USUD    0.43929221    0.12177425   -0.09613311   -0.08141788   -0.05305495    0.02506991   -0.01059795    0.04060654
VACO   -0.24697649    0.10559939    0.04884352   -0.02570553    0.03117272   -0.00949120   -0.02110528   -0.00461349
VALD   -0.07055587    0.08623865    0.06358434    0.06982110   -0.00845357    0.00719009    0.00618250    0.01533307
VENE    0.16611459    0.22437213    0.22812037   -0.02727754    0.07381309   -0.08753058   -0.03603180   -0.00833782
VESL   -0.19022366    0.02640907   -0.03846926   -0.01712244    0.01239515    0.00735457   -0.01952929   -0.01326220
VIL0   -0.06537759   -0.11715358   -0.06088922   -0.02968938   -0.00599300    0.00465464   -0.00400011   -0.00824185
VILL   -0.03271990    0.06506534   -0.03743940    0.03795285    0.04168900   -0.00846203    0.01476351    0.00605486
VIS0   -0.06758235    0.09437678    0.06720142   -0.00896724    0.01366229   -0.03879057    0.01778614    0.02426116
VNDP    0.15950652   -0.08276383   -0.13632175    0.09401061    0.04370183   -0.00770409   -0.00864632   -0.03369114
VOIM    0.20561854   -0.04476203    0.25548790    0.04157949   -0.10350378   -0.03065139   -0.05477793   -0.07525611
VTSP   -0.03878884   -0.00454398   -0.00921023   -0.10132379    0.03026529   -0.00192621   -0.02559315   -0.03153505
WARK    0.07554989   -0.05779537   -0.00870782    0.02192849   -0.00625415   -0.00878150   -0.01381932    0.00591612
WDC1    0.07773426    0.02237793   -0.00672332    0.02832197    0.03680616   -0.01080598    0.01614154    0.03167903
WDC3    0.13483619   -0.05713574    0.09095526    0.08706068    0.04097534   -0.06322644   -0.06049696   -0.03391519
WEL1   -0.00974376    0.09242108    0.00430579   -0.07006551   -0.01923111    0.02854128   -0.00538923    0.01782444
WES2    0.12032300    0.11316943   -0.12131996   -0.03934720    0.02584144   -0.06221978   -0.00528325    0.05212182
WGTN   -0.02341638    0.04664768   -0.02706847   -0.03918915   -0.00420074   -0.00111721    0.01187771   -0.00242007
WHIT    0.00637188   -0.02088973   -0.02487699   -0.01560490    0.00793442   -0.03168373    0.02287817    0.00950834
WILL   -0.02292825   -0.03821886   -0.02343541    0.03931898    0.00447544   -0.01600701    0.00505769    0.00301145
WIND    0.02533460    0.20726701    0.01444051    0.08523002   -0.05592262   -0.00173890    0.04240138   -0.04081110
WROC   -0.14571421   -0.09980141   -0.03595566    0.01275415    0.00579854    0.06562144    0.00290260   -0.03023386
WSRT    0.09448514    0.06506082    0.00161169    0.01704099    0.00733198   -0.01314365    0.01704245    0.00252741
WTZA   -0.03173451   -0.12461093   -0.01565671   -0.06463031   -0.03424570   -0.01126046    0.00233744   -0.00771333
WTZL    0.17111058    0.19116515   -0.02356302    0.00210920    0.00906411    0.00423172   -0.02310142    0.00350234
WTZR    0.13678422   -0.06753959    0.05215749    0.04750647   -0.00696140    0.01287493   -0.00683620   -0.00998893
WTZZ   -0.18195039   -0.00973589   -0.00416530    0.06146879    0.01613322   -0.00651890    0.01603176   -0.01642129
WUHN    0.17165540    0.08051232   -0.04192655   -0.07356256    0.00953628   -0.02284532   -0.01272285    0.00334888
XIAN   -0.38984439   -0.62763650   -0.20154422   -0.19237805   -0.11284964   -0.09393343    0.04667259    0.12252390
XMIS   -0.32677798   -0.17197468    0.07644591   -0.07640946    0.02529773   -0.02256842    0.00059203   -0.01323503
YAKT   -0.23758630    0.29534504    0.06953724    0.08187057   -0.10460075    0.00720643   -0.11000762   -0.02420352
YAKZ   -0.09037144    0.06196300   -0.14037480    0.18637086   -0.00257393    0.06235172    0.00985350    0.00539709
YAR1    0.03421199   -0.01506635    0.14783817    0.03902465    0.04521502    0.00661753   -0.03891780    0.01297823
YAR2   -0.04155522    0.02997873   -0.09592295    0.01045935   -0.02085646    0.01537123    0.02044125    0.02148185
YAR3    0.03114905    0.03388012    0.10917556    0.03220987   -0.02238965   -0.02446592    0.00383779    0.04091818
YARR    0.03879639   -0.08177217   -0.08236858    0.06257768   -0.01984157   -0.02896367    0.03485407   -0.02607753
YCBA    0.03939680    0.23852216   -0.09898082    0.14171745    0.06526700   -0.05777140   -0.08678658   -0.04075174
YEBE   -0.08780884    0.10900927    0.03135624    0.01309992   -0.00564954   -0.00933883   -0.01362272   -0.01389589
YELL   -0.10522349    0.01341326   -0.02659209    0.07670415    0.05538739   -0.00934338    0.00267280    0.04616225
YIBL    0.95354776    0.33434525    0.34278969    0.02925838    0.05713136   -0.04335632    0.06605021   -0.07764609
YKRO   -0.27731060   -0.32606242   -0.14050079    0.18153927    0.17541627    0.21685022    0.02533185    0.08044009
YSSK    0.05368360   -0.06783995   -0.02563878    0.00511039   -0.03467817    0.04172631   -0.00778572   -0.00150546
ZAMB   -0.22874862   -0.01034335   -0.07063438    0.00149148    0.03002102    0.01774575   -0.02522767   -0.00766136
ZECK    0.14889784    0.18600599   -0.03122862    0.06328802   -0.01013656   -0.00508615    0.00273340    0.01724113
ZIM2    0.04044844   -0.07663781   -0.03763098   -0.08152506   -0.00064658   -0.01497084   -0.00531138   -0.01935889
ZIM3   -0.06282285   -0.05124956   -0.03766514    0.06168017    0.00629403    0.04388337    0.00765491   -0.07063751
ZIMJ    0.04313201   -0.08660003    0.07095697    0.03952336   -0.00103320    0.04911944    0.01259432    0.02058491
ZIMM    0.05810827   -0.05563498   -0.06256789    0.06072465   -0.02973988    0.04090367    0.02700615    0.00196730
ZWE2   -0.00061587   -0.17872314   -0.03967257   -0.01407837    0.05048780   -0.01351267    0.00689663   -0.01167993
ZWEN   -0.25565873    0.44371693    0.06697513   -0.05606050   -0.03509508    0.07074597    0.03014593   -0.04229547
