name detected metadata valid
ABMF     5     6     0
ABPO     9     3     0
ADE1     3     0     0
ADIS     6     2     0
AIRA     7     7     2
ALBH    13    17     2
ALGO     5    14     2
ALIC    14     9     2
ALRT    18     4     2
AMC2    15     7     3
ANKR    13     8     3
ANTC     7     4     0
AOML     4     3     0
AREG     8     3     2
AREQ    12    10     3
AREV     5     5     2
ARTU    16     1     0
ASC1     0     1     0
ASCG     3     2     0
ASPA     6     2     1
AUCK    11     8     2
AZGB     4     5     1
BADG    10     4     1
BAKE    19     3     0
BAKO    15    21     4
BAN2    10     1     0
BARH     8     4     1
BDOS     1     1     0
BHR1     8     1     0
BILI     9     0     0
BISK     4     1     0
BJCO     5     2     1
BJFS    16     5     1
BJNM     3     0     0
BNDY     1     4     0
BOAV     7     1     0
BOGO     5     6     0
BOGT    12    12     3
BOR1    14     4     0
BRAZ    13    16     3
BREW     7     5     0
BRFT     9     1     0
BRMU     4     7     1
BRST    10     9     1
BRUS     7     9     0
BRUX     4    10     0
BSHM     5     3     1
BUE2     2     0     0
CAGL    14     2     0
CAGS     8     6     0
CAGZ     5     6     1
CALL     7     0     0
CARR     6     1     2
CAS1    16     7     2
CCJ2     6     4     0
CCJM     2    10     0
CEDU    13    12     5
CFAG    11     2     0
CGGN     3     3     1
CHAN     8     2     1
CHAT     6     3     1
CHPG     5     2     0
CHPI     8     7     0
CHTI     4     2     0
CHUM    13     4     0
CHUR    20    17     2
CIC1     8     1     1
CICE     0     0     0
CKIS     1     4     0
CNMR    10     4     1
COCO    16    12     4
CONZ     7     7     2
CORD     9     3     1
COYQ     2     6     0
CPVG     5     3     1
CPXF    10     7     2
CRAO     3     2     1
CRAR    16     0     0
CRO1    10    12     3
CTWN     5     0     0
DAEJ    23     7     2
DAKA     2     6     2
DARW    13    17     0
DAV1    17    12     5
DAVR     7     2     2
DGAR    12     9     2
DGAV     3     3     1
DRAG     6     9     3
DRAO    18    15     1
DUBO    15     8     4
DUM1    18     0     0
EIL1    12     3     0
EISL     1     3     0
EPRT     8     9     2
ETAD     0     0     0
FAA1    10     5     1
FAIR    14    14     2
FAIV    10     1     0
FALE     6     6     1
FLIN    18    12     4
FLRS     2     1     0
FORT     4     3     3
FRDN     2    10     0
FTNA     2     3     1
FUNC     4     3     0
GALA     2     1     0
GANP    16     6     3
GLPS    17     6     2
GLSV    13     5     2
GMAS     5     1     0
GMSD     1     5     0
GODE    10    10     1
GODZ    21     6     0
GOL2     5     1     0
GOLD    14     4     2
GOPE    20    11     6
GOUG     4     1     0
GRAS    12    10     0
GRAZ    16    15     3
GUAM    16     9     2
GUAO    13     2     1
GUAT     9     2     0
GUUG    10     5     1
HARB    16    10     1
HERS    15     4     1
HERT     9     1     0
HLFX     3     4     0
HNLC     7     5     0
HNPT    15    10     3
HOB2    12    10     3
HOFN    13     7     4
HOLB    13    20     4
HOLM     9     9     2
HRAO    20    15     6
HRM1     2     2     0
HYDE    16     7     1
IDDR     5     4     2
IISC    20     7     3
ILHA     0     3     0
IMPZ     7     6     0
INEG     7     8     0
INVK    15     3     1
IQAL    14     2     1
IQUI     3     0     0
IRKJ    17     1     1
IRKT    12     0     0
ISBA    14     3     1
ISPA     0     2     0
JAB1     2    15     1
JOG2     3     4     0
JOZ2    17     2     1
JOZE    11     4     0
JPLM    14    12     1
JPLV     4     1     0
KARR    12    14     3
KAT1     3     1     0
KELY    14     9     3
KERG    11    11     1
KGNI     5     5     0
KHAJ     7     1     0
KHAR     6     5     0
KIR0    16    18     0
KIRI     4    10     0
KIRU    15     8     1
KIT3    27     3     3
KOKB    14     9     4
KOKV     5     1     0
KOSG     9    10     3
KOU1     2     1     0
KOUC     2     4     0
KOUG     6     3     0
KOUR    18    12     5
KRGG     2     4     0
KSMV     8     6     0
KSTU     2     4     2
KUNM    13     0     0
KWJ1     3     1     0
LAE1     6     3     1
LAMA    18    10     3
LAUT     1     4     0
LHAS     9     3     1
LHAZ    16     5     1
LMMF     6     4     3
LPAL     9     2     2
LPGS    11     8     0
M0SE     5     5     0
MAC1     7     9     1
MAD2    11     5     2
MADR     1     6     1
MAG0    14     2     2
MAJU     1     4     0
MAL2    14     4     1
MALD     2     0     0
MALI     3     2     1
MANA    12     5     2
MAS1    11     9     1
MAT1    12     3     1
MATE    23     8     2
MAUI     5     4     1
MAW1    23     8     3
MBAR     9     4     3
MCIL     6    15     3
MCM4    24     5     2
MDO1    18    13     6
MDVJ    19     2     0
MDVO     3     0     0
MEDI    24     3     2
METS    15    11     3
METZ     5     1     0
MGUE     4     2     0
MIZU     6     9     0
MKEA    12     8     4
MNLS     9     7     0
MOBJ    15     2     2
MOBK     2     0     0
MOBS     3     6     1
MONP    15    15     2
MORP    11     7     0
MQZG     7     7     2
MRO1     4     1     0
MSKU     1     0     0
MTKA     8     3     0
NAIN     0     6     0
NANO    10     8     0
NAUR     3     8     0
NICO    19     8     1
NIST     9     2     1
NIUM     2     4     0
NKLG    20     5     0
NLIB    23     6     2
NNOR    13     4     2
NOT1     8     4     1
NOTO     4     1     0
NOUM     2     3     0
NOVM    17     0     0
NRC1    12    14     3
NRIL    14     2     0
NRMD    11     3     0
NSSP    11     4     3
NTUS    13     7     1
NURK     6     1     1
NVSK    14     2     1
NYA1    19     5     2
NYAL    22     3     1
OHI2    15     4     1
OHI3     8    10     1
OHIG     3     6     2
ONSA    15     8     1
OPMT     4     0     0
OS0G     3     2     1
OSN1     9     2     0
OUS2     7     9     2
PADO    10     6     2
PALM    16     3     1
PALV     4     1     0
PARC     9     7     1
PARK     5     3     1
PBRI     3     2     0
PDEL     4     4     2
PENC    19     6     4
PERT    17     9     3
PETP     8     1     1
PFA2     4     4     0
PIE1    17    10     1
PIMO    12     6     2
POHN     6     8     1
POL2    14     9     2
POLV    14     2     0
POTS    19     9     4
POVE     9     3     0
PRDS     6     8     1
PRE1     8     1     0
PTAG     8     4     1
PTBB     5     4     1
PTVL     4     2     0
PVEP     0     9     0
QAQ1     8     8     1
QUI2     1     0     0
QUIN    16    15     3
RABT    12     2     0
RAMO    15     8     3
RBAY     5     2     0
RCMN     3     0     0
RECF     1     5     0
RESO     7     7     2
REUN    12     9     4
REYK    22    10     5
REYZ     9     1     0
RGDG     1     3     0
RIGA     8    10     2
RIO2     6     4     1
RIOG     2     1     0
RIOP     7     5     0
ROSA     4     3     0
ROTH     8     0     0
SALU    12     5     3
SAMO     5     6     0
SANT    13    11     3
SAVO     5     2     0
SCH2    16     7     2
SCOR    23     5     4
SCRZ     4     1     0
SCTB    10     3     0
SCUB     4     4     1
SELE    16     2     2
SEY1     5    12     1
SEYG     6     3     1
SFER    13     9     2
SHAO    12     1     1
SIMO     1     0     0
SIO3    12    20     3
SMST     4     3     1
SOFI    14     5     1
SOL1     8     5     2
SOLA     4     2     2
SPT0     4     7     2
SSIA     8     3     1
STHL    10     1     0
STJO     9    26     6
STK2     7     4     0
STR1     7    13     4
STR2     7    10     1
SUNM     7     0     0
SUTH    11     8     2
SUTM    11     3     1
SUTV     3     0     0
SUWN    23     4     1
SVTL     9     6     2
SYDN     7     2     0
SYOG    24     7     5
TABL    15     6     2
TABV     9     7     2
TAH1     5     1     0
TASH    16     5     1
TCMS     5     3     0
TEHN     2     4     0
THTG     6     3     0
THTI    16     5     1
THU1     7     0     0
THU2    14    10     2
THU3     7     3     0
TID1     7     8     3
TIDB     8     8     2
TITZ     5     3     3
TIXG    14     0     0
TIXI    13     5     1
TIXJ     7     0     0
TLSE     6    12     0
TN22     7     1     0
TNML     6     2     0
TONG     3     6     0
TOUL     1     0     0
TOW2    13     7     1
TRAB     8     0     0
TRO1     6     8     1
TROM     3     5     0
TSEA    14     2     1
TSKB    15    17     0
TUVA     1     4     1
TWTF    11     3     1
TXES    16    14     2
UFPR     1     1     0
ULAB    17     3     1
UNB3     2     4     0
UNBJ     3     3     0
UNBN     1     0     0
UNSA     9     8     3
UNTR     1     5     0
URUM    22     6     4
URUS     3     1     1
USN3     4     1     0
USNA     6    15     1
USNO    12     5     3
USUD    10     5     2
VACO     6     2     1
VALD    10     7     1
VENE    11     4     2
VESL    11     1     0
VIL0     4    16     2
VILL    13     9     3
VIS0     6    15     2
VNDP     2    15     0
VOIM     5     1     0
VTSP     7     3     1
WARK     2     4     1
WDC1     5     0     0
WDC3     1     0     0
WEL1     1     2     0
WES2     8    36     5
WGTN     5     6     1
WHIT    19    10     3
WILL    14     9     3
WIND     9     3     0
WROC    16    13     7
WSRT    15    10     3
WTZA     7     6     1
WTZL     2     9     0
WTZR    12    13     2
WTZZ    10    11     1
WUHN    21     6     4
XIAN     8     1     1
XMIS     6     4     2
YAKT    18     1     1
YAKZ     4     0     0
YAR1     5     2     1
YAR2     9    10     1
YAR3     6     3     0
YARR     9     4     2
YCBA     7     0     0
YEBE     8     6     1
YELL    24    11     2
YIBL     2     3     0
YKRO    15     3     1
YSSK    13     2     0
ZAMB    14     3     2
ZECK    16     7     2
ZIM2    11     3     1
ZIM3     4     0     0
ZIMJ    15     1     1
ZIMM    12     6     2
ZWE2     8     1     1
ZWEN     5     5     1
