name cos1 sin1 cos2 sin2 cos3 sin3 cos4 sin4
ABMF   -0.21441754   -0.22976114   -0.04242523   -0.13749874   -0.09259917    0.12834916   -0.02490665    0.06799415
ABPO   -0.05405883   -0.15009551    0.02826626    0.17654437   -0.03913676   -0.01814783    0.00071359    0.01432192
ADE1   -0.02541254   -0.03869761    0.00931469    0.03386037   -0.01665459    0.00761486   -0.01896793   -0.03689190
ADIS    0.00368397    0.28507604   -0.06103649   -0.14348298   -0.21190538   -0.07221234    0.14669700    0.00657104
AIRA    0.41810955   -0.08295448   -0.03589585   -0.04052320   -0.03297159   -0.04070634   -0.02455002   -0.01601402
ALBH   -0.15650502   -0.06827457    0.07451081    0.04144081   -0.03982821   -0.04578638    0.02753282    0.02643047
ALGO   -0.18509845   -0.03321628   -0.13030529    0.01646621   -0.00671783   -0.02206895    0.03022982   -0.00595069
ALIC   -0.13919965    0.00134175   -0.06239676   -0.00047183   -0.02704047   -0.02404506    0.01116272    0.02407631
ALRT   -0.04952109    0.06681343    0.01663682    0.05901293    0.03757117    0.00382834   -0.01877544   -0.02638573
AMC2    0.05838397    0.46963118    0.16291285    0.00412383    0.04995727   -0.01097283    0.00258003   -0.04101433
ANKR   -0.43204151   -0.17024656   -0.11699561   -0.10713741    0.00140962    0.05425042   -0.00046086   -0.00217244
ANTC   -0.02080236   -0.14307665   -0.09675932    0.10094249   -0.02676786   -0.09406009   -0.02090392    0.04499475
AOML    0.05554543    0.64465669    0.11726884    0.04777301    0.01032730   -0.06972230    0.00186383   -0.19823668
AREG    0.76269879   -0.25826332   -0.35931130   -0.27915960   -0.29092170   -0.23360900   -0.09264438   -0.09566245
AREQ    0.11204638   -0.32633232    0.42658214    0.23478305    0.30022388    0.02679933    0.11647622    0.03629721
AREV    0.12673935    0.14257829    0.61899306   -0.03386410   -0.07317346    0.20671092    0.07753570   -0.07722137
ARTU    0.03136463   -0.04054945    0.00747842    0.07840025   -0.00900104    0.00159730    0.03622716    0.07716709
ASC1   -0.32822208   -0.32657654    0.05756899   -0.13276109   -0.00739128   -0.05763890   -0.08436037    0.04031270
ASCG    0.29522972   -0.47226105   -0.02281121    0.17723079   -0.03071350   -0.02926298   -0.02454022   -0.04480040
ASPA   -0.23068744    0.08375216   -0.00306415   -0.06954358   -0.03996672    0.01799463   -0.00630546    0.00236378
AUCK    0.08558448   -0.01210187    0.00180411    0.00435651   -0.00176695    0.01859886   -0.00527972   -0.00705453
AZGB   -0.01002033   -0.01248658   -0.06592831    0.02822986   -0.04692729    0.01617596    0.00286957    0.02168991
BADG    0.06355231    0.39930186    0.04628797   -0.06252412    0.02953234   -0.02959672    0.00907027   -0.04284021
BAKE   -0.03262036    0.13765591    0.00473325   -0.03710328    0.00531770   -0.00769668    0.01031935   -0.02598961
BAKO   -0.02353813    0.31297801    0.00987472    0.06459591    0.04881772   -0.10206879   -0.12188894   -0.03067736
BAN2   -0.04444728    0.25340611    0.22391133   -0.43124305   -0.04745720    0.08696319   -0.11098576    0.03056183
BARH    0.01409928   -0.07042403    0.05883767    0.00018681    0.00442391   -0.00207181    0.00885348    0.01260348
BDOS    0.25573326    0.08722774   -0.07321499   -0.08387535   -0.08172936   -0.01299618   -0.00077874    0.05347497
BHR1    0.24476954    0.95175734   -0.10550303    0.10120642   -0.18471669    0.36071632   -0.30073806    0.17809997
BILI   -0.08267837   -0.09615074   -0.04782691   -0.02113691   -0.04077668   -0.02537558   -0.04121485   -0.02326034
BISK   -0.10657148   -0.19312337   -0.00230236    0.00785694    0.01288683    0.02136731   -0.00784865   -0.00478473
BJCO    0.28926300   -0.01836114   -0.24895727   -0.28673788    0.24210427    0.23381381   -0.11595412    0.06158136
BJFS    0.13641761    0.16339313    0.08704287   -0.02920921    0.20160202    0.07008830   -0.00022564   -0.10277375
BJNM    0.21137976   -0.20315577   -0.21912646    0.12578632   -0.15765102   -0.02510679    0.16444239    0.05435393
BNDY   -0.11374453   -0.11641292    0.03658682    0.03152253   -0.01663809    0.03242288   -0.04760707   -0.02336978
BOAV    0.14061678    0.13592103    0.12044263   -0.24907740   -0.03157753    0.11006018    0.03689445    0.00575886
BOGO   -0.20278440   -0.12207058    0.01369050    0.05160288   -0.01739348    0.04715936    0.02205705   -0.01823751
BOGT   -0.13240179    0.15690199    0.03158055   -0.00209596    0.05992055   -0.00691257    0.00651914   -0.05091759
BOR1    0.11590687   -0.08006974    0.02923868   -0.02086371    0.04972091    0.01607527    0.03788577   -0.03568113
BRAZ   -0.21800297   -0.06300493   -0.09768873    0.04304218   -0.06874971   -0.00053415   -0.04002548    0.02924259
BREW    0.29083150    0.00289825   -0.08391381   -0.33831007    0.03555158    0.01762191   -0.00527812   -0.04251588
BRFT   -0.64380882   -0.13637521    0.04624174    0.10172314   -0.01302970    0.10113252    0.01875792    0.03251206
BRMU    0.09401688    0.12884287    0.01308810   -0.07258368    0.00254068    0.03286140   -0.01172256   -0.01356155
BRST   -0.11942203   -0.01207868    0.01792707    0.04548250    0.02702800   -0.01608885    0.02250306    0.00948484
BRUS   -0.00536650   -0.01284207   -0.02744250   -0.04016222    0.01217589    0.04109082   -0.00398987    0.00804201
BRUX   -0.16551079    0.03495708    0.06708954    0.01503023    0.02878316   -0.02024427   -0.03717360    0.02091823
BSHM    0.12432898    0.18207196    0.09906061    0.07180521    0.08447685   -0.00252440    0.00867644   -0.03048780
BUE2    0.06581533   -0.13861426    0.01512697    0.04072240   -0.12177585    0.10076131   -0.03600348   -0.03801238
CAGL    0.30402791   -0.11292661   -0.02342260    0.01980047   -0.03350665   -0.01027948    0.02050788    0.02181476
CAGS   -0.00749322   -0.00930757   -0.09146384    0.00027498    0.00224253   -0.06133382    0.02909130    0.00049175
CAGZ   -0.05284699   -0.25324375    0.02617268    0.00121884    0.02308966   -0.06332833   -0.00630524    0.03641035
CALL   -0.28401969   -0.58458629   -0.13384519    0.40379385    0.24542695   -0.14554752   -0.02088004    0.01134293
CARR    0.11848405    0.42567142   -0.13252667    0.26504531   -0.05327894    0.05498875   -0.05552030    0.08315992
CAS1   -0.01223345    0.00935046   -0.01895240   -0.00521824   -0.02322488    0.01340310    0.00411877   -0.00257089
CCJ2    0.07432060    0.30123032    0.01385422   -0.10486161    0.11781524    0.00976576   -0.05330220   -0.00226593
CCJM    0.09901445    0.29135445   -0.09922440   -0.05386410   -0.00632293    0.00389882   -0.01529033   -0.01764991
CEDU    0.09279740    0.25830362    0.01882144    0.01620264   -0.00542231    0.02484473    0.04657937    0.00660452
CFAG   -0.02634265   -0.23509761    0.16423388   -0.21488562    0.02763153    0.03389072    0.01760686   -0.13307418
CGGN    0.12163037    0.03664838   -0.12066709   -0.18769724   -0.01477373    0.49103387   -0.05586006    0.02102182
CHAN    0.13090193   -0.08877784   -0.05122772   -0.02543462   -0.03655419    0.01847237   -0.00936761    0.00411915
CHAT    0.06710145   -0.15505327    0.04458254   -0.00689661    0.00437577    0.03428217   -0.01050552    0.00971455
CHPG   -0.54105924   -0.10602509    0.15402540   -0.20004099    0.09075311    0.01067620    0.00853387    0.01650167
CHPI   -0.01928327    0.26796905   -0.10454376    0.13630651    0.03391601    0.08593532    0.00501106    0.00713985
CHTI   -0.06091425   -0.09378713   -0.03621816   -0.01025080    0.00690947   -0.03437749   -0.00252886   -0.00964773
CHUM    0.14878448    0.25614604    0.57858906   -0.20351681   -0.05733853   -0.17080608   -0.00664887   -0.07403565
CHUR    0.04678014    0.11022642    0.00845880    0.00002508    0.00281925    0.01868549   -0.00592200    0.00122386
CIC1   -0.03144389    0.15055440   -0.19982037   -0.06354750    0.10622548   -0.03802640   -0.03695497    0.00904767
CICE    0.10455048   -0.51416904   -0.09225597    0.10079896    0.02640208   -0.10377683    0.04314247   -0.03101136
CKIS    0.08870211    0.06423508    0.02517547    0.06796252    0.01415864    0.06657411    0.07921982    0.00051779
CNMR   -0.00378596    0.10333822    0.18838127    0.08484414    0.02535998    0.10742901    0.02294418   -0.03357590
COCO   -0.12327406   -0.15254253    0.05159971    0.09408658   -0.03354164   -0.00773507    0.02149429   -0.03540896
CONZ   -0.08723779    0.15734862   -0.02305407    0.05552913    0.02070975    0.03048345    0.02821589   -0.01028847
CORD   -0.01463484    0.21557008    0.16676176   -0.17135350   -0.05621474    0.01523557    0.03999115    0.01123231
COYQ    0.12844196    0.00472281    0.01498872   -0.01262108    0.02891828   -0.02048252    0.01600025   -0.00715738
CPVG    0.12755077    0.11963075    0.02401696   -0.17494177    0.11449792   -0.02108190    0.04231933    0.01204030
CPXF   -0.00552888    0.06145041    0.01153617   -0.00711305    0.02538637   -0.03563973    0.01356800   -0.04069183
CRAO    0.00840395   -0.25298041    0.03127830   -0.10107749    0.05969387   -0.01553601   -0.01066353    0.04377177
CRAR   -0.07173721   -0.06763235   -0.03899863   -0.00368520   -0.01082491    0.00945374   -0.00912476   -0.00361096
CRO1   -0.16084021   -0.26974460   -0.00582219   -0.02438623    0.04804715   -0.09055188   -0.00168025   -0.04075639
CTWN   -0.04592192   -0.06340738    0.04326330    0.06281526    0.03866059   -0.04848431   -0.03242746    0.08258695
DAEJ    0.16537623   -0.14086321    0.06996015    0.08156149    0.01916261    0.04133877   -0.01398367    0.00017987
DAKA   -0.15895277   -0.16619533   -0.04115978    0.06966599    0.05472940   -0.19648673   -0.00498576    0.05072687
DARW   -0.32020747   -0.51904450    0.20830468    0.29194918   -0.12363813   -0.05703356    0.04631986   -0.02197159
DAV1    0.06821401   -0.03184117   -0.04322354    0.01547229    0.00300249   -0.00075261   -0.00593813    0.00064657
DAVR   -0.06089272   -0.11496672    0.01252024   -0.00856868    0.03201687    0.00706049    0.00012645   -0.01042267
DGAR   -0.12042394   -0.06912723   -0.13550227    0.01873298    0.08511731    0.04909827    0.00054568    0.03613981
DGAV   -0.02275258    0.17616489   -0.01667046   -0.10656257    0.01526392    0.03137457   -0.01414001    0.00068611
DRAG   -0.85476307    0.04574077    0.33095200   -0.18235915   -0.17094511    0.09268723    0.02606291   -0.01844149
DRAO    0.00512303   -0.22443190   -0.35613089    0.08803146    0.00765904    0.01660842    0.04402821   -0.00033485
DUBO   -0.05273200   -0.04355820    0.04270022   -0.04331264   -0.00299815    0.04156878    0.04091280   -0.01686914
DUM1   -0.03495712   -0.05153547   -0.00787653   -0.06457088   -0.03079787    0.03459001   -0.01815943    0.01076587
EIL1    0.13589951   -0.02494660    0.00327502    0.03928242   -0.05947466   -0.00504886    0.04571666    0.05110533
EISL    0.13079004    0.36823282    0.15645580    0.04139896   -0.09603477   -0.08328800    0.04465927    0.01891494
EPRT   -0.00320004   -0.14870455    0.02304395   -0.00254960    0.01738708   -0.03853937    0.01645580   -0.00504937
ETAD   -0.30811687   -0.26484686    0.04151885    0.13774441   -0.24387524   -0.01871528    0.14296899    0.19208906
FAA1   -0.10364086    0.24430014   -0.01610970    0.05017198   -0.06501617   -0.01778133   -0.01562448   -0.06430365
FAIR    0.01868093    0.04070636   -0.02195877   -0.02126256    0.01408301    0.04213957   -0.06612742   -0.00979912
FAIV    0.07715231    0.01381688   -0.09919895   -0.09575730   -0.00978977    0.07167573   -0.00477528    0.00054310
FALE    0.04582588    0.13117794    0.05363001    0.07666004    0.01108047    0.02478429   -0.00177499    0.07505321
FLIN    0.15686475    0.12474248   -0.06164992   -0.00856809   -0.03081480    0.00076498   -0.00334809    0.02663492
FLRS    0.15038291    0.01442887    0.07771114   -0.05673927    0.04673888    0.01566218   -0.03131849   -0.00240636
FORT    0.07553312    0.96607882    0.04776004    0.16680805    0.04856479   -0.05191204    0.07911013   -0.08187965
FRDN   -0.18884577   -0.08739188   -0.04787574    0.04524835    0.00558073    0.01008816    0.01748995    0.00224366
FTNA    0.31234266   -0.01041307    0.04740240   -0.06255842   -0.16099258    0.04476807   -0.08508112    0.02007478
FUNC    0.39854335    0.14959156   -0.12098311   -0.00768043   -0.02308509    0.07115877   -0.03506299   -0.08587728
GALA   -0.01945409   -0.18633861    0.02603979    0.09497022   -0.30508866   -0.12186141   -0.05667489    0.01726356
GANP    0.10033585   -0.12687626   -0.06055760   -0.01000159    0.00795302    0.01551369    0.02977944   -0.01910653
GLPS    0.12856887   -0.12657653   -0.01517024    0.32544040   -0.06219304   -0.18750628    0.02488189   -0.14888977
GLSV   -0.06500535    0.05448864   -0.03105950    0.00352729    0.01529672   -0.02695922    0.01833053   -0.02045920
GMAS   -0.00197808   -0.66030470   -0.11295516    0.13239709   -0.11928792    0.00970952    0.02567571    0.07504388
GMSD    0.10202705    0.30462835    0.11415805    0.00457415   -0.03585532   -0.03116528    0.02554990    0.02883958
GODE   -0.57656055   -0.15732717    0.09237132    0.11194664   -0.04618925    0.02308121    0.02481296   -0.03140528
GODZ    0.04631030    0.04388013   -0.01717707   -0.01086784   -0.06833521   -0.08812806    0.00772588   -0.03149122
GOL2   -0.08068666    0.06764934    0.00144192   -0.04154993    0.04288829   -0.00334865    0.00273270   -0.06237163
GOLD   -0.05376888    0.01441550    0.02966622    0.02078042   -0.05681703   -0.00194505   -0.01081402    0.00016581
GOPE    0.11527168   -0.10019310    0.05660409    0.01530072    0.02422193    0.03913035    0.01533835   -0.01147645
GOUG   -0.18127726   -0.00678551   -0.03610398   -0.00732723   -0.00188110    0.09881382   -0.01333556    0.00537378
GRAS    0.06766473   -0.13981296    0.05375595    0.03766592    0.03077901    0.01021594   -0.04052858    0.00418317
GRAZ   -0.04878482   -0.08231556   -0.04521779    0.07987684   -0.03179670   -0.00193772    0.02484109    0.01519389
GUAM   -0.34033958   -0.00869061    0.09327814    0.05620007   -0.00569946   -0.15476895    0.01245885   -0.00302265
GUAO   -0.42494743    0.18461358   -0.26744717    0.19381112   -0.04145174   -0.10278427    0.04919505   -0.06531403
GUAT    0.32461416   -0.05821853    0.01019474   -0.00061236   -0.07162407    0.00053046    0.00748834   -0.01351778
GUUG    0.11328586   -0.02529969    0.14220065   -0.02215894    0.07439647    0.00241687    0.02953160   -0.04237844
HARB    0.08141510    0.05377492   -0.05323000   -0.07260521    0.06083252    0.06338361   -0.00301665    0.01434650
HERS   -0.01317356   -0.03615204   -0.00132322    0.02428943    0.04728867    0.01043269   -0.03180755   -0.02142089
HERT   -0.06134172    0.00775056    0.03127219   -0.01554927   -0.04644057   -0.01564228    0.04048166   -0.00695259
HLFX   -0.08884528   -0.06286241   -0.04107948   -0.03005377   -0.00820410   -0.00094868    0.01498299    0.01435166
HNLC    0.07462284   -0.02267121    0.12300691    0.06308877   -0.04763355    0.09951651   -0.02942341    0.01203547
HNPT   -0.10999842   -0.11054266   -0.01497604    0.06477928   -0.01962019   -0.06617592    0.02772336    0.05560994
HOB2   -0.12775963   -0.12370938    0.02325416   -0.02244620    0.00934133    0.01735567   -0.00201010    0.00834182
HOFN    0.11327281    0.00293611    0.00896791   -0.03467498    0.01248372    0.01282457    0.00486784    0.02631729
HOLB   -0.01315353    0.02040426    0.07300077    0.01826545   -0.03602092   -0.00051277    0.01525179    0.02470616
HOLM   -0.05336174   -0.08228882   -0.07622255    0.00342273   -0.00300522   -0.00999885    0.04619402    0.00772358
HRAO    0.13484956    0.02714567   -0.07940593    0.06276431   -0.01775444   -0.09284539   -0.00525002   -0.02571474
HRM1    0.00048356   -0.05454247    0.03011893   -0.02094180   -0.05973818   -0.02320474    0.00947184   -0.00889110
HYDE   -0.13404876    0.04265622    0.36159983    0.23006140    0.05804814   -0.03859167    0.05258203    0.07428490
IDDR   -0.00874553   -0.08532502    0.19337359    0.04063042   -0.07169764    0.06857550   -0.00455688   -0.04774832
IISC   -0.19981358    0.29576165    0.02763077   -0.20731821    0.01664438    0.00022531   -0.02117731    0.08625233
ILHA    0.38194912   -0.20982437   -0.11240737    0.05956987    0.02228442   -0.01239984    0.03951918   -0.13223773
IMPZ    1.25706344    0.32384883   -0.18835083   -0.29049025    0.00974918    0.14687413    0.02788479   -0.10238077
INEG    0.01806799    0.23894934   -0.01987078    0.04294403    0.02609233    0.05973708   -0.05316995    0.01427938
INVK   -0.07457281   -0.04625671    0.03526148   -0.03879660   -0.02172434    0.02150865   -0.04634373    0.02014047
IQAL   -0.02465500   -0.03186519   -0.02230818   -0.01462551   -0.00027241    0.01112077    0.00144973   -0.01072448
IQUI    0.12805860   -0.14197533   -0.01186386    0.06467005   -0.09944098    0.02736373    0.02851821   -0.07003074
IRKJ    0.05758577    0.07903662    0.03803009    0.09224712    0.02069430    0.01749322   -0.05555167    0.00714655
IRKT    0.12940527   -0.15534997    0.13668789   -0.02031272    0.00583510    0.00889687    0.01290274   -0.08156377
ISBA   -0.29099543   -0.33649332    0.05844450    0.26446591    0.03713766   -0.07502060    0.00092404   -0.00618664
ISPA   -0.18623113    0.01316753    0.01184799   -0.07561341    0.00339979   -0.02031641   -0.03014568    0.00199165
JAB1   -0.43238443   -0.36228670    0.18058715   -0.15962509    0.19492748    0.07075171    0.10647603    0.04020589
JOG2    0.28967977    0.10447634   -0.06367770   -0.05668664   -0.12770203   -0.03119769    0.02867457    0.05648005
JOZ2    0.04676778   -0.20447814   -0.02109222   -0.02188143    0.01468359   -0.04457173   -0.03186507    0.01330661
JOZE   -0.17576496   -0.09748442   -0.03160351    0.01064399   -0.00138516    0.04615434   -0.02114662   -0.04423724
JPLM    0.05672817   -0.02171858    0.09422113    0.10986760    0.00065065   -0.06408550    0.01168354   -0.05499369
JPLV    0.09847125    0.07754855   -0.03946353   -0.21576352    0.04596551   -0.00393502    0.08975768    0.05001903
KARR    0.55882156    0.01073161    0.05459576   -0.12320163   -0.12991588    0.02409146    0.04229598    0.03162131
KAT1   -0.15875875   -0.31221281    0.14917980    0.51146955   -0.03270468   -0.06005937    0.05730497   -0.03157853
KELY    0.05506634   -0.11330978    0.07171890   -0.05488779    0.02764786    0.00073187    0.00546753   -0.00985201
KERG   -0.04866948   -0.04896993    0.01381530   -0.01149474    0.02204230    0.01216881   -0.00622504   -0.00771953
KGNI   -0.27808980    0.45538686   -0.05443561    0.05656035   -0.03015410    0.04242660    0.00001063   -0.00852968
KHAJ    0.21136442    0.00740363    0.01484204   -0.01306539   -0.07222631   -0.05064513   -0.06176274   -0.06604143
KHAR   -0.05890524   -0.07553367   -0.02354360   -0.02976868    0.01828247    0.04416571    0.05128500   -0.00720543
KIR0   -0.09049680    0.06040784    0.05404202    0.00366340   -0.01039091    0.01414188    0.01370581   -0.00116934
KIRI    0.14059428   -0.00254677    0.09027379   -0.21613536    0.05087538    0.01551539    0.03700743    0.01067268
KIRU   -0.17398922   -0.04253606   -0.02237337    0.07171593    0.01457739   -0.01642283   -0.01365576   -0.02999720
KIT3    0.41903116   -0.62123943   -0.04925618   -0.46846656   -0.21255112   -0.18697312   -0.05988870   -0.04336706
KOKB   -0.09224197   -0.04148974    0.09048552   -0.05092617   -0.08172869   -0.01335945    0.03971485    0.01061156
KOKV    0.07799757   -0.08856795   -0.10750214    0.04185338   -0.06180248    0.03357434   -0.01149800    0.00974332
KOSG    0.02135638    0.05060658   -0.02512116   -0.00252457   -0.00758323   -0.01157264    0.01982041   -0.00847053
KOU1    0.05968008    0.30823583    0.08628121   -0.14760161   -0.01229461    0.02633473    0.12111633   -0.08830661
KOUC    0.12055715   -0.22308201   -0.06131006   -0.00323549   -0.01061059   -0.02702642   -0.02462070    0.10623151
KOUG    0.25658199    0.36697021   -0.21304616   -0.20061530    0.00685108    0.07677210    0.09258530    0.01167887
KOUR   -0.00310162    0.23678149    0.07344249   -0.22575074   -0.05311788   -0.00131534   -0.03758821    0.04952674
KRGG   -0.01329356    0.03418021    0.00830027    0.03738324   -0.00190166    0.01332627    0.02051243    0.00583889
KSMV   -0.14011228    0.31498718   -0.13048504    0.06430137   -0.02903515    0.07303235    0.00758571    0.00022612
KSTU    0.02108772   -0.20606985   -0.01198808    0.03677900   -0.02887822    0.02299378    0.02606671    0.04566831
KUNM   -0.05094040    0.40948090   -0.01000244    0.12228459   -0.06817307   -0.02081689   -0.00204430   -0.06803918
KWJ1   -0.28534600    0.07205974    0.24055618   -0.11659619    0.03283634    0.04193223    0.00823594   -0.17087680
LAE1    0.69633965    0.71209721    0.00795753    0.17145450   -0.05616359    0.11722991   -0.25307766   -0.00537325
LAMA   -0.06809612   -0.10537372   -0.03300175    0.01176176   -0.03457759    0.02833405    0.03581336   -0.03061767
LAUT    0.47310326   -0.00417309    0.18358139   -0.03375712    0.04309908   -0.05827489   -0.12777100   -0.01657887
LHAS   -0.63521699   -0.34867571    0.23529028    0.06224414   -0.18011341    0.03890605    0.04555265   -0.01984819
LHAZ    0.07547963    0.66922893   -0.09715779    0.20976696   -0.13588463    0.14197208   -0.07006140    0.00450533
LMMF   -0.07394351   -0.11401731    0.07724664   -0.07786624   -0.03480703    0.03462569    0.01505280   -0.01333363
LPAL    0.16019933    0.03098941    0.09190966    0.06472893   -0.01495334   -0.00372607    0.00387242    0.00590560
LPGS    0.03700644    0.18072495    0.06982901    0.00205466   -0.03279304   -0.01315668   -0.02907648    0.02501399
M0SE    0.11332083    0.07023482   -0.10643273    0.00250907   -0.03868034    0.00422017    0.01836742    0.00452216
MAC1    0.07262242    0.03766832   -0.01162863    0.01632805   -0.01692331    0.00641216    0.00262417   -0.00340606
MAD2   -0.00147409    0.05430910   -0.04942381    0.01206049   -0.01019612    0.01564114   -0.00801942    0.01898656
MADR    0.08616002   -0.04727666   -0.07276081   -0.04814330   -0.17205077   -0.05481705   -0.07365954    0.06122228
MAG0   -0.02503175    0.01145127    0.00710756    0.05997391   -0.03147252   -0.02650856    0.01097994    0.02783511
MAJU    0.28628540   -0.01340517    0.08318699   -0.04641459    0.00370044   -0.04185162   -0.02021134    0.00894041
MAL2   -0.22287992   -0.25165917   -0.18872412   -0.25146507   -0.17148997    0.05646550    0.14033983    0.13872574
MALD    0.21865479   -0.06757158   -0.22489282   -0.27532264   -0.21351857   -0.00835966    0.02467378   -0.02541396
MALI    0.24731242    0.33037879    0.04156842   -0.21321074    0.00976717    0.14123944   -0.09364733    0.11644184
MANA    0.14740767    0.67589148    0.34052640   -0.04927296    0.17475714    0.04895832   -0.01384232    0.00523035
MAS1   -0.64560359    0.44959858   -0.08693938   -0.03685129   -0.02245844    0.00721522   -0.02690179   -0.00557493
MAT1    0.00894005   -0.00203282   -0.08035015    0.00395632   -0.01592194   -0.01014286   -0.02120264    0.01356402
MATE   -0.00283987    0.00972944    0.00366540    0.07509978    0.00117575   -0.01167735    0.02757164   -0.01359374
MAUI   -0.13676543   -0.02484427    0.01444065   -0.00148761    0.03016745    0.01317691    0.05505868    0.00321087
MAW1   -0.01638465   -0.00292732   -0.01089787   -0.02133166   -0.01250586   -0.00850651   -0.00756685   -0.00089177
MBAR   -0.12841976   -0.17582819   -0.11423052    0.13436125    0.04165944    0.02827408   -0.08237798   -0.04008611
MCIL   -0.15994732    0.11739600    0.05413080    0.02271831    0.09213392   -0.01729880    0.00913778    0.03019578
MCM4   -0.09249757    0.02256019   -0.01714912   -0.01576327   -0.01069926    0.00551389   -0.00740306    0.00174653
MDO1    0.12066083   -0.06428973   -0.04346793    0.04955997   -0.03860760   -0.01216805    0.00947450    0.00506605
MDVJ   -0.06484684    0.04049287   -0.00499778    0.01643916   -0.00895084   -0.02582718    0.01018469    0.01568841
MDVO   -0.11870156    0.29850407    0.04722940   -0.30056386   -0.07320667   -0.08650714    0.01693937    0.07105991
MEDI   -0.19152257    0.03876467    0.07886783   -0.09013622   -0.00354505    0.02157553   -0.02691352    0.01240513
METS   -0.15005381   -0.08825164   -0.00827544    0.05814609   -0.02122303    0.00706200   -0.00294322   -0.01658221
METZ   -0.08783350   -0.12657061   -0.04497135   -0.02390392    0.01824012   -0.00612364    0.02069735    0.01527267
MGUE   -0.10845969   -0.18900348   -0.10992243   -0.05638517    0.04855595    0.00367512    0.05331766    0.00360011
MIZU    0.12214219   -0.01751976   -0.06146988    0.09790805   -0.00281054    0.02823650   -0.01922482   -0.03118403
MKEA    0.01808036   -0.09151327    0.01797088   -0.02440533    0.01437228   -0.00442230    0.00475699   -0.00040957
MNLS    0.02216310   -0.02178485    0.02571018    0.00414971    0.02452159    0.02094675    0.00659679   -0.01048422
MOBJ    0.13690873   -0.05376943   -0.02067431   -0.03983601   -0.01349881   -0.02840354   -0.01074829    0.00178315
MOBK    0.17457695   -0.09265859   -0.02012567   -0.05654250   -0.02143393    0.01484144   -0.01730213   -0.01213172
MOBS    0.02292955    0.15987622    0.03893403   -0.00478337   -0.00564903    0.01496167    0.00475676   -0.00964818
MONP   -0.02743916    0.00557715   -0.00872192   -0.00935182    0.00693195   -0.02323143   -0.00975321   -0.00659576
MORP    0.14453100    0.09569461   -0.05089661    0.02022756    0.00697715   -0.01468084    0.03553064   -0.00297084
MQZG    0.04528754   -0.00209045   -0.02198464    0.00353601   -0.02248233   -0.00349804   -0.01879968    0.02403874
MRO1   -0.25374963   -0.00770482    0.00038214   -0.07158880    0.06491607   -0.04208504    0.01718544   -0.03955170
MSKU    0.17015695    0.14774577   -0.39094017    0.09649374   -0.22053040    0.08071270    0.16549284   -0.06089185
MTKA   -0.03562998    0.55293080    0.15416784    0.19056955    0.08165914   -0.01748127   -0.00657779    0.00109399
NAIN   -0.14197677    0.02286607    0.04680783    0.03836517   -0.00155157   -0.00933715   -0.00469761   -0.00151503
NANO    0.02391239    0.22342071   -0.06704231   -0.03084327   -0.00398847   -0.04163407    0.00952425   -0.01637917
NAUR    0.04839312   -0.22234412    0.01250573    0.08423331   -0.04854668    0.00913699    0.04854564   -0.01863476
NICO   -0.18010933   -0.22307807    0.05922566   -0.07192895   -0.00118319    0.00957669    0.00589465    0.01517360
NIST   -0.18929660   -0.13999242    0.03719899    0.04549428   -0.02677743    0.00914109    0.01796552   -0.06696181
NIUM    0.18284492   -0.05324373    0.01643749   -0.00778281    0.08964879   -0.04412905    0.06458945   -0.01919768
NKLG    0.12655987    0.22026181   -0.34896466   -0.23188689    0.20001632   -0.09350200    0.18246971   -0.03486806
NLIB    0.13102533    0.14882013   -0.00885147   -0.07318846    0.00740363   -0.03960469    0.03300974    0.05392833
NNOR   -0.04714887   -0.01194982    0.06060433    0.02851404    0.02289231   -0.02186242   -0.00052868    0.03991353
NOT1    0.06290691   -0.19520619    0.04304274   -0.14746329    0.01418248   -0.07285765   -0.03316877    0.05373234
NOTO   -0.10199028    0.09861342   -0.07471293   -0.19295254   -0.08364516   -0.09137021   -0.12655929    0.05345319
NOUM    0.11440026    0.30596934   -0.01798563    0.12748436   -0.11117178    0.06899087    0.06155423   -0.00408961
NOVM   -0.00617648   -0.12702629   -0.02822774   -0.06138385   -0.02036295    0.06002165   -0.02789512   -0.00356486
NRC1    0.13976820    0.12468406   -0.09768238   -0.01444049   -0.04647104    0.00530563   -0.00717784    0.00937191
NRIL    0.04410065   -0.07602134   -0.02307748   -0.04468161   -0.00242297   -0.00197451    0.02467764    0.01983403
NRMD   -0.04174051   -0.39496900    0.04247253    0.00523038   -0.07458152    0.01848228    0.03560811    0.02315169
NSSP    0.02923633    0.07751863   -0.14053815    0.14030332    0.00743941   -0.21114707   -0.03401031    0.07720786
NTUS   -0.11399060    0.17852377   -0.06902141   -0.00632238    0.02975761   -0.05308527    0.00233928   -0.00268699
NURK    0.34983064    0.34269065   -0.45365915   -0.26557630    0.20298493    0.06196420   -0.15098192   -0.07058038
NVSK    0.31685966    0.02354929   -0.12691384    0.03876096   -0.04226108    0.05356715    0.16417087   -0.00853454
NYA1    0.04476376    0.03713952   -0.00771200    0.03682030   -0.02700991    0.00779202    0.00841201    0.00009158
NYAL   -0.06581404    0.05989724   -0.02787092   -0.03610500    0.03055043   -0.00558594   -0.00668469   -0.01105179
OHI2    0.06838039   -0.05080902   -0.01001853   -0.07514681   -0.00997454   -0.00275910   -0.02770096    0.00917179
OHI3    0.04593230   -0.04373888    0.01854844   -0.06850164   -0.00920445    0.00256283   -0.01173579   -0.01857016
OHIG    0.01446875    0.05044204   -0.05027282   -0.08299724   -0.02489172    0.03937395    0.02387001   -0.00094733
ONSA   -0.09402278   -0.02675223   -0.00980200    0.03569494   -0.04055725    0.06843859   -0.00578818   -0.04801033
OPMT   -0.13918174   -0.15987771   -0.02796048    0.06779788    0.03015559    0.07038396    0.01966769   -0.04623642
OS0G    0.07788845    0.03588392    0.01066400   -0.05079414   -0.00399527    0.02279212   -0.02243363   -0.06156587
OSN1   -0.06202416    0.28562547    0.04757695    0.01256875    0.04762817   -0.04553044    0.00383345   -0.05588851
OUS2    0.00730518   -0.03167801   -0.04756344   -0.00703792   -0.00096971   -0.01315608    0.01451399    0.00678104
PADO    0.04328610   -0.01422555   -0.04050296    0.07173376   -0.06903921   -0.04732749    0.11858473    0.09144516
PALM   -0.05937939   -0.03070855    0.01373727   -0.02555734    0.00047487    0.01715840    0.00549601    0.00789119
PALV   -0.04592967   -0.03203021    0.03630567   -0.01840626   -0.01727566    0.03348475   -0.02475552   -0.02477171
PARC    0.02847610   -0.07431122   -0.01485384    0.02823983   -0.00557648   -0.01353671   -0.01456273    0.01520238
PARK    0.09100588    0.03405021   -0.06002664   -0.01904026   -0.00938298    0.00947514    0.02591795   -0.02060998
PBRI   -0.17901091    0.04000349   -0.06816690    0.12286888   -0.21848661    0.07975650    0.00849255    0.03307616
PDEL    0.08699582   -0.03129052   -0.04094547    0.06865616    0.00650802   -0.03155625   -0.00179719    0.00018427
PENC    0.00159063    0.26042313   -0.09412700    0.00513626   -0.02188403    0.04413600   -0.02827200    0.00268637
PERT   -0.10395143   -0.06929350    0.01667960    0.02007559   -0.04038772    0.03214176   -0.00968141    0.00822603
PETP    0.06199638    0.01003289   -0.00617433   -0.07927149    0.00587728   -0.08034038    0.00157557   -0.02421309
PFA2    0.04711850   -0.08092002   -0.28898406    0.00236597   -0.03000058   -0.02829507   -0.00373878    0.03055814
PIE1    0.16974254    0.01479769   -0.06040467   -0.00144697   -0.02298022   -0.01238905    0.01172785    0.00385964
PIMO    0.26002306   -0.17315808    0.16681113    0.07213780    0.15705218    0.01456476    0.02810753    0.05930131
POHN   -0.12048028    0.14042734    0.16070954   -0.09373174    0.02821967    0.05036626    0.01465185    0.00704621
POL2    0.00670218    0.83648375   -0.47694689    0.04504349    0.06795342   -0.04248326    0.05235391    0.08710008
POLV   -0.00583059    0.01752532    0.01299175   -0.00464717    0.00464368    0.00569568    0.00419186   -0.04039475
POTS    0.05624549   -0.15806784    0.02996526   -0.03306164    0.00013031   -0.04527655   -0.01534612    0.00341443
POVE   -0.18439258    0.05718468   -0.26563962    0.06888312   -0.10898427   -0.10127939    0.00306491   -0.04032531
PRDS   -0.08997113   -0.01978146    0.11872661    0.00034579   -0.07655874    0.09256419   -0.06505217   -0.02587108
PRE1   -0.12798683   -0.13384577   -0.05742428    0.11261208   -0.04289678    0.02826386   -0.01488399    0.04310063
PTAG    0.11744533    0.04273704   -0.06080018    0.08728590   -0.11148306   -0.03113831    0.05906375   -0.01532866
PTBB   -0.08977578   -0.08136594   -0.03324817    0.05583139    0.00332265   -0.01363728    0.03487168   -0.00182948
PTVL    0.24877092    0.20032882    0.02753283    0.08906976   -0.03654740    0.02895075   -0.06629953    0.00219189
PVEP   -0.13936251   -0.33460051    0.14915287    0.04109542   -0.12072618   -0.12545463    0.06772712    0.17111277
QAQ1   -0.01956024   -0.22400752   -0.12347690    0.02827918    0.04617023    0.05343772   -0.00697243   -0.00287562
QUI2    0.11982158    0.12757667   -0.03632120    0.14393112    0.00578048    0.08091856   -0.02381642    0.02857554
QUIN    0.22440730    0.02923717   -0.22306978    0.00435681    0.07931795    0.01427895   -0.05504950    0.01025930
RABT    0.07599990    0.28403300   -0.08794468    0.06505134    0.02946678    0.01298319   -0.05913128    0.02235700
RAMO    0.06616207    0.07758415    0.03381737   -0.02000151    0.01719697    0.00013072   -0.00653311    0.00531294
RBAY    0.23590291   -0.18235897    0.02230025    0.02605292    0.02239634    0.02420050   -0.01379475    0.02190843
RCMN   -0.00289255    0.09140584   -0.11277297   -0.05631378    0.03539878    0.02581081    0.12122682   -0.04388896
RECF    0.01764571   -0.15749812    0.12133156    0.00968193   -0.03816593   -0.06391598   -0.00626690    0.04400403
RESO   -0.12708388    0.04814006    0.00019935   -0.04144127   -0.04624762    0.01289557   -0.01357215    0.00036948
REUN   -0.00321713   -0.28820229    0.07685925    0.01882274   -0.06196026   -0.07329141   -0.00777417   -0.04752002
REYK   -0.10225439   -0.01684053   -0.00207715    0.01649205    0.01128368    0.00178764   -0.00025660    0.01161317
REYZ    0.01300441   -0.02525600    0.04072260    0.06701637    0.01896699   -0.00044149    0.01103665   -0.02663693
RGDG    0.02860030   -0.03565781   -0.00562578    0.00420198    0.01129468    0.00385884    0.03364440   -0.02418559
RIGA   -0.11156196    0.12638297    0.02594325   -0.01702231    0.04083762   -0.02142243    0.01678204    0.02851553
RIO2   -0.00863804   -0.00513107    0.01050107    0.02247198   -0.00675058   -0.01703115   -0.01383009    0.03006204
RIOG   -0.04837000   -0.06725178    0.02132963   -0.02897456   -0.02839278    0.00348773   -0.07554665   -0.05396892
RIOP   -0.37647141   -0.25347755    0.17424663   -0.02776404    0.08633967    0.18180175   -0.08493608   -0.03712037
ROSA    0.22931895   -0.12764950   -0.12385066   -0.03396913   -0.00934041    0.05986346    0.02884316    0.16215428
ROTH    0.12058741    0.00857421   -0.09261126   -0.06472353    0.04466846    0.00586093    0.02098225   -0.00961094
SALU   -0.21681521   -0.19414419   -0.18615866   -0.15629610    0.02601984   -0.01768370    0.06060024    0.06677251
SAMO    0.01951229    0.01157818   -0.02414685   -0.00625489    0.02977457    0.00850979   -0.06050613   -0.11875857
SANT   -0.48495586    0.26628819   -0.34604185    0.10579110   -0.05458072   -0.09322192    0.08396418   -0.00057465
SAVO   -0.04825953    0.14068318   -0.01596806   -0.04884833   -0.00647365   -0.01824411    0.02414378    0.01532701
SCH2    0.12350370   -0.19080374    0.01777825    0.05324605   -0.00541974    0.00444901   -0.00835447    0.01717209
SCOR    0.04780734   -0.00132177    0.02913286    0.02150961    0.02304813   -0.00558949    0.01919921   -0.00565197
SCRZ    0.21132291   -0.38076344    0.09848756    0.20688857    0.01351516    0.05030544   -0.20379157    0.08652691
SCTB    0.04148754    0.04518860   -0.00279326    0.00325263    0.00456458   -0.00069972    0.01667376    0.00039835
SCUB   -0.11349263   -0.31106543   -0.00717394   -0.12763927   -0.00116855   -0.00187152    0.01545584   -0.01142954
SELE   -0.39338010    0.41184505   -0.25916929   -0.27331298    0.14018403   -0.00512450    0.00791117    0.06427012
SEY1    0.07835318    0.16384905   -0.06182171   -0.12409756    0.01820273   -0.16644902    0.07494308    0.06120569
SEYG    0.45906166   -0.15073657    0.02594821   -0.08527473    0.02920900   -0.07928401   -0.13592909    0.04489006
SFER    0.01612461    0.05797452   -0.09174643   -0.01049877    0.03567151   -0.02078144   -0.00567324    0.02284650
SHAO    0.19107010    0.13535441   -0.01363941   -0.01936882   -0.04534759   -0.02998120   -0.01147032    0.00522700
SIMO    0.08799911    0.01431307    0.05818195   -0.05870893   -0.02624828    0.01507935    0.05520208   -0.19889312
SIO3    0.00980326   -0.06462298    0.13445544    0.20116970   -0.07058572   -0.14217941   -0.01585907    0.03038719
SMST    0.41033138   -0.06673199    0.00619546   -0.14200667   -0.06453542    0.02157200    0.04476730   -0.00660702
SOFI   -0.20283917   -0.11816907   -0.00539787   -0.01862633    0.00381993    0.03984365   -0.01097082    0.04145385
SOL1   -0.01798591    0.01701116   -0.03408028    0.01692426   -0.00928081   -0.06041151    0.04015999   -0.04359198
SOLA   -0.42260554    0.20349595    0.05563051   -0.27258136    0.11472570   -0.01335458    0.04999622    0.16758967
SPT0   -0.17621017   -0.04050469    0.01242087    0.01159651   -0.04969363    0.05165013    0.00718943   -0.04524811
SSIA    0.15766081   -0.27550581   -0.00981781    0.06791844    0.05365605   -0.06153529   -0.06109686    0.00656637
STHL    0.41728108    0.15418390    0.00537628    0.07104435    0.01287077   -0.03428183   -0.02175362    0.01359143
STJO   -0.10374719   -0.03837820    0.00818820   -0.01335023   -0.01343126    0.00557702   -0.01215696   -0.00133493
STK2    0.20376917    0.22128969   -0.04492999   -0.11258671   -0.00358695   -0.02876519    0.00791868    0.05963053
STR1    0.07004232    0.14168489   -0.01018100   -0.01966546   -0.01165031   -0.01960424   -0.00722494    0.01037498
STR2   -0.14402022    0.01766802   -0.00302998    0.02642144    0.01432488   -0.02396516   -0.02302676   -0.00140054
SUNM   -0.11299457   -0.16903026   -0.06942243   -0.08832498   -0.11744495    0.01487546   -0.09291244   -0.05297800
SUTH   -0.07639595   -0.06959174    0.01462269   -0.02261903   -0.00284431    0.00237413   -0.00240007    0.00878320
SUTM   -0.01404952   -0.12866890    0.02662657    0.01460509    0.00168016    0.01562451    0.00380419   -0.01842380
SUTV    0.08325094   -0.04584039    0.00719776    0.02065966    0.00159969    0.00721058    0.00329361   -0.03057573
SUWN    0.21763525    0.16591708   -0.01465771   -0.02752816    0.03537526    0.01968098    0.00795903   -0.01594936
SVTL   -0.10974964   -0.19262571   -0.07432917    0.06312961   -0.03535450    0.00466673    0.04094712   -0.03081513
SYDN    0.02638036    0.21352635   -0.00095496   -0.00494143   -0.01395966   -0.01353183   -0.00612758   -0.02212998
SYOG   -0.00029517   -0.02916627    0.03713348   -0.01081114   -0.02335801    0.03485886    0.01540844   -0.01168464
TABL    0.03484993   -0.03065319    0.00194629   -0.02881837   -0.00803088    0.01982631   -0.01644631    0.00075832
TABV    0.08504733   -0.02584516   -0.00957436   -0.00966836    0.03198810    0.00505431    0.03880238   -0.00129717
TAH1   -0.13601869    0.04411512   -0.06664297   -0.13159347    0.06847009    0.00540357   -0.01983973    0.01011928
TASH   -0.27725935    0.25976284    0.17582930    0.06183771   -0.09620428    0.03677602    0.02751556   -0.01961105
TCMS    0.45479088    0.32652261    0.01193586   -0.34040058   -0.13547898   -0.51184771   -0.07536163    0.13406008
TEHN    0.12537650    0.31538590   -0.05824641    0.43039056    0.23822957    0.23203607   -0.06583787   -0.10185153
THTG    0.23406145    0.13188271   -0.09903734   -0.11378380   -0.12641242    0.02007794   -0.10417340   -0.06022457
THTI    0.04391293    0.23250100    0.07996748    0.09442585    0.00339638    0.05030002   -0.05811284    0.03790068
THU1    0.10115822   -0.08946024    0.00905861    0.04506781    0.00085854   -0.02616720   -0.02278038   -0.05278715
THU2   -0.03742822    0.03371612   -0.01658693    0.03941609    0.05618683    0.03517140   -0.00501431   -0.02550891
THU3   -0.07319303   -0.04752767    0.00641773   -0.05580409   -0.01381721   -0.05433928   -0.02266697   -0.01051794
TID1   -0.13277706   -0.08865359   -0.00997849    0.00264539   -0.00220724    0.01707188    0.01350359    0.00644003
TIDB    0.07987514    0.11037151    0.00126646   -0.01274412    0.00799464   -0.01481988    0.01095471    0.01204977
TITZ    0.10240293   -0.01853571   -0.03486973   -0.07859669    0.01399455   -0.04505764   -0.01404990   -0.00661000
TIXG    0.00598793   -0.00775205   -0.00809039    0.00871007   -0.02989115   -0.00357865    0.00634641    0.03801703
TIXI    0.04088719   -0.03422690   -0.03016161   -0.00136197   -0.01568148    0.03291811   -0.00826276   -0.00760664
TIXJ   -0.08432441   -0.05119871    0.01045918   -0.06783079    0.04192001   -0.00739522    0.00453789    0.00314298
TLSE   -0.20429777   -0.07995166    0.08600356    0.04504088   -0.06011204   -0.02341142    0.02924718    0.03719448
TN22   -0.21056778    0.09105911   -0.02592948    0.01738920   -0.03108361   -0.06224795    0.00811444    0.07192647
TNML   -0.22539706    0.44331420    0.21685393    0.17345370   -0.14550562    0.36537973    0.11896551    0.14671679
TONG    0.11280489   -0.05838456    0.05947740   -0.03301592    0.09457685   -0.12149500   -0.05744419    0.14493054
TOUL   -0.02564917    0.09316813    0.16707728    0.01837287   -0.02029824   -0.03755998    0.02522368    0.06123112
TOW2    0.07317660   -0.05652341   -0.03682304    0.18932191    0.07419858   -0.00414473    0.06389662   -0.02688023
TRAB   -0.31380216   -0.61393412   -0.36018764   -0.19777040    0.00921706    0.08940004   -0.00211576   -0.20341080
TRO1   -0.14881377    0.24536075   -0.01980295   -0.02380267   -0.02473217   -0.03548830    0.01973247   -0.00120225
TROM   -0.22341546    0.00322453   -0.00275633   -0.00936644    0.00878428    0.01055209    0.02277428   -0.04224490
TSEA    0.22544283   -0.02911146   -0.00676667   -0.05106642    0.03369536   -0.00964031    0.05934138    0.04334641
TSKB    0.33408444    0.10567171    0.02891541   -0.11102488   -0.05693553    0.03960473    0.02749563   -0.00256989
TUVA    0.36403292   -0.10838745    0.00477646   -0.04245957   -0.00474752   -0.05058267    0.04982990    0.04086665
TWTF    0.32890237    0.17767014   -0.25225944    0.10743349    0.11182830    0.15805672   -0.04520507   -0.07716459
TXES   -0.16298178   -0.23486829   -0.09151821    0.06404437    0.07935898   -0.07066674   -0.08182972    0.02076567
UFPR    0.19611585    0.02403352    0.02184337   -0.01641689    0.03345562    0.00755487   -0.04766669   -0.02381629
ULAB    0.06283631   -0.01254600   -0.06231109    0.03184313    0.02795439    0.02803479   -0.01404784   -0.01000325
UNB3   -0.20141847   -0.05391575   -0.03116217    0.01878018    0.00077969    0.01927423    0.01603737   -0.00361476
UNBJ    0.11719521   -0.09432007    0.02598949    0.04340939   -0.01428882    0.00227990   -0.01606230    0.00911802
UNBN   -0.22286478   -0.08299518   -0.01793207   -0.01547735   -0.06013704    0.02942496    0.05363572    0.01270516
UNSA   -1.55911988   -0.16767113   -0.17005874   -0.32681960    0.18165936    0.21930891   -0.02447819    0.01279538
UNTR    0.18010410   -0.14388421    0.11631238    0.07864524    0.03057900    0.02804642   -0.00718444   -0.00243836
URUM    0.13316294   -0.04304484    0.06193975   -0.30151650   -0.02574931   -0.07416509    0.02733176    0.02444027
URUS    0.17148760    0.15285699    0.01487951    0.06574504   -0.14717756   -0.03194886   -0.03026216   -0.00283580
USN3    0.08127824    0.02971305   -0.01500885    0.01831656    0.08442564    0.01480557    0.03632551   -0.03967115
USNA   -0.01344155   -0.00331249    0.04365254   -0.01207452   -0.00124928   -0.05319307    0.02975427   -0.06384951
USNO    0.02662182   -0.05770324   -0.00106583   -0.01728641   -0.03877604   -0.08884432    0.00760925   -0.06844317
USUD    0.43929221    0.12177425   -0.09613311   -0.08141788   -0.05305495    0.02506991   -0.01059795    0.04060654
VACO   -0.24697649    0.10559939    0.04884352   -0.02570553    0.03117272   -0.00949120   -0.02110528   -0.00461349
VALD   -0.07055587    0.08623865    0.06358434    0.06982110   -0.00845357    0.00719009    0.00618250    0.01533307
VENE    0.16611459    0.22437213    0.22812037   -0.02727754    0.07381309   -0.08753058   -0.03603180   -0.00833782
VESL   -0.19022366    0.02640907   -0.03846926   -0.01712244    0.01239515    0.00735457   -0.01952929   -0.01326220
VIL0   -0.06486399   -0.11701394   -0.06053045   -0.02935749   -0.00571499    0.00515531   -0.00368594   -0.00791437
VILL   -0.03302849    0.06480863   -0.03751807    0.03817338    0.04158208   -0.00850078    0.01488349    0.00618584
VIS0   -0.06816969    0.09418210    0.06686100   -0.00926486    0.01378639   -0.03925268    0.01804902    0.02380900
VNDP    0.15950652   -0.08276383   -0.13632175    0.09401061    0.04370183   -0.00770409   -0.00864632   -0.03369114
VOIM    0.20561854   -0.04476203    0.25548790    0.04157949   -0.10350378   -0.03065139   -0.05477793   -0.07525611
VTSP   -0.03878884   -0.00454398   -0.00921023   -0.10132379    0.03026529   -0.00192621   -0.02559315   -0.03153505
WARK    0.07554989   -0.05779537   -0.00870782    0.02192849   -0.00625415   -0.00878150   -0.01381932    0.00591612
WDC1    0.07773426    0.02237793   -0.00672332    0.02832197    0.03680616   -0.01080598    0.01614154    0.03167903
WDC3    0.13483619   -0.05713574    0.09095526    0.08706068    0.04097534   -0.06322644   -0.06049696   -0.03391519
WEL1   -0.00974376    0.09242108    0.00430579   -0.07006551   -0.01923111    0.02854128   -0.00538923    0.01782444
WES2    0.12032300    0.11316943   -0.12131996   -0.03934720    0.02584144   -0.06221978   -0.00528325    0.05212182
WGTN   -0.02341638    0.04664768   -0.02706847   -0.03918915   -0.00420074   -0.00111721    0.01187771   -0.00242007
WHIT    0.00637188   -0.02088973   -0.02487699   -0.01560490    0.00793442   -0.03168373    0.02287817    0.00950834
WILL   -0.02292825   -0.03821886   -0.02343541    0.03931898    0.00447544   -0.01600701    0.00505769    0.00301145
WIND    0.01973964    0.20428665    0.01295290    0.08469890   -0.05548780   -0.00108664    0.04237173   -0.03947599
WROC   -0.14571421   -0.09980141   -0.03595566    0.01275415    0.00579854    0.06562144    0.00290260   -0.03023386
WSRT    0.09448514    0.06506082    0.00161169    0.01704099    0.00733198   -0.01314365    0.01704245    0.00252741
WTZA   -0.03209507   -0.12430335   -0.01603622   -0.06419868   -0.03469835   -0.01067884    0.00234717   -0.00734893
WTZL    0.17111058    0.19116515   -0.02356302    0.00210920    0.00906411    0.00423172   -0.02310142    0.00350234
WTZR    0.13678422   -0.06753959    0.05215749    0.04750647   -0.00696140    0.01287493   -0.00683620   -0.00998893
WTZZ   -0.18166902   -0.01033303   -0.00427427    0.06109065    0.01603859   -0.00656441    0.01612668   -0.01654321
WUHN    0.17165540    0.08051232   -0.04192655   -0.07356256    0.00953628   -0.02284532   -0.01272285    0.00334888
XIAN   -0.38984439   -0.62763650   -0.20154422   -0.19237805   -0.11284964   -0.09393343    0.04667259    0.12252390
XMIS   -0.32607181   -0.16973295    0.07519452   -0.07639006    0.02568285   -0.02166409    0.00036788   -0.01337941
YAKT   -0.23723945    0.29469045    0.06915614    0.08162943   -0.10493765    0.00737502   -0.10960663   -0.02409026
YAKZ   -0.09037144    0.06196300   -0.14037480    0.18637086   -0.00257393    0.06235172    0.00985350    0.00539709
YAR1    0.03421199   -0.01506635    0.14783817    0.03902465    0.04521502    0.00661753   -0.03891780    0.01297823
YAR2   -0.04155522    0.02997873   -0.09592295    0.01045935   -0.02085646    0.01537123    0.02044125    0.02148185
YAR3    0.03096913    0.03387739    0.10927069    0.03223778   -0.02240713   -0.02438165    0.00388587    0.04083411
YARR    0.03879639   -0.08177217   -0.08236858    0.06257768   -0.01984157   -0.02896367    0.03485407   -0.02607753
YCBA    0.04733998    0.22893815   -0.10137363    0.14319267    0.06169716   -0.06799542   -0.08435293   -0.04076886
YEBE   -0.08780884    0.10900927    0.03135624    0.01309992   -0.00564954   -0.00933883   -0.01362272   -0.01389589
YELL   -0.10522349    0.01341326   -0.02659209    0.07670415    0.05538739   -0.00934338    0.00267280    0.04616225
YIBL    0.95571930    0.34032209    0.33400858    0.02836266    0.05779379   -0.05030746    0.06526849   -0.07060271
YKRO   -0.26791958   -0.34343106   -0.13788929    0.18039124    0.17343981    0.21058550    0.02318112    0.07577224
YSSK    0.05368360   -0.06783995   -0.02563878    0.00511039   -0.03467817    0.04172631   -0.00778572   -0.00150546
ZAMB   -0.22441334   -0.01171616   -0.06870799    0.00654239    0.02650461    0.01890207   -0.02468102   -0.00910966
ZECK    0.14851832    0.18551114   -0.03085258    0.06327016   -0.00997412   -0.00467072    0.00251006    0.01729743
ZIM2    0.03841242   -0.07915476   -0.03793140   -0.08189123   -0.00111351   -0.01437771   -0.00554634   -0.01928386
ZIM3   -0.05814058   -0.04932189   -0.03645770    0.06492442    0.00586923    0.04441943    0.00868920   -0.07170352
ZIMJ    0.04313201   -0.08660003    0.07095697    0.03952336   -0.00103320    0.04911944    0.01259432    0.02058491
ZIMM    0.05797089   -0.05474686   -0.06206808    0.05987102   -0.02987261    0.04080923    0.02690218    0.00180835
ZWE2   -0.00395519   -0.17709378   -0.03777091   -0.01629076    0.05012775   -0.01160550    0.00678103   -0.01234155
ZWEN   -0.25565873    0.44371693    0.06697513   -0.05606050   -0.03509508    0.07074597    0.03014593   -0.04229547
