name cos1 sin1 cos2 sin2 cos3 sin3 cos4 sin4
ABMF   -0.20888799   -0.25240806   -0.05271945   -0.13810790   -0.08308548    0.13110441   -0.02257266    0.05507011
ABPO   -0.02343563   -0.15496415    0.04379714    0.16467700   -0.04837689   -0.01099023   -0.00439195   -0.00213344
ADE1   -0.02541254   -0.03869761    0.00931469    0.03386037   -0.01665459    0.00761486   -0.01896793   -0.03689190
ADIS    0.00563659    0.29437851   -0.05378423   -0.14794908   -0.21211261   -0.07708795    0.14794812    0.00246286
AIRA    0.41959707   -0.08089839   -0.03403407   -0.04301568   -0.03593124   -0.04312142   -0.02658614   -0.01191746
ALBH   -0.15650755   -0.06811105    0.07443750    0.04145737   -0.03980939   -0.04599711    0.02754123    0.02664438
ALGO   -0.18439295   -0.03161628   -0.13057983    0.01648864   -0.00862949   -0.02225123    0.02840243   -0.00703523
ALIC   -0.14134243    0.00150452   -0.06475730   -0.00044476   -0.02818394   -0.02460527    0.00607831    0.02369328
ALRT   -0.04673216    0.06980877    0.01594486    0.05917179    0.03602808    0.00359110   -0.01898022   -0.02872992
AMC2    0.06341547    0.47015408    0.16307696    0.00505867    0.05128110   -0.01140292    0.00480267   -0.04453720
ANKR   -0.43107526   -0.17075556   -0.11511347   -0.10754219    0.00414046    0.05451179    0.00170651   -0.00127038
ANTC   -0.02339742   -0.15209035   -0.09737688    0.10236628   -0.02091922   -0.09422246   -0.01999388    0.04170693
AOML    0.05045395    0.63175114    0.09656191    0.05515971    0.02483697   -0.04372026    0.01844254   -0.21229072
AREG    0.77344370   -0.26906820   -0.35885812   -0.29031267   -0.29745205   -0.23870622   -0.09829044   -0.09624424
AREQ    0.11476765   -0.31984615    0.42232775    0.23405447    0.30816103    0.02754215    0.11414375    0.02804543
AREV    0.22417725    0.13609059    0.57990743    0.07752313   -0.15095895    0.14763123    0.12282615   -0.11060771
ARTU    0.03138887   -0.04126031    0.00814471    0.07871451   -0.00958501    0.00155063    0.03639672    0.07512568
ASC1   -0.32823776   -0.31972392    0.05277457   -0.13198356   -0.00141703   -0.05182086   -0.07680633    0.03474903
ASCG    0.29522972   -0.47226105   -0.02281121    0.17723079   -0.03071350   -0.02926298   -0.02454022   -0.04480040
ASPA   -0.22249849    0.07679150   -0.00252372   -0.07435934   -0.03962172    0.01775089   -0.00391781    0.00277713
AUCK    0.08558448   -0.01210187    0.00180411    0.00435651   -0.00176695    0.01859886   -0.00527972   -0.00705453
AZGB   -0.01002033   -0.01248658   -0.06592831    0.02822986   -0.04692729    0.01617596    0.00286957    0.02168991
BADG    0.06358750    0.40152107    0.04634219   -0.06349313    0.02989510   -0.02951030    0.00885895   -0.04323990
BAKE   -0.03279513    0.13719217    0.00465564   -0.03837653    0.00550662   -0.00673100    0.00581487   -0.02536873
BAKO   -0.02303812    0.30120534    0.01932292    0.05613211    0.05618431   -0.09408885   -0.12195324   -0.02543275
BAN2   -0.03232904    0.25328977    0.23409423   -0.43411889   -0.05780515    0.10471930   -0.09225327    0.00593855
BARH    0.01468637   -0.06852687    0.05973964    0.00190142    0.00487808   -0.00193441    0.01017285    0.01239898
BDOS    0.25573326    0.08722774   -0.07321499   -0.08387535   -0.08172936   -0.01299618   -0.00077874    0.05347497
BHR1    0.25591858    0.92471401   -0.08083046    0.08954565   -0.20015419    0.33575813   -0.27009546    0.18108023
BILI   -0.07731413   -0.09664356   -0.04707631   -0.02008005   -0.03547292   -0.02533022   -0.04083317   -0.02929062
BISK   -0.10609477   -0.19288009   -0.00190340    0.00592762    0.01397108    0.01981710   -0.00673733   -0.00883652
BJCO    0.29161721   -0.02194145   -0.24697114   -0.28211037    0.24721939    0.23615335   -0.10369694    0.05778587
BJFS    0.13490795    0.16312188    0.08403121   -0.02856642    0.20011096    0.07401755    0.00200212   -0.09753713
BJNM    0.21814393   -0.19919143   -0.20814050    0.12986353   -0.15436044   -0.02565119    0.16733664    0.06005227
BNDY   -0.11374453   -0.11641292    0.03658682    0.03152253   -0.01663809    0.03242288   -0.04760707   -0.02336978
BOAV    0.12608526    0.13069283    0.11718189   -0.24633555   -0.03582626    0.11474509    0.03451095    0.01391877
BOGO   -0.20278440   -0.12207058    0.01369050    0.05160288   -0.01739348    0.04715936    0.02205705   -0.01823751
BOGT   -0.12729827    0.15295830    0.02745778    0.00100361    0.05545158   -0.01454762    0.01153301   -0.05772534
BOR1    0.11639149   -0.08029844    0.02895941   -0.02028727    0.04948702    0.01611162    0.03713814   -0.03545098
BRAZ   -0.21360962   -0.06037245   -0.09138378    0.04128253   -0.06547214   -0.00080949   -0.03955790    0.02032137
BREW    0.28407867   -0.00580463   -0.08104199   -0.34115473    0.03614964    0.02027390   -0.00657737   -0.04551955
BRFT   -0.64380882   -0.13637521    0.04624174    0.10172314   -0.01302970    0.10113252    0.01875792    0.03251206
BRMU    0.09229041    0.12699777    0.01291226   -0.07322984    0.00185453    0.03273747   -0.01217076   -0.01458876
BRST   -0.13269747   -0.01730245    0.01924215    0.04869506    0.02560936   -0.01183593    0.02118417    0.00541158
BRUS   -0.00633431   -0.01190495   -0.02545636   -0.03897746    0.01259046    0.03831541   -0.00691685    0.00998151
BRUX   -0.16551079    0.03495708    0.06708954    0.01503023    0.02878316   -0.02024427   -0.03717360    0.02091823
BSHM    0.12055212    0.18027419    0.09866892    0.07070108    0.08442647   -0.00484861    0.00717092   -0.02946701
BUE2    0.06963283   -0.14724271    0.01133534    0.03400558   -0.12640090    0.09882806   -0.03687624   -0.03437871
CAGL    0.30672019   -0.11184056   -0.02080474    0.01943389   -0.03574861   -0.01141388    0.01595633    0.01913901
CAGS   -0.00614678   -0.00854048   -0.08939001    0.00145494    0.00465417   -0.06188819    0.02903957    0.00024462
CAGZ   -0.05284699   -0.25324375    0.02617268    0.00121884    0.02308966   -0.06332833   -0.00630524    0.03641035
CALL   -0.25298670   -0.57589303   -0.11399783    0.39257556    0.21335267   -0.10578085   -0.02728041    0.00156525
CARR    0.09442025    0.40419868   -0.11832486    0.27623679   -0.05694313    0.04375465   -0.05128181    0.08773855
CAS1   -0.01394017    0.01034162   -0.01943453   -0.00421416   -0.02302312    0.01491207    0.00424020   -0.00084652
CCJ2    0.07544535    0.30320383    0.01146706   -0.10231937    0.12206907    0.00654100   -0.05391902   -0.00116331
CCJM    0.09901445    0.29135445   -0.09922440   -0.05386410   -0.00632293    0.00389882   -0.01529033   -0.01764991
CEDU    0.09166358    0.25912950    0.01703378    0.01397725   -0.00627422    0.02601127    0.04605801    0.00670175
CFAG   -0.01044362   -0.23561909    0.18408088   -0.19722332    0.01340871    0.01596838    0.02198186   -0.13231929
CGGN    0.15326776    0.07436572   -0.10427722   -0.14394342    0.00996962    0.46343549   -0.01242002   -0.02006568
CHAN    0.13247328   -0.09860418   -0.04587061   -0.03079663   -0.03473725    0.01763330   -0.01959809   -0.00598293
CHAT    0.07104797   -0.15718340    0.04428659   -0.00789228    0.00475825    0.03551602   -0.00994481    0.01006981
CHPG   -0.54387429   -0.10262209    0.16001848   -0.19835382    0.09117479    0.00835552    0.01336192    0.00594042
CHPI   -0.02151688    0.26980018   -0.10487293    0.13395041    0.03774399    0.08919860   -0.00134636    0.00435770
CHTI   -0.06091425   -0.09378713   -0.03621816   -0.01025080    0.00690947   -0.03437749   -0.00252886   -0.00964773
CHUM    0.14986079    0.25113258    0.58448136   -0.20535465   -0.06303979   -0.18047936    0.00603103   -0.06421112
CHUR    0.04715229    0.11028191    0.00825323    0.00137462    0.00338522    0.02103543   -0.00561916    0.00145360
CIC1   -0.02337591    0.16618270   -0.19249553   -0.05711084    0.08870869   -0.04032353   -0.02590675    0.01405669
CICE    0.06081142   -0.47434816   -0.09567692    0.06288275    0.04109183   -0.08569138    0.04249099   -0.04323448
CKIS    0.07430158    0.03793415    0.02876332    0.06185678    0.00770710    0.07196222    0.07509391   -0.00198488
CNMR   -0.01084034    0.09863256    0.18336384    0.08291921    0.02919278    0.11273682    0.02065679   -0.03863002
COCO   -0.12386787   -0.15175014    0.05002629    0.09469039   -0.03566786   -0.00782338    0.01957347   -0.03541849
CONZ   -0.08653028    0.16417189   -0.01831223    0.05576436    0.01503000    0.02648059    0.02123346   -0.00683109
CORD   -0.01130753    0.21508174    0.16833734   -0.17143819   -0.05536772    0.01361883    0.03657490    0.01426563
COYQ    0.12844196    0.00472281    0.01498872   -0.01262108    0.02891828   -0.02048252    0.01600025   -0.00715738
CPVG    0.13393675    0.12362180    0.01821432   -0.17657322    0.12050933   -0.01935024    0.04085407    0.01527810
CPXF   -0.00803589    0.06382875    0.01069706   -0.00546874    0.02355672   -0.03115569    0.01053746   -0.03247987
CRAO    0.00840395   -0.25298041    0.03127830   -0.10107749    0.05969387   -0.01553601   -0.01066353    0.04377177
CRAR   -0.07325517   -0.06627119   -0.03924231   -0.00363866   -0.01028410    0.00808875   -0.00854828   -0.00173026
CRO1   -0.15800283   -0.26925654   -0.00474539   -0.02682721    0.04896957   -0.09241615    0.00048297   -0.04049367
CTWN   -0.04592192   -0.06340738    0.04326330    0.06281526    0.03866059   -0.04848431   -0.03242746    0.08258695
DAEJ    0.16461232   -0.14017485    0.06927576    0.08131177    0.01766354    0.04093070   -0.01121121   -0.00135014
DAKA   -0.25929202   -0.15215317   -0.01699212    0.07250881    0.01698469   -0.18334406   -0.01346752    0.05436416
DARW   -0.32123882   -0.52076691    0.20544449    0.29078595   -0.12681141   -0.05499744    0.04609408   -0.01969375
DAV1    0.06837748   -0.03221738   -0.04326403    0.01488907    0.00293115   -0.00109749   -0.00573340    0.00082916
DAVR   -0.06285713   -0.11383654    0.01106967   -0.00737912    0.03093476    0.00659186   -0.00011797   -0.01201585
DGAR   -0.12562163   -0.06567224   -0.13427525    0.02045279    0.08283554    0.04973358   -0.00130367    0.03731076
DGAV   -0.02275258    0.17616489   -0.01667046   -0.10656257    0.01526392    0.03137457   -0.01414001    0.00068611
DRAG   -0.84867145    0.04250452    0.32396543   -0.17724016   -0.16260926    0.09635474    0.02631543   -0.02124023
DRAO    0.00465167   -0.22488881   -0.35551134    0.08882890    0.00697634    0.01556468    0.04451510    0.00058878
DUBO   -0.05282817   -0.04387144    0.04296110   -0.04349732   -0.00178300    0.04106434    0.04394897   -0.01890059
DUM1   -0.03503034   -0.05184920   -0.00772378   -0.06407178   -0.03098899    0.03400512   -0.01796393    0.01108798
EIL1    0.13631573   -0.02197560   -0.00100211    0.04287007   -0.06256811   -0.00368498    0.04059603    0.04971900
EISL    0.15667646    0.37102186    0.17100097    0.02365927   -0.08526963   -0.09968499    0.03576003    0.00920861
EPRT   -0.00269886   -0.14889810    0.02382049   -0.00240691    0.01833356   -0.03769394    0.01746563   -0.00402621
ETAD   -0.29352112   -0.26427623    0.06082497    0.14721954   -0.25178196   -0.01257342    0.14342320    0.17727925
FAA1   -0.10454536    0.24418687   -0.01742570    0.05069411   -0.06597185   -0.01559318   -0.01388059   -0.06122680
FAIR    0.01905921    0.03955004   -0.02062891   -0.02447750    0.01447100    0.03889993   -0.06500527   -0.01366832
FAIV    0.07769853    0.01015201   -0.09906739   -0.09857715   -0.01634324    0.07423727   -0.00393151   -0.00081363
FALE    0.05881304    0.15057466    0.06010869    0.07679018    0.01796663    0.01421022   -0.00815395    0.06405616
FLIN    0.15817484    0.12648701   -0.06252199   -0.00962849   -0.03083926    0.00172048   -0.00580599    0.02444555
FLRS    0.14868594    0.00648116    0.07477696   -0.05389332    0.04878234    0.01643360   -0.02899825   -0.00228307
FORT    0.05204066    0.97184427    0.06086351    0.17407279    0.04880260   -0.04283963    0.08640247   -0.09289779
FRDN   -0.18939725   -0.08706269   -0.04822585    0.04586938    0.00525793    0.01089017    0.01803471    0.00325065
FTNA    0.32508419    0.00231906    0.05376437   -0.07782736   -0.16609214    0.04519582   -0.07988839    0.01746179
FUNC    0.41538090    0.14229804   -0.12505383   -0.00659249   -0.02473144    0.06653853   -0.02688115   -0.08678297
GALA    0.10077901   -0.20803318    0.06738176    0.10894779   -0.36374221   -0.12170717   -0.05452786    0.04327640
GANP    0.09889285   -0.12925051   -0.06027950   -0.00983968    0.00894872    0.01522224    0.03029019   -0.01900577
GLPS    0.12366228   -0.13624507   -0.01760550    0.32947232   -0.06272525   -0.18782699    0.02548032   -0.15189642
GLSV   -0.06574314    0.05312006   -0.03231259    0.00401006    0.01527917   -0.02807847    0.01823785   -0.02015536
GMAS   -0.04326231   -0.59495243   -0.11226846    0.15688704   -0.13199366    0.00764390    0.01906258    0.09252359
GMSD    0.10515667    0.29973814    0.11142247    0.00486788   -0.03282504   -0.03143754    0.02276878    0.02648621
GODE   -0.57795519   -0.15879452    0.09033337    0.10331890   -0.04962835    0.02745781    0.02747381   -0.03819662
GODZ    0.04786756    0.04196386   -0.01666295   -0.01107841   -0.07009587   -0.08902151    0.00846804   -0.03212815
GOL2   -0.08063902    0.06348790    0.00042718   -0.04131185    0.05121669    0.00262041   -0.00527400   -0.06724728
GOLD   -0.05682018    0.01739467    0.02707136    0.02081312   -0.05349767    0.00191296   -0.01496266   -0.00247743
GOPE    0.11569044   -0.10005132    0.05535293    0.01584948    0.02299696    0.03881224    0.01599274   -0.01153005
GOUG   -0.18198234    0.00157064   -0.02083059   -0.01197244   -0.01227853    0.10341017   -0.00077185    0.01221193
GRAS    0.06928443   -0.14113147    0.05494721    0.03891749    0.03097019    0.01150934   -0.04153706    0.00371166
GRAZ   -0.04833029   -0.08022987   -0.04477425    0.07892923   -0.03087156   -0.00211685    0.02557978    0.01400293
GUAM   -0.34180202   -0.01269902    0.10208866    0.05174781   -0.00082842   -0.15396883    0.02025427    0.00175761
GUAO   -0.43245264    0.17972864   -0.26456489    0.19282900   -0.03510418   -0.10066403    0.05409800   -0.06482149
GUAT    0.32418877   -0.06014151    0.01084526   -0.00039483   -0.06860809   -0.00449918   -0.00061628   -0.01178313
GUUG    0.11328586   -0.02529969    0.14220065   -0.02215894    0.07439647    0.00241687    0.02953160   -0.04237844
HARB    0.07675495    0.05283598   -0.05384500   -0.07203499    0.05963641    0.06371444   -0.00383261    0.01488573
HERS   -0.01173500   -0.03496872   -0.00220967    0.02526637    0.04779341    0.01040475   -0.03100323   -0.01974674
HERT   -0.05887032    0.00808762    0.03236249   -0.01584539   -0.04682453   -0.01631736    0.03880303   -0.00803542
HLFX   -0.08702777   -0.06102538   -0.04080569   -0.02857422   -0.00914056   -0.00084663    0.01421414    0.01364031
HNLC    0.07326208   -0.01512179    0.12281461    0.06215696   -0.04754336    0.10099976   -0.02875861    0.01273857
HNPT   -0.11193615   -0.11447930   -0.01460944    0.06336598   -0.01977844   -0.06818443    0.02591727    0.05938277
HOB2   -0.13126611   -0.12500772    0.02238083   -0.02622242    0.01048825    0.01515640   -0.00290863    0.00693362
HOFN    0.11311823    0.00685447    0.00815342   -0.03599082    0.01282753    0.01328605    0.00408530    0.02567251
HOLB   -0.01505372    0.02097848    0.07340291    0.02001962   -0.03462084    0.00220599    0.01785826    0.02725631
HOLM   -0.05433323   -0.08048544   -0.07706559    0.00138964   -0.00312660   -0.01070020    0.04462532    0.01084933
HRAO    0.13602022    0.02095167   -0.07830317    0.06357589   -0.01964750   -0.09570787   -0.00648975   -0.02496687
HRM1    0.00048356   -0.05454247    0.03011893   -0.02094180   -0.05973818   -0.02320474    0.00947184   -0.00889110
HYDE   -0.12300835    0.03814939    0.36622293    0.23260492    0.06145477   -0.03751137    0.05081855    0.07677577
IDDR   -0.00972592   -0.08361971    0.18995348    0.04044646   -0.07326174    0.06870461   -0.01068810   -0.04626040
IISC   -0.19651601    0.28922026    0.01818639   -0.19382248    0.01657678   -0.01559958   -0.02968721    0.08964989
ILHA    0.35248149   -0.13776842   -0.09451440    0.07504864    0.01322971   -0.00772218    0.04302203   -0.12244401
IMPZ    1.25275177    0.31844783   -0.17992560   -0.29306381    0.01037921    0.14722063    0.04106757   -0.09668136
INEG    0.01829890    0.23888395   -0.01937186    0.04616889    0.02482849    0.05348962   -0.05689208    0.01513247
INVK   -0.07497154   -0.04555349    0.03515588   -0.03910272   -0.02176679    0.02171931   -0.04787570    0.02032566
IQAL   -0.02453278   -0.03202498   -0.02184682   -0.01366114   -0.00003043    0.01212590    0.00426058   -0.01302278
IQUI    0.14931803   -0.18074877   -0.00960315    0.05934014   -0.12434486    0.01172720    0.02677828   -0.06244739
IRKJ    0.05776261    0.07890553    0.03797649    0.09156902    0.01917528    0.01790256   -0.05552302    0.00866374
IRKT    0.12903898   -0.15525232    0.13606668   -0.02123847    0.00597865    0.00961572    0.01158798   -0.07758593
ISBA   -0.29171407   -0.35753134    0.05796396    0.27128287    0.03593556   -0.08286067    0.00008565   -0.00768238
ISPA   -0.18623113    0.01316753    0.01184799   -0.07561341    0.00339979   -0.02031641   -0.03014568    0.00199165
JAB1   -0.43431826   -0.37287834    0.20738080   -0.14921497    0.16403397    0.08753306    0.10517684    0.01748877
JOG2    0.28383597    0.08391216   -0.06193011   -0.06224944   -0.12867294   -0.03423513    0.02482857    0.04818371
JOZ2    0.04547390   -0.20497196   -0.02221413   -0.02478017    0.01589383   -0.04685516   -0.02771648    0.01427820
JOZE   -0.17572662   -0.09825942   -0.03230020    0.00918201   -0.00237893    0.04451933   -0.02308877   -0.04616700
JPLM    0.05322341   -0.02142791    0.09229153    0.11120215   -0.00128876   -0.06595423    0.01447686   -0.05631574
JPLV    0.07719889    0.06365601   -0.01365700   -0.19902135    0.04815444   -0.02779531    0.07466288    0.04459462
KARR    0.55888287    0.00974919    0.06028038   -0.11757339   -0.12811417    0.02247038    0.03685550    0.03510970
KAT1   -0.19424541   -0.33007178    0.17300973    0.48755913   -0.04847107   -0.06350161    0.05629617   -0.01692385
KELY    0.05794288   -0.11001096    0.07187005   -0.05754721    0.02832759   -0.00112489    0.01123664   -0.01031470
KERG   -0.04856451   -0.04811980    0.01391265   -0.01162596    0.02180471    0.01222634   -0.00566172   -0.00775018
KGNI   -0.27374613    0.45326432   -0.05114667    0.05604761   -0.02769402    0.04674069    0.00417454   -0.00186019
KHAJ    0.21197083    0.00953562    0.01385410   -0.01456195   -0.07372314   -0.05271207   -0.06146383   -0.06718601
KHAR   -0.05618528   -0.07875239   -0.02462056   -0.02976982    0.01908977    0.04075466    0.04741023   -0.00831845
KIR0   -0.08876720    0.06084486    0.05563777    0.00102147   -0.01325414    0.01132229    0.01058681    0.00170306
KIRI    0.14059428   -0.00254677    0.09027379   -0.21613536    0.05087538    0.01551539    0.03700743    0.01067268
KIRU   -0.17317278   -0.04208076   -0.02194231    0.07230808    0.01412141   -0.01513502   -0.01374125   -0.03074733
KIT3    0.41523878   -0.61734867   -0.04451704   -0.46710043   -0.21023610   -0.19692963   -0.06198460   -0.04357346
KOKB   -0.09022268   -0.03390502    0.09242049   -0.05398285   -0.08104034   -0.01452499    0.03969899    0.01019862
KOKV    0.07799757   -0.08856795   -0.10750214    0.04185338   -0.06180248    0.03357434   -0.01149800    0.00974332
KOSG    0.02135638    0.05060658   -0.02512116   -0.00252457   -0.00758323   -0.01157264    0.01982041   -0.00847053
KOU1    0.07735848    0.28320256    0.07095048   -0.17208683   -0.01593050    0.02459049    0.12730094   -0.09602193
KOUC    0.11564840   -0.22724927   -0.06634474    0.00285578   -0.01433471   -0.02906079   -0.02577676    0.10124665
KOUG    0.25658199    0.36697021   -0.21304616   -0.20061530    0.00685108    0.07677210    0.09258530    0.01167887
KOUR   -0.00129920    0.23150543    0.07232647   -0.22982937   -0.05339005    0.00004758   -0.03722716    0.05135937
KRGG   -0.01488403    0.02780791    0.01120444    0.03601842   -0.00281865    0.01408011    0.01986617    0.00396651
KSMV   -0.14011228    0.31498718   -0.13048504    0.06430137   -0.02903515    0.07303235    0.00758571    0.00022612
KSTU    0.01835456   -0.21225438   -0.00443854    0.03177458   -0.03018310    0.01832463    0.02099162    0.03559038
KUNM   -0.05791891    0.42021708   -0.01208020    0.11531658   -0.06748559   -0.01779082   -0.00062497   -0.07181395
KWJ1   -0.28534600    0.07205974    0.24055618   -0.11659619    0.03283634    0.04193223    0.00823594   -0.17087680
LAE1    0.73427117    0.64009930   -0.00467821    0.19609609   -0.05343266    0.09263978   -0.24530791    0.01910159
LAMA   -0.06897910   -0.10349029   -0.03344108    0.01118070   -0.03509293    0.02781530    0.03525161   -0.03211473
LAUT    0.47310326   -0.00417309    0.18358139   -0.03375712    0.04309908   -0.05827489   -0.12777100   -0.01657887
LHAS   -0.63313449   -0.36005753    0.23844741    0.06221856   -0.17769925    0.04789315    0.03494594   -0.01537954
LHAZ    0.07170193    0.66872668   -0.10005997    0.21045422   -0.13500270    0.14121452   -0.06592101    0.00848781
LMMF   -0.08040247   -0.11851194    0.07521697   -0.07662741   -0.03499092    0.03318419    0.01585892   -0.01109147
LPAL    0.15987492    0.02869014    0.09160688    0.06558613   -0.01363600   -0.00500920    0.00194542    0.00521840
LPGS    0.04485883    0.18331342    0.07074469    0.00083412   -0.03296600   -0.01854635   -0.02773464    0.02712265
M0SE    0.11142159    0.06843104   -0.10889939    0.00277693   -0.03083595    0.00295367    0.01298739    0.00730496
MAC1    0.07219235    0.03786356   -0.01193976    0.01688984   -0.01702025    0.00636051    0.00242395   -0.00328816
MAD2   -0.00832993    0.05210277   -0.04972899    0.01533529   -0.00909775    0.01676995   -0.01367274    0.01860593
MADR    0.09776741   -0.04749070   -0.08486224   -0.02991639   -0.18412178   -0.07130135   -0.05393898    0.05711677
MAG0   -0.02425330    0.00859068    0.00601571    0.06055182   -0.02978671   -0.02803731    0.00858780    0.02791321
MAJU    0.30665770   -0.00770750    0.07893420   -0.05011897   -0.00062052   -0.04667910   -0.02276977    0.00895657
MAL2   -0.24317997   -0.25752634   -0.17510177   -0.25141761   -0.17762402    0.04626461    0.13537634    0.15047338
MALD    0.23134321   -0.06342508   -0.21373439   -0.24586649   -0.23041382   -0.00115421    0.00536945   -0.05486671
MALI    0.24591760    0.33272828    0.04722300   -0.22020768    0.03471430    0.16065708   -0.09634823    0.12549563
MANA    0.13606102    0.69025515    0.34604452   -0.04711809    0.17593727    0.04947724   -0.00685794    0.00689180
MAS1   -0.64253676    0.45194713   -0.08729452   -0.03629456   -0.02324274    0.00781039   -0.02634147   -0.00639887
MAT1    0.01575190    0.00270377   -0.07786776    0.00275767   -0.01735683   -0.01060164   -0.02289690    0.01178447
MATE   -0.00064039    0.01097973    0.00077210    0.07554899   -0.00066983   -0.01394168    0.02678563   -0.01037326
MAUI   -0.13318559   -0.02303095    0.01809104   -0.00084183    0.02954128    0.01421542    0.05313976    0.00017992
MAW1   -0.01712103   -0.00149079   -0.01122995   -0.02052034   -0.01176381   -0.00782346   -0.00791980    0.00111758
MBAR   -0.14999535   -0.18526877   -0.12213105    0.13746761    0.03746269    0.02070941   -0.08403621   -0.04108101
MCIL   -0.16049478    0.11453851    0.05119701    0.02353479    0.09599058   -0.01808005    0.00688054    0.02434641
MCM4   -0.09331765    0.02353112   -0.01686416   -0.01577109   -0.00932086    0.00574283   -0.00667441    0.00240151
MDO1    0.12112747   -0.06542129   -0.04069298    0.04826256   -0.04228657   -0.01353160    0.00940830    0.00591924
MDVJ   -0.06580867    0.04063985   -0.00198931    0.01567291   -0.01144662   -0.02313831    0.01056146    0.01388541
MDVO   -0.11957391    0.28648778    0.03916873   -0.30491057   -0.07429340   -0.08285493    0.00898685    0.07251004
MEDI   -0.18976586    0.03881214    0.07926695   -0.09100839   -0.00432442    0.02179499   -0.02538508    0.01327172
METS   -0.15032409   -0.08624441   -0.00859059    0.05749668   -0.02031481    0.00625117   -0.00201397   -0.01699149
METZ   -0.08721874   -0.12877295   -0.04436108   -0.02419334    0.01880885   -0.00747919    0.01809176    0.01996362
MGUE   -0.10891227   -0.18677540   -0.11118247   -0.05723756    0.04925699    0.00356795    0.05273579    0.00324070
MIZU    0.12454079   -0.01669009   -0.06035381    0.09646014   -0.00294907    0.02762339   -0.01945432   -0.03095396
MKEA    0.02029413   -0.09389254    0.01715212   -0.02157688    0.01400578   -0.00765297    0.00371942    0.00017121
MNLS    0.02104940   -0.02146998    0.03086885    0.00084078    0.01865879    0.01673639    0.00846475   -0.00887608
MOBJ    0.13636585   -0.05260663   -0.02097376   -0.04081913   -0.01291349   -0.02703285   -0.00910401    0.00268663
MOBK    0.16445886   -0.08253227   -0.02064304   -0.05307484   -0.02235574    0.01151470   -0.01812790   -0.01008884
MOBS    0.02308992    0.16021011    0.03962122   -0.00481258   -0.00525085    0.01417318    0.00425738   -0.01030078
MONP   -0.02737361    0.00491561   -0.00872470   -0.01057844    0.00748006   -0.02365125   -0.00873759   -0.00670052
MORP    0.13727154    0.08494591   -0.04636612    0.02321727    0.00841527   -0.02520223    0.02506914   -0.00280217
MQZG    0.04534621   -0.00171399   -0.02247958    0.00313769   -0.02157975   -0.00332528   -0.02003583    0.02480525
MRO1   -0.23880314   -0.01398341   -0.00843193   -0.08293727    0.05196497   -0.04552934    0.00556808   -0.03110448
MSKU    0.14032998    0.18115776   -0.40441626    0.08976959   -0.22778809    0.04176855    0.21991793   -0.08059048
MTKA   -0.03228589    0.56120650    0.14935440    0.18996507    0.08255821   -0.00993476   -0.00252050   -0.00098659
NAIN   -0.14260630    0.02175636    0.04714759    0.04134025   -0.00222683   -0.00883494   -0.00151353   -0.00138631
NANO    0.02703228    0.22242996   -0.06799437   -0.03047340   -0.00545217   -0.04263147    0.00987130   -0.01888591
NAUR    0.04839312   -0.22234412    0.01250573    0.08423331   -0.04854668    0.00913699    0.04854564   -0.01863476
NICO   -0.17998111   -0.22593798    0.05898971   -0.07428236   -0.00002308    0.00391188    0.01114895    0.01429524
NIST   -0.17841201   -0.14497670    0.04088910    0.04284517   -0.02636396    0.01134967    0.01222264   -0.06452853
NIUM    0.18849967   -0.03807178    0.03407634   -0.01618567    0.09286956   -0.04607045    0.06888167   -0.01793042
NKLG    0.12476868    0.22090134   -0.34795767   -0.23553758    0.21185530   -0.09099666    0.17749318   -0.01809712
NLIB    0.12788036    0.14859791   -0.00692432   -0.07580791    0.00440042   -0.03692626    0.03248346    0.05459411
NNOR   -0.04772071   -0.01221730    0.06148046    0.02808086    0.02248888   -0.02050915   -0.00120458    0.03845489
NOT1    0.06226022   -0.19365380    0.04072739   -0.14747809    0.01315735   -0.07564116   -0.03227448    0.05170852
NOTO   -0.07598155    0.04789486   -0.06274589   -0.18960509   -0.07910917   -0.07928069   -0.11872618    0.05614469
NOUM    0.11382535    0.30232446   -0.01530527    0.12685028   -0.11563465    0.06006672    0.04908822   -0.00835949
NOVM   -0.00748063   -0.12720680   -0.02840593   -0.06279147   -0.01992031    0.05789885   -0.02512907   -0.00307204
NRC1    0.13797921    0.12140962   -0.09777707   -0.01610673   -0.04839479    0.00425346   -0.00845930    0.00896010
NRIL    0.04543475   -0.07702387   -0.02376044   -0.04435299   -0.00292929   -0.00333328    0.02454084    0.01726758
NRMD   -0.04115566   -0.39448821    0.04239650    0.01182784   -0.07487454    0.02444227    0.03540278    0.01655767
NSSP    0.03159531    0.07654278   -0.12395038    0.12716977   -0.02228678   -0.22128726   -0.02716556    0.09575709
NTUS   -0.12348529    0.17673800   -0.06769407   -0.00053635    0.03367811   -0.05761251   -0.00030134   -0.00262804
NURK    0.37316804    0.34042990   -0.46664401   -0.29014739    0.19546130    0.07465059   -0.15295886   -0.07683174
NVSK    0.32336727    0.02319503   -0.13085940    0.03536589   -0.04286252    0.05375330    0.16953508   -0.01636437
NYA1    0.04370961    0.03724685   -0.00766874    0.03709870   -0.02590016    0.00816420    0.00998628    0.00146415
NYAL   -0.06715958    0.06001239   -0.02806613   -0.03762481    0.03093774   -0.00568039   -0.00556827   -0.01284444
OHI2    0.06555492   -0.04816871   -0.01028795   -0.07411302   -0.00911680   -0.00177667   -0.02505405    0.00707877
OHI3    0.04686350   -0.04585410    0.01697485   -0.06777961   -0.00810608    0.00236991   -0.01224164   -0.01906229
OHIG    0.01446875    0.05044204   -0.05027282   -0.08299724   -0.02489172    0.03937395    0.02387001   -0.00094733
ONSA   -0.09466389   -0.02692509   -0.01006576    0.03599803   -0.04094963    0.06748392   -0.00571730   -0.04799252
OPMT   -0.13918174   -0.15987771   -0.02796048    0.06779788    0.03015559    0.07038396    0.01966769   -0.04623642
OS0G    0.06429219    0.02420663    0.01483693   -0.04531113   -0.00592767    0.02335921   -0.02047820   -0.06117174
OSN1   -0.06202416    0.28562547    0.04757695    0.01256875    0.04762817   -0.04553044    0.00383345   -0.05588851
OUS2    0.00324372   -0.03503099   -0.04780718   -0.00536359   -0.00036532   -0.01271242    0.01399778    0.00685723
PADO    0.04224553   -0.01333940   -0.04189900    0.07217638   -0.06986507   -0.04818915    0.11837074    0.09111613
PALM   -0.05856532   -0.02987297    0.01441762   -0.02601669    0.00069175    0.01708792    0.00496261    0.00744681
PALV   -0.05042778   -0.03290818    0.03871949   -0.01832075   -0.01345120    0.03560268   -0.02483821   -0.02214013
PARC    0.03128618   -0.07771205   -0.01597242    0.03071246   -0.00581766   -0.01575830   -0.01403823    0.01632901
PARK    0.09064028    0.03646368   -0.06148510   -0.01906497   -0.00940149    0.00837770    0.02652863   -0.02044529
PBRI   -0.17772222    0.04039481   -0.06721007    0.12357177   -0.21803737    0.08061917    0.00830720    0.03389878
PDEL    0.08699582   -0.03129052   -0.04094547    0.06865616    0.00650802   -0.03155625   -0.00179719    0.00018427
PENC    0.00182983    0.26085576   -0.09471018    0.00476686   -0.02210592    0.04478354   -0.02826636    0.00203732
PERT   -0.10584010   -0.07117189    0.01433886    0.02034387   -0.03880213    0.03293491   -0.00871316    0.00818603
PETP    0.06255274    0.00997914   -0.00330665   -0.08113024    0.00668999   -0.08336661    0.00276253   -0.02785299
PFA2    0.05332455   -0.08515553   -0.28703975    0.00141964   -0.03186522   -0.02042225   -0.00749507    0.02546635
PIE1    0.16924772    0.01465003   -0.06082933   -0.00178992   -0.02331946   -0.01293777    0.01074756    0.00425143
PIMO    0.25370342   -0.17929201    0.16667440    0.06434280    0.16123333    0.01807529    0.02698803    0.06255882
POHN   -0.12048028    0.14042734    0.16070954   -0.09373174    0.02821967    0.05036626    0.01465185    0.00704621
POL2    0.00699083    0.83230344   -0.47270618    0.04311832    0.06948343   -0.04399775    0.05060812    0.08318583
POLV   -0.00627443    0.02095517    0.01193161   -0.00346153    0.00432942    0.00339666    0.00648017   -0.03900894
POTS    0.05496880   -0.15751029    0.02860792   -0.03314390    0.00049153   -0.04646339   -0.01478056    0.00125051
POVE   -0.16988132    0.06981865   -0.26676483    0.07377999   -0.10771611   -0.09706733    0.00100947   -0.02423762
PRDS   -0.07770749   -0.01288321    0.12360184    0.00301497   -0.07166837    0.09162665   -0.06047384   -0.02951998
PRE1   -0.12239138   -0.13035731   -0.06195860    0.11118485   -0.04185767    0.03505406   -0.01283331    0.03786303
PTAG    0.10726919    0.02394591   -0.05321228    0.09336266   -0.12204641   -0.03682856    0.06638268   -0.01509768
PTBB   -0.08933808   -0.08049248   -0.03325616    0.05629787    0.00314656   -0.01373352    0.03514419   -0.00168148
PTVL    0.25279183    0.17659606    0.04040734    0.09832110   -0.04177995    0.03374226   -0.05959672    0.00100027
PVEP   -0.13985747   -0.33515048    0.15121018    0.03922953   -0.11713675   -0.11972479    0.06146099    0.17094465
QAQ1   -0.01980044   -0.22459673   -0.12143054    0.02953924    0.04686160    0.05373523   -0.00518606   -0.00423492
QUI2    0.12805516    0.12851542   -0.03340364    0.14564629    0.00746605    0.08759426   -0.02875344    0.03544461
QUIN    0.22596388    0.02715924   -0.22541014    0.00238808    0.07914356    0.01525151   -0.05683308    0.01026670
RABT    0.07668581    0.28580962   -0.09095388    0.06692650    0.02934245    0.00832296   -0.05447947    0.02272228
RAMO    0.06602827    0.07770132    0.03334650   -0.02082443    0.01778736   -0.00123936   -0.00530697    0.00479526
RBAY    0.24296028   -0.18635554    0.01818231    0.02843423    0.02973544    0.02637079   -0.02071635    0.02187950
RCMN    0.01476451    0.07916722   -0.10674453   -0.04821446    0.02736663    0.01097791    0.12368236   -0.04494858
RECF    0.01764571   -0.15749812    0.12133156    0.00968193   -0.03816593   -0.06391598   -0.00626690    0.04400403
RESO   -0.12674339    0.05696134   -0.00234399   -0.04828968   -0.03353228    0.00860702   -0.02691939    0.00018447
REUN   -0.00513795   -0.29535755    0.07996598    0.02546413   -0.05854429   -0.07677008   -0.00723552   -0.04868199
REYK   -0.10317723   -0.01622774   -0.00323482    0.01611797    0.01186030    0.00156965   -0.00143370    0.01151417
REYZ    0.01764093   -0.02904874    0.03845100    0.06219162    0.02184154   -0.00010852    0.00646192   -0.02870234
RGDG    0.03004960   -0.03494413   -0.00614415    0.00416410    0.01157070    0.00458346    0.03299827   -0.02433130
RIGA   -0.11191470    0.12629736    0.02556291   -0.01730910    0.04061969   -0.02151696    0.01644792    0.02910626
RIO2   -0.01197386   -0.00482624    0.01163102    0.02278151   -0.00577427   -0.01670760   -0.01453566    0.03051309
RIOG   -0.04290450   -0.06241044    0.02120044   -0.02740138   -0.02761889    0.00411360   -0.07317500   -0.05486034
RIOP   -0.37942726   -0.24658681    0.17165694   -0.03069780    0.08018704    0.18169411   -0.08691383   -0.04438503
ROSA    0.22931895   -0.12764950   -0.12385066   -0.03396913   -0.00934041    0.05986346    0.02884316    0.16215428
ROTH    0.12255324    0.00569393   -0.09415071   -0.06550392    0.04454769    0.00499796    0.01968208   -0.00940343
SALU   -0.21458178   -0.19442557   -0.18823247   -0.16042898    0.02177375   -0.01386812    0.06468754    0.06966071
SAMO    0.03077125    0.01782352   -0.02968537   -0.02316506    0.02079772   -0.00107039   -0.08142781   -0.12047701
SANT   -0.47956242    0.26559222   -0.34778683    0.11107130   -0.05760515   -0.08804743    0.07839223   -0.01047861
SAVO   -0.03833163    0.14808738   -0.01185650   -0.04222615   -0.00984080   -0.01802748    0.02488457    0.01275087
SCH2    0.12258491   -0.19075332    0.01844971    0.05255083   -0.00529655    0.00498953   -0.01018783    0.01501309
SCOR    0.04599532   -0.00156289    0.02856528    0.02234179    0.02280458   -0.00431356    0.02054689   -0.00506891
SCRZ    0.20236008   -0.39185702    0.10288122    0.21139790    0.01568914    0.04552882   -0.20320834    0.08354485
SCTB    0.04222993    0.04879042   -0.00000510    0.00157536    0.00246089   -0.00125552    0.01225816   -0.00125004
SCUB   -0.11723646   -0.31015714   -0.00866235   -0.12528679    0.00077520   -0.00286829    0.01645159   -0.01259760
SELE   -0.39942772    0.41893857   -0.26895529   -0.26989017    0.15275815   -0.01646165   -0.00142119    0.05552053
SEY1    0.07992825    0.16507308   -0.05945599   -0.12008707    0.01603266   -0.16185778    0.06920186    0.05792575
SEYG    0.45699532   -0.17073114    0.02597010   -0.07750621    0.03278535   -0.09796878   -0.13468296    0.01614759
SFER    0.02183019    0.06307681   -0.08785670   -0.00721867    0.04091297   -0.01394030   -0.00435081    0.03185015
SHAO    0.18777289    0.13940909   -0.01508504   -0.01777340   -0.04729187   -0.03155910   -0.01296893    0.00034949
SIMO    0.08651801    0.02709299    0.05404967   -0.06119351   -0.02395671    0.03386902    0.05242064   -0.18590847
SIO3    0.00759932   -0.06447054    0.13687518    0.20449602   -0.07081440   -0.14696910   -0.01945349    0.02644530
SMST    0.41220175   -0.06813251    0.00827160   -0.14084029   -0.05901154    0.01909119    0.04564072   -0.00820159
SOFI   -0.20168049   -0.11655709   -0.00522495   -0.02017211    0.00556311    0.03902305   -0.01207537    0.04351027
SOL1   -0.01934864    0.01776689   -0.03238218    0.01988229   -0.00661869   -0.06255323    0.03425804   -0.04798963
SOLA   -0.39042641    0.20323088    0.05934755   -0.25900665    0.11287977   -0.01007902    0.04880076    0.15446042
SPT0   -0.17511285   -0.03957110    0.01393036    0.01064467   -0.04933465    0.05049121    0.00707225   -0.04571180
SSIA    0.15693256   -0.27564986   -0.01006231    0.06662418    0.05523159   -0.06305833   -0.05794738    0.00832602
STHL    0.41322925    0.15577532    0.00356423    0.06891968    0.01417327   -0.04040144   -0.01761276    0.00978231
STJO   -0.10356909   -0.03842613    0.00849276   -0.01316608   -0.01334526    0.00593499   -0.01252449   -0.00090878
STK2    0.20314064    0.22189036   -0.04367180   -0.11278607   -0.00451116   -0.02920742    0.00814100    0.05993822
STR1    0.07629469    0.14711867   -0.01255876   -0.02107041   -0.01052186   -0.01880879   -0.00593330    0.00981442
STR2   -0.14402022    0.01766802   -0.00302998    0.02642144    0.01432488   -0.02396516   -0.02302676   -0.00140054
SUNM   -0.12049614   -0.21121457   -0.05163808   -0.09485818   -0.12149984    0.02007798   -0.10725306   -0.06884160
SUTH   -0.07852475   -0.06986660    0.01646799   -0.02438431   -0.00073081    0.00108715   -0.00353760    0.00759484
SUTM   -0.01093056   -0.12988753    0.02710496    0.01430587   -0.00021712    0.01571715    0.00402230   -0.02125486
SUTV    0.08128360   -0.03979981    0.00804325    0.02134355    0.00032880    0.00849768    0.00428935   -0.02988084
SUWN    0.21791451    0.16475753   -0.01539617   -0.02722897    0.03454547    0.01969040    0.00897241   -0.01508909
SVTL   -0.10987951   -0.18895946   -0.07578308    0.05675305   -0.02828778   -0.00123225    0.04301059   -0.02490393
SYDN    0.02448252    0.21187224   -0.00077152   -0.00650505   -0.01363868   -0.01360480   -0.00705724   -0.02221503
SYOG   -0.00004342   -0.02933224    0.03756420   -0.01061366   -0.02348827    0.03560010    0.01442177   -0.01184987
TABL    0.03481151   -0.03059212    0.00184014   -0.02893473   -0.00811628    0.01936743   -0.01647927    0.00015595
TABV    0.08463199   -0.02762859   -0.00993448   -0.00744048    0.03353904    0.00470552    0.03630560   -0.00216316
TAH1   -0.14063096    0.04837717   -0.06600242   -0.13869195    0.07128951    0.00939415   -0.01972243    0.00897956
TASH   -0.28515480    0.26067602    0.17892440    0.05635041   -0.09256131    0.04376898    0.01765979   -0.02261464
TCMS    0.45234169    0.34345935    0.00216129   -0.33966328   -0.13990276   -0.50088408   -0.08508090    0.15636225
TEHN    0.16486873    0.33959586   -0.16468650    0.39746809    0.21135046    0.40093965    0.01219963   -0.19992557
THTG    0.23406145    0.13188271   -0.09903734   -0.11378380   -0.12641242    0.02007794   -0.10417340   -0.06022457
THTI    0.04387346    0.23266588    0.08039406    0.09687815    0.00392072    0.05191561   -0.06153099    0.03540399
THU1    0.10692289   -0.09368934    0.00670010    0.04272095   -0.01233199   -0.01852960   -0.03083689   -0.04894148
THU2   -0.03930319    0.03339655   -0.01674439    0.03989558    0.05682589    0.03429981   -0.00368906   -0.02598932
THU3   -0.07447798   -0.04614318    0.00577458   -0.05749439   -0.01487836   -0.05290501   -0.02448720   -0.00912583
TID1   -0.13265708   -0.08916828   -0.00945934    0.00195038   -0.00132940    0.01650021    0.01435250    0.00618152
TIDB    0.07987514    0.11037151    0.00126646   -0.01274412    0.00799464   -0.01481988    0.01095471    0.01204977
TITZ    0.10240293   -0.01853571   -0.03486973   -0.07859669    0.01399455   -0.04505764   -0.01404990   -0.00661000
TIXG    0.00522715   -0.00753473   -0.00867084    0.00848814   -0.03014463   -0.00356656    0.00638038    0.03780085
TIXI    0.04043528   -0.03677352   -0.03131217   -0.00359462   -0.01444466    0.03134113   -0.00753096   -0.00614076
TIXJ   -0.05866544   -0.05003597    0.01825410   -0.06035358    0.03295053   -0.01428934    0.00791396    0.00562425
TLSE   -0.20000903   -0.07430280    0.08413291    0.04695107   -0.06026243   -0.02573290    0.02949710    0.03955984
TN22   -0.20089410    0.09635028   -0.03015866    0.00837297   -0.02568479   -0.06185532    0.00622804    0.06465572
TNML   -0.23154544    0.43498385    0.22025321    0.17687928   -0.14233405    0.37275326    0.11370759    0.14081639
TONG    0.11280489   -0.05838456    0.05947740   -0.03301592    0.09457685   -0.12149500   -0.05744419    0.14493054
TOUL   -0.03177858    0.10649030    0.16356292    0.02965603   -0.01756459   -0.03198025    0.02791784    0.06469320
TOW2    0.07097819   -0.05312714   -0.03741039    0.18802810    0.07509116   -0.00568058    0.06510877   -0.02794349
TRAB   -0.34576981   -0.58638179   -0.35345113   -0.19419659    0.04632342    0.11134703   -0.05092953   -0.23431366
TRO1   -0.14976068    0.24474015   -0.01869096   -0.02382851   -0.02536078   -0.03325078    0.01845197   -0.00277694
TROM   -0.21953893    0.00302724   -0.00205665   -0.00568306    0.01520042    0.00951077    0.02276879   -0.03202061
TSEA    0.22732050   -0.02371073   -0.01116922   -0.04844904    0.03272555   -0.00540986    0.05689440    0.04251622
TSKB    0.33408556    0.10704976    0.03364994   -0.11133105   -0.05963132    0.04066010    0.02852832   -0.00421138
TUVA    0.36403292   -0.10838745    0.00477646   -0.04245957   -0.00474752   -0.05058267    0.04982990    0.04086665
TWTF    0.33208866    0.16520053   -0.25101150    0.11040162    0.11235247    0.15801760   -0.04921264   -0.08214865
TXES   -0.15391200   -0.23718090   -0.09454487    0.06214148    0.06967934   -0.06528246   -0.07978340    0.02728795
UFPR    0.19469871    0.02315919    0.02198355   -0.01728757    0.03470152    0.00904314   -0.04951731   -0.02376895
ULAB    0.06353697   -0.01225821   -0.06345467    0.03131998    0.02732991    0.02828479   -0.01532231   -0.01226143
UNB3   -0.20141847   -0.05391575   -0.03116217    0.01878018    0.00077969    0.01927423    0.01603737   -0.00361476
UNBJ    0.11719521   -0.09432007    0.02598949    0.04340939   -0.01428882    0.00227990   -0.01606230    0.00911802
UNBN   -0.22286478   -0.08299518   -0.01793207   -0.01547735   -0.06013704    0.02942496    0.05363572    0.01270516
UNSA   -1.55834857   -0.17311033   -0.17044725   -0.32668606    0.18819882    0.21547138   -0.02746990    0.01819456
UNTR    0.18010410   -0.14388421    0.11631238    0.07864524    0.03057900    0.02804642   -0.00718444   -0.00243836
URUM    0.13394031   -0.04203635    0.06309307   -0.30291399   -0.02748716   -0.07535404    0.02657810    0.02576387
URUS    0.18419197    0.12768595    0.01654862    0.06472004   -0.14195284   -0.02276503   -0.01834889    0.00090473
USN3    0.08199963    0.04135774   -0.01981837    0.01810058    0.08723923    0.01327174    0.03921042   -0.03650055
USNA   -0.00863122   -0.00137584    0.04316476   -0.01456982   -0.00505626   -0.05048131    0.02769590   -0.06160450
USNO    0.02631863   -0.05945405    0.00058938   -0.01882875   -0.03679398   -0.08858544    0.00813747   -0.06753813
USUD    0.43900240    0.12086748   -0.09663443   -0.08233096   -0.05239212    0.02470565   -0.00961043    0.03809136
VACO   -0.24697649    0.10559939    0.04884352   -0.02570553    0.03117272   -0.00949120   -0.02110528   -0.00461349
VALD   -0.07085594    0.08683083    0.06253486    0.07001244   -0.00938215    0.00582854    0.00710005    0.01396091
VENE    0.14692769    0.22728289    0.20872640   -0.02852003    0.06855648   -0.10086770   -0.02730541   -0.02652448
VESL   -0.19071745    0.02856252   -0.03922763   -0.01559394    0.00972350    0.00861197   -0.01813460   -0.01048142
VIL0   -0.06498280   -0.11417825   -0.06293219   -0.02932138   -0.00658436    0.00371200   -0.00439420   -0.00817519
VILL   -0.03091133    0.06792662   -0.03648162    0.03611819    0.04110129   -0.00784677    0.01578748    0.00574964
VIS0   -0.06705029    0.09485230    0.06752630   -0.00821433    0.01383068   -0.03847558    0.01814833    0.02425458
VNDP    0.15950652   -0.08276383   -0.13632175    0.09401061    0.04370183   -0.00770409   -0.00864632   -0.03369114
VOIM    0.19017508   -0.04044051    0.25259839    0.05618014   -0.11295703   -0.02425245   -0.06134199   -0.07151652
VTSP   -0.03878884   -0.00454398   -0.00921023   -0.10132379    0.03026529   -0.00192621   -0.02559315   -0.03153505
WARK    0.07554989   -0.05779537   -0.00870782    0.02192849   -0.00625415   -0.00878150   -0.01381932    0.00591612
WDC1    0.07773426    0.02237793   -0.00672332    0.02832197    0.03680616   -0.01080598    0.01614154    0.03167903
WDC3    0.13483619   -0.05713574    0.09095526    0.08706068    0.04097534   -0.06322644   -0.06049696   -0.03391519
WEL1   -0.00974376    0.09242108    0.00430579   -0.07006551   -0.01923111    0.02854128   -0.00538923    0.01782444
WES2    0.12000047    0.11408876   -0.12178828   -0.03928635    0.02572109   -0.06150388   -0.00462007    0.05171570
WGTN   -0.02341638    0.04664768   -0.02706847   -0.03918915   -0.00420074   -0.00111721    0.01187771   -0.00242007
WHIT    0.00589698   -0.01808135   -0.02336138   -0.01542034    0.00766437   -0.03157393    0.02279417    0.00871134
WILL   -0.02285541   -0.03787351   -0.02429885    0.03834024    0.00596699   -0.01438823    0.00484744    0.00149705
WIND    0.02659836    0.20746617    0.01542904    0.08544503   -0.05454464   -0.00223468    0.04167466   -0.04266303
WROC   -0.15031298   -0.09421230   -0.03761682    0.01130648    0.00236224    0.06861096    0.00522178   -0.03291396
WSRT    0.09519551    0.06498069    0.00205065    0.01648092    0.00643498   -0.01419971    0.01481658    0.00194713
WTZA   -0.03173451   -0.12461093   -0.01565671   -0.06463031   -0.03424570   -0.01126046    0.00233744   -0.00771333
WTZL    0.17111058    0.19116515   -0.02356302    0.00210920    0.00906411    0.00423172   -0.02310142    0.00350234
WTZR    0.13772320   -0.06651211    0.05261300    0.04828554   -0.00821293    0.01539393   -0.00640401   -0.00838907
WTZZ   -0.18195039   -0.00973589   -0.00416530    0.06146879    0.01613322   -0.00651890    0.01603176   -0.01642129
WUHN    0.17264658    0.08030226   -0.03955539   -0.07448911    0.01020559   -0.02461972   -0.01344014   -0.00799575
XIAN   -0.39654795   -0.68249183   -0.15938008   -0.18166092   -0.12301053   -0.05172967    0.00804448    0.13144058
XMIS   -0.32677798   -0.17197468    0.07644591   -0.07640946    0.02529773   -0.02256842    0.00059203   -0.01323503
YAKT   -0.23697979    0.29576548    0.06958950    0.08251259   -0.10407642    0.00923627   -0.11134551   -0.02213568
YAKZ   -0.08149498    0.07786563   -0.13822597    0.18081681    0.00508406    0.06852432    0.00362626    0.00287677
YAR1    0.03845512    0.00428629    0.15094254    0.03906464    0.05126471    0.00578518   -0.03266321    0.00788274
YAR2   -0.04162920    0.02973736   -0.09560160    0.01029683   -0.02143252    0.01541729    0.02127362    0.02210218
YAR3    0.03252474    0.03264089    0.10785488    0.03248492   -0.02157506   -0.02497522    0.00326853    0.04135447
YARR    0.03903690   -0.07848238   -0.08259170    0.06261579   -0.01973367   -0.02812083    0.03470818   -0.02631583
YCBA    0.02319869    0.24739352   -0.14454317    0.12062389    0.03706221   -0.05109383   -0.05338242   -0.05715053
YEBE   -0.09288543    0.10124858    0.02706350    0.01634070   -0.00613822   -0.00738187   -0.01555951   -0.01136479
YELL   -0.10716840    0.01371087   -0.02592533    0.07825486    0.05643503   -0.01064667    0.00447331    0.04755433
YIBL    0.95354776    0.33434525    0.34278969    0.02925838    0.05713136   -0.04335632    0.06605021   -0.07764609
YKRO   -0.24489498   -0.33554271   -0.14318755    0.17421672    0.19007287    0.19634016    0.01835027    0.08875301
YSSK    0.05140356   -0.06797714   -0.02446284    0.00547538   -0.03551979    0.04131860   -0.00849412   -0.00160851
ZAMB   -0.21733100    0.00353306   -0.06898795    0.00615150    0.02663676    0.02176922   -0.02507454   -0.01626937
ZECK    0.14848828    0.18607254   -0.03137874    0.06428401   -0.01270478   -0.00395806    0.00056196    0.01558786
ZIM2    0.04562187   -0.07568761   -0.03459322   -0.07846705    0.00435268   -0.01231605   -0.00578459   -0.01929600
ZIM3   -0.06506548   -0.05136741   -0.03901193    0.06332758    0.00573873    0.04501173    0.00811330   -0.06933385
ZIMJ    0.03641175   -0.09074829    0.07136053    0.03264399   -0.00321877    0.04490341    0.00848528    0.02165655
ZIMM    0.05840211   -0.05414286   -0.06307918    0.06164647   -0.02864538    0.04049196    0.02611169    0.00281124
ZWE2   -0.00715885   -0.17837190   -0.03789375   -0.01218322    0.04311288   -0.01334899   -0.00522793   -0.01847090
ZWEN   -0.25229517    0.43194084    0.08590103   -0.06054738   -0.05080573    0.07374654    0.04585124   -0.05188729
