name detected metadata valid
ABMF     7     6     0
ABPO     8     3     0
ADE1     4     0     0
ADIS    12     2     2
AIRA     9     7     2
ALBH    22    17     2
ALGO    13    14     3
ALIC    17     9     2
ALRT    24     4     2
AMC2    16     7     3
ANKR    13     8     3
ANTC    12     4     2
AOML     2     3     0
AREG    13     3     3
AREQ    19    10     4
AREV    13     5     4
ARTU    24     1     0
ASC1     0     1     0
ASCG     5     2     0
ASPA     8     2     1
AUCK    11     8     2
AZGB     5     5     1
BADG    20     4     4
BAKE    25     3     0
BAKO    18    21     4
BAN2    18     1     0
BARH     8     4     1
BDOS     2     1     0
BHR1    11     1     0
BILI    20     0     0
BISK     5     1     0
BJCO     4     2     1
BJFS    17     5     1
BJNM     5     0     0
BNDY     1     4     0
BOAV     8     1     0
BOGO     6     6     0
BOGT    20    12     6
BOR1    17     4     0
BRAZ    15    16     2
BREW    14     5     0
BRFT     9     1     0
BRMU     4     7     1
BRST    12     9     1
BRUS     7     9     0
BRUX     6    10     0
BSHM     8     3     1
BUE2     2     0     0
CAGL    16     2     0
CAGS    11     6     0
CAGZ     6     6     1
CALL    10     0     0
CARR     7     1     3
CAS1    23     7     5
CCJ2     8     4     0
CCJM     2    10     0
CEDU    17    12     5
CFAG    13     2     0
CGGN     7     3     1
CHAN     8     2     3
CHAT     5     3     1
CHPG     7     2     0
CHPI     8     7     0
CHTI     4     2     0
CHUM    16     4     1
CHUR    25    17     4
CIC1     7     1     0
CICE     4     0     0
CKIS     3     4     0
CNMR     9     4     1
COCO    17    12     5
CONZ     7     7     2
CORD    14     3     1
COYQ     3     6     0
CPVG     7     3     1
CPXF    12     7     2
CRAO     3     2     1
CRAR    23     0     0
CRO1    11    12     3
CTWN     5     0     0
DAEJ    23     7     2
DAKA     1     6     1
DARW    16    17     2
DAV1    24    12     5
DAVR     7     2     2
DGAR    12     9     1
DGAV     3     3     1
DRAG    10     9     4
DRAO    23    15     1
DUBO    20     8     4
DUM1    23     0     0
EIL1    23     3     0
EISL     5     3     0
EPRT     8     9     2
ETAD     7     0     0
FAA1    10     5     1
FAIR    28    14     2
FAIV    20     1     1
FALE     4     6     2
FLIN    27    12     7
FLRS     2     1     0
FORT     4     3     2
FRDN     1    10     0
FTNA     1     3     0
FUNC     8     3     3
GALA    10     1     1
GANP    17     6     2
GLPS    18     6     2
GLSV    19     5     2
GMAS     6     1     1
GMSD     3     5     0
GODE     9    10     2
GODZ    22     6     0
GOL2    11     1     0
GOLD    20     4     4
GOPE    18    11     6
GOUG     7     1     0
GRAS    17    10     2
GRAZ    19    15     4
GUAM    16     9     4
GUAO    15     2     2
GUAT    14     2     0
GUUG    10     5     1
HARB    20    10     2
HERS    17     4     1
HERT    10     1     0
HLFX     4     4     1
HNLC     9     5     0
HNPT    17    10     6
HOB2    12    10     3
HOFN    17     7     4
HOLB    16    20     4
HOLM    24     9     4
HRAO    21    15     6
HRM1     3     2     0
HYDE    19     7     2
IDDR     8     4     2
IISC    24     7     3
ILHA     2     3     0
IMPZ    11     6     0
INEG    17     8     1
INVK    27     3     1
IQAL    15     2     1
IQUI     7     0     0
IRKJ    21     1     2
IRKT    21     0     0
ISBA    14     3     1
ISPA     0     2     0
JAB1     7    15     2
JOG2     9     4     2
JOZ2    16     2     1
JOZE    17     4     0
JPLM    23    12     3
JPLV     2     1     0
KARR    17    14     4
KAT1     4     1     0
KELY    14     9     4
KERG    11    11     1
KGNI     6     5     0
KHAJ    12     1     2
KHAR     3     5     0
KIR0    23    18     0
KIRI     3    10     0
KIRU    27     8     1
KIT3    28     3     3
KOKB    18     9     7
KOKV     5     1     0
KOSG    10    10     4
KOU1     1     1     0
KOUC     2     4     0
KOUG     6     3     0
KOUR    18    12     5
KRGG     2     4     0
KSMV     8     6     0
KSTU     5     4     3
KUNM    13     0     0
KWJ1     4     1     0
LAE1     3     3     1
LAMA    21    10     4
LAUT     1     4     0
LHAS    18     3     1
LHAZ    23     5     1
LMMF     4     4     2
LPAL    13     2     2
LPGS    12     8     0
M0SE     7     5     0
MAC1     6     9     0
MAD2    19     5     3
MADR     1     6     1
MAG0    23     2     3
MAJU     2     4     2
MAL2    17     4     1
MALD     7     0     0
MALI     9     2     1
MANA    11     5     2
MAS1    19     9     1
MAT1    12     3     1
MATE    27     8     2
MAUI     8     4     1
MAW1    27     8     3
MBAR    14     4     1
MCIL     7    15     3
MCM4    25     5     2
MDO1    22    13     6
MDVJ    24     2     0
MDVO     9     0     0
MEDI    27     3     2
METS    17    11     3
METZ     6     1     0
MGUE     3     2     0
MIZU    10     9     0
MKEA    10     8     4
MNLS     9     7     0
MOBJ    21     2     5
MOBK     5     0     0
MOBS     4     6     2
MONP    16    15     2
MORP    18     7     0
MQZG     7     7     2
MRO1     6     1     0
MSKU     0     0     0
MTKA     8     3     0
NAIN     1     6     0
NANO    15     8     0
NAUR     4     8     0
NICO    23     8     0
NIST    20     2     1
NIUM     1     4     0
NKLG    21     5     0
NLIB    29     6     3
NNOR    13     4     2
NOT1    13     4     1
NOTO     8     1     0
NOUM     3     3     0
NOVM    18     0     0
NRC1    19    14     4
NRIL    17     2     0
NRMD    13     3     0
NSSP    18     4     5
NTUS    22     7     1
NURK     7     1     2
NVSK    22     2     1
NYA1    24     5     3
NYAL    25     3     1
OHI2    25     4     1
OHI3    10    10     1
OHIG     3     6     2
ONSA    15     8     1
OPMT     4     0     0
OS0G     6     2     1
OSN1     8     2     0
OUS2     7     9     2
PADO    13     6     2
PALM    19     3     1
PALV     7     1     0
PARC    15     7     4
PARK     5     3     0
PBRI     7     2     0
PDEL     5     4     2
PENC    20     6     4
PERT    17     9     2
PETP    12     1     1
PFA2     3     4     0
PIE1    19    10     1
PIMO    10     6     2
POHN     6     8     1
POL2    21     9     2
POLV    15     2     0
POTS    20     9     4
POVE    20     3     0
PRDS    14     8     2
PRE1    14     1     0
PTAG     8     4     1
PTBB     4     4     1
PTVL     3     2     0
PVEP     2     9     0
QAQ1    20     8     1
QUI2     2     0     0
QUIN    22    15     2
RABT    12     2     0
RAMO    18     8     5
RBAY     7     2     0
RCMN     3     0     0
RECF     1     5     0
RESO     8     7     2
REUN    17     9     5
REYK    23    10     6
REYZ     7     1     0
RGDG     1     3     0
RIGA     9    10     2
RIO2     6     4     1
RIOG     2     1     0
RIOP    10     5     0
ROSA     3     3     0
ROTH    11     0     0
SALU    14     5     4
SAMO    11     6     0
SANT    20    11     3
SAVO     4     2     0
SCH2    24     7     3
SCOR    26     5     4
SCRZ     6     1     0
SCTB    19     3     0
SCUB     4     4     1
SELE    20     2     2
SEY1     6    12     1
SEYG     7     3     1
SFER    15     9     2
SHAO    15     1     1
SIMO     4     0     0
SIO3    14    20     3
SMST     8     3     1
SOFI    21     5     1
SOL1    10     5     3
SOLA     2     2     1
SPT0     6     7     2
SSIA     8     3     1
STHL    10     1     0
STJO    11    26     7
STK2     4     4     0
STR1     7    13     4
STR2     8    10     1
SUNM    11     0     0
SUTH    11     8     1
SUTM    11     3     0
SUTV     3     0     0
SUWN    24     4     1
SVTL     9     6     1
SYDN     7     2     0
SYOG    26     7     6
TABL    15     6     2
TABV     9     7     2
TAH1     8     1     0
TASH    19     5     1
TCMS     7     3     1
TEHN     6     4     0
THTG     8     3     0
THTI    20     5     1
THU1    10     0     0
THU2    23    10     2
THU3    12     3     0
TID1     9     8     3
TIDB     8     8     2
TITZ     5     3     3
TIXG    16     0     0
TIXI    23     5     2
TIXJ    14     0     0
TLSE     8    12     0
TN22     8     1     0
TNML     8     2     0
TONG     3     6     0
TOUL     0     0     0
TOW2    13     7     1
TRAB    15     0     0
TRO1    14     8     1
TROM    13     5     0
TSEA    19     2     2
TSKB    20    17     1
TUVA     1     4     1
TWTF    16     3     1
TXES    18    14     1
UFPR     5     1     0
ULAB    22     3     1
UNB3     3     4     0
UNBJ     3     3     0
UNBN     0     0     0
UNSA    10     8     3
UNTR     1     5     0
URUM    23     6     4
URUS     6     1     1
USN3     7     1     0
USNA     7    15     1
USNO    11     5     3
USUD    17     5     2
VACO     8     2     1
VALD    11     7     2
VENE    16     4     3
VESL     8     1     0
VIL0     4    16     2
VILL    20     9     5
VIS0    11    15     2
VNDP     2    15     0
VOIM     5     1     0
VTSP     7     3     1
WARK     2     4     1
WDC1     5     0     0
WDC3     1     0     0
WEL1     1     2     0
WES2    12    36     9
WGTN     5     6     1
WHIT    27    10     3
WILL    23     9     3
WIND    10     3     0
WROC    18    13     7
WSRT    17    10     3
WTZA     7     6     1
WTZL     4     9     1
WTZR    16    13     2
WTZZ    11    11     2
WUHN    22     6     5
XIAN    14     1     1
XMIS     6     4     2
YAKT    24     1     1
YAKZ     4     0     0
YAR1     8     2     1
YAR2     9    10     1
YAR3     3     3     0
YARR     9     4     2
YCBA    13     0     0
YEBE    12     6     1
YELL    27    11     2
YIBL     5     3     1
YKRO    20     3     1
YSSK    17     2     0
ZAMB    19     3     2
ZECK    17     7     3
ZIM2    13     3     2
ZIM3     5     0     0
ZIMJ    20     1     1
ZIMM    18     6     2
ZWE2    14     1     1
ZWEN    10     5     1
