name cos1 sin1 cos2 sin2 cos3 sin3 cos4 sin4
ABMF   -0.20678125   -0.25096642   -0.05065994   -0.14286890   -0.09099726    0.12879391   -0.02540198    0.06348472
ABPO   -0.04434272   -0.13330552    0.03078208    0.17020086   -0.03457118   -0.02099201   -0.00098575    0.01108039
ADE1   -0.02541254   -0.03869761    0.00931469    0.03386037   -0.01665459    0.00761486   -0.01896793   -0.03689190
ADIS   -0.00002189    0.29965604   -0.05515759   -0.14088996   -0.20910328   -0.07093037    0.15179531    0.00515560
AIRA    0.41810955   -0.08295448   -0.03589585   -0.04052320   -0.03297159   -0.04070634   -0.02455002   -0.01601402
ALBH   -0.15650502   -0.06827457    0.07451081    0.04144081   -0.03982821   -0.04578638    0.02753282    0.02643047
ALGO   -0.18424559   -0.03226971   -0.12993592    0.01711640   -0.00685987   -0.02229334    0.03050927   -0.00610302
ALIC   -0.13843008    0.00153415   -0.06276713   -0.00059045   -0.02694227   -0.02418021    0.01094627    0.02424971
ALRT   -0.04914844    0.06829380    0.01646522    0.05901292    0.03790174    0.00414644   -0.01885312   -0.02624827
AMC2    0.06153286    0.46985557    0.16227831    0.00430328    0.04946664   -0.01097772    0.00333815   -0.04118126
ANKR   -0.43204151   -0.17024656   -0.11699561   -0.10713741    0.00140962    0.05425042   -0.00046086   -0.00217244
ANTC   -0.02452912   -0.15242906   -0.09398848    0.10245067   -0.02560947   -0.09548912   -0.01866228    0.04631539
AOML    0.05554543    0.64465669    0.11726884    0.04777301    0.01032730   -0.06972230    0.00186383   -0.19823668
AREG    0.76165153   -0.26034124   -0.35873033   -0.28053727   -0.29147101   -0.23323402   -0.09390952   -0.09540497
AREQ    0.11418269   -0.31916451    0.42385274    0.23260124    0.30417312    0.03084062    0.11665013    0.03385585
AREV    0.12673935    0.14257829    0.61899306   -0.03386410   -0.07317346    0.20671092    0.07753570   -0.07722137
ARTU    0.03161170   -0.04067516    0.00724063    0.07851281   -0.00882194    0.00157440    0.03598374    0.07713928
ASC1   -0.32822208   -0.32657654    0.05756899   -0.13276109   -0.00739128   -0.05763890   -0.08436037    0.04031270
ASCG    0.29522972   -0.47226105   -0.02281121    0.17723079   -0.03071350   -0.02926298   -0.02454022   -0.04480040
ASPA   -0.22249849    0.07679150   -0.00252372   -0.07435934   -0.03962172    0.01775089   -0.00391781    0.00277713
AUCK    0.08558448   -0.01210187    0.00180411    0.00435651   -0.00176695    0.01859886   -0.00527972   -0.00705453
AZGB   -0.01002033   -0.01248658   -0.06592831    0.02822986   -0.04692729    0.01617596    0.00286957    0.02168991
BADG    0.06357925    0.40170061    0.04625245   -0.06288217    0.02978242   -0.02884972    0.00909735   -0.04282475
BAKE   -0.03275160    0.13750931    0.00437008   -0.03736041    0.00508269   -0.00773983    0.01001739   -0.02563500
BAKO   -0.02539560    0.31645579    0.01868732    0.06411257    0.05671284   -0.09786316   -0.12162232   -0.03467054
BAN2    0.00065944    0.28501983    0.21699842   -0.44018418   -0.04251407    0.08809797   -0.10741109    0.03441453
BARH    0.01426997   -0.06973358    0.05875171    0.00095444    0.00401445   -0.00174070    0.00938943    0.01286404
BDOS    0.25573326    0.08722774   -0.07321499   -0.08387535   -0.08172936   -0.01299618   -0.00077874    0.05347497
BHR1    0.22553063    0.96100889   -0.09317070    0.10537242   -0.19023233    0.36106860   -0.29863513    0.17661252
BILI   -0.08267837   -0.09615074   -0.04782691   -0.02113691   -0.04077668   -0.02537558   -0.04121485   -0.02326034
BISK   -0.10657148   -0.19312337   -0.00230236    0.00785694    0.01288683    0.02136731   -0.00784865   -0.00478473
BJCO    0.30093946   -0.02322115   -0.25881635   -0.30276613    0.23713710    0.23503005   -0.11752962    0.06485033
BJFS    0.13835042    0.16304001    0.08908734   -0.02858367    0.20276401    0.07149889    0.00055464   -0.10204071
BJNM    0.21137976   -0.20315577   -0.21912646    0.12578632   -0.15765102   -0.02510679    0.16444239    0.05435393
BNDY   -0.11374453   -0.11641292    0.03658682    0.03152253   -0.01663809    0.03242288   -0.04760707   -0.02336978
BOAV    0.10747470    0.14016259    0.11063892   -0.24869305   -0.04464587    0.10816896    0.03451238    0.00941280
BOGO   -0.20278440   -0.12207058    0.01369050    0.05160288   -0.01739348    0.04715936    0.02205705   -0.01823751
BOGT   -0.13067609    0.14678937    0.03000460   -0.00059863    0.05914295   -0.00776911    0.00528075   -0.05208245
BOR1    0.11612425   -0.08052036    0.02893844   -0.02063154    0.04987460    0.01580365    0.03773023   -0.03566597
BRAZ   -0.22610233   -0.05491001   -0.09605741    0.04698708   -0.07091542    0.00025130   -0.03931423    0.03170194
BREW    0.28554406   -0.00349376   -0.08229954   -0.34075287    0.03789295    0.01735456   -0.00420480   -0.04166016
BRFT   -0.64380882   -0.13637521    0.04624174    0.10172314   -0.01302970    0.10113252    0.01875792    0.03251206
BRMU    0.09346619    0.12820053    0.01312389   -0.07191535    0.00178137    0.03387780   -0.01130447   -0.01325906
BRST   -0.12857668   -0.02083834    0.02271043    0.05257622    0.02488271   -0.00949359    0.02079615    0.00983394
BRUS   -0.00440168   -0.00971439   -0.02537495   -0.04197877    0.01075658    0.04053982   -0.00417721    0.00815087
BRUX   -0.16551079    0.03495708    0.06708954    0.01503023    0.02878316   -0.02024427   -0.03717360    0.02091823
BSHM    0.12432898    0.18207196    0.09906061    0.07180521    0.08447685   -0.00252440    0.00867644   -0.03048780
BUE2    0.06963283   -0.14724271    0.01133534    0.03400558   -0.12640090    0.09882806   -0.03687624   -0.03437871
CAGL    0.30571709   -0.11273176   -0.02421163    0.01851971   -0.03473110   -0.00910784    0.02084096    0.02180721
CAGS   -0.00615638   -0.00978282   -0.09047558    0.00000193    0.00299751   -0.06194229    0.02948872    0.00048984
CAGZ   -0.05284699   -0.25324375    0.02617268    0.00121884    0.02308966   -0.06332833   -0.00630524    0.03641035
CALL   -0.26232325   -0.62827058   -0.11890028    0.40842929    0.26694986   -0.15260376   -0.00932042    0.00744911
CARR    0.11049977    0.41074244   -0.12419224    0.26759321   -0.05119962    0.05251089   -0.05317723    0.08004499
CAS1   -0.01223345    0.00935046   -0.01895240   -0.00521824   -0.02322488    0.01340310    0.00411877   -0.00257089
CCJ2    0.07432060    0.30123032    0.01385422   -0.10486161    0.11781524    0.00976576   -0.05330220   -0.00226593
CCJM    0.09901445    0.29135445   -0.09922440   -0.05386410   -0.00632293    0.00389882   -0.01529033   -0.01764991
CEDU    0.09241803    0.25903617    0.01698729    0.01455707   -0.00659904    0.02523580    0.04708041    0.00675442
CFAG   -0.04362962   -0.23039045    0.17581815   -0.21643910    0.02527386    0.03225987    0.01622918   -0.12658151
CGGN    0.13029769    0.03899629   -0.06882011   -0.16546962    0.00307800    0.46936867   -0.06011995    0.00036159
CHAN    0.13263595   -0.09458368   -0.04535939   -0.02674804   -0.03335134    0.02245798   -0.01226092    0.00336680
CHAT    0.07104797   -0.15718340    0.04428659   -0.00789228    0.00475825    0.03551602   -0.00994481    0.01006981
CHPG   -0.55081049   -0.12224183    0.14072721   -0.20814396    0.08815471    0.01349891    0.01187964    0.01770868
CHPI   -0.02125452    0.26979586   -0.10424977    0.13544186    0.03442102    0.08744118    0.00481470    0.00618622
CHTI   -0.06091425   -0.09378713   -0.03621816   -0.01025080    0.00690947   -0.03437749   -0.00252886   -0.00964773
CHUM    0.14878448    0.25614604    0.57858906   -0.20351681   -0.05733853   -0.17080608   -0.00664887   -0.07403565
CHUR    0.04678014    0.11022642    0.00845880    0.00002508    0.00281925    0.01868549   -0.00592200    0.00122386
CIC1   -0.03795182    0.16520096   -0.19573494   -0.06453526    0.10827686   -0.03502605   -0.03617764    0.01217448
CICE    0.06156579   -0.47402409   -0.09825441    0.07282566    0.04155511   -0.09702617    0.04627557   -0.03065380
CKIS    0.07430158    0.03793415    0.02876332    0.06185678    0.00770710    0.07196222    0.07509391   -0.00198488
CNMR   -0.01072138    0.09869870    0.18568554    0.08496501    0.02616383    0.10910034    0.02540657   -0.03258147
COCO   -0.12917548   -0.15083628    0.04765903    0.09440208   -0.03745469   -0.00775867    0.01900986   -0.03479503
CONZ   -0.08038495    0.14758013   -0.02477296    0.04590095    0.01462074    0.02683803    0.02543741   -0.00997569
CORD   -0.01463484    0.21557008    0.16676176   -0.17135350   -0.05621474    0.01523557    0.03999115    0.01123231
COYQ    0.12844196    0.00472281    0.01498872   -0.01262108    0.02891828   -0.02048252    0.01600025   -0.00715738
CPVG    0.12965955    0.12260598    0.01967696   -0.17734795    0.11816167   -0.02279401    0.04069833    0.01215322
CPXF   -0.00592733    0.05709176    0.01034921   -0.00697301    0.02353606   -0.03589698    0.01354655   -0.03910552
CRAO    0.00840395   -0.25298041    0.03127830   -0.10107749    0.05969387   -0.01553601   -0.01066353    0.04377177
CRAR   -0.07173721   -0.06763235   -0.03899863   -0.00368520   -0.01082491    0.00945374   -0.00912476   -0.00361096
CRO1   -0.15837661   -0.26949293   -0.00612575   -0.02552890    0.04714497   -0.09087019   -0.00118395   -0.03957007
CTWN   -0.04592192   -0.06340738    0.04326330    0.06281526    0.03866059   -0.04848431   -0.03242746    0.08258695
DAEJ    0.16537623   -0.14086321    0.06996015    0.08156149    0.01916261    0.04133877   -0.01398367    0.00017987
DAKA   -0.25929202   -0.15215317   -0.01699212    0.07250881    0.01698469   -0.18334406   -0.01346752    0.05436416
DARW   -0.32020747   -0.51904450    0.20830468    0.29194918   -0.12363813   -0.05703356    0.04631986   -0.02197159
DAV1    0.06821401   -0.03184117   -0.04322354    0.01547229    0.00300249   -0.00075261   -0.00593813    0.00064657
DAVR   -0.06089272   -0.11496672    0.01252024   -0.00856868    0.03201687    0.00706049    0.00012645   -0.01042267
DGAR   -0.12562163   -0.06567224   -0.13427525    0.02045279    0.08283554    0.04973358   -0.00130367    0.03731076
DGAV   -0.02275258    0.17616489   -0.01667046   -0.10656257    0.01526392    0.03137457   -0.01414001    0.00068611
DRAG   -0.85913234    0.04103989    0.32537996   -0.18061028   -0.16847930    0.08749056    0.02588450   -0.01899229
DRAO    0.00512303   -0.22443190   -0.35613089    0.08803146    0.00765904    0.01660842    0.04402821   -0.00033485
DUBO   -0.05154186   -0.04398064    0.04188881   -0.04243260   -0.00297472    0.04062858    0.04126462   -0.01631054
DUM1   -0.03495712   -0.05153547   -0.00787653   -0.06457088   -0.03079787    0.03459001   -0.01815943    0.01076587
EIL1    0.13589951   -0.02494660    0.00327502    0.03928242   -0.05947466   -0.00504886    0.04571666    0.05110533
EISL    0.13079004    0.36823282    0.15645580    0.04139896   -0.09603477   -0.08328800    0.04465927    0.01891494
EPRT   -0.00320004   -0.14870455    0.02304395   -0.00254960    0.01738708   -0.03853937    0.01645580   -0.00504937
ETAD   -0.31553637   -0.27005011    0.05737222    0.14021737   -0.24159226   -0.01735551    0.14860777    0.19047300
FAA1   -0.10364086    0.24430014   -0.01610970    0.05017198   -0.06501617   -0.01778133   -0.01562448   -0.06430365
FAIR    0.01868093    0.04070636   -0.02195877   -0.02126256    0.01408301    0.04213957   -0.06612742   -0.00979912
FAIV    0.07715570    0.00465198   -0.10134962   -0.08721922   -0.00639602    0.07007072   -0.00515060   -0.00063162
FALE    0.06838604    0.12854108    0.04830625    0.07761335    0.00096446    0.02261523    0.00088353    0.07690743
FLIN    0.15672040    0.12498852   -0.06134369   -0.00849254   -0.03110567    0.00052760   -0.00354962    0.02707661
FLRS    0.14734743    0.00629517    0.07372477   -0.05360985    0.04753396    0.01724780   -0.03098980   -0.00157118
FORT    0.06506521    0.96570594    0.05377675    0.17892879    0.05592289   -0.04774710    0.08176905   -0.09170440
FRDN   -0.18812802   -0.08799778   -0.04664476    0.04489927    0.00552682    0.00951682    0.01926899    0.00281563
FTNA    0.32508419    0.00231906    0.05376437   -0.07782736   -0.16609214    0.04519582   -0.07988839    0.01746179
FUNC    0.41449742    0.14112714   -0.12176878   -0.00725839   -0.02162476    0.07186187   -0.03285798   -0.08433303
GALA    0.00675231   -0.22528437    0.00589551    0.11201676   -0.29466936   -0.13210281   -0.06002266    0.01369231
GANP    0.10033585   -0.12687626   -0.06055760   -0.01000159    0.00795302    0.01551369    0.02977944   -0.01910653
GLPS    0.12556677   -0.13603272   -0.01546086    0.32897726   -0.06145002   -0.18936740    0.02524928   -0.14900523
GLSV   -0.06552437    0.05432061   -0.03067933    0.00243998    0.01428138   -0.02713882    0.01784667   -0.01932894
GMAS   -0.04350594   -0.59735754   -0.11190143    0.15291237   -0.13362054    0.00197901    0.01607182    0.08373015
GMSD    0.10202705    0.30462835    0.11415805    0.00457415   -0.03585532   -0.03116528    0.02554990    0.02883958
GODE   -0.57537634   -0.16219718    0.09304211    0.11068265   -0.04796114    0.02328512    0.02499454   -0.03338113
GODZ    0.04786756    0.04196386   -0.01666295   -0.01107841   -0.07009587   -0.08902151    0.00846804   -0.03212815
GOL2   -0.08068666    0.06764934    0.00144192   -0.04154993    0.04288829   -0.00334865    0.00273270   -0.06237163
GOLD   -0.05707874    0.01565407    0.03083016    0.01986446   -0.05603399   -0.00162296   -0.01130834    0.00089453
GOPE    0.11527168   -0.10019310    0.05660409    0.01530072    0.02422193    0.03913035    0.01533835   -0.01147645
GOUG   -0.18127726   -0.00678551   -0.03610398   -0.00732723   -0.00188110    0.09881382   -0.01333556    0.00537378
GRAS    0.06898733   -0.14080858    0.05432854    0.03845615    0.03144592    0.01048956   -0.04065986    0.00425881
GRAZ   -0.04815663   -0.07973632   -0.04510124    0.07999862   -0.03144740   -0.00125005    0.02525000    0.01527253
GUAM   -0.34019587   -0.01115920    0.09573287    0.05436049   -0.00820942   -0.15697677    0.01398552   -0.00392419
GUAO   -0.43411666    0.17748505   -0.26805860    0.19529263   -0.04376019   -0.09920579    0.04808862   -0.06540335
GUAT    0.32396252   -0.06259809    0.01165628    0.00055386   -0.07146545   -0.00227455    0.00582094   -0.01562176
GUUG    0.11328586   -0.02529969    0.14220065   -0.02215894    0.07439647    0.00241687    0.02953160   -0.04237844
HARB    0.07688226    0.05304815   -0.05336030   -0.07186059    0.06019295    0.06359675   -0.00277142    0.01396255
HERS   -0.01201770   -0.03633985   -0.00194207    0.02495545    0.04710967    0.01009902   -0.03157134   -0.02181479
HERT   -0.06134172    0.00775056    0.03127219   -0.01554927   -0.04644057   -0.01564228    0.04048166   -0.00695259
HLFX   -0.08702777   -0.06102538   -0.04080569   -0.02857422   -0.00914056   -0.00084663    0.01421414    0.01364031
HNLC    0.07326208   -0.01512179    0.12281461    0.06215696   -0.04754336    0.10099976   -0.02875861    0.01273857
HNPT   -0.11115142   -0.11224969   -0.01456349    0.06389484   -0.01950291   -0.06614734    0.02744876    0.05502763
HOB2   -0.12759551   -0.12098145    0.02291968   -0.02351091    0.00969910    0.01726278   -0.00194525    0.00798270
HOFN    0.11311823    0.00685447    0.00815342   -0.03599082    0.01282753    0.01328605    0.00408530    0.02567251
HOLB   -0.01061239    0.02430648    0.07464528    0.01741928   -0.03806958    0.00107160    0.01575858    0.02677708
HOLM   -0.05362835   -0.08103509   -0.07710826    0.00274583   -0.00227553   -0.01030161    0.04664614    0.00801587
HRAO    0.13531153    0.01923202   -0.07990861    0.06357835   -0.01920420   -0.09424014   -0.00524375   -0.02618416
HRM1    0.00048356   -0.05454247    0.03011893   -0.02094180   -0.05973818   -0.02320474    0.00947184   -0.00889110
HYDE   -0.13003184    0.04703493    0.36500510    0.22980258    0.05973300   -0.03795487    0.05400310    0.07362934
IDDR   -0.01201401   -0.08414735    0.19149794    0.04191704   -0.07234231    0.06984272   -0.00446025   -0.04729719
IISC   -0.19981358    0.29576165    0.02763077   -0.20731821    0.01664438    0.00022531   -0.02117731    0.08625233
ILHA    0.35248149   -0.13776842   -0.09451440    0.07504864    0.01322971   -0.00772218    0.04302203   -0.12244401
IMPZ    1.26852632    0.32635871   -0.18047833   -0.27722624    0.00711587    0.15599397    0.03003988   -0.10139774
INEG    0.01746113    0.24475296   -0.01546612    0.04357707    0.02644441    0.05692077   -0.05434603    0.01399291
INVK   -0.07457281   -0.04625671    0.03526148   -0.03879660   -0.02172434    0.02150865   -0.04634373    0.02014047
IQAL   -0.02356738   -0.03117228   -0.02199937   -0.01381655   -0.00021786    0.01187712    0.00119327   -0.01022014
IQUI    0.14931803   -0.18074877   -0.00960315    0.05934014   -0.12434486    0.01172720    0.02677828   -0.06244739
IRKJ    0.05758746    0.07898907    0.03809587    0.09222203    0.02063191    0.01754056   -0.05565693    0.00716663
IRKT    0.12940527   -0.15534997    0.13668789   -0.02031272    0.00583510    0.00889687    0.01290274   -0.08156377
ISBA   -0.29157432   -0.35333697    0.05555939    0.27242620    0.03536099   -0.07567212    0.00119816   -0.00319485
ISPA   -0.18623113    0.01316753    0.01184799   -0.07561341    0.00339979   -0.02031641   -0.03014568    0.00199165
JAB1   -0.43238443   -0.36228670    0.18058715   -0.15962509    0.19492748    0.07075171    0.10647603    0.04020589
JOG2    0.28967977    0.10447634   -0.06367770   -0.05668664   -0.12770203   -0.03119769    0.02867457    0.05648005
JOZ2    0.04713873   -0.20239985   -0.02152855   -0.02164776    0.01470009   -0.04427010   -0.03271951    0.01274175
JOZE   -0.17489321   -0.09780169   -0.03116999    0.00990030   -0.00136986    0.04561540   -0.02088197   -0.04430434
JPLM    0.05672817   -0.02171858    0.09422113    0.10986760    0.00065065   -0.06408550    0.01168354   -0.05499369
JPLV    0.08731047    0.05804494   -0.02371015   -0.20669947    0.04394458   -0.01494748    0.09304158    0.04018206
KARR    0.55961380    0.00722796    0.05286495   -0.12381173   -0.13059301    0.02438802    0.04268913    0.03274132
KAT1   -0.16533401   -0.34630579    0.18056683    0.45105968   -0.06183111   -0.09000051    0.03263251   -0.04270831
KELY    0.05533291   -0.11374398    0.07372760   -0.05716759    0.02640172    0.00058082    0.00504324   -0.01135181
KERG   -0.04866948   -0.04896993    0.01381530   -0.01149474    0.02204230    0.01216881   -0.00622504   -0.00771953
KGNI   -0.27808980    0.45538686   -0.05443561    0.05656035   -0.03015410    0.04242660    0.00001063   -0.00852968
KHAJ    0.21473122    0.00422726    0.01111138   -0.01019561   -0.07031128   -0.05347200   -0.06056825   -0.06375407
KHAR   -0.05890524   -0.07553367   -0.02354360   -0.02976868    0.01828247    0.04416571    0.05128500   -0.00720543
KIR0   -0.08987810    0.05970310    0.05414190    0.00296922   -0.01074768    0.01401210    0.01379790   -0.00133170
KIRI    0.14059428   -0.00254677    0.09027379   -0.21613536    0.05087538    0.01551539    0.03700743    0.01067268
KIRU   -0.17314750   -0.04227679   -0.02228613    0.07185107    0.01457101   -0.01629752   -0.01374266   -0.02997610
KIT3    0.41903116   -0.62123943   -0.04925618   -0.46846656   -0.21255112   -0.18697312   -0.05988870   -0.04336706
KOKB   -0.09027167   -0.03380348    0.09251255   -0.05427845   -0.08118111   -0.01372259    0.03962574    0.00874391
KOKV    0.07799757   -0.08856795   -0.10750214    0.04185338   -0.06180248    0.03357434   -0.01149800    0.00974332
KOSG    0.02135638    0.05060658   -0.02512116   -0.00252457   -0.00758323   -0.01157264    0.01982041   -0.00847053
KOU1    0.07735848    0.28320256    0.07095048   -0.17208683   -0.01593050    0.02459049    0.12730094   -0.09602193
KOUC    0.11524033   -0.22738383   -0.06488254   -0.00009723   -0.00948425   -0.02878337   -0.02470307    0.10506131
KOUG    0.25658199    0.36697021   -0.21304616   -0.20061530    0.00685108    0.07677210    0.09258530    0.01167887
KOUR   -0.00310162    0.23678149    0.07344249   -0.22575074   -0.05311788   -0.00131534   -0.03758821    0.04952674
KRGG   -0.01488403    0.02780791    0.01120444    0.03601842   -0.00281865    0.01408011    0.01986617    0.00396651
KSMV   -0.14011228    0.31498718   -0.13048504    0.06430137   -0.02903515    0.07303235    0.00758571    0.00022612
KSTU    0.02108772   -0.20606985   -0.01198808    0.03677900   -0.02887822    0.02299378    0.02606671    0.04566831
KUNM   -0.05054936    0.41017184   -0.01227202    0.12291100   -0.06732589   -0.02257989   -0.00094511   -0.06601961
KWJ1   -0.28534600    0.07205974    0.24055618   -0.11659619    0.03283634    0.04193223    0.00823594   -0.17087680
LAE1    0.71369554    0.70067549   -0.00643268    0.18587229   -0.05110117    0.12934421   -0.25136359   -0.00684250
LAMA   -0.06906115   -0.10321980   -0.03340576    0.01160836   -0.03519836    0.02845087    0.03579974   -0.03106939
LAUT    0.47310326   -0.00417309    0.18358139   -0.03375712    0.04309908   -0.05827489   -0.12777100   -0.01657887
LHAS   -0.63521699   -0.34867571    0.23529028    0.06224414   -0.18011341    0.03890605    0.04555265   -0.01984819
LHAZ    0.07193165    0.66964756   -0.09964673    0.21057472   -0.13706474    0.14236802   -0.07010550    0.00448532
LMMF   -0.07636649   -0.12032218    0.07436438   -0.07563441   -0.03433811    0.03459225    0.01481379   -0.01122534
LPAL    0.15984768    0.02897831    0.09204145    0.06484253   -0.01513450   -0.00468409    0.00425929    0.00601152
LPGS    0.03894239    0.18243172    0.07013743    0.00214646   -0.03293699   -0.01375760   -0.02890044    0.02516597
M0SE    0.11332083    0.07023482   -0.10643273    0.00250907   -0.03868034    0.00422017    0.01836742    0.00452216
MAC1    0.07219235    0.03786356   -0.01193976    0.01688984   -0.01702025    0.00636051    0.00242395   -0.00328816
MAD2   -0.01023786    0.05081385   -0.04575592    0.01152198   -0.01021894    0.01646753   -0.00654312    0.01840036
MADR    0.08616002   -0.04727666   -0.07276081   -0.04814330   -0.17205077   -0.05481705   -0.07365954    0.06122228
MAG0   -0.02503175    0.01145127    0.00710756    0.05997391   -0.03147252   -0.02650856    0.01097994    0.02783511
MAJU    0.30577032   -0.00704871    0.07836962   -0.04893755    0.00009686   -0.04422869   -0.01907298    0.00975841
MAL2   -0.22900091   -0.25359745   -0.18273413   -0.24819525   -0.17591452    0.05245681    0.14195248    0.14165467
MALD    0.22204056   -0.06879881   -0.20457371   -0.25561750   -0.21430625   -0.01725217    0.02142722   -0.04217968
MALI    0.21515980    0.33470455    0.03061971   -0.24704932    0.01434305    0.12755688   -0.08335662    0.10389877
MANA    0.14344453    0.67793113    0.34130766   -0.04699420    0.17813933    0.05047908   -0.01217528    0.00380903
MAS1   -0.63929365    0.45229768   -0.08739876   -0.03569336   -0.02334710    0.00690533   -0.02691867   -0.00760135
MAT1    0.01563608    0.00207319   -0.07792990    0.00373095   -0.01710119   -0.01174773   -0.02187846    0.01204919
MATE   -0.00283987    0.00972944    0.00366540    0.07509978    0.00117575   -0.01167735    0.02757164   -0.01359374
MAUI   -0.13460450   -0.02143895    0.01435346   -0.00166041    0.03044834    0.01282989    0.05508808    0.00290950
MAW1   -0.01691581   -0.00239416   -0.01086058   -0.02152807   -0.01252154   -0.00857366   -0.00756260   -0.00075931
MBAR   -0.15448803   -0.18210922   -0.12691586    0.13362636    0.03998305    0.02726287   -0.07967194   -0.03966395
MCIL   -0.15994732    0.11739600    0.05413080    0.02271831    0.09213392   -0.01729880    0.00913778    0.03019578
MCM4   -0.09274542    0.02335175   -0.01697578   -0.01571743   -0.01082856    0.00555640   -0.00729454    0.00180874
MDO1    0.12066083   -0.06428973   -0.04346793    0.04955997   -0.03860760   -0.01216805    0.00947450    0.00506605
MDVJ   -0.06484684    0.04049287   -0.00499778    0.01643916   -0.00895084   -0.02582718    0.01018469    0.01568841
MDVO   -0.11870156    0.29850407    0.04722940   -0.30056386   -0.07320667   -0.08650714    0.01693937    0.07105991
MEDI   -0.19152257    0.03876467    0.07886783   -0.09013622   -0.00354505    0.02157553   -0.02691352    0.01240513
METS   -0.15081867   -0.08653743   -0.00921903    0.05734255   -0.02081551    0.00662863   -0.00258354   -0.01650563
METZ   -0.08850410   -0.12369865   -0.04725574   -0.02697994    0.01982316   -0.00804227    0.02091297    0.01639518
MGUE   -0.10891227   -0.18677540   -0.11118247   -0.05723756    0.04925699    0.00356795    0.05273579    0.00324070
MIZU    0.12454079   -0.01669009   -0.06035381    0.09646014   -0.00294907    0.02762339   -0.01945432   -0.03095396
MKEA    0.01914910   -0.09194254    0.01842129   -0.02359141    0.01460010   -0.00525046    0.00500074   -0.00048474
MNLS    0.02597609   -0.01283114    0.02368704   -0.00389089    0.01817806    0.02565248    0.00933671   -0.01081892
MOBJ    0.13692417   -0.05427499   -0.02058406   -0.03992280   -0.01301932   -0.02769649   -0.01100922    0.00275495
MOBK    0.16587494   -0.07793654   -0.02345013   -0.05053926   -0.02497731    0.01110644   -0.02013388   -0.01282507
MOBS    0.02292955    0.15987622    0.03893403   -0.00478337   -0.00564903    0.01496167    0.00475676   -0.00964818
MONP   -0.02701923    0.00460521   -0.00799087   -0.01053833    0.00749547   -0.02311116   -0.00937289   -0.00694509
MORP    0.14136063    0.08867333   -0.05030915    0.02072356    0.00567646   -0.01650027    0.03513660   -0.00227977
MQZG    0.04528754   -0.00209045   -0.02198464    0.00353601   -0.02248233   -0.00349804   -0.01879968    0.02403874
MRO1   -0.24417271   -0.00904488   -0.00618692   -0.07243270    0.06764826   -0.04064987    0.01845382   -0.03953019
MSKU    0.23677920    0.27433718   -0.43380714    0.17857454   -0.25306393    0.10877891    0.11763017   -0.03882400
MTKA   -0.04412732    0.56128931    0.15317630    0.19119089    0.08396365   -0.01603649   -0.00609004    0.00094527
NAIN   -0.14238271    0.02189345    0.04728555    0.04160728   -0.00220084   -0.00843787   -0.00271697   -0.00117687
NANO    0.02619756    0.22199409   -0.06781166   -0.03206805   -0.00350088   -0.04194538    0.00960114   -0.01732891
NAUR    0.04839312   -0.22234412    0.01250573    0.08423331   -0.04854668    0.00913699    0.04854564   -0.01863476
NICO   -0.18231461   -0.22991344    0.06098360   -0.07377789   -0.00135082    0.00851230    0.00657154    0.01433361
NIST   -0.18024554   -0.14418753    0.04011480    0.04138217   -0.02752736    0.00853300    0.01805660   -0.06563207
NIUM    0.18849967   -0.03807178    0.03407634   -0.01618567    0.09286956   -0.04607045    0.06888167   -0.01793042
NKLG    0.12578021    0.22055179   -0.34726997   -0.23124866    0.20030290   -0.09224386    0.18183366   -0.03592717
NLIB    0.13102533    0.14882013   -0.00885147   -0.07318846    0.00740363   -0.03960469    0.03300974    0.05392833
NNOR   -0.04714887   -0.01194982    0.06060433    0.02851404    0.02289231   -0.02186242   -0.00052868    0.03991353
NOT1    0.06201329   -0.19364641    0.04171067   -0.14817527    0.01551297   -0.07515151   -0.03165222    0.05461563
NOTO   -0.10149346    0.06679379   -0.06129464   -0.19357317   -0.08178601   -0.09179757   -0.11960678    0.05252226
NOUM    0.11146975    0.29973331   -0.01911290    0.12916313   -0.11239590    0.06825320    0.06080712   -0.00297106
NOVM   -0.00513637   -0.12598396   -0.02741839   -0.06065552   -0.02083216    0.05934897   -0.02639353   -0.00336642
NRC1    0.13794586    0.12267580   -0.09631041   -0.01539110   -0.04727376    0.00449207   -0.00769417    0.00883431
NRIL    0.04806232   -0.07690001   -0.02454715   -0.04369376   -0.00088595   -0.00272793    0.02184141    0.01891110
NRMD   -0.03928654   -0.39560402    0.03893386    0.00500192   -0.07224717    0.01836014    0.03205536    0.02165083
NSSP    0.03239050    0.07054605   -0.14630430    0.13714607    0.00217024   -0.21022856   -0.03391674    0.08111371
NTUS   -0.11725640    0.18044071   -0.06883040   -0.00662955    0.02960105   -0.05264775    0.00269765   -0.00189586
NURK    0.34070474    0.36571338   -0.45243989   -0.27113293    0.19537321    0.06854753   -0.15159443   -0.07259876
NVSK    0.32421875    0.02154491   -0.13198675    0.03889609   -0.04260873    0.05247306    0.16591409   -0.00935214
NYA1    0.04476376    0.03713952   -0.00771200    0.03682030   -0.02700991    0.00779202    0.00841201    0.00009158
NYAL   -0.06581404    0.05989724   -0.02787092   -0.03610500    0.03055043   -0.00558594   -0.00668469   -0.01105179
OHI2    0.06838039   -0.05080902   -0.01001853   -0.07514681   -0.00997454   -0.00275910   -0.02770096    0.00917179
OHI3    0.04686350   -0.04585410    0.01697485   -0.06777961   -0.00810608    0.00236991   -0.01224164   -0.01906229
OHIG    0.01446875    0.05044204   -0.05027282   -0.08299724   -0.02489172    0.03937395    0.02387001   -0.00094733
ONSA   -0.09474489   -0.02671889   -0.01017371    0.03546639   -0.04080535    0.06859590   -0.00588150   -0.04806490
OPMT   -0.13918174   -0.15987771   -0.02796048    0.06779788    0.03015559    0.07038396    0.01966769   -0.04623642
OS0G    0.06429219    0.02420663    0.01483693   -0.04531113   -0.00592767    0.02335921   -0.02047820   -0.06117174
OSN1   -0.06202416    0.28562547    0.04757695    0.01256875    0.04762817   -0.04553044    0.00383345   -0.05588851
OUS2    0.00367431   -0.03747472   -0.04608006   -0.00364145   -0.00200216   -0.01257250    0.01488661    0.00614529
PADO    0.04224553   -0.01333940   -0.04189900    0.07217638   -0.06986507   -0.04818915    0.11837074    0.09111613
PALM   -0.05986513   -0.03477112    0.01415803   -0.02444524    0.00077399    0.01776378    0.00471569    0.00837290
PALV   -0.04592967   -0.03203021    0.03630567   -0.01840626   -0.01727566    0.03348475   -0.02475552   -0.02477171
PARC    0.02779237   -0.07589538   -0.01252588    0.02766220   -0.00666097   -0.01223188   -0.01380411    0.01409818
PARK    0.09064028    0.03646368   -0.06148510   -0.01906497   -0.00940149    0.00837770    0.02652863   -0.02044529
PBRI   -0.17901091    0.04000349   -0.06816690    0.12286888   -0.21848661    0.07975650    0.00849255    0.03307616
PDEL    0.08699582   -0.03129052   -0.04094547    0.06865616    0.00650802   -0.03155625   -0.00179719    0.00018427
PENC    0.00182983    0.26085576   -0.09471018    0.00476686   -0.02210592    0.04478354   -0.02826636    0.00203732
PERT   -0.10466343   -0.07124668    0.01365225    0.01859052   -0.03946908    0.03378766   -0.00982728    0.00714329
PETP    0.06330756    0.01150130   -0.00570182   -0.07943217    0.00669308   -0.08012668    0.00145898   -0.02439908
PFA2    0.04889662   -0.08435655   -0.28533119   -0.00438829   -0.02775856   -0.02217405   -0.00301900    0.02901773
PIE1    0.16801339    0.01350830   -0.06031382   -0.00203681   -0.02251225   -0.01185993    0.01187827    0.00389991
PIMO    0.25362737   -0.17894438    0.16649393    0.06495384    0.15990354    0.01750535    0.02878241    0.06181227
POHN   -0.12048028    0.14042734    0.16070954   -0.09373174    0.02821967    0.05036626    0.01465185    0.00704621
POL2    0.00902864    0.83580942   -0.47823895    0.04595131    0.06840178   -0.04291988    0.05215050    0.08695884
POLV   -0.00583059    0.01752532    0.01299175   -0.00464717    0.00464368    0.00569568    0.00419186   -0.04039475
POTS    0.05710284   -0.15790058    0.02918354   -0.03181806    0.00024884   -0.04619435   -0.01530357    0.00407735
POVE   -0.18887924    0.05257517   -0.26587636    0.06353212   -0.10540534   -0.10569268    0.00583926   -0.03938981
PRDS   -0.08020535   -0.01529627    0.12088420    0.00301290   -0.07676852    0.09224846   -0.06546379   -0.02721512
PRE1   -0.12798683   -0.13384577   -0.05742428    0.11261208   -0.04289678    0.02826386   -0.01488399    0.04310063
PTAG    0.11187031    0.03033271   -0.05856646    0.08488065   -0.11478490   -0.03303039    0.05980947   -0.01806724
PTBB   -0.08933808   -0.08049248   -0.03325616    0.05629787    0.00314656   -0.01373352    0.03514419   -0.00168148
PTVL    0.25279183    0.17659606    0.04040734    0.09832110   -0.04177995    0.03374226   -0.05959672    0.00100027
PVEP   -0.13936251   -0.33460051    0.14915287    0.04109542   -0.12072618   -0.12545463    0.06772712    0.17111277
QAQ1   -0.02020765   -0.22352501   -0.12259596    0.02903580    0.04649924    0.05340415   -0.00647679   -0.00333597
QUI2    0.11695426    0.10639930   -0.02179495    0.12919707    0.02175522    0.08776105   -0.02171405    0.04074142
QUIN    0.22440730    0.02923717   -0.22306978    0.00435681    0.07931795    0.01427895   -0.05504950    0.01025930
RABT    0.07526980    0.28391281   -0.08787940    0.06553683    0.03008471    0.01363317   -0.05935073    0.02286425
RAMO    0.06616207    0.07758415    0.03381737   -0.02000151    0.01719697    0.00013072   -0.00653311    0.00531294
RBAY    0.23590291   -0.18235897    0.02230025    0.02605292    0.02239634    0.02420050   -0.01379475    0.02190843
RCMN    0.00862822    0.08424421   -0.10603552   -0.05559616    0.02954050    0.01514076    0.11987714   -0.04501830
RECF    0.01764571   -0.15749812    0.12133156    0.00968193   -0.03816593   -0.06391598   -0.00626690    0.04400403
RESO   -0.12708388    0.04814006    0.00019935   -0.04144127   -0.04624762    0.01289557   -0.01357215    0.00036948
REUN   -0.00261118   -0.29124841    0.07735624    0.02135431   -0.06180377   -0.07351036   -0.00737284   -0.04790939
REYK   -0.10376881   -0.01503591   -0.00029913    0.01529709    0.01090415    0.00270514   -0.00018968    0.01105688
REYZ    0.01300441   -0.02525600    0.04072260    0.06701637    0.01896699   -0.00044149    0.01103665   -0.02663693
RGDG    0.03004960   -0.03494413   -0.00614415    0.00416410    0.01157070    0.00458346    0.03299827   -0.02433130
RIGA   -0.11156196    0.12638297    0.02594325   -0.01702231    0.04083762   -0.02142243    0.01678204    0.02851553
RIO2   -0.01197386   -0.00482624    0.01163102    0.02278151   -0.00577427   -0.01670760   -0.01453566    0.03051309
RIOG   -0.04290450   -0.06241044    0.02120044   -0.02740138   -0.02761889    0.00411360   -0.07317500   -0.05486034
RIOP   -0.37168088   -0.24944481    0.17418124   -0.03256074    0.08796380    0.18175233   -0.08866656   -0.03902842
ROSA    0.22931895   -0.12764950   -0.12385066   -0.03396913   -0.00934041    0.05986346    0.02884316    0.16215428
ROTH    0.12125529    0.00605183   -0.09319291   -0.06586289    0.04372453    0.00505227    0.02103441   -0.00932200
SALU   -0.21681521   -0.19414419   -0.18615866   -0.15629610    0.02601984   -0.01768370    0.06060024    0.06677251
SAMO    0.02165929   -0.00789516   -0.04379199   -0.01593688    0.01353523    0.01834012   -0.05843616   -0.10906200
SANT   -0.48495586    0.26628819   -0.34604185    0.10579110   -0.05458072   -0.09322192    0.08396418   -0.00057465
SAVO   -0.03833163    0.14808738   -0.01185650   -0.04222615   -0.00984080   -0.01802748    0.02488457    0.01275087
SCH2    0.12350370   -0.19080374    0.01777825    0.05324605   -0.00541974    0.00444901   -0.00835447    0.01717209
SCOR    0.04765330   -0.00196184    0.02870177    0.02221167    0.02243716   -0.00517692    0.01930364   -0.00533321
SCRZ    0.20360087   -0.38405497    0.10311137    0.20378243    0.01174897    0.04744762   -0.19826848    0.08674071
SCTB    0.04223039    0.04468179   -0.00242541    0.00273189    0.00451688   -0.00126456    0.01645625    0.00017463
SCUB   -0.11723646   -0.31015714   -0.00866235   -0.12528679    0.00077520   -0.00286829    0.01645159   -0.01259760
SELE   -0.39288057    0.40426852   -0.26022218   -0.27204134    0.14202561   -0.00716139    0.00800136    0.06218782
SEY1    0.07835318    0.16384905   -0.06182171   -0.12409756    0.01820273   -0.16644902    0.07494308    0.06120569
SEYG    0.45500694   -0.15595164    0.02577226   -0.07865529    0.04475936   -0.09311647   -0.13195574    0.03847965
SFER    0.01867414    0.06038904   -0.09173767   -0.01128788    0.03529362   -0.02053323   -0.00784990    0.02258066
SHAO    0.18627794    0.13931929   -0.01411194   -0.01908893   -0.04541030   -0.03141723   -0.01226086    0.00412658
SIMO    0.08787122    0.03695725    0.05781784   -0.04456041   -0.01127156    0.04151446    0.06139531   -0.19620138
SIO3    0.00788143   -0.06410018    0.13635331    0.20185560   -0.07146111   -0.14265176   -0.01568993    0.02989649
SMST    0.41033138   -0.06673199    0.00619546   -0.14200667   -0.06453542    0.02157200    0.04476730   -0.00660702
SOFI   -0.19839104   -0.11523105   -0.00473800   -0.01582880    0.00156819    0.03969403   -0.01038552    0.04043412
SOL1   -0.01798591    0.01701116   -0.03408028    0.01692426   -0.00928081   -0.06041151    0.04015999   -0.04359198
SOLA   -0.38769803    0.20532462    0.06116267   -0.25625290    0.11228997   -0.00598629    0.04446623    0.15904833
SPT0   -0.17511285   -0.03957110    0.01393036    0.01064467   -0.04933465    0.05049121    0.00707225   -0.04571180
SSIA    0.15766081   -0.27550581   -0.00981781    0.06791844    0.05365605   -0.06153529   -0.06109686    0.00656637
STHL    0.42004157    0.15149836    0.00757374    0.06934752    0.01434081   -0.03699118   -0.02151098    0.01083580
STJO   -0.10427950   -0.04000732    0.00901683   -0.01405897   -0.01303596    0.00575590   -0.01221825   -0.00121894
STK2    0.20376917    0.22128969   -0.04492999   -0.11258671   -0.00358695   -0.02876519    0.00791868    0.05963053
STR1    0.07629469    0.14711867   -0.01255876   -0.02107041   -0.01052186   -0.01880879   -0.00593330    0.00981442
STR2   -0.14402022    0.01766802   -0.00302998    0.02642144    0.01432488   -0.02396516   -0.02302676   -0.00140054
SUNM   -0.12110828   -0.20141312   -0.06078232   -0.10055136   -0.11526017    0.01306636   -0.09599646   -0.05802619
SUTH   -0.07880932   -0.07039045    0.01649052   -0.02542220   -0.00190995    0.00180158   -0.00273269    0.00862008
SUTM   -0.01163821   -0.12792743    0.02595808    0.01323263    0.00117619    0.01611511    0.00347760   -0.01862299
SUTV    0.08128360   -0.03979981    0.00804325    0.02134355    0.00032880    0.00849768    0.00428935   -0.02988084
SUWN    0.21763525    0.16591708   -0.01465771   -0.02752816    0.03537526    0.01968098    0.00795903   -0.01594936
SVTL   -0.10841603   -0.18956339   -0.07538368    0.06167006   -0.03240302    0.00257583    0.04236224   -0.03126420
SYDN    0.02448252    0.21187224   -0.00077152   -0.00650505   -0.01363868   -0.01360480   -0.00705724   -0.02221503
SYOG   -0.00029517   -0.02916627    0.03713348   -0.01081114   -0.02335801    0.03485886    0.01540844   -0.01168464
TABL    0.03484993   -0.03065319    0.00194629   -0.02881837   -0.00803088    0.01982631   -0.01644631    0.00075832
TABV    0.08274573   -0.02965164   -0.00989904   -0.00670995    0.03288422    0.00492299    0.03833494   -0.00113225
TAH1   -0.13601869    0.04411512   -0.06664297   -0.13159347    0.06847009    0.00540357   -0.01983973    0.01011928
TASH   -0.27967493    0.26148493    0.17579572    0.06176607   -0.09638644    0.03695567    0.02763994   -0.02049154
TCMS    0.49118995    0.33193737    0.03289076   -0.33167997   -0.12452006   -0.50183315   -0.06862671    0.14472902
TEHN    0.09415301    0.24182450   -0.08460346    0.46943029    0.27793806    0.23209717   -0.06620296   -0.12193862
THTG    0.23406145    0.13188271   -0.09903734   -0.11378380   -0.12641242    0.02007794   -0.10417340   -0.06022457
THTI    0.04391293    0.23250100    0.07996748    0.09442585    0.00339638    0.05030002   -0.05811284    0.03790068
THU1    0.10468225   -0.09503738    0.01113795    0.04349327    0.00412375   -0.02287679   -0.02057101   -0.05216409
THU2   -0.03742822    0.03371612   -0.01658693    0.03941609    0.05618683    0.03517140   -0.00501431   -0.02550891
THU3   -0.07201191   -0.04770151    0.00551248   -0.05560665   -0.01312513   -0.05475051   -0.02344943   -0.01038388
TID1   -0.13277706   -0.08865359   -0.00997849    0.00264539   -0.00220724    0.01707188    0.01350359    0.00644003
TIDB    0.07987514    0.11037151    0.00126646   -0.01274412    0.00799464   -0.01481988    0.01095471    0.01204977
TITZ    0.10240293   -0.01853571   -0.03486973   -0.07859669    0.01399455   -0.04505764   -0.01404990   -0.00661000
TIXG    0.00598793   -0.00775205   -0.00809039    0.00871007   -0.02989115   -0.00357865    0.00634641    0.03801703
TIXI    0.03916904   -0.03437984   -0.03045707   -0.00170464   -0.01567471    0.03277559   -0.00868415   -0.00787842
TIXJ   -0.08432441   -0.05119871    0.01045918   -0.06783079    0.04192001   -0.00739522    0.00453789    0.00314298
TLSE   -0.19979964   -0.07400414    0.08383258    0.04616805   -0.06023016   -0.02441489    0.02996612    0.03831218
TN22   -0.20340750    0.09701039   -0.02786561    0.01224847   -0.03171274   -0.06099593    0.00785349    0.07233923
TNML   -0.23505120    0.44410126    0.22048989    0.18015881   -0.14383679    0.37285824    0.11615856    0.14116817
TONG    0.11280489   -0.05838456    0.05947740   -0.03301592    0.09457685   -0.12149500   -0.05744419    0.14493054
TOUL   -0.03177858    0.10649030    0.16356292    0.02965603   -0.01756459   -0.03198025    0.02791784    0.06469320
TOW2    0.07243739   -0.05556785   -0.03634973    0.18951213    0.07379014   -0.00527232    0.06422321   -0.02730230
TRAB   -0.31365282   -0.59230164   -0.36474492   -0.19378912    0.01166377    0.09564785    0.00299198   -0.20143583
TRO1   -0.14860022    0.24517113   -0.02009786   -0.02347527   -0.02466884   -0.03512798    0.01975865   -0.00111469
TROM   -0.22723010    0.00199054   -0.00099917   -0.00733290    0.00900130    0.01256041    0.02173878   -0.04199736
TSEA    0.22859482   -0.02743922   -0.00769874   -0.05111581    0.03433730   -0.00840509    0.05875616    0.04373351
TSKB    0.33408307    0.10365138    0.02969191   -0.11147237   -0.05695379    0.04060777    0.02806439   -0.00305136
TUVA    0.36403292   -0.10838745    0.00477646   -0.04245957   -0.00474752   -0.05058267    0.04982990    0.04086665
TWTF    0.32407786    0.16765416   -0.24794396    0.10756331    0.11019278    0.15665232   -0.04621741   -0.07893849
TXES   -0.16868620   -0.23115333   -0.09011868    0.06782853    0.08333819   -0.06942188   -0.08030715    0.01889767
UFPR    0.19611585    0.02403352    0.02184337   -0.01641689    0.03345562    0.00755487   -0.04766669   -0.02381629
ULAB    0.06283631   -0.01254600   -0.06231109    0.03184313    0.02795439    0.02803479   -0.01404784   -0.01000325
UNB3   -0.20141847   -0.05391575   -0.03116217    0.01878018    0.00077969    0.01927423    0.01603737   -0.00361476
UNBJ    0.11719521   -0.09432007    0.02598949    0.04340939   -0.01428882    0.00227990   -0.01606230    0.00911802
UNBN   -0.22286478   -0.08299518   -0.01793207   -0.01547735   -0.06013704    0.02942496    0.05363572    0.01270516
UNSA   -1.56874764   -0.16826691   -0.16866395   -0.32685532    0.18416839    0.21767845   -0.02467539    0.01242655
UNTR    0.18010410   -0.14388421    0.11631238    0.07864524    0.03057900    0.02804642   -0.00718444   -0.00243836
URUM    0.13316294   -0.04304484    0.06193975   -0.30151650   -0.02574931   -0.07416509    0.02733176    0.02444027
URUS    0.17148760    0.15285699    0.01487951    0.06574504   -0.14717756   -0.03194886   -0.03026216   -0.00283580
USN3    0.08196898    0.03367770   -0.01694870    0.01781623    0.08613941    0.01396478    0.03676649   -0.03767916
USNA   -0.00842018   -0.00611374    0.04396880   -0.01714783   -0.00262322   -0.05414526    0.03090242   -0.06251564
USNO    0.02662182   -0.05770324   -0.00106583   -0.01728641   -0.03877604   -0.08884432    0.00760925   -0.06844317
USUD    0.43929221    0.12177425   -0.09613311   -0.08141788   -0.05305495    0.02506991   -0.01059795    0.04060654
VACO   -0.24697649    0.10559939    0.04884352   -0.02570553    0.03117272   -0.00949120   -0.02110528   -0.00461349
VALD   -0.07055587    0.08623865    0.06358434    0.06982110   -0.00845357    0.00719009    0.00618250    0.01533307
VENE    0.16611459    0.22437213    0.22812037   -0.02727754    0.07381309   -0.08753058   -0.03603180   -0.00833782
VESL   -0.18880927    0.02655486   -0.03961573   -0.01750782    0.01307424    0.00752498   -0.01985010   -0.01353324
VIL0   -0.06498280   -0.11417825   -0.06293219   -0.02932138   -0.00658436    0.00371200   -0.00439420   -0.00817519
VILL   -0.03271990    0.06506534   -0.03743940    0.03795285    0.04168900   -0.00846203    0.01476351    0.00605486
VIS0   -0.06705029    0.09485230    0.06752630   -0.00821433    0.01383068   -0.03847558    0.01814833    0.02425458
VNDP    0.15950652   -0.08276383   -0.13632175    0.09401061    0.04370183   -0.00770409   -0.00864632   -0.03369114
VOIM    0.21451305   -0.03613124    0.27334382    0.06130208   -0.09576246   -0.01854242   -0.05160797   -0.06807568
VTSP   -0.03878884   -0.00454398   -0.00921023   -0.10132379    0.03026529   -0.00192621   -0.02559315   -0.03153505
WARK    0.07554989   -0.05779537   -0.00870782    0.02192849   -0.00625415   -0.00878150   -0.01381932    0.00591612
WDC1    0.07773426    0.02237793   -0.00672332    0.02832197    0.03680616   -0.01080598    0.01614154    0.03167903
WDC3    0.13483619   -0.05713574    0.09095526    0.08706068    0.04097534   -0.06322644   -0.06049696   -0.03391519
WEL1   -0.00974376    0.09242108    0.00430579   -0.07006551   -0.01923111    0.02854128   -0.00538923    0.01782444
WES2    0.12032300    0.11316943   -0.12131996   -0.03934720    0.02584144   -0.06221978   -0.00528325    0.05212182
WGTN   -0.02341638    0.04664768   -0.02706847   -0.03918915   -0.00420074   -0.00111721    0.01187771   -0.00242007
WHIT    0.00637188   -0.02088973   -0.02487699   -0.01560490    0.00793442   -0.03168373    0.02287817    0.00950834
WILL   -0.02292825   -0.03821886   -0.02343541    0.03931898    0.00447544   -0.01600701    0.00505769    0.00301145
WIND    0.02533460    0.20726701    0.01444051    0.08523002   -0.05592262   -0.00173890    0.04240138   -0.04081110
WROC   -0.14836838   -0.09679619   -0.03815005    0.01297271    0.00529690    0.06618600    0.00285601   -0.03095847
WSRT    0.09448514    0.06506082    0.00161169    0.01704099    0.00733198   -0.01314365    0.01704245    0.00252741
WTZA   -0.03173451   -0.12461093   -0.01565671   -0.06463031   -0.03424570   -0.01126046    0.00233744   -0.00771333
WTZL    0.17111058    0.19116515   -0.02356302    0.00210920    0.00906411    0.00423172   -0.02310142    0.00350234
WTZR    0.13532551   -0.06774256    0.05279394    0.04595339   -0.00611061    0.01357911   -0.00671650   -0.00945887
WTZZ   -0.18195039   -0.00973589   -0.00416530    0.06146879    0.01613322   -0.00651890    0.01603176   -0.01642129
WUHN    0.17165540    0.08051232   -0.04192655   -0.07356256    0.00953628   -0.02284532   -0.01272285    0.00334888
XIAN   -0.38521493   -0.66861777   -0.18389655   -0.18906401   -0.11377734   -0.08651906    0.04478334    0.11847801
XMIS   -0.32677798   -0.17197468    0.07644591   -0.07640946    0.02529773   -0.02256842    0.00059203   -0.01323503
YAKT   -0.23758630    0.29534504    0.06953724    0.08187057   -0.10460075    0.00720643   -0.11000762   -0.02420352
YAKZ   -0.09037144    0.06196300   -0.14037480    0.18637086   -0.00257393    0.06235172    0.00985350    0.00539709
YAR1    0.03421199   -0.01506635    0.14783817    0.03902465    0.04521502    0.00661753   -0.03891780    0.01297823
YAR2   -0.04155522    0.02997873   -0.09592295    0.01045935   -0.02085646    0.01537123    0.02044125    0.02148185
YAR3    0.03252474    0.03264089    0.10785488    0.03248492   -0.02157506   -0.02497522    0.00326853    0.04135447
YARR    0.03903690   -0.07848238   -0.08259170    0.06261579   -0.01973367   -0.02812083    0.03470818   -0.02631583
YCBA    0.03939680    0.23852216   -0.09898082    0.14171745    0.06526700   -0.05777140   -0.08678658   -0.04075174
YEBE   -0.08780884    0.10900927    0.03135624    0.01309992   -0.00564954   -0.00933883   -0.01362272   -0.01389589
YELL   -0.10632114    0.01479026   -0.02673474    0.07634694    0.05494242   -0.00955233    0.00300263    0.04592844
YIBL    0.95354776    0.33434525    0.34278969    0.02925838    0.05713136   -0.04335632    0.06605021   -0.07764609
YKRO   -0.27731060   -0.32606242   -0.14050079    0.18153927    0.17541627    0.21685022    0.02533185    0.08044009
YSSK    0.05228622   -0.06778709   -0.02473926    0.00519764   -0.03514329    0.04164366   -0.00785624   -0.00160639
ZAMB   -0.21693651    0.00673719   -0.07135671    0.00498515    0.03107667    0.02212633   -0.02610986   -0.00554412
ZECK    0.14889784    0.18600599   -0.03122862    0.06328802   -0.01013656   -0.00508615    0.00273340    0.01724113
ZIM2    0.04354601   -0.07405624   -0.03554920   -0.08040156    0.00037732   -0.01425541   -0.00591205   -0.01894144
ZIM3   -0.06506548   -0.05136741   -0.03901193    0.06332758    0.00573873    0.04501173    0.00811330   -0.06933385
ZIMJ    0.03432252   -0.08654700    0.07441394    0.03735845    0.00205451    0.04752043    0.01499492    0.02001910
ZIMM    0.05810827   -0.05563498   -0.06256789    0.06072465   -0.02973988    0.04090367    0.02700615    0.00196730
ZWE2   -0.00061587   -0.17872314   -0.03967257   -0.01407837    0.05048780   -0.01351267    0.00689663   -0.01167993
ZWEN   -0.24620875    0.44663703    0.07378203   -0.05158147   -0.03246894    0.07663306    0.02897804   -0.03817483
