name cos1 sin1 cos2 sin2 cos3 sin3 cos4 sin4
ABMF   -0.21979705   -0.23300807   -0.04825915   -0.13406793   -0.09092400    0.13175639   -0.02246359    0.06616990
ABPO   -0.05187679   -0.15215383    0.02832302    0.17670419   -0.03721168   -0.01542707   -0.00198138    0.01523918
ADE1   -0.02520896   -0.03841974    0.00976271    0.03396248   -0.01628733    0.00712076   -0.01915834   -0.03771410
ADIS    0.00340784    0.28544323   -0.05832247   -0.14029322   -0.20575362   -0.07361376    0.14781786    0.00422141
AIRA    0.41687585   -0.08252619   -0.03529074   -0.04022953   -0.03347050   -0.04008684   -0.02476258   -0.01661203
ALBH   -0.15750769   -0.06996710    0.07378912    0.04206562   -0.03973160   -0.04506020    0.02793763    0.02624560
ALGO   -0.18478637   -0.03306172   -0.13047279    0.01661078   -0.00672338   -0.02219893    0.02987234   -0.00576837
ALIC   -0.13900008    0.00233922   -0.06275561   -0.00052129   -0.02671826   -0.02493270    0.01275897    0.02609012
ALRT   -0.04930544    0.06692271    0.01612774    0.05949328    0.03804464    0.00309686   -0.01968946   -0.02652043
AMC2    0.05958463    0.46959001    0.16342463    0.00410037    0.05027192   -0.00972945    0.00400539   -0.03975652
ANKR   -0.43324822   -0.16970122   -0.11757852   -0.10759769    0.00184350    0.05520689   -0.00106729   -0.00169934
ANTC   -0.02233263   -0.14619661   -0.09809012    0.10198899   -0.02552695   -0.09247981   -0.02071408    0.04243715
AOML    0.05490830    0.64374888    0.11738009    0.04836600    0.01036633   -0.07020237    0.00166023   -0.19792158
AREG    0.77085975   -0.26494863   -0.35503896   -0.28083970   -0.28031469   -0.22819820   -0.08533797   -0.09424181
AREQ    0.11021468   -0.32650672    0.42447621    0.23224979    0.29794589    0.02986830    0.11249094    0.03491174
AREV    0.12946442    0.13703236    0.61761754   -0.01883484   -0.06387035    0.21594465    0.07862571   -0.04660441
ARTU    0.03154769   -0.04017330    0.00728682    0.07766671   -0.00848322    0.00175541    0.03410579    0.07643259
ASC1   -0.32834106   -0.32609837    0.05712395   -0.13196852   -0.00945137   -0.05640587   -0.08687958    0.04182296
ASCG    0.29863510   -0.46921942   -0.02293784    0.17899371   -0.03167894   -0.02957480   -0.02480783   -0.04489414
ASPA   -0.22832176    0.07784498   -0.00154542   -0.07323170   -0.04072039    0.01655335   -0.00561044    0.00166172
AUCK    0.08554284   -0.01209065    0.00187048    0.00437652   -0.00182481    0.01850909   -0.00527331   -0.00692228
AZGB   -0.01034730   -0.01130943   -0.06391718    0.02898539   -0.04604004    0.01324694    0.00022877    0.02122765
BADG    0.06331842    0.39904687    0.04595802   -0.06311784    0.02896919   -0.03006734    0.00934869   -0.04171573
BAKE   -0.02959003    0.13778441    0.00494725   -0.03720775    0.00469772   -0.00767417    0.01014481   -0.02588608
BAKO   -0.02364357    0.31230945    0.01080965    0.06382282    0.04973805   -0.10152583   -0.12242125   -0.03041265
BAN2   -0.03081742    0.24783376    0.23830854   -0.43591376   -0.05236560    0.09528132   -0.10612341    0.03403163
BARH    0.01429625   -0.07070792    0.05896502    0.00050710    0.00402652   -0.00224794    0.00928390    0.01255092
BDOS    0.25549554    0.08716704   -0.07376262   -0.08426724   -0.08332437   -0.01271258   -0.00253747    0.05570364
BHR1    0.24956833    0.95809686   -0.09946152    0.10683235   -0.17892893    0.36575641   -0.29113188    0.18559801
BILI   -0.07708750   -0.09537426   -0.04557700   -0.02491826   -0.03684707   -0.02685481   -0.03985954   -0.02330169
BISK   -0.10659107   -0.19231983   -0.00243515    0.00781697    0.01302840    0.02231367   -0.00609191   -0.00453596
BJCO    0.28792385   -0.01702351   -0.25087415   -0.28758447    0.23938896    0.23628501   -0.11363955    0.06279728
BJFS    0.13448721    0.16501000    0.08596517   -0.02932521    0.20275780    0.06948651    0.00232704   -0.10325285
BJNM    0.20284347   -0.20957092   -0.22143413    0.12387646   -0.15580490   -0.02824160    0.16068159    0.05583060
BNDY   -0.11376777   -0.11640101    0.03662009    0.03155697   -0.01661729    0.03235356   -0.04771886   -0.02338914
BOAV    0.14055256    0.13630959    0.12287766   -0.25088174   -0.02741249    0.10838146    0.04248635    0.00520769
BOGO   -0.20347818   -0.12155760    0.01367865    0.05210974   -0.01706718    0.04712997    0.02198278   -0.01848608
BOGT   -0.13509231    0.16028906    0.02941782   -0.00468639    0.05642997   -0.01026832    0.01111917   -0.05042064
BOR1    0.11645288   -0.07920834    0.02893189   -0.02063595    0.05012624    0.01599582    0.03809214   -0.03514460
BRAZ   -0.21732272   -0.06395780   -0.09641273    0.04372607   -0.07024263   -0.00135243   -0.03813904    0.02792707
BREW    0.29147428    0.00225654   -0.08432710   -0.33894710    0.03476828    0.01786790   -0.00125906   -0.03974547
BRFT   -0.64380882   -0.13637521    0.04624174    0.10172314   -0.01302970    0.10113252    0.01875792    0.03251206
BRMU    0.09519890    0.13185895    0.01301425   -0.07248902    0.00245678    0.03129842   -0.01007160   -0.01393209
BRST   -0.12013612   -0.01230628    0.01860524    0.04641249    0.02517039   -0.01593706    0.02359463    0.00965825
BRUS   -0.00584681   -0.01203825   -0.02751203   -0.03989408    0.01217557    0.04135497   -0.00429719    0.00766877
BRUX   -0.16552036    0.03490271    0.06714114    0.01497665    0.02841504   -0.02019820   -0.03675151    0.02119706
BSHM    0.12395303    0.17955331    0.09913417    0.07111788    0.08540900   -0.00327856    0.00993766   -0.02902746
BUE2    0.04822088   -0.14977821    0.01870439    0.04059303   -0.11459228    0.09765623   -0.03368119   -0.04852680
CAGL    0.30571286   -0.11060956   -0.02099226    0.01890715   -0.03563219   -0.00892725    0.02279899    0.02045911
CAGS   -0.00676691   -0.00992946   -0.09040496   -0.00026140    0.00381051   -0.06264507    0.02899223   -0.00284521
CAGZ   -0.05334362   -0.25372934    0.02714305   -0.00042916    0.02510800   -0.06583718   -0.00405996    0.03487369
CALL   -0.31268647   -0.58876014   -0.13445649    0.40770634    0.24574774   -0.14557954   -0.02599022    0.01974886
CARR    0.12235715    0.42515019   -0.13362711    0.26633509   -0.06419198    0.04407442   -0.06172196    0.07480867
CAS1   -0.01258694    0.01008808   -0.01897370   -0.00419251   -0.02294664    0.01387010    0.00443212   -0.00284243
CCJ2    0.07409724    0.30124180    0.01416271   -0.10493218    0.11792880    0.00948767   -0.05343754   -0.00147140
CCJM    0.09922783    0.29131515   -0.09913680   -0.05383028   -0.00598259    0.00392878   -0.01492113   -0.01770095
CEDU    0.09301232    0.25821278    0.01856703    0.01672035   -0.00615323    0.02491936    0.04634714    0.00733684
CFAG   -0.03452838   -0.23153966    0.16470856   -0.21292097    0.02769632    0.03397633    0.01887079   -0.13287147
CGGN    0.09003686    0.02121482   -0.09699210   -0.14375454    0.02796991    0.43177483   -0.09793371   -0.03238028
CHAN    0.13435775   -0.08758365   -0.05019660   -0.02500694   -0.03627081    0.01856274   -0.01118398    0.00343701
CHAT    0.06710084   -0.15510508    0.04447090   -0.00687970    0.00433427    0.03436863   -0.01040317    0.00962021
CHPG   -0.53348624   -0.11039629    0.15172667   -0.19759519    0.09073110    0.00956564    0.00737270    0.01201077
CHPI   -0.01880029    0.26766272   -0.10467353    0.13546000    0.03455241    0.08474113    0.00478038    0.00569665
CHTI   -0.06092173   -0.09378788   -0.03621697   -0.01026668    0.00693090   -0.03437458   -0.00253221   -0.00962442
CHUM    0.14963088    0.25568556    0.57687932   -0.20258706   -0.05935332   -0.17295522   -0.00704664   -0.07496891
CHUR    0.04584000    0.11096306    0.00806853    0.00007842    0.00234648    0.01841639   -0.00648233    0.00108843
CIC1   -0.01796837    0.14772829   -0.20515066   -0.06751606    0.10906011   -0.03753482   -0.03942536    0.01111136
CICE    0.09723218   -0.51230782   -0.08706873    0.10738018    0.02753329   -0.11108700    0.03488504   -0.02481424
CKIS    0.08537185    0.06447996    0.02722949    0.06701602    0.01585794    0.06997321    0.08069107    0.00469573
CNMR   -0.00333832    0.10197858    0.18774387    0.08596753    0.02518163    0.10910959    0.02224826   -0.03222688
COCO   -0.12371448   -0.15266139    0.05206357    0.09414772   -0.03401752   -0.00787849    0.02159808   -0.03500426
CONZ   -0.08343514    0.16499183   -0.01763649    0.05370086    0.01765863    0.02816967    0.02862281   -0.00761216
CORD   -0.01475271    0.21416513    0.16531069   -0.17347232   -0.05738166    0.01650919    0.04076526    0.01350843
COYQ    0.13217238    0.00518862    0.01988751   -0.01558393    0.03203842   -0.01965733    0.01724105   -0.00245857
CPVG    0.12831422    0.11827898    0.02311260   -0.17885567    0.11281001   -0.02126679    0.04250241    0.01121072
CPXF   -0.00378843    0.06007779    0.01049170   -0.00658475    0.02609091   -0.03460971    0.01109016   -0.04107477
CRAO    0.00840395   -0.25298041    0.03127830   -0.10107749    0.05969387   -0.01553601   -0.01066353    0.04377177
CRAR   -0.07167249   -0.06762347   -0.03881764   -0.00352978   -0.01097979    0.00993287   -0.00960970   -0.00350489
CRO1   -0.16020303   -0.26962378   -0.00565424   -0.02537652    0.04845705   -0.09007781   -0.00053245   -0.04121421
CTWN   -0.04990108   -0.05355632    0.04208308    0.06524402    0.03782830   -0.04978823   -0.03413177    0.08214650
DAEJ    0.16621074   -0.14251729    0.06951569    0.08269400    0.02066595    0.04072421   -0.01252855    0.00134666
DAKA   -0.14671669   -0.16052117   -0.05424642    0.06416065    0.06238524   -0.17725136   -0.00257950    0.03231277
DARW   -0.32114485   -0.51925596    0.20820412    0.29200124   -0.12395610   -0.05764424    0.04520495   -0.02468934
DAV1    0.06857630   -0.03185707   -0.04314145    0.01501796    0.00290842   -0.00081963   -0.00474651    0.00055599
DAVR   -0.06204546   -0.11599970    0.00982882   -0.00804934    0.02974707    0.00664633   -0.00071962   -0.01362858
DGAR   -0.12081390   -0.06872204   -0.13568419    0.01859856    0.08513279    0.04832501   -0.00039222    0.03753475
DGAV   -0.02069350    0.17603674   -0.01911775   -0.10569881    0.01723088    0.03011838   -0.01373319    0.00028322
DRAG   -0.85452448    0.04685069    0.33220215   -0.18273377   -0.17112043    0.09007110    0.02545942   -0.01875669
DRAO    0.00417464   -0.22363906   -0.35645298    0.08799454    0.00797726    0.01583221    0.04396433   -0.00007155
DUBO   -0.05336082   -0.04351910    0.04284494   -0.04343551   -0.00282341    0.04099244    0.04048712   -0.01715453
DUM1   -0.03379515   -0.05104337   -0.00752641   -0.06405546   -0.03092325    0.03455417   -0.01889732    0.01150046
EIL1    0.13301602   -0.02310626    0.00277250    0.04038757   -0.05882602   -0.00509258    0.04496321    0.05072187
EISL    0.12940303    0.37095834    0.14689620    0.03948787   -0.09361569   -0.08366609    0.03690683    0.01332989
EPRT   -0.00268619   -0.14906231    0.02303866   -0.00197245    0.01724055   -0.03878378    0.01623151   -0.00581236
ETAD   -0.29062511   -0.25368921    0.05874926    0.12915810   -0.23922472   -0.01595614    0.14477241    0.18057422
FAA1   -0.10309545    0.24384554   -0.01579093    0.04984059   -0.06472730   -0.01762721   -0.01549193   -0.06404780
FAIR    0.01921701    0.04068012   -0.02175879   -0.02171619    0.01399730    0.04164527   -0.06577060   -0.01114769
FAIV    0.08315514    0.01951255   -0.09664334   -0.09301236   -0.00840343    0.07092518   -0.00458006   -0.00200388
FALE    0.04172788    0.12740500    0.05503603    0.07618179    0.00964593    0.02545410    0.00063251    0.07561863
FLIN    0.15632670    0.12579064   -0.06080153   -0.00938846   -0.03175124    0.00058327   -0.00221355    0.02575737
FLRS    0.15027307    0.01539669    0.07861312   -0.05472508    0.04648725    0.01603198   -0.03170195   -0.00122198
FORT    0.08137108    0.96562458    0.04404708    0.15176680    0.04850838   -0.05084396    0.07894473   -0.08086819
FRDN   -0.18953187   -0.08735213   -0.04852567    0.04533073    0.00496587    0.01013435    0.01687622    0.00263492
FTNA    0.31246614   -0.01060791    0.04720460   -0.06282863   -0.16140500    0.04486233   -0.08504081    0.02056300
FUNC    0.40325051    0.15402259   -0.12402251   -0.00448059   -0.02611149    0.07280030   -0.03574137   -0.08324231
GALA    0.00913648   -0.15426490    0.04751466    0.08895589   -0.33190099   -0.10816641   -0.03098865   -0.00254665
GANP    0.09823839   -0.12633617   -0.06098416   -0.01022031    0.00733534    0.01523328    0.02903179   -0.01849340
GLPS    0.12655982   -0.13279038   -0.01390608    0.32480007   -0.06350405   -0.18836139    0.02621679   -0.15161492
GLSV   -0.06558936    0.05389533   -0.03181852    0.00430267    0.01530886   -0.02698757    0.01946481   -0.01981006
GMAS   -0.04624109   -0.64881985   -0.11087878    0.13715814   -0.13229304    0.01683969    0.01320803    0.06924632
GMSD    0.10202705    0.30462835    0.11415805    0.00457415   -0.03585532   -0.03116528    0.02554990    0.02883958
GODE   -0.57607942   -0.15533580    0.09097170    0.11390282   -0.04668631    0.02315282    0.02531479   -0.02862542
GODZ    0.04694674    0.04444059   -0.01800571   -0.01032490   -0.06860740   -0.08841896    0.00795788   -0.03181173
GOL2   -0.07811461    0.06411279    0.00700556   -0.04107474    0.03982582    0.00011921   -0.00102690   -0.06566401
GOLD   -0.05510211    0.01563713    0.03066703    0.02073210   -0.05803068   -0.00159696   -0.00994041   -0.00009321
GOPE    0.11478136   -0.10039194    0.05650878    0.01493884    0.02437504    0.03874375    0.01545921   -0.01092833
GOUG   -0.18268101   -0.00736670   -0.03420092   -0.00895151   -0.00143883    0.10128191   -0.01563280    0.00677602
GRAS    0.06774587   -0.14045751    0.05331084    0.03840242    0.03040886    0.00949467   -0.04232368    0.00527804
GRAZ   -0.04887335   -0.08231583   -0.04518688    0.08000259   -0.03183619   -0.00197087    0.02525190    0.01515484
GUAM   -0.33989833   -0.00909174    0.09419406    0.05625871   -0.00494725   -0.15425751    0.01355420   -0.00217114
GUAO   -0.41436455    0.18777325   -0.26973022    0.18998228   -0.04043102   -0.10733933    0.04979725   -0.06676214
GUAT    0.32734556   -0.05748837    0.01147382   -0.00183578   -0.07363794    0.00142653    0.00755622   -0.01281853
GUUG    0.11257494   -0.02232314    0.14258807   -0.02288256    0.07475681    0.00358921    0.03002430   -0.04192381
HARB    0.08161543    0.05338644   -0.05415066   -0.07295164    0.06084882    0.06347606   -0.00412952    0.01425190
HERS   -0.01326156   -0.03610612   -0.00127904    0.02421304    0.04720668    0.01038131   -0.03178714   -0.02127862
HERT   -0.06127303    0.00761556    0.03122087   -0.01552994   -0.04631020   -0.01568078    0.04048206   -0.00689418
HLFX   -0.08886452   -0.06294116   -0.04095152   -0.03003455   -0.00804725   -0.00137119    0.01511990    0.01421888
HNLC    0.07486940   -0.02302656    0.12368882    0.06265968   -0.04778613    0.09808185   -0.03021363    0.01018787
HNPT   -0.10849624   -0.11096754   -0.01437135    0.06399051   -0.01986787   -0.06641590    0.02756243    0.05571577
HOB2   -0.12991142   -0.12372968    0.02213584   -0.02244097    0.00883489    0.01689243   -0.00249219    0.00847937
HOFN    0.11138500    0.00527282    0.00911556   -0.03509681    0.01314265    0.01367256    0.00517200    0.02636438
HOLB   -0.01312982    0.02079549    0.07318715    0.01829677   -0.03644941   -0.00048569    0.01563068    0.02428813
HOLM   -0.05529795   -0.08197741   -0.07532710    0.00347144   -0.00276669   -0.00909222    0.04493534    0.00881176
HRAO    0.13449952    0.02671964   -0.07950219    0.06246964   -0.01809620   -0.09250958   -0.00637489   -0.02596253
HRM1    0.00051464   -0.05440498    0.02995518   -0.02103572   -0.05943548   -0.02323811    0.00925990   -0.00865077
HYDE   -0.13571800    0.04190233    0.36088339    0.22589912    0.05840544   -0.04098126    0.05769726    0.06989608
IDDR   -0.00968655   -0.08706453    0.18955220    0.04061107   -0.07229299    0.06953289   -0.00510052   -0.04817094
IISC   -0.20343378    0.29571653    0.02765883   -0.20474227    0.01815165    0.00083325   -0.02150633    0.08737817
ILHA    0.39595869   -0.21305899   -0.11371577    0.06580266    0.02158133   -0.01031311    0.03499726   -0.13261819
IMPZ    1.25115663    0.31334879   -0.18813457   -0.29278377    0.01426162    0.15314212    0.02697619   -0.10285529
INEG    0.01991547    0.24014145   -0.02594147    0.04717722    0.02777189    0.05980754   -0.05302989    0.01678467
INVK   -0.07399841   -0.04671198    0.03462742   -0.03791920   -0.02131493    0.02091118   -0.04743726    0.02169793
IQAL   -0.02443950   -0.03125440   -0.02216614   -0.01517980   -0.00064724    0.01122798    0.00207482   -0.00971602
IQUI    0.12621265   -0.13903465   -0.01523856    0.05614200   -0.10233038    0.03765786    0.02334054   -0.08013357
IRKJ    0.05771238    0.07889139    0.03777595    0.09245060    0.02113059    0.01737629   -0.05554988    0.00811682
IRKT    0.13005525   -0.15587201    0.13533889   -0.01877991    0.00634476    0.00600332    0.01180004   -0.08315023
ISBA   -0.29585790   -0.33739217    0.06177019    0.26712485    0.03409049   -0.07706444    0.00199198   -0.00195195
ISPA   -0.18623113    0.01316753    0.01184799   -0.07561341    0.00339979   -0.02031641   -0.03014568    0.00199165
JAB1   -0.43855623   -0.36163521    0.18121435   -0.15081126    0.18817578    0.07511503    0.12017277    0.05298750
JOG2    0.28030579    0.11397170   -0.06591336   -0.04807059   -0.12700675   -0.02330857    0.03916652    0.06433055
JOZ2    0.04693249   -0.20429344   -0.02102751   -0.02178048    0.01439889   -0.04464531   -0.03150063    0.01329705
JOZE   -0.17585828   -0.09750157   -0.03176573    0.01073858   -0.00144819    0.04615687   -0.02177575   -0.04380131
JPLM    0.05335380   -0.01860634    0.09513868    0.11070540    0.00136464   -0.06294606    0.01050071   -0.05249677
JPLV    0.07969928    0.07575276   -0.04134515   -0.21552386    0.04618278   -0.00940509    0.07937006    0.03973201
KARR    0.55814700    0.00936515    0.05316823   -0.12086908   -0.12940800    0.02154360    0.04040168    0.03038349
KAT1   -0.18071418   -0.30198391    0.15263305    0.51573539   -0.03038804   -0.04303273    0.05553928   -0.03766072
KELY    0.05753495   -0.11404971    0.07086460   -0.05605442    0.02587994   -0.00005344    0.00428068   -0.00834662
KERG   -0.04866948   -0.04896993    0.01381530   -0.01149474    0.02204230    0.01216881   -0.00622504   -0.00771953
KGNI   -0.27602302    0.45570139   -0.05377515    0.05610666   -0.03067012    0.04172262   -0.00139619   -0.00868518
KHAJ    0.20983362    0.00842140    0.01894443   -0.01224875   -0.07017323   -0.05261826   -0.05693731   -0.06835616
KHAR   -0.06070015   -0.07579377   -0.02463647   -0.02870756    0.01882930    0.04391470    0.05023108   -0.00787715
KIR0   -0.09105683    0.06062975    0.05393966    0.00438570   -0.00985144    0.01470818    0.01439290   -0.00189250
KIRI    0.14088410   -0.00261628    0.09003354   -0.21594335    0.05101263    0.01527079    0.03696866    0.01098097
KIRU   -0.17426634   -0.04229538   -0.02295942    0.07180666    0.01399365   -0.01684172   -0.01432136   -0.03108384
KIT3    0.41938836   -0.62156945   -0.04969510   -0.46935709   -0.21395983   -0.18655596   -0.05977393   -0.04219162
KOKB   -0.09249469   -0.04246163    0.08905308   -0.05166314   -0.08377824   -0.01261863    0.03835991    0.01088799
KOKV    0.07799041   -0.08861891   -0.10745670    0.04184192   -0.06177972    0.03362073   -0.01153912    0.00977796
KOSG    0.02149172    0.05085900   -0.02560575   -0.00257539   -0.00738625   -0.01192977    0.02003718   -0.00844020
KOU1    0.06001004    0.30870672    0.08705386   -0.14828267   -0.01302980    0.02536066    0.12066576   -0.08786991
KOUC    0.11888735   -0.22326711   -0.06189950   -0.00402163   -0.01138902   -0.02938439   -0.02420551    0.10629906
KOUG    0.25664926    0.36692434   -0.21324021   -0.20068341    0.00669533    0.07691094    0.09255093    0.01197256
KOUR   -0.00135812    0.23293055    0.07134250   -0.22851515   -0.05552274   -0.00094776   -0.03805068    0.05083484
KRGG   -0.01323437    0.03431751    0.00821330    0.03738338   -0.00181877    0.01323735    0.02057241    0.00595514
KSMV   -0.14048028    0.31520350   -0.13069848    0.06483328   -0.02847449    0.07316618    0.00772140    0.00085404
KSTU    0.02028183   -0.20500707   -0.01171429    0.03910700   -0.03127280    0.02807990    0.02703902    0.04228908
KUNM   -0.04932160    0.41336669   -0.01242371    0.12149608   -0.06706893   -0.02359161   -0.00027889   -0.06736063
KWJ1   -0.28468847    0.07331803    0.23836569   -0.11824760    0.03608537    0.04120023    0.00519641   -0.16831762
LAE1    0.67753811    0.73246141    0.00900187    0.16871870   -0.05514997    0.12071532   -0.25838623   -0.01030730
LAMA   -0.06762500   -0.10510767   -0.03343502    0.01208930   -0.03437937    0.02784864    0.03651596   -0.03073558
LAUT    0.47338043   -0.00459132    0.18340795   -0.03419956    0.04265108   -0.05837288   -0.12808768   -0.01631931
LHAS   -0.62561724   -0.36454046    0.23162956    0.05299515   -0.18377512    0.04057668    0.05312176   -0.01521154
LHAZ    0.07515645    0.66887485   -0.09759395    0.20968335   -0.13621210    0.14192824   -0.07085542    0.00423166
LMMF   -0.07410299   -0.11317007    0.07675104   -0.07735153   -0.03560542    0.03457599    0.01491029   -0.01360874
LPAL    0.16048261    0.03201513    0.09259161    0.06520884   -0.01456778   -0.00512050    0.00330631    0.00695838
LPGS    0.03796789    0.18072651    0.07050979    0.00289623   -0.03103536   -0.01376964   -0.03058517    0.02494357
M0SE    0.11506443    0.06857524   -0.10950340    0.00256322   -0.03734468    0.00601909    0.01902068    0.00378326
MAC1    0.07265001    0.03766794   -0.01162980    0.01625787   -0.01706055    0.00638865    0.00255287   -0.00322362
MAD2   -0.00335661    0.05401514   -0.04822549    0.01182658   -0.01125172    0.01569743   -0.00660859    0.01972439
MADR    0.10134221   -0.05291666   -0.07626068   -0.03435310   -0.17674291   -0.06508382   -0.05831443    0.06017232
MAG0   -0.02477519    0.01132535    0.00708557    0.05992276   -0.03102869   -0.02649004    0.00953966    0.02667572
MAJU    0.28494689   -0.01428205    0.08039873   -0.04614875    0.00031355   -0.03943254   -0.02170436    0.01291696
MAL2   -0.22320480   -0.25076021   -0.18912085   -0.25023307   -0.16978055    0.05428975    0.13951485    0.13914812
MALD    0.21589051   -0.07701059   -0.24523501   -0.28609246   -0.23631215   -0.01147402    0.02947064   -0.02363312
MALI    0.23566657    0.33178293    0.04501155   -0.21804113    0.00905284    0.13593338   -0.09466484    0.11518281
MANA    0.14599077    0.67678237    0.34132446   -0.04926250    0.17579979    0.05033888   -0.01224098    0.00496017
MAS1   -0.64558640    0.44905827   -0.08751681   -0.03713795   -0.02062366    0.00739914   -0.02699146   -0.00506566
MAT1    0.00896551   -0.00205982   -0.08039343    0.00404320   -0.01605256   -0.01016769   -0.02110725    0.01355784
MATE   -0.00195119    0.00826885    0.00283335    0.07416040    0.00092598   -0.01141875    0.02757863   -0.01381607
MAUI   -0.13607171   -0.02353904    0.01504828   -0.00164459    0.02700575    0.01343839    0.05684900    0.00320291
MAW1   -0.01631866   -0.00327531   -0.01126510   -0.02126392   -0.01241315   -0.00856699   -0.00807667   -0.00073521
MBAR   -0.12319483   -0.18153625   -0.10886988    0.13104366    0.03763534    0.02665841   -0.08289608   -0.03846307
MCIL   -0.15888861    0.11808472    0.05395476    0.02287477    0.09196994   -0.01723543    0.00922657    0.02978390
MCM4   -0.09237211    0.02258610   -0.01727152   -0.01583669   -0.01068299    0.00558638   -0.00742322    0.00165000
MDO1    0.12275832   -0.06687755   -0.04259717    0.04898767   -0.03995991   -0.01077385    0.00905459    0.00632077
MDVJ   -0.06488262    0.04036969   -0.00526949    0.01580234   -0.00925113   -0.02664847    0.01147900    0.01580385
MDVO   -0.11969380    0.28945342    0.04512794   -0.29983661   -0.06930839   -0.08822063    0.02575623    0.06295142
MEDI   -0.19110711    0.03806392    0.07889890   -0.08985486   -0.00324101    0.02162624   -0.02741069    0.01251368
METS   -0.15008793   -0.08828733   -0.00817944    0.05810123   -0.02084875    0.00716142   -0.00281869   -0.01668044
METZ   -0.08863116   -0.12843910   -0.04535508   -0.02340179    0.01801748   -0.00634155    0.02000902    0.01454094
MGUE   -0.10887785   -0.18981950   -0.10918815   -0.05668170    0.04978987    0.00347391    0.05351236    0.00397877
MIZU    0.12233014   -0.01742942   -0.06123571    0.09775568   -0.00314890    0.02789567   -0.01901903   -0.03062848
MKEA    0.01865417   -0.09194336    0.01719033   -0.02429517    0.01441417   -0.00437365    0.00483395    0.00032898
MNLS    0.02141793   -0.02237334    0.02560891    0.00409605    0.02418260    0.02101884    0.00670634   -0.01023663
MOBJ    0.13776903   -0.05283398   -0.02162157   -0.04042458   -0.01343217   -0.02745090   -0.01133871    0.00016042
MOBK    0.18123635   -0.09548445   -0.01955114   -0.05466066   -0.02215785    0.01899634   -0.02227367   -0.00937353
MOBS    0.02355456    0.15785236    0.03836716   -0.00480543   -0.00535215    0.01510328    0.00476951   -0.00947833
MONP   -0.02738469    0.00513592   -0.00908283   -0.00942680    0.00681343   -0.02348795   -0.00985328   -0.00667042
MORP    0.14580921    0.09777768   -0.05196166    0.01826688    0.00690899   -0.01194664    0.03387925   -0.00653343
MQZG    0.04520997   -0.00201938   -0.02190059    0.00368988   -0.02262308   -0.00342588   -0.01832077    0.02432441
MRO1   -0.25107519   -0.01174848    0.00523975   -0.07566845    0.06772175   -0.04811920    0.02080895   -0.04557834
MSKU    0.14791277    0.18227828   -0.39399301    0.09334446   -0.22835549    0.08035010    0.17617097   -0.04405376
MTKA   -0.03354974    0.55395094    0.15501233    0.19106089    0.08220187   -0.01841340   -0.00612698    0.00083594
NAIN   -0.14087913    0.02646822    0.04761667    0.03798213   -0.00174374   -0.00909683   -0.00382388   -0.00103899
NANO    0.02251394    0.22355878   -0.06589925   -0.03162135   -0.00469964   -0.04186010    0.01040792   -0.01538756
NAUR    0.04872506   -0.22064880    0.01197470    0.08430624   -0.04853393    0.00582117    0.05293883   -0.02038074
NICO   -0.18059549   -0.22328652    0.05889024   -0.07249542   -0.00114339    0.00872364    0.00635259    0.01439026
NIST   -0.19060089   -0.14009256    0.03747580    0.04422993   -0.02642410    0.00840375    0.02195100   -0.06761644
NIUM    0.18279377   -0.05348660    0.01639351   -0.00764300    0.08972819   -0.04439700    0.06406933   -0.01923752
NKLG    0.12588649    0.21716899   -0.34858066   -0.23122704    0.19850352   -0.09384760    0.18270328   -0.03473007
NLIB    0.12985819    0.14801798   -0.01007923   -0.07291055    0.00965066   -0.03780014    0.03256251    0.05157692
NNOR   -0.04631154   -0.01150712    0.06090248    0.02892471    0.02286778   -0.02164401   -0.00020452    0.03960367
NOT1    0.06248267   -0.19498978    0.04174724   -0.14692573    0.01315094   -0.07301249   -0.03459034    0.05505796
NOTO   -0.10527087    0.09928372   -0.07545612   -0.18952371   -0.08277868   -0.09107419   -0.12537541    0.05593257
NOUM    0.11435025    0.30573292   -0.01809127    0.12709286   -0.11135765    0.06869888    0.06124470   -0.00441458
NOVM   -0.00649611   -0.12763803   -0.02782681   -0.06183068   -0.02005082    0.05981705   -0.02815247   -0.00411630
NRC1    0.13993411    0.12542759   -0.09760237   -0.01403980   -0.04549830    0.00551259   -0.00578176    0.00927804
NRIL    0.04414417   -0.07580747   -0.02308351   -0.04439642   -0.00273103   -0.00232840    0.02491798    0.01903087
NRMD   -0.04552941   -0.39586424    0.04395406    0.00859197   -0.07382908    0.01631053    0.03563339    0.02420583
NSSP    0.04702134    0.07724456   -0.14676697    0.13109964   -0.00140205   -0.20888519   -0.03060301    0.08302987
NTUS   -0.11436970    0.17811899   -0.06846964   -0.00673063    0.02880789   -0.05278889    0.00406959   -0.00351377
NURK    0.33777134    0.35193765   -0.44758626   -0.27376942    0.19813600    0.06634475   -0.13806251   -0.06781508
NVSK    0.31787187    0.02538997   -0.12875039    0.03756012   -0.04023499    0.05357085    0.15949547   -0.00502963
NYA1    0.04444347    0.03742536   -0.00768866    0.03665938   -0.02699185    0.00753101    0.00828406   -0.00009733
NYAL   -0.06583972    0.05990257   -0.02790364   -0.03610260    0.03051885   -0.00561171   -0.00670239   -0.01110301
OHI2    0.06790285   -0.05097699   -0.00904024   -0.07434257   -0.01067276   -0.00355519   -0.02712461    0.00833492
OHI3    0.04832612   -0.04638623    0.01921541   -0.06864317   -0.00942889    0.00069734   -0.01222171   -0.01733929
OHIG    0.01446875    0.05044204   -0.05027282   -0.08299724   -0.02489172    0.03937395    0.02387001   -0.00094733
ONSA   -0.09448463   -0.02645214   -0.00957630    0.03592624   -0.04047408    0.06846018   -0.00586611   -0.04799780
OPMT   -0.14206166   -0.16015360   -0.02932421    0.06681355    0.03030985    0.06955523    0.02070935   -0.04492532
OS0G    0.07802493    0.03638691    0.00993180   -0.05109590   -0.00294954    0.02221857   -0.02311249   -0.06010155
OSN1   -0.06301560    0.28699161    0.04741092    0.01242435    0.04645197   -0.04546925    0.00364951   -0.05509463
OUS2    0.00890573   -0.02902926   -0.04738571   -0.00785863   -0.00032616   -0.01288657    0.01426038    0.00625008
PADO    0.04398252   -0.01415707   -0.04172397    0.07129049   -0.06993719   -0.04844406    0.11542245    0.09089556
PALM   -0.05950149   -0.03074204    0.01360721   -0.02556627    0.00055584    0.01707632    0.00517998    0.00798990
PALV   -0.04649509   -0.03115196    0.03711254   -0.01833796   -0.01903324    0.03345691   -0.02368870   -0.02291693
PARC    0.02866708   -0.07451949   -0.01489163    0.02918248   -0.00682953   -0.01330361   -0.01630449    0.01502835
PARK    0.09085815    0.03409625   -0.05988326   -0.01914039   -0.00949054    0.00989261    0.02551972   -0.02093987
PBRI   -0.18278283    0.03639023   -0.06766256    0.13706309   -0.21843954    0.06981471    0.01195811    0.03800058
PDEL    0.08663106   -0.03123836   -0.04077921    0.06793120    0.00738663   -0.03109841   -0.00259256    0.00082258
PENC    0.00188421    0.25968961   -0.09378478    0.00454882   -0.02270050    0.04408972   -0.02669530    0.00288806
PERT   -0.10352342   -0.06802544    0.01690040    0.01980684   -0.04044559    0.03259868   -0.00951722    0.00835376
PETP    0.06069477    0.00951671   -0.00376422   -0.07760557    0.00403229   -0.08237063    0.00375355   -0.02460287
PFA2    0.04926101   -0.07247121   -0.29283960    0.00493864   -0.03054051   -0.02654452   -0.00621571    0.03240761
PIE1    0.16995320    0.01481422   -0.06046702   -0.00144431   -0.02283777   -0.01235912    0.01159142    0.00407843
PIMO    0.26056899   -0.17241355    0.16712486    0.07261720    0.15745948    0.01440370    0.03121835    0.05927072
POHN   -0.12057414    0.13817685    0.15977125   -0.09718412    0.02695744    0.04619430    0.01192509    0.00207981
POL2    0.00747865    0.83750464   -0.47724162    0.04505211    0.06828362   -0.04235853    0.05209000    0.08769222
POLV   -0.00586173    0.01706877    0.01300427   -0.00448119    0.00465869    0.00586183    0.00410025   -0.04026671
POTS    0.05813916   -0.15582408    0.03033800   -0.03324190   -0.00015640   -0.04479846   -0.01522340    0.00305143
POVE   -0.18875101    0.05855487   -0.26678257    0.06799782   -0.11187081   -0.10516975    0.00365830   -0.04198073
PRDS   -0.09099945   -0.02042925    0.11815583   -0.00048034   -0.07724723    0.09231943   -0.07142301   -0.02842811
PRE1   -0.12348094   -0.13305556   -0.05745057    0.10990368   -0.04245690    0.03048221   -0.01532187    0.04016403
PTAG    0.11524356    0.03458020   -0.05581869    0.09409188   -0.11451515   -0.03322029    0.05870470   -0.01540029
PTBB   -0.08980753   -0.08126467   -0.03342789    0.05569694    0.00349598   -0.01378793    0.03483952   -0.00169329
PTVL    0.24772683    0.19900853    0.02942412    0.08543797   -0.03311650    0.02793022   -0.06467916    0.00227415
PVEP   -0.14480631   -0.33885277    0.13606803    0.04423418   -0.10698505   -0.12983015    0.04091921    0.17598833
QAQ1   -0.01984667   -0.22335751   -0.12348609    0.02782256    0.04619393    0.05367747   -0.00710135   -0.00351511
QUI2    0.12098818    0.12447304   -0.03307301    0.14439504    0.00477670    0.08162627   -0.02107728    0.02461908
QUIN    0.22500454    0.02890551   -0.22413422    0.00481180    0.07928182    0.01425987   -0.05587739    0.01021106
RABT    0.07767886    0.28534140   -0.08781530    0.06581588    0.02851870    0.01342362   -0.05895408    0.02244990
RAMO    0.06661635    0.07719133    0.03439505   -0.02037194    0.01754066    0.00069658   -0.00684124    0.00578141
RBAY    0.23632151   -0.18207950    0.02290584    0.02343184    0.02257532    0.02583032   -0.01245444    0.02232931
RCMN    0.00110683    0.08931311   -0.11421774   -0.05222326    0.03549606    0.02307013    0.12290665   -0.04326690
RECF    0.01764571   -0.15749812    0.12133156    0.00968193   -0.03816593   -0.06391598   -0.00626690    0.04400403
RESO   -0.12213651    0.05219739   -0.00253873   -0.04108389   -0.04920271    0.00967904   -0.01553664   -0.00149031
REUN   -0.00371553   -0.29257689    0.07615674    0.02170492   -0.06290250   -0.07720985   -0.00506392   -0.04754999
REYK   -0.10200666   -0.01687486   -0.00261138    0.01663483    0.01185080    0.00143553   -0.00064297    0.01192303
REYZ    0.01214986   -0.02489945    0.04163787    0.06750512    0.01936503   -0.00124390    0.01054435   -0.02717735
RGDG    0.02846955   -0.03547881   -0.00578363    0.00466987    0.01173543    0.00304305    0.03383789   -0.02333662
RIGA   -0.11091315    0.12497406    0.02587848   -0.01746117    0.04009883   -0.02101129    0.01790019    0.02738960
RIO2   -0.00881691   -0.00573848    0.01068923    0.02274114   -0.00659193   -0.01721409   -0.01400237    0.02986737
RIOG   -0.04748368   -0.06632904    0.02162363   -0.02912231   -0.02803097    0.00435519   -0.07585354   -0.05405259
RIOP   -0.37561273   -0.25546008    0.17751424   -0.02714639    0.08125172    0.17574235   -0.07987885   -0.03431886
ROSA    0.22947872   -0.12817230   -0.12317335   -0.03556647   -0.01196552    0.05755774    0.02644647    0.15959723
ROTH    0.11936346    0.01195636   -0.09120514   -0.06509431    0.04279021    0.00528635    0.02118263   -0.00828216
SALU   -0.21676580   -0.19390235   -0.18572355   -0.15598866    0.02673404   -0.01769535    0.06120944    0.06610322
SAMO    0.03161162    0.00554641   -0.02560450   -0.01412312    0.02521301    0.00612574   -0.06077391   -0.11674418
SANT   -0.48586877    0.26447407   -0.34258849    0.10551544   -0.04913544   -0.09665913    0.08964298    0.00125109
SAVO   -0.04909834    0.14401978   -0.01684623   -0.04977555   -0.00545353   -0.01739961    0.02388170    0.01613611
SCH2    0.12357265   -0.19049562    0.01756713    0.05345812   -0.00587427    0.00406524   -0.00827383    0.01578894
SCOR    0.04728060   -0.00085231    0.02901945    0.02192381    0.02336297   -0.00544472    0.01971958   -0.00567960
SCRZ    0.21098011   -0.38454569    0.10150250    0.21276964    0.01577921    0.04909774   -0.20986891    0.09128664
SCTB    0.04047025    0.04720593   -0.00251313    0.00474279    0.00499516    0.00044378    0.01744530   -0.00006385
SCUB   -0.11484316   -0.31339685   -0.00811528   -0.12672411   -0.00079635   -0.00231585    0.01544842   -0.01052906
SELE   -0.39346736    0.41048828   -0.26062746   -0.27267701    0.14135188   -0.00609144    0.00620023    0.06652455
SEY1    0.08042310    0.16169263   -0.05622459   -0.12442553    0.01935994   -0.16606163    0.07901442    0.06358054
SEYG    0.46588641   -0.16040792    0.02961239   -0.07998423    0.02847106   -0.07785990   -0.13518574    0.04600026
SFER    0.01780385    0.05868343   -0.09224764   -0.00804858    0.03288271   -0.02182308   -0.00460316    0.02109519
SHAO    0.18842543    0.13521625   -0.01099298   -0.02134474   -0.04710521   -0.02675434   -0.01247663    0.00179942
SIMO    0.09061934    0.01568945    0.05251052   -0.05658408   -0.02512711    0.00726603    0.05806192   -0.19354314
SIO3    0.00815763   -0.06580369    0.13707075    0.19945374   -0.07593114   -0.13839508   -0.01066494    0.02715534
SMST    0.40512683   -0.06219457    0.00298705   -0.14253594   -0.06422342    0.02308294    0.04470409   -0.00510415
SOFI   -0.20197444   -0.11750286   -0.00563195   -0.01951858    0.00383623    0.03993749   -0.01064941    0.04219810
SOL1   -0.01845383    0.01715163   -0.03381807    0.01801790   -0.00855746   -0.06119206    0.03837179   -0.04426267
SOLA   -0.42940691    0.20724425    0.05735483   -0.27151772    0.12239218   -0.00776126    0.04662560    0.16783000
SPT0   -0.17760945   -0.04245072    0.01161782    0.01042812   -0.05013073    0.05228128    0.00643925   -0.04467372
SSIA    0.15817121   -0.27572043   -0.00974604    0.06768972    0.05397388   -0.06186337   -0.06121369    0.00533023
STHL    0.41889234    0.15590152    0.00561962    0.07143543    0.01360088   -0.03482686   -0.02133794    0.01326863
STJO   -0.10387212   -0.03840212    0.00860435   -0.01342433   -0.01337601    0.00605948   -0.01226263   -0.00159227
STK2    0.20280162    0.22089564   -0.04461767   -0.11238911   -0.00371888   -0.02875174    0.00801159    0.05959675
STR1    0.06877295    0.14359700   -0.00958463   -0.01844651   -0.01098780   -0.01974956   -0.00712437    0.01012660
STR2   -0.14339463    0.01842333   -0.00317524    0.02655113    0.01395410   -0.02417287   -0.02276029   -0.00055583
SUNM   -0.11643618   -0.17649508   -0.06779002   -0.08366851   -0.12346065    0.02553208   -0.09450220   -0.05616584
SUTH   -0.07616036   -0.06907277    0.01390113   -0.02215302   -0.00319523    0.00254404   -0.00211728    0.00874466
SUTM   -0.01352859   -0.12944085    0.02732403    0.01489646    0.00134353    0.01717332    0.00333543   -0.01933465
SUTV    0.08225467   -0.04501978    0.00793369    0.02068230    0.00210055    0.00699906    0.00287204   -0.03039555
SUWN    0.21774479    0.16599224   -0.01476766   -0.02716959    0.03551456    0.01997129    0.00772919   -0.01684688
SVTL   -0.11022822   -0.18994235   -0.07499108    0.06179302   -0.03313454    0.00387485    0.04114499   -0.02982054
SYDN    0.02619600    0.21345112   -0.00085369   -0.00530001   -0.01364414   -0.01343127   -0.00650392   -0.02163052
SYOG   -0.00042363   -0.02912844    0.03741592   -0.01084942   -0.02378854    0.03490508    0.01589067   -0.01163008
TABL    0.03543365   -0.02998571    0.00301205   -0.02906292   -0.00799591    0.01905631   -0.01643226   -0.00035618
TABV    0.08467794   -0.02613635   -0.00906085   -0.00927648    0.03132680    0.00469417    0.03950085   -0.00123675
TAH1   -0.13548675    0.04462915   -0.06698203   -0.12934625    0.06644768    0.00586224   -0.02028650    0.01059797
TASH   -0.28426469    0.26008037    0.17680514    0.06028256   -0.09817862    0.03871779    0.02555984   -0.02313457
TCMS    0.46380042    0.33247410    0.01044931   -0.34528014   -0.13199880   -0.51247743   -0.07581582    0.14182933
TEHN    0.11816975    0.30507639   -0.04186936    0.42210937    0.23919784    0.22589356   -0.05433177   -0.12606896
THTG    0.22654426    0.13401390   -0.10160415   -0.11116494   -0.12676912    0.02112432   -0.10454327   -0.05998952
THTI    0.04400188    0.23253109    0.07982591    0.09355916    0.00215045    0.05002131   -0.05851689    0.03930712
THU1    0.10186460   -0.09302352    0.01106628    0.04422256   -0.00198605   -0.03039477   -0.01831433   -0.04852511
THU2   -0.03733253    0.03363546   -0.01624919    0.03943003    0.05641596    0.03459801   -0.00554545   -0.02614058
THU3   -0.07330587   -0.04721761    0.00634246   -0.05606591   -0.01353556   -0.05433893   -0.02316078   -0.01034651
TID1   -0.13397353   -0.08928158   -0.00920011    0.00316472   -0.00250343    0.01693349    0.01332229    0.00637053
TIDB    0.07987445    0.11043100    0.00132215   -0.01260321    0.00805188   -0.01467360    0.01120764    0.01241596
TITZ    0.10231800   -0.01852065   -0.03476439   -0.07860206    0.01392946   -0.04502349   -0.01397529   -0.00661639
TIXG    0.00678780   -0.00812125   -0.00780055    0.00834091   -0.02998965   -0.00360809    0.00659758    0.03875337
TIXI    0.04041247   -0.03366622   -0.02853879   -0.00186253   -0.01531785    0.03180169   -0.00981651   -0.00885747
TIXJ   -0.08560089   -0.05080108    0.01381028   -0.07094704    0.04225588   -0.00328981    0.00866057    0.00118728
TLSE   -0.20411333   -0.08023629    0.08641019    0.04496653   -0.05951607   -0.02316255    0.02944297    0.03620105
TN22   -0.20424433    0.08759985   -0.02914680    0.01957268   -0.03043581   -0.06829124    0.00589035    0.07012999
TNML   -0.21473421    0.43546729    0.21294991    0.16964089   -0.15151274    0.35817259    0.12608754    0.14855973
TONG    0.11246191   -0.05816069    0.05965861   -0.03234060    0.09476986   -0.12187482   -0.05760025    0.14498842
TOUL   -0.02147895    0.09488707    0.16688669    0.01936974   -0.02225439   -0.03734720    0.02283357    0.06497234
TOW2    0.07321859   -0.05659385   -0.03687857    0.18932750    0.07416357   -0.00422605    0.06392237   -0.02718204
TRAB   -0.31870958   -0.61942718   -0.35616049   -0.20229022    0.01755440    0.09133514   -0.00122748   -0.19937741
TRO1   -0.14912996    0.24536262   -0.02011312   -0.02365509   -0.02431519   -0.03550104    0.01917910   -0.00070539
TROM   -0.22267595    0.00327777   -0.00206382   -0.00967681    0.01093277    0.01204882    0.02013313   -0.04207583
TSEA    0.22532964   -0.03155288   -0.00734488   -0.05109340    0.03238794   -0.00985967    0.05910847    0.04233326
TSKB    0.33385953    0.10749195    0.03087974   -0.11187597   -0.05813958    0.03828222    0.02628299   -0.00266552
TUVA    0.36403292   -0.10838745    0.00477646   -0.04245957   -0.00474752   -0.05058267    0.04982990    0.04086665
TWTF    0.32882159    0.17947790   -0.25093622    0.10727094    0.10982830    0.15642296   -0.04434027   -0.07547115
TXES   -0.16378994   -0.23490682   -0.09106665    0.06593816    0.08072986   -0.07294035   -0.08380207    0.02165966
UFPR    0.19967316    0.02085347    0.02332334   -0.01697851    0.03516761    0.00717475   -0.04944983   -0.02323374
ULAB    0.06381019   -0.01258450   -0.06215159    0.03148451    0.02813625    0.02813236   -0.01376062   -0.00973705
UNB3   -0.20075327   -0.05366926   -0.03178883    0.01757135    0.00008133    0.02050795    0.01703664   -0.00403410
UNBJ    0.11721691   -0.09432437    0.02598043    0.04341249   -0.01428291    0.00227520   -0.01607969    0.00914049
UNBN   -0.22322608   -0.08314087   -0.01797763   -0.01572490   -0.05998698    0.02902956    0.05337684    0.01176371
UNSA   -1.55923399   -0.16599284   -0.17406675   -0.32446100    0.18449572    0.21460501   -0.02796991    0.01085832
UNTR    0.18558854   -0.14344170    0.11685558    0.08038747    0.03023462    0.03188867   -0.00614657    0.00380999
URUM    0.13382378   -0.04204919    0.06279370   -0.30183816   -0.02592885   -0.07376481    0.02747645    0.02606938
URUS    0.16750274    0.15181759    0.01909037    0.07009350   -0.15035923   -0.02523445   -0.04379645   -0.00295337
USN3    0.07965629    0.02975327   -0.01638677    0.02049356    0.08550986    0.01809926    0.03915130   -0.03814668
USNA   -0.01357620   -0.00313466    0.04362562   -0.01195380   -0.00097171   -0.05313762    0.03102337   -0.06411279
USNO    0.02695459   -0.05811575   -0.00061701   -0.01700367   -0.03907547   -0.08848759    0.00714311   -0.06863016
USUD    0.43908150    0.12159568   -0.09614834   -0.08088117   -0.05333529    0.02551922   -0.01229038    0.03996440
VACO   -0.24793261    0.10754716    0.04913126   -0.02475956    0.03246046   -0.00914282   -0.02181204   -0.00495199
VALD   -0.07062946    0.08622555    0.06327716    0.07049814   -0.00814559    0.00735889    0.00693503    0.01474620
VENE    0.15540113    0.22593718    0.22896752   -0.02581268    0.07282961   -0.08684987   -0.03358530   -0.01281664
VESL   -0.19010349    0.02540739   -0.03818101   -0.01748583    0.01267132    0.00730986   -0.01915402   -0.01359920
VIL0   -0.06513454   -0.11635116   -0.06092108   -0.03019878   -0.00506219    0.00494302   -0.00329387   -0.00769962
VILL   -0.03155234    0.06576746   -0.03749972    0.03663610    0.04040248   -0.00852707    0.01517702    0.00637320
VIS0   -0.06691476    0.09450361    0.06725925   -0.01008977    0.01490803   -0.04066818    0.01804280    0.02243903
VNDP    0.16252648   -0.08506172   -0.13513412    0.09062817    0.04281414   -0.01100937   -0.01086278   -0.03511698
VOIM    0.20457336   -0.04209190    0.25870591    0.04220881   -0.10570098   -0.03038071   -0.05090568   -0.07424000
VTSP   -0.03898752   -0.00452697   -0.00900487   -0.10136529    0.03007075   -0.00191065   -0.02547656   -0.03154807
WARK    0.07547657   -0.05758146   -0.00873328    0.02218325   -0.00586026   -0.00864447   -0.01350808    0.00565643
WDC1    0.07750556    0.02253051   -0.00671254    0.02835070    0.03679875   -0.01095564    0.01616830    0.03180197
WDC3    0.13503738   -0.05717089    0.09098701    0.08724566    0.04087760   -0.06337050   -0.06001597   -0.03391649
WEL1   -0.00974376    0.09242108    0.00430579   -0.07006551   -0.01923111    0.02854128   -0.00538923    0.01782444
WES2    0.12090013    0.11291916   -0.12093478   -0.04038170    0.02633898   -0.06268037   -0.00397093    0.05081523
WGTN   -0.02342775    0.04663089   -0.02706452   -0.03920264   -0.00423448   -0.00107578    0.01182456   -0.00243821
WHIT    0.00639067   -0.02088120   -0.02488271   -0.01558632    0.00796888   -0.03168781    0.02284090    0.00958634
WILL   -0.02281257   -0.03849841   -0.02349164    0.03892379    0.00388666   -0.01541595    0.00561255    0.00307526
WIND    0.02300082    0.20508852    0.01359938    0.08412480   -0.05601745   -0.00073141    0.04359320   -0.03802608
WROC   -0.14669365   -0.09980955   -0.03530160    0.01199259    0.00586176    0.06603051    0.00255448   -0.03086653
WSRT    0.09452233    0.06489285    0.00143289    0.01694379    0.00714896   -0.01304619    0.01693475    0.00268174
WTZA   -0.03207631   -0.12436947   -0.01597776   -0.06428373   -0.03457454   -0.01081666    0.00233516   -0.00764098
WTZL    0.17173906    0.18858732   -0.02148788    0.00044171    0.01168703    0.00214965   -0.01912057    0.00306407
WTZR    0.13775595   -0.06851910    0.05170817    0.04810178   -0.00726430    0.01257580   -0.00644509   -0.01037326
WTZZ   -0.18209484   -0.01009702   -0.00434945    0.06076410    0.01597799   -0.00694383    0.01636584   -0.01581789
WUHN    0.17174702    0.08066595   -0.04128772   -0.07327360    0.01025399   -0.02276767   -0.01195663    0.00256307
XIAN   -0.39186303   -0.62815646   -0.20153080   -0.19538985   -0.11618040   -0.09431918    0.05313774    0.12732847
XMIS   -0.32697225   -0.17051141    0.07557894   -0.07603429    0.02535264   -0.02206854    0.00052568   -0.01340083
YAKT   -0.23737010    0.29401400    0.06929055    0.08145416   -0.10474730    0.00557050   -0.10676753   -0.02445504
YAKZ   -0.08596061    0.06679522   -0.14102481    0.18602305   -0.00395865    0.06263723    0.01342221    0.00063087
YAR1    0.03402211   -0.01892912    0.15026220    0.04131225    0.04224063    0.00676171   -0.03833187    0.01059108
YAR2   -0.04150390    0.02987447   -0.09603548    0.01047742   -0.02071892    0.01538104    0.02026378    0.02130663
YAR3    0.03147156    0.03345620    0.10848998    0.03171643   -0.02209559   -0.02377475    0.00377798    0.04033347
YARR    0.03817557   -0.08242548   -0.08286200    0.06234474   -0.01987644   -0.02946162    0.03488182   -0.02626920
YCBA    0.03784427    0.23242506   -0.10612035    0.13329006    0.06288034   -0.07737443   -0.07611822   -0.05498690
YEBE   -0.08807613    0.10904541    0.03139782    0.01305043   -0.00621084   -0.00891423   -0.01368300   -0.01382460
YELL   -0.10546494    0.01330187   -0.02642214    0.07678603    0.05549472   -0.00934199    0.00255604    0.04643887
YIBL    0.96117655    0.32733548    0.34088724    0.03089324    0.06089962   -0.05719170    0.07380813   -0.06751005
YKRO   -0.26689658   -0.33665522   -0.14357350    0.18354110    0.17372744    0.21564440    0.01059684    0.08006200
YSSK    0.05404695   -0.06755390   -0.02574337    0.00477684   -0.03424151    0.04199514   -0.00767406   -0.00112177
ZAMB   -0.22359585   -0.01072957   -0.07021578    0.00564360    0.02794754    0.02052297   -0.02879354   -0.00873511
ZECK    0.15003968    0.18596021   -0.03032734    0.06304851   -0.00906596   -0.00465959    0.00310830    0.01796812
ZIM2    0.03939239   -0.07967237   -0.03715870   -0.08093297   -0.00121841   -0.01367991   -0.00564031   -0.01868359
ZIM3   -0.05804780   -0.04801617   -0.03450035    0.06503976    0.00688684    0.04325003    0.00957668   -0.07307179
ZIMJ    0.04376946   -0.08589148    0.06952596    0.03798028    0.00071540    0.04837376    0.01131139    0.02200473
ZIMM    0.05788383   -0.05558955   -0.06262096    0.05973607   -0.02920285    0.04131833    0.02662876    0.00115128
ZWE2   -0.00159992   -0.17597926   -0.03765903   -0.01512215    0.05390970   -0.01044904    0.00935312   -0.01425324
ZWEN   -0.26508096    0.44366613    0.06764177   -0.05104511   -0.03889358    0.07241055    0.03048654   -0.04970309
