name detected metadata valid
ABMF     1    25     0
ABPO     5    11     0
ADE1     3     3     0
ADIS     2     2     0
AIRA     2    12     1
ALBH     1    28     0
ALGO     3    20     0
ALIC     7    29     3
ALRT     3     5     0
AMC2     4     8     2
ANKR     2    12     1
ANTC     2     7     0
AOML     2     7     2
AREG     1    15     0
AREQ     3    22     0
AREV     1    11     0
ARTU     1     1     0
ASC1     1     1     0
ASCG     1    15     1
ASPA     2    10     0
AUCK     4    20     3
AZGB     4     8     1
BADG     6     6     1
BAKE     2     6     0
BAKO     4    44     1
BAN2     3     1     1
BARH     1    24     1
BDOS     1     2     0
BHR1     2     4     0
BILI     1     0     0
BISK     2     3     1
BJCO     0    10     0
BJFS     1     7     0
BJNM     3     0     0
BNDY     3    13     2
BOAV     2    13     1
BOGO     5    12     0
BOGT     3    24     2
BOR1     4     9     1
BRAZ     3    35     1
BREW     5    13     1
BRFT     2     8     0
BRMU     1    15     0
BRST     1    29     0
BRUS     4    10     0
BRUX     2    25     2
BSHM     1    16     0
BUE2     0     3     0
CAGL     1     2     0
CAGS     3     7     1
CAGZ     2     9     0
CALL     1     3     0
CARR     0     5     0
CAS1     7    23     4
CCJ2     3    13     0
CCJM     0    10     0
CEDU     2    23     1
CFAG     1     5     0
CGGN     2     5     1
CHAN     1     2     1
CHAT     3     4     1
CHPG     1    18     1
CHPI     1    25     0
CHTI     3    11     1
CHUM     6     8     2
CHUR     5    21     0
CIC1     4     1     1
CICE     0     0     0
CKIS     1    13     0
CNMR     4    16     2
COCO     8    19     3
CONZ     2    17     2
CORD     2    15     1
COYQ     0     8     0
CPVG     1    18     1
CPXF     3    24     2
CRAO     1     2     0
CRAR     1     4     0
CRO1     3    20     1
CTWN     3     0     0
DAEJ     3     9     1
DAKA     3     6     2
DARW     4    30     1
DAV1     2    21     1
DAVR     4     2     2
DGAR     2    19     0
DGAV     2    10     1
DRAG     3    14     1
DRAO     0    31     0
DUBO     2    14     1
DUM1     3     0     0
EIL1     3     4     1
EISL     2     4     1
EPRT     1    16     0
ETAD     1     0     0
FAA1     2    12     0
FAIR     4    25     3
FAIV     0     4     0
FALE     2     7     0
FLIN     2    15     1
FLRS     2    13     0
FORT     1     5     1
FRDN     2    13     0
FTNA     3    16     2
FUNC     2    18     2
GALA     1     2     0
GANP     2    43     2
GLPS     2    16     1
GLSV     5    12     1
GMAS     1     2     0
GMSD     1    27     0
GODE     3    19     2
GODZ     1     8     0
GOL2     0     4     0
GOLD     2    12     1
GOPE     2    21     1
GOUG     1     1     0
GRAS     3    20     0
GRAZ     3    33     1
GUAM     5    23     2
GUAO     2     2     0
GUAT     2     7     0
GUUG     1    20     0
HARB     4    23     0
HERS     4    10     2
HERT     1    10     0
HLFX     1     6     0
HNLC     2     8     0
HNPT     3    23     2
HOB2     2    22     2
HOFN     3    24     2
HOLB     1    28     0
HOLM     2    10     2
HRAO     3    32     2
HRM1     1     5     0
HYDE     3     7     0
IDDR     1    17     0
IISC     1    15     0
ILHA     0     8     0
IMPZ     2    11     0
INEG     1    10     0
INVK     3     6     1
IQAL     3     5     1
IQUI     0     3     0
IRKJ     1     3     0
IRKT     2     1     0
ISBA     3     8     1
ISPA     0     7     0
JAB1     1    16     0
JOG2     2    15     0
JOZ2     2     9     0
JOZE     1     7     0
JPLM     2    36     0
JPLV     2     7     0
KARR     3    24     0
KAT1     1    13     0
KELY     1    17     1
KERG     2    27     2
KGNI     2     8     0
KHAJ     1     1     0
KHAR     1    19     1
KIR0     3    31     1
KIRI     3    22     0
KIRU     2    17     1
KIT3     2    15     0
KOKB     1    26     0
KOKV     3    14     2
KOSG     4    17     2
KOU1     2     1     0
KOUC     1    31     0
KOUG     3    21     0
KOUR     4    24     1
KRGG     1    24     0
KSMV     4    10     1
KSTU     1     4     1
KUNM     4     2     0
KWJ1     2     2     0
LAE1     1     3     0
LAMA     2    19     2
LAUT     1    16     0
LHAS     4     6     1
LHAZ     2    17     1
LMMF     1    20     0
LPAL     3    15     2
LPGS     3    25     2
M0SE     3    20     0
MAC1     4    19     1
MAD2     4     7     1
MADR     1    22     0
MAG0     2     3     0
MAJU     0    13     0
MAL2     1    10     0
MALD     1     0     0
MALI     1     3     0
MANA     2    11     0
MAS1     1    18     0
MAT1     1     7     1
MATE     5    33     2
MAUI     4     6     1
MAW1     5    18     2
MBAR     4    14     0
MCIL     3    15     2
MCM4     3    17     0
MDO1     4    23     2
MDVJ     1     7     0
MDVO     2     1     0
MEDI     5    13     0
METS     4    24     1
METZ     1     2     0
MGUE     0     9     0
MIZU     3    21     0
MKEA     2    19     2
MNLS     4    13     0
MOBJ     2     2     1
MOBK     2     0     0
MOBS     3    18     0
MONP     3    18     0
MORP     3    13     0
MQZG     4    19     2
MRO1     2     9     0
MSKU     1     0     0
MTKA     1     6     0
NAIN     1     8     0
NANO     2    14     0
NAUR     1    16     0
NICO     5    31     1
NIST     2     2     0
NIUM     1    14     1
NKLG     4    25     1
NLIB     3    16     0
NNOR     4    11     1
NOT1     2     9     0
NOTO     4     1     0
NOUM     1     4     0
NOVM     1     1     0
NRC1     4    21     0
NRIL     1     2     0
NRMD     2    31     1
NSSP     8     5     2
NTUS     4    21     1
NURK     3     9     1
NVSK     1     3     0
NYA1     2    11     2
NYAL     4     7     0
OHI2     2    18     1
OHI3     4    34     1
OHIG     2     7     2
ONSA     4    16     1
OPMT     3     0     0
OS0G     0     3     0
OSN1     1     3     0
OUS2     2    22     2
PADO     1    21     1
PALM     2    17     0
PALV     1     4     0
PARC     1    17     1
PARK     0    11     0
PBRI     1     4     1
PDEL     2    17     2
PENC     2    21     0
PERT     6    24     4
PETP     2     4     0
PFA2     1     6     0
PIE1     4    27     2
PIMO     1    21     0
POHN     4    23     2
POL2     6    17     1
POLV     4    14     1
POTS     4    32     3
POVE     1    16     1
PRDS     3    12     1
PRE1     4     2     0
PTAG     2    14     0
PTBB     3     8     1
PTVL     0    10     0
PVEP     1     9     0
QAQ1     3    26     2
QUI2     0     3     0
QUIN     3    31     1
RABT     4     6     0
RAMO     1    17     0
RBAY     2     7     0
RCMN     2     0     0
RECF     1    12     0
RESO     3     8     1
REUN     6    20     3
REYK     6    29     4
REYZ     3     5     0
RGDG     1    19     0
RIGA     4    27     2
RIO2     6    13     2
RIOG     1     2     0
RIOP     2     7     1
ROSA     1     4     0
ROTH     1     8     0
SALU     1    20     0
SAMO     2    14     0
SANT     1    25     0
SAVO     1    12     0
SCH2     2     8     0
SCOR     2    15     1
SCRZ     1    11     0
SCTB     3    13     1
SCUB     3    11     2
SELE     1     4     0
SEY1     1    17     0
SEYG     1    17     0
SFER     2    18     2
SHAO     2     6     0
SIMO     1     1     0
SIO3     2    28     1
SMST     2     5     2
SOFI     2    19     0
SOL1     3     9     0
SOLA     2     3     0
SPT0     2    19     2
SSIA     1    12     0
STHL     1    10     0
STJO     4    35     3
STK2     1    10     0
STR1     3    27     2
STR2     2    23     0
SUNM     3     0     0
SUTH     2    18     1
SUTM     3    12     1
SUTV     1     0     0
SUWN     4    17     1
SVTL     2     9     1
SYDN     1     6     0
SYOG     3    14     2
TABL     3    14     1
TABV     2    20     1
TAH1     2     1     0
TASH     4    17     0
TCMS     0     3     0
TEHN     2     5     0
THTG     4    23     0
THTI     2    11     0
THU1     1     2     0
THU2     3    21     0
THU3     3     4     0
TID1     4    16     1
TIDB     1    10     0
TITZ     1     8     1
TIXG     1     0     0
TIXI     3     5     1
TIXJ     1     1     0
TLSE     3    35     2
TN22     1    11     0
TNML     0     2     0
TONG     1    16     1
TOUL     1     0     0
TOW2     0    21     0
TRAB     0     0     0
TRO1     4    18     2
TROM     2     5     0
TSEA     0     7     0
TSKB     1    22     0
TUVA     1    14     1
TWTF     2     3     0
TXES     1    25     0
UFPR     1    12     0
ULAB     3    22     2
UNB3     2    24     2
UNBJ     3     5     0
UNBN     0     1     0
UNSA     3    20     2
UNTR     1    10     0
URUM     2    19     1
URUS     1     2     0
USN3     1     3     0
USNA     3    18     1
USNO     3     8     1
USUD     5    17     2
VACO     2     4     0
VALD     2    11     1
VENE     2     4     1
VESL     3     1     0
VIL0     1    25     1
VILL     5    19     2
VIS0     1    25     0
VNDP     0    29     0
VOIM     1    11     0
VTSP     2    15     0
WARK     2    16     1
WDC1     1     3     0
WDC3     1     0     0
WEL1     1     3     0
WES2     4    54     3
WGTN     1    17     1
WHIT     3    13     2
WILL     5    12     3
WIND     5    17     2
WROC     3    42     2
WSRT     1    16     0
WTZA     3    11     0
WTZL     2    16     0
WTZR     2    47     2
WTZZ     3    46     1
WUHN     2     9     1
XIAN     1     2     1
XMIS     1    15     0
YAKT     8     1     0
YAKZ     1     1     0
YAR1     1     8     1
YAR2     3    21     0
YAR3     3    16     1
YARR     3    12     0
YCBA     1     2     0
YEBE     1    16     1
YELL     2    19     1
YIBL     2     5     0
YKRO     1    10     1
YSSK     2     2     0
ZAMB     3    12     0
ZECK     4    12     1
ZIM2     3    24     3
ZIM3     0    16     0
ZIMJ     2    14     1
ZIMM     2    22     0
ZWE2     3     1     0
ZWEN     2     5     1
