name cos1 sin1 cos2 sin2 cos3 sin3 cos4 sin4
ABMF   -0.22045951   -0.14927627    0.02093423   -0.11479925   -0.05424908    0.08410400   -0.04310912    0.03755420
ABPO   -0.02777291   -0.05266469    0.04264289    0.13186630   -0.03080040   -0.00038598   -0.02395400    0.01285706
ADE1   -0.02912557   -0.02773408    0.00985877    0.04496770   -0.01510976    0.01619230   -0.01736106   -0.03577134
ADIS   -0.02218505    0.31952205   -0.03766003   -0.11961724   -0.21454345   -0.09437388    0.12941185    0.00589210
AIRA    0.38742132   -0.09568493   -0.03446482   -0.02733453   -0.05452263   -0.05519377   -0.03097888   -0.02204334
ALBH   -0.12008630   -0.08339503    0.05132780    0.03249264   -0.01496234   -0.02811775    0.01310544    0.02235645
ALGO   -0.19030029   -0.02034723   -0.12805032    0.01568730   -0.01044120   -0.03040200    0.02345486   -0.00357808
ALIC   -0.11652619   -0.01715015   -0.08225673    0.01962770   -0.03187278   -0.02960789    0.03107164    0.02212033
ALRT   -0.06533796    0.03694833    0.03423029    0.05760482    0.03736755   -0.00094270   -0.02332699   -0.02468708
AMC2    0.06446989    0.46708855    0.16276015    0.00448045    0.05100299   -0.02240213    0.00962093   -0.04927328
ANKR   -0.38499606   -0.18500081   -0.08923879   -0.09664174    0.01574418    0.05835775    0.00155734    0.00309994
ANTC   -0.05404126   -0.22567973   -0.09744067    0.09816928   -0.01535399   -0.09582898   -0.01289038    0.06020398
AOML    0.05490830    0.64374888    0.11738009    0.04836600    0.01036633   -0.07020237    0.00166023   -0.19792158
AREG    0.68874591   -0.12217088   -0.44497162   -0.11047367   -0.25682441   -0.13895202   -0.01039266   -0.10581071
AREQ    0.12146789   -0.41670278    0.42593682    0.17780453    0.31073525   -0.00455673    0.07171168    0.02422974
AREV    0.18050899    0.40084851    0.39851633   -0.01889900   -0.13326782    0.09455163    0.14093717   -0.06065785
ARTU    0.05859221   -0.06711036   -0.00302454    0.09881468   -0.00262346   -0.01568432    0.03242278    0.09509744
ASC1   -0.27217379   -0.32121170    0.02591578   -0.14585356    0.01300191   -0.00061874   -0.05611213    0.01134550
ASCG    0.25288357   -0.47497450   -0.03238630    0.19659126   -0.02122569   -0.00491542   -0.01685425   -0.02610309
ASPA   -0.19404816    0.05053290   -0.00344913   -0.08954730   -0.05118736    0.02303702   -0.00961328    0.00141848
AUCK    0.10203765   -0.03469620   -0.00651881    0.00653209   -0.00206696    0.02175713   -0.00354499   -0.01024227
AZGB   -0.01235312   -0.01127589   -0.06677281    0.03511161   -0.03532296    0.01568671    0.00080722    0.01127850
BADG    0.05496869    0.39582719    0.04825700   -0.08151305    0.02504482   -0.02888985    0.00685238   -0.04282757
BAKE   -0.03760257    0.11641985   -0.00530598   -0.05007784   -0.00387612   -0.00919961   -0.00350230   -0.02979384
BAKO    0.04395462    0.38289236    0.03923178    0.07416484    0.03403416   -0.09698910   -0.13671820   -0.02862718
BAN2   -0.15219344    0.32606320    0.27546520   -0.17002354   -0.00587161    0.01058819   -0.07237094   -0.01223589
BARH    0.02608820   -0.07711465    0.06820086   -0.00034504    0.00340316   -0.01351239    0.00562972    0.01100310
BDOS    0.25549554    0.08716704   -0.07376262   -0.08426724   -0.08332437   -0.01271258   -0.00253747    0.05570364
BHR1    0.31054589    1.04888074   -0.06027122    0.09395016   -0.13937120    0.32894818   -0.34378585    0.04897368
BILI   -0.02826101   -0.12368709   -0.01669369    0.00763700   -0.02310204   -0.03356873   -0.02127539   -0.04570500
BISK   -0.07993965   -0.15307563   -0.02499710   -0.00869031   -0.00196769    0.01517346   -0.01992167    0.00478706
BJCO    0.25595180   -0.12133310   -0.24757165   -0.32990066    0.25833993    0.23488143   -0.09694580    0.04214989
BJFS    0.14364164    0.15502316    0.09332998   -0.04678162    0.18723489    0.07311254    0.00410846   -0.10383479
BJNM    0.23270964   -0.19782444   -0.22054773    0.11432478   -0.15115003   -0.03814557    0.15692167    0.02010182
BNDY   -0.11189518   -0.12208344    0.03590970    0.02977872   -0.01505422    0.03163875   -0.04613505   -0.02717869
BOAV    0.14695724    0.05433175    0.11075860   -0.31106419   -0.02646580    0.08439283    0.05257326   -0.02154337
BOGO   -0.17742447   -0.11748700    0.01020673    0.03770554   -0.02039420    0.03296831    0.02089640   -0.01235700
BOGT   -0.10856383    0.17347119    0.06569059    0.06576563    0.03807942   -0.03048532    0.01905172   -0.03317740
BOR1    0.12944011   -0.08482396    0.02486672   -0.01380848    0.05405271    0.01688476    0.03404696   -0.03702210
BRAZ   -0.23125976   -0.00836381   -0.08469831    0.04246679   -0.07668110    0.00656665   -0.02836737    0.03233783
BREW    0.26205444    0.02472155   -0.10417200   -0.37151073    0.06226375    0.03280469   -0.02145005   -0.03943190
BRFT   -0.66521732   -0.19312344    0.07654919    0.10201375   -0.01453544    0.11152206    0.03907809    0.02954306
BRMU    0.09011052    0.12347506    0.00797605   -0.07619097    0.00046183    0.03168651   -0.01902499   -0.00483325
BRST   -0.15934427   -0.07087035    0.02139713    0.04564876    0.00197053    0.00356867    0.01122839    0.00051999
BRUS   -0.01044505   -0.00997140   -0.02026208   -0.03899064    0.00852765    0.03462617   -0.00345283    0.01468961
BRUX   -0.16758969    0.02091270    0.05241992    0.01822728    0.03457107   -0.00719105   -0.03139485    0.01214717
BSHM    0.12986023    0.18066027    0.08932914    0.07348448    0.09183164    0.00258837    0.00715107   -0.02967033
BUE2    0.08717789   -0.16686242   -0.03596453    0.00747367   -0.11289657    0.09612985   -0.02144338    0.00595158
CAGL    0.33907334   -0.23075526   -0.02713226    0.04988243   -0.02944989   -0.01705977    0.00916097    0.03035132
CAGS   -0.08534945   -0.02770391   -0.08912768    0.02179410   -0.01105091   -0.04659661    0.01884792   -0.01269646
CAGZ   -0.09128662   -0.22550927    0.03484567   -0.01168135    0.02681046   -0.06917873   -0.00720789    0.02641438
CALL   -0.27422879   -0.53265929   -0.09958320    0.30770780    0.23640499   -0.17925697   -0.08473022   -0.02510808
CARR    0.17500484    0.48431299   -0.10413165    0.33788793   -0.04610232    0.04167354   -0.04002634    0.06103294
CAS1   -0.00806429    0.02079445   -0.02245149    0.00168299   -0.02198320    0.01199015    0.00316307   -0.00111255
CCJ2    0.07066465    0.30877843   -0.00414812   -0.11427035    0.09453375   -0.00318003   -0.04894884   -0.00163420
CCJM    0.09140090    0.29911827   -0.08609332   -0.04400685   -0.00408329   -0.00430284   -0.01132357   -0.00828302
CEDU    0.08370933    0.28551298    0.01773898    0.02212965   -0.02452800    0.01867707    0.04395173    0.01040117
CFAG    0.13140620   -0.00094232    0.21077487   -0.23917194    0.04556757    0.06755440   -0.01080823   -0.05983294
CGGN    0.15638400    0.36077470   -0.32017156   -0.15908358   -0.06441001    0.41855339    0.06731004   -0.01069585
CHAN    0.10727100   -0.12940639   -0.05894886   -0.05132978   -0.04327324    0.01370722   -0.01777565   -0.00759341
CHAT    0.08460485   -0.15161678    0.04536731   -0.00442323   -0.00557483    0.04120208   -0.01379939    0.01738061
CHPG   -0.51906717   -0.14923098    0.12590052   -0.20459412    0.10273658   -0.01410240    0.00031911    0.03413336
CHPI   -0.02338074    0.31034748   -0.09533486    0.12162338    0.07595240    0.08555968   -0.00403368    0.01753785
CHTI   -0.06344537   -0.08801626   -0.03942403   -0.01370033    0.01020997   -0.03583582   -0.00086234   -0.00766623
CHUM    0.12637701    0.11281357    0.51104713   -0.23322268   -0.11007573   -0.13405410    0.01397311   -0.11274349
CHUR    0.05138273    0.10693665    0.01575695   -0.00270418    0.00782603    0.01794598   -0.01345512   -0.00747270
CIC1   -0.03291929    0.06689400   -0.18550978   -0.12121670    0.11094019   -0.03664091   -0.02535929   -0.01223818
CICE    0.17556751   -0.33112233   -0.15212157   -0.07007797    0.04255285   -0.02170004    0.02152559   -0.05181428
CKIS    0.09400136   -0.03692018    0.01735911    0.05097918    0.01698228    0.07054580    0.09555170   -0.02782573
CNMR   -0.01149310    0.08011461    0.17209451    0.10524416    0.03656309    0.10437715    0.03071967    0.00016496
COCO   -0.08194646   -0.16862312    0.03005308    0.09716849   -0.02832317    0.00901563   -0.01114626   -0.02300432
CONZ   -0.04317697    0.10538156   -0.04159857    0.01891356    0.00818218    0.03249503    0.04040776    0.01128957
CORD   -0.01074456    0.22105416    0.12026155   -0.18642134   -0.08568509    0.07126914    0.05813721    0.05591377
COYQ    0.09756627   -0.00998975    0.01770774   -0.00993321    0.04716396   -0.02786392    0.00825635   -0.00045652
CPVG    0.05898409    0.11983938   -0.06144511   -0.14794009    0.09121748    0.01310747    0.05462908    0.02263744
CPXF   -0.03057296    0.06583681    0.01129993    0.00071313    0.01172411   -0.03042951    0.02626485   -0.03083948
CRAO   -0.00112266   -0.23860922    0.02098980   -0.08943144    0.05796220   -0.01108316   -0.00784976    0.04623472
CRAR   -0.07355731   -0.06843634   -0.03352979   -0.01060421   -0.00910058    0.01182357   -0.00376899   -0.00222848
CRO1   -0.12694959   -0.27101041    0.00034572   -0.02888527    0.04693490   -0.08955039   -0.00695205   -0.03741663
CTWN   -0.03024853   -0.04661720    0.03108745    0.04173195    0.03955341   -0.02463759   -0.02417958    0.12219963
DAEJ    0.14635829   -0.18820591    0.07681962    0.06005185    0.02825964    0.04234357   -0.00596255    0.00658412
DAKA   -0.20590171   -0.10696616   -0.08404500    0.06256723    0.01552331   -0.09815160   -0.00201280    0.04622635
DARW   -0.23730628   -0.52137222    0.22224554    0.29840006   -0.09744341   -0.04911596    0.02597807   -0.01848120
DAV1    0.06944691   -0.03317333   -0.04600610    0.00877381    0.00298057   -0.00141487   -0.00664769   -0.00400657
DAVR   -0.01808999   -0.10140329    0.02741320   -0.00584663    0.01709258    0.01759067   -0.00561307    0.01122228
DGAR   -0.06458620   -0.08317840   -0.10157466    0.03898612    0.08476353    0.07221043    0.00351983    0.03451222
DGAV    0.02841319    0.18626672   -0.01578001   -0.10088382    0.07105969    0.01058905   -0.01691872   -0.01520229
DRAG   -0.83500521    0.03617996    0.30045067   -0.14771331   -0.13987499    0.07876640    0.04024152    0.02560079
DRAO   -0.02725485   -0.18135669   -0.33893951    0.08079831   -0.01043624    0.00668494    0.05358718   -0.01452498
DUBO   -0.06060520   -0.07271063    0.03756536   -0.02896468   -0.00669137    0.04208592    0.03965251   -0.01576435
DUM1   -0.02432811   -0.05715764   -0.01181194   -0.04749553   -0.00842411    0.01412861   -0.02604513    0.01642845
EIL1    0.08597088    0.01752544   -0.00301891    0.03325491   -0.05174649    0.01722969    0.03545696    0.03911721
EISL    0.00361989    0.38367900    0.13796300    0.00052394   -0.12966000   -0.08247001   -0.00269700    0.02928817
EPRT    0.00294223   -0.14466898    0.02632432   -0.00772704    0.01499538   -0.03070294    0.01272847   -0.00172529
ETAD   -0.31387032   -0.20580320   -0.05570052    0.20917853   -0.30203525   -0.00527387    0.16203050    0.23964151
FAA1   -0.08178684    0.28204320    0.00044147    0.07949021   -0.06738342   -0.00093160   -0.02246633   -0.08073487
FAIR    0.03327459    0.04146577    0.00280771   -0.01790234    0.03058103    0.04760424   -0.07383765   -0.00319905
FAIV    0.05165583    0.10154163   -0.08908538   -0.09204254    0.02973843    0.08176757    0.02160150    0.00838652
FALE    0.06547212    0.12986690    0.04170550    0.07754230   -0.00753997    0.00982878   -0.00716053    0.08041572
FLIN    0.17548070    0.13486684   -0.07483058   -0.02680464   -0.02729163    0.00303438   -0.00392739    0.01926517
FLRS    0.13601500   -0.01161472    0.07569017   -0.06099062    0.04185644    0.00940462   -0.02832548    0.00581938
FORT    0.00405587    0.88790090    0.15364101    0.11413050    0.12459557   -0.01422189    0.06184717   -0.12757932
FRDN   -0.18512983   -0.09526763   -0.05251350    0.04310902    0.00563852    0.01613387    0.02341705    0.00210607
FTNA    0.32539903   -0.02151555    0.02707374   -0.08116497   -0.17303693    0.07062592   -0.05439787    0.02221110
FUNC    0.41238989    0.10358087   -0.07780056   -0.01325512   -0.05292312    0.06306909   -0.02333475   -0.07493219
GALA    0.03263632   -0.20270054    0.14527975    0.22912946   -0.34575245   -0.12585103   -0.04338980    0.00097464
GANP    0.08649981   -0.11768067   -0.04808272   -0.01162927    0.01226027    0.02236590    0.03295535   -0.00800328
GLPS    0.13046753    0.03012700   -0.06321845    0.35411245   -0.05228914   -0.17391868    0.01428920   -0.16830221
GLSV   -0.08346888    0.05552890   -0.01847606   -0.00241473   -0.00297932   -0.03438889    0.02557324   -0.00605747
GMAS    0.04517739   -0.74985797   -0.01105211    0.10719089   -0.05936051    0.00404017    0.06650687    0.13721930
GMSD    0.08951452    0.28595073    0.11370733    0.02243934   -0.02556842   -0.04198078    0.01665313    0.02811559
GODE   -0.41103237   -0.10700759    0.01817229    0.06492625   -0.06024812    0.00600811    0.01343688   -0.00476137
GODZ    0.09138066    0.25551849   -0.05422212   -0.02226851   -0.04805747   -0.04858272   -0.01896654   -0.01661448
GOL2   -0.02523058    0.02402771   -0.01402861    0.01793173    0.02993067   -0.01211384    0.03329961   -0.04632389
GOLD   -0.08828108   -0.00707717    0.02765913    0.02121962   -0.06137793   -0.01107346    0.00535305   -0.00483115
GOPE    0.12153490   -0.10727103    0.06069342    0.01571186    0.01482022    0.03691083    0.01787822   -0.00787837
GOUG   -0.18357419   -0.00958292   -0.03915065   -0.00837579   -0.01212096    0.09741897   -0.01901449   -0.00604150
GRAS    0.08168126   -0.12503781    0.06377112    0.04990335    0.01357787    0.00817628   -0.03331413    0.00614151
GRAZ   -0.04480130   -0.08980301   -0.04190960    0.07266869   -0.02368020   -0.01677034    0.02638980    0.02143769
GUAM   -0.37364207    0.00129018    0.12963497    0.01192336    0.01128476   -0.14729261    0.00604239   -0.00672548
GUAO   -0.43065344    0.14618462   -0.23874700    0.14688323   -0.00057852   -0.12198523    0.05873368   -0.06024766
GUAT    0.26864819   -0.05465782   -0.00538902    0.00420235   -0.05968061    0.00151497   -0.02740513   -0.04692859
GUUG    0.09359980   -0.01767656    0.11041988   -0.01037901    0.07408094   -0.00336087    0.02958027   -0.03596445
HARB    0.04710632    0.10238654   -0.04818149   -0.06341478    0.05370316    0.07202110   -0.00580678    0.00956939
HERS   -0.00315567   -0.03305910    0.00948872    0.02534834    0.05048946    0.01771639   -0.03456057   -0.02146610
HERT   -0.04792592   -0.00521166    0.03046774   -0.01879725   -0.05084519   -0.03244537    0.04663618   -0.00597066
HLFX   -0.09224384   -0.06996329   -0.04673045   -0.01766837   -0.00494822    0.00241571    0.01497696    0.01127343
HNLC    0.09922260   -0.03556102    0.10520507    0.06350481   -0.01914712    0.11638085   -0.04604445   -0.00626497
HNPT   -0.13230613   -0.12038689   -0.00917800    0.06728455   -0.00748303   -0.05739677    0.01494777    0.04367965
HOB2   -0.12466513   -0.11239431    0.02055713   -0.02305599    0.00222186    0.01823077   -0.00368935    0.00438392
HOFN    0.12111425    0.02520556    0.00854430   -0.02624509    0.03070301    0.00932055    0.00476725    0.01414987
HOLB   -0.00745580    0.04145888    0.07657110    0.03031772   -0.04070294   -0.00911780    0.00946889    0.01599669
HOLM   -0.05944571   -0.07943697   -0.06810356   -0.00708953    0.00876235    0.00084006    0.01774270    0.00859078
HRAO    0.14362693    0.04587715   -0.06982276    0.09163686   -0.00915734   -0.09898158   -0.01008089   -0.03357587
HRM1    0.00749489   -0.06651678    0.03072668   -0.01330569   -0.06410417   -0.03088011    0.01788383   -0.00791604
HYDE   -0.14965833    0.10980969    0.36261994    0.23663114    0.02776516   -0.05625719    0.04298355    0.07868692
IDDR    0.01003189   -0.09514560    0.18600285    0.05504292   -0.06425135    0.05120566   -0.01477065   -0.03709353
IISC   -0.10963554    0.36819680   -0.00360263   -0.15020696    0.01102032   -0.00275977   -0.01455655    0.09095706
ILHA    0.27977656   -0.22040627   -0.03916138    0.06521606    0.03338025   -0.01553140   -0.02254060   -0.08526768
IMPZ    1.21140536    0.26091802   -0.20084871   -0.27580245    0.02346190    0.21659329    0.02549078   -0.11046345
INEG    0.04928342    0.30853329    0.01477930    0.01320228    0.04354842    0.06533609   -0.04303518    0.00400439
INVK   -0.07348899   -0.02123383    0.04881771   -0.06294209   -0.02582128    0.03865835   -0.02245052    0.01507740
IQAL   -0.01249447   -0.04121479   -0.03496174   -0.02065364   -0.00757646    0.00863887   -0.00173505    0.00312416
IQUI    0.22780848   -0.12158477   -0.06079865    0.09587759   -0.15799656    0.02306032    0.03319980   -0.08036250
IRKJ    0.07540543    0.06312511    0.03899393    0.08557042    0.00027040    0.01655675   -0.05750739    0.01650595
IRKT    0.12072475   -0.15266761    0.13821576   -0.03092612    0.01293865    0.01454855    0.02033220   -0.06183698
ISBA   -0.50914352   -0.41626351    0.01128248    0.24585563    0.02388634   -0.07446676    0.01028133    0.01859095
ISPA   -0.18623113    0.01316753    0.01184799   -0.07561341    0.00339979   -0.02031641   -0.03014568    0.00199165
JAB1   -0.42543620   -0.31678482    0.16922147   -0.13133049    0.26818464    0.01013033    0.04547962    0.07729061
JOG2    0.22625241    0.07024710   -0.07983398   -0.08210775   -0.09359352   -0.03490151   -0.06881896    0.04964832
JOZ2    0.05963986   -0.21222019   -0.01578359   -0.02695906    0.01336607   -0.04207017   -0.03106609    0.00736466
JOZE   -0.18529366   -0.10991555   -0.03067682    0.00305519    0.00045237    0.04364897   -0.00026916   -0.04706420
JPLM    0.01728229    0.00909118    0.11066156    0.11100200   -0.00394587   -0.05182852    0.02631452   -0.04066678
JPLV   -0.00944614    0.02808234   -0.02178254   -0.23375887    0.01688820   -0.02812685    0.07780162    0.02247652
KARR    0.54099761   -0.01946469    0.06354529   -0.13382000   -0.12916262    0.00503438    0.05011130    0.02598947
KAT1   -0.18553977   -0.45786685    0.22919500    0.41517306   -0.13923106   -0.06990022    0.05016407   -0.08279545
KELY    0.07952428   -0.13320719    0.08772470   -0.05199399    0.03382343   -0.00326872    0.00321115   -0.01180038
KERG   -0.06431427   -0.05655449    0.01829188   -0.00360446    0.02081162    0.01105389   -0.00267774   -0.00701779
KGNI   -0.31835726    0.47032431   -0.04804890    0.14656317    0.02614148    0.06452509    0.00307065   -0.03556179
KHAJ    0.19110033    0.04075433   -0.00812482    0.01153057   -0.07926267   -0.04750229   -0.02642704   -0.06201573
KHAR   -0.05767406   -0.09084429   -0.02546350   -0.01300472    0.02354689    0.02588413    0.02208575   -0.01503874
KIR0   -0.08606351    0.06278945    0.06933059    0.00154906   -0.00773961   -0.00025008    0.00468426   -0.00383896
KIRI    0.10197399    0.00943518    0.06849054   -0.19003131    0.05060618    0.03914998    0.04434809    0.00029489
KIRU   -0.18567494   -0.03076673   -0.03175040    0.07193170    0.00959989   -0.01316854   -0.02274062   -0.04625444
KIT3    0.46382115   -0.84000682   -0.12706368   -0.51155996   -0.18767307   -0.16260585   -0.06905933   -0.05908090
KOKB   -0.06146775   -0.02493420    0.08461962   -0.06604603   -0.09639560   -0.01408429    0.03215679    0.00213602
KOKV    0.07776786   -0.10287062   -0.09688719    0.04501172   -0.06303198    0.03719571   -0.00880328    0.01074311
KOSG    0.03423415    0.04530118   -0.03355809    0.00378489   -0.00174644   -0.01622199    0.01739971   -0.00210746
KOU1    0.06001004    0.30870672    0.08705386   -0.14828267   -0.01302980    0.02536066    0.12066576   -0.08786991
KOUC    0.11504451   -0.21721726   -0.06546604    0.00057615   -0.00597311   -0.02485581   -0.03881796    0.11490874
KOUG    0.24432876    0.32937480   -0.23692721   -0.18184735    0.00875605    0.07658950    0.08952456    0.03407272
KOUR   -0.00746101    0.17593385    0.05396490   -0.23056974   -0.06893408    0.00664851   -0.03753292    0.04967951
KRGG   -0.01344491    0.03215353    0.01240856    0.03551758   -0.00076879    0.01866523    0.01546344    0.00563820
KSMV   -0.14192728    0.35728270   -0.12408481    0.10090437   -0.03972463    0.05160878    0.00257799    0.01485497
KSTU    0.00800467   -0.20513520   -0.00702818    0.03033450   -0.03383805    0.03630041    0.05958173    0.03483011
KUNM   -0.14186001    0.41774374    0.03921109    0.13311261   -0.09668681   -0.00525114    0.01821652   -0.03792841
KWJ1   -0.20762956    0.03363071    0.17977027   -0.11753556    0.08201743   -0.05088459   -0.00645363   -0.09359571
LAE1    0.52864733    0.41875052    0.01533421    0.34004477    0.04237021   -0.04244369   -0.22360986    0.01832224
LAMA   -0.07219189   -0.10746473   -0.02618790    0.01459699   -0.03469226    0.02526374    0.03956396   -0.03233698
LAUT    0.45746231   -0.00422761    0.17064591   -0.02842823    0.02592838   -0.04368235   -0.13044382   -0.00013056
LHAS   -0.68912165   -0.40914809    0.27403959    0.16853918   -0.15030882    0.03467793    0.04859486   -0.05689384
LHAZ    0.06916313    0.71690407   -0.20248617    0.21902231   -0.10373346    0.14029649   -0.03248269    0.00111564
LMMF   -0.09525268   -0.10856340    0.08090596   -0.06735586   -0.04974046    0.01698305    0.02571606   -0.00982891
LPAL    0.17458167    0.02970915    0.08484973    0.05675340   -0.01449394   -0.00421905   -0.00112106    0.00640006
LPGS    0.04354188    0.19021794    0.05351774    0.01788463   -0.02466953   -0.01573537   -0.02732105    0.01780553
M0SE    0.10906432    0.10403539   -0.10235776   -0.01513559   -0.04737076   -0.00104028    0.02635101    0.00795508
MAC1    0.07445895    0.03644819   -0.01221923    0.01448614   -0.01844724    0.00484378    0.00005999   -0.00298048
MAD2   -0.01601321    0.06553891   -0.09411308    0.02533810   -0.02097200    0.01829570   -0.02773035    0.02584902
MADR    0.04656127   -0.03125652   -0.03615872   -0.06088023   -0.17571001   -0.02273445   -0.08739556    0.04991419
MAG0   -0.04163917    0.01953357   -0.01460193    0.06020796   -0.03413920   -0.03896832    0.01271294    0.02273843
MAJU    0.30424426   -0.04238527    0.02770303   -0.06551773   -0.01775974   -0.00798677    0.00113792    0.05360438
MAL2   -0.25739323   -0.27837184   -0.17795953   -0.23677897   -0.12752981    0.03822069    0.08564934    0.14627198
MALD    0.15212851   -0.11659533   -0.11857481   -0.30151506   -0.19232261    0.02398300    0.00065929    0.03395540
MALI    0.28957703    0.34269746    0.01237683   -0.28066373    0.04454857    0.12011534   -0.02663852    0.09665146
MANA    0.12231207    0.69402396    0.33588727   -0.06621891    0.16805924    0.04799080    0.00996944    0.00366316
MAS1   -0.68591033    0.43215810   -0.09808620   -0.03590554   -0.03630509    0.00575428   -0.02859862   -0.01922602
MAT1    0.00785066    0.02057169   -0.07923533    0.01181649   -0.00962906   -0.02528497   -0.02870741    0.01139384
MATE    0.04881866    0.05250175    0.00826619    0.09896793   -0.00203022   -0.01034892    0.02734697   -0.00655865
MAUI   -0.10259307   -0.03639082    0.01189908    0.00536557    0.01588606    0.01971954    0.04688937   -0.00083242
MAW1   -0.03538776    0.00338297   -0.01567227   -0.01784459   -0.01335882   -0.00609517   -0.00496314    0.00074559
MBAR   -0.20467653   -0.23248759   -0.12231422    0.08192998    0.00145678    0.03042285   -0.02664369   -0.04484718
MCIL   -0.17609635    0.12388072    0.05325438    0.02046119    0.08811388   -0.02408713    0.01211207    0.02508927
MCM4   -0.10014241    0.01088048   -0.02198831   -0.00905285   -0.01128123   -0.00229644   -0.00620484    0.00728623
MDO1    0.10481286   -0.06806840   -0.02742332    0.03776395   -0.03910831   -0.02444406    0.00408438    0.00687502
MDVJ   -0.08645349    0.07529413   -0.00699070    0.00550598   -0.00166658   -0.03128265    0.01989959    0.02019877
MDVO   -0.10920399    0.14699613   -0.01927960   -0.24748368   -0.11645503   -0.04700910    0.07762201    0.09258917
MEDI   -0.11928047   -0.05549925    0.06667691   -0.09210337    0.00797774    0.03297230   -0.03013932    0.00201737
METS   -0.14779327   -0.08890302   -0.00206065    0.06345766   -0.02533532    0.00678308   -0.00189266   -0.02605797
METZ   -0.05121830   -0.09744785   -0.05346300   -0.01744046    0.02263325   -0.00234037    0.01675636    0.01156804
MGUE   -0.11293500   -0.14821799   -0.08886199   -0.05496090    0.05644216    0.01143801    0.04604117    0.02567664
MIZU    0.11113288   -0.00023267   -0.04388536    0.09600752    0.00191853    0.02133519   -0.02545538   -0.03370007
MKEA    0.02228467   -0.08353229    0.02339487   -0.02962891    0.00861383   -0.00874968    0.00648122   -0.00044603
MNLS    0.00796626   -0.00912430    0.00493958   -0.00056830    0.02737611    0.03445602    0.00420398   -0.01370896
MOBJ    0.05236401   -0.05655667   -0.00257379   -0.04896768   -0.01388325   -0.01897195    0.00088534   -0.00988399
MOBK    0.15753670   -0.06524101   -0.03390517   -0.05994929   -0.03982670    0.00141655   -0.02277143   -0.02593012
MOBS    0.02347864    0.16895038    0.04539649    0.00229294    0.00165401    0.01738653    0.00688620   -0.01170355
MONP   -0.03152285   -0.00566763   -0.01077523   -0.02366344    0.00678479   -0.02449489   -0.01340819   -0.00691996
MORP    0.17034104    0.10590790   -0.03458343    0.06908714    0.05163239   -0.04335303   -0.00308278    0.01581173
MQZG    0.04326732   -0.00539123   -0.01578456    0.00596521   -0.02529610   -0.00716769   -0.01370266    0.02448378
MRO1   -0.19337229    0.02754583    0.01791376   -0.05051856    0.04536519   -0.03798336    0.03628112   -0.04073739
MSKU    0.12798007    0.10360663   -0.33452751    0.02484613   -0.15450256    0.13903432    0.13038581    0.02439261
MTKA   -0.02947516    0.57692731    0.16614062    0.16631516    0.08172191   -0.04024052   -0.02947555    0.00061783
NAIN   -0.15069251    0.01434135    0.06216272    0.03300722    0.00068519   -0.01206767    0.00845878    0.00478211
NANO    0.00164565    0.19469954   -0.05835592   -0.01318995   -0.00518363   -0.03939322    0.00259472   -0.02733514
NAUR    0.04590780   -0.21597795    0.01339740    0.09005952   -0.06100845    0.00889322    0.04952898   -0.02610378
NICO   -0.17726996   -0.28843990    0.08526000   -0.07905349   -0.00781128    0.00336330    0.00958047    0.01121100
NIST   -0.08582072   -0.12836733    0.06212863    0.03435104   -0.02948551    0.02634180    0.00058396   -0.03510742
NIUM    0.16673644   -0.03476200    0.00805068   -0.01386477    0.07953748   -0.03642744    0.07403560   -0.01709942
NKLG    0.14272576    0.15882836   -0.27527793   -0.20671467    0.14319179   -0.06508946    0.15311183   -0.07956477
NLIB    0.37567405    0.26614712   -0.04750706   -0.06765733   -0.00505794   -0.11886076    0.02143654    0.09908048
NNOR   -0.02805056   -0.02160144    0.05921260    0.03979732    0.01951148   -0.03074347    0.01076222    0.04260132
NOT1    0.05864619   -0.22761322    0.05118816   -0.15466917    0.01605520   -0.07524295   -0.02443786    0.04076834
NOTO   -0.08939949   -0.01363485    0.02776206   -0.17653704   -0.02272587   -0.05214397   -0.06797047   -0.02433009
NOUM    0.04972680    0.22661693   -0.04332688    0.07099084   -0.15769887    0.07450942    0.04536453    0.00700770
NOVM   -0.00160700   -0.11526330   -0.00541412   -0.05049230   -0.01598418    0.05876956   -0.01389893    0.00193036
NRC1    0.13828407    0.10470846   -0.09748874   -0.02975275   -0.03993691   -0.00355192    0.00359514   -0.00269810
NRIL    0.04664343   -0.08343108   -0.02906825   -0.05426754   -0.00367950   -0.00543115    0.01598380    0.03706537
NRMD   -0.04191693   -0.40955264    0.00808701   -0.01495886   -0.07124274    0.03646151    0.04473997    0.00745895
NSSP    0.03325860    0.03500088   -0.22721383    0.03838119   -0.04075960   -0.19690541   -0.03069980    0.06688385
NTUS   -0.17526629    0.23385468   -0.07100837   -0.03727510    0.01969055   -0.01997998   -0.00290348   -0.01906616
NURK    0.26418923    0.42049805   -0.27845732   -0.30052662    0.00699486    0.03040615   -0.06506623    0.05811334
NVSK    0.21396608    0.00201837   -0.09932054    0.05198154   -0.00763249    0.05163410    0.12893778   -0.03039280
NYA1    0.04685349    0.03227062   -0.00391760    0.03572927   -0.02236095    0.00443456    0.01085071   -0.00639370
NYAL   -0.04201648    0.04224683   -0.02404837   -0.02484151    0.03053876    0.00210462   -0.01382217   -0.01124082
OHI2    0.03198147   -0.01876791   -0.01652339   -0.06153589   -0.00563647   -0.00183962   -0.02981457   -0.01108795
OHI3    0.05086983   -0.03295344    0.00714603   -0.06700931   -0.00939383    0.00716355   -0.01216000   -0.01807100
OHIG    0.01064337    0.09058135   -0.03860233   -0.08418105   -0.02506287    0.04305375    0.03632931    0.00328666
ONSA   -0.07790540   -0.03140670   -0.00686503    0.03479976   -0.02815207    0.06468062   -0.00470546   -0.04467615
OPMT   -0.14578143   -0.13846779   -0.02562690    0.06976425    0.02578488    0.06150566    0.02602782   -0.05039048
OS0G    0.08097436    0.03981914    0.00913327   -0.04712272   -0.00664024    0.02430541   -0.02714324   -0.05993633
OSN1   -0.06875037    0.27247596    0.02349241    0.02719950    0.03131451   -0.03688818    0.00637000   -0.04480115
OUS2    0.01111368   -0.04895274   -0.04325297   -0.00977269   -0.00626803   -0.00861574    0.01785010    0.00267774
PADO    0.06169539   -0.09560532   -0.05747025    0.04143803   -0.06823823   -0.05375173    0.08631642    0.09271320
PALM   -0.08298379   -0.01710368    0.02073133   -0.03114596   -0.01020025    0.01823441    0.00276736    0.00957889
PALV   -0.07811086   -0.00778998    0.02771879   -0.01535417   -0.01803736    0.00935376   -0.01810057   -0.03124734
PARC    0.00860864   -0.05787799   -0.01805912    0.00264500    0.01965444    0.00083433   -0.01729007    0.02709625
PARK    0.09882274    0.02519108   -0.05983113   -0.00378537   -0.01853896    0.00386629    0.02785194   -0.01400661
PBRI   -0.16436312    0.07612838   -0.01395387    0.18047355   -0.18259075    0.18302691    0.06623949    0.05329224
PDEL    0.09340499   -0.03700732   -0.03564405    0.07362033    0.00475617   -0.02582713    0.00026761   -0.00728075
PENC    0.00626919    0.26718036   -0.08565334    0.00118772   -0.01271574    0.04869986   -0.02688564   -0.00086812
PERT   -0.10460652   -0.05158581    0.03279048    0.03033169   -0.03844296    0.04101290   -0.00491412    0.00301975
PETP    0.04144817   -0.03553393    0.01647654   -0.09024142   -0.00999506   -0.09424200    0.01005111   -0.02079741
PFA2    0.07238833   -0.07945389   -0.22643966   -0.00614137   -0.03084438   -0.02242112    0.01115572    0.04488549
PIE1    0.15196029   -0.00909560   -0.05810944   -0.00831678   -0.01865767    0.00147278    0.01214255    0.00104931
PIMO    0.21279735   -0.18472467    0.17608028    0.09132591    0.17372396    0.02037475    0.02311190    0.07490491
POHN   -0.11493050    0.10008061    0.14453858   -0.09426657    0.03151386    0.08006239    0.01606631    0.00367558
POL2   -0.01345621    0.86252241   -0.50220135    0.03164240    0.07362704   -0.06249754    0.05812443    0.08216894
POLV    0.01528031    0.05598712    0.02966346    0.00338837    0.02483791    0.01854879    0.00861234   -0.02696874
POTS    0.07197674   -0.14260808    0.02199201   -0.03029406    0.01259557   -0.04851011   -0.02082222   -0.00019784
POVE   -0.09869522    0.09987571   -0.23293491   -0.01064758   -0.03059474   -0.15626708    0.08007113   -0.03424094
PRDS    0.01562266   -0.01239646    0.11034317   -0.00337725   -0.08931744    0.08383539   -0.04976471   -0.08681189
PRE1   -0.14794458   -0.10887416   -0.07219671    0.11015414   -0.05778170    0.03810214   -0.02185508    0.00610748
PTAG    0.20990485   -0.00093084   -0.02734113    0.06984120   -0.13344864    0.00059798    0.08456419   -0.02898168
PTBB   -0.08922356   -0.08213212   -0.03174582    0.05661056    0.00251942   -0.01217651    0.03392350   -0.00326157
PTVL    0.30713106    0.04705563    0.05456057    0.01348162    0.02001394   -0.03427964   -0.03643893   -0.05044453
PVEP   -0.01729749   -0.13532326    0.11414012    0.09441069   -0.06009308   -0.17754259    0.11027031    0.12148032
QAQ1   -0.01555529   -0.22190378   -0.12583173    0.01885624    0.03612632    0.05403784    0.00402446   -0.00831525
QUI2    0.09771902    0.15105460   -0.06450904    0.11548510    0.01084559    0.05990242   -0.02882561    0.00945826
QUIN    0.24238545    0.05238999   -0.19111793   -0.00469900    0.08561626    0.03457262   -0.04041298    0.02107814
RABT    0.10265627    0.25961916   -0.07473344    0.05867123    0.02237894    0.00717898   -0.03361275    0.02556012
RAMO    0.07082146    0.07415655    0.03495653   -0.01951942    0.03013405   -0.00568193   -0.01103897    0.00938770
RBAY    0.25178761   -0.16428830    0.03115069    0.03995703    0.03768639    0.00303035   -0.02397699    0.03024568
RCMN    0.00284747    0.05259171   -0.13041385   -0.06159721    0.02278106    0.01837899    0.11301931   -0.03176235
RECF    0.01764571   -0.15749812    0.12133156    0.00968193   -0.03816593   -0.06391598   -0.00626690    0.04400403
RESO   -0.15246426    0.03154961    0.01521122   -0.02783147   -0.03046647    0.00871399   -0.01056272    0.01001594
REUN   -0.00407158   -0.25852488    0.03148469    0.01997346   -0.04679665   -0.08798373   -0.01752379   -0.04775561
REYK   -0.14592040   -0.00485985    0.00340764    0.00581853    0.01053562   -0.00179522    0.00217761    0.01461284
REYZ    0.01405366   -0.02795086    0.01606083    0.01586141    0.01290114    0.01652449    0.02297875   -0.02079132
RGDG    0.02726068   -0.02940059   -0.00911872   -0.00083436    0.01671101    0.00500023    0.03051477   -0.02159470
RIGA   -0.09672104    0.10213669    0.01758575   -0.01644967    0.04134284   -0.03088079    0.01764741    0.02667077
RIO2   -0.00594847    0.00608702    0.01261402    0.02709557   -0.00722998   -0.01655326   -0.01416503    0.03267540
RIOG   -0.03479865   -0.03968270   -0.00227253   -0.04163225   -0.01602110    0.01312658   -0.06320180   -0.05188308
RIOP   -0.40872664   -0.25939214    0.18807082   -0.04234328    0.02569366    0.15036240   -0.08677555   -0.03622180
ROSA    0.26729192   -0.27098719   -0.08039243   -0.09556262   -0.06915962    0.02461554    0.00303247    0.10555859
ROTH    0.09858306    0.00926623   -0.06540394   -0.06510722    0.01665902    0.01044045    0.02315496   -0.00255747
SALU   -0.27535351   -0.23139460   -0.19921512   -0.12643868    0.03892852   -0.01267230    0.08990772    0.07395619
SAMO   -0.06910814   -0.06896318   -0.03862722    0.05801289    0.07448126    0.04640078   -0.00264214   -0.11813302
SANT   -0.39312202    0.27316179   -0.32986954    0.04233652   -0.03737799   -0.05206072    0.08922957   -0.01441253
SAVO   -0.01781989    0.15182202   -0.01288419   -0.01700254   -0.02322262   -0.01660316    0.01313869    0.00181588
SCH2    0.11182586   -0.16616477    0.01642388    0.03635262    0.00524736    0.00742593   -0.01249857    0.00915364
SCOR    0.03640133   -0.00674618    0.01850692    0.02719050    0.01249420    0.01086947    0.02285786   -0.00622193
SCRZ    0.27888727   -0.39720555    0.10039375    0.21392324   -0.00905366    0.07531271   -0.17769773    0.06387270
SCTB    0.02904792    0.03344976   -0.01326593   -0.01193679   -0.01083124   -0.00284293    0.00453864   -0.00476083
SCUB   -0.09069464   -0.27718149   -0.00000192   -0.12115870   -0.00531156    0.00045580    0.00641496   -0.02429137
SELE   -0.38271685    0.54122889   -0.21788813   -0.29983884    0.15871781    0.00629205   -0.03722476    0.04719775
SEY1    0.14090923    0.16451909   -0.06037817   -0.16894435    0.05191755   -0.15479797    0.04961714    0.02398715
SEYG    0.24696522   -0.19478909    0.05308730   -0.20295870    0.08842521   -0.11712792   -0.13846727    0.00565064
SFER    0.06188301    0.02736690   -0.06462925   -0.02927553    0.04419938   -0.02020805   -0.00587777    0.01927824
SHAO    0.17098609    0.13869411   -0.03208302   -0.02792388   -0.04632910   -0.03857235   -0.01030005   -0.00771359
SIMO    0.12800293   -0.05065805   -0.00838818    0.00706741    0.04688802    0.03439008    0.03065427   -0.18268268
SIO3   -0.04043323   -0.07883643    0.16729241    0.21065630   -0.06665335   -0.15011290    0.00076646    0.01466892
SMST    0.42807183   -0.08253944    0.02826132   -0.16573673   -0.04100086   -0.00391706    0.06135590   -0.03191003
SOFI   -0.19372488   -0.10506723   -0.00815581   -0.03404455    0.00991311    0.05033126   -0.02819056    0.03150265
SOL1    0.00893538    0.07737724   -0.01457180    0.01557763   -0.02833428   -0.06992668    0.02741543   -0.03857203
SOLA   -0.43151609    0.24955258    0.05775919   -0.20216332    0.09707866    0.00620012    0.05875079    0.14709727
SPT0   -0.18092039   -0.04358472    0.01293782   -0.00273550   -0.05886910    0.05360872    0.00018345   -0.04597044
SSIA    0.15804152   -0.31878592   -0.01099984    0.06460083    0.04465639   -0.05842629   -0.04639762    0.00048208
STHL    0.41420047    0.21101694    0.00784527    0.07121810    0.03331325   -0.01522422   -0.00501963    0.03394200
STJO   -0.10414043   -0.03816202    0.00587121   -0.01558390   -0.00838640    0.00231903   -0.01129122    0.00610291
STK2    0.13187551    0.19787226   -0.04863609   -0.10332275    0.01363271   -0.02367392    0.00883676    0.06194766
STR1    0.06510304    0.13984506   -0.02241581   -0.01909613   -0.01542783   -0.01797605   -0.01194378    0.00678267
STR2   -0.14603713    0.02243441   -0.00407539    0.03838553    0.00873063   -0.01897442   -0.02263375   -0.00458817
SUNM   -0.15992133   -0.10393418   -0.10610674   -0.10464114   -0.06912273    0.02183931   -0.10685676   -0.08531474
SUTH   -0.06072826   -0.07687811    0.01648234   -0.03566249   -0.00965664    0.00120342    0.00229427    0.01450729
SUTM    0.00068240   -0.11496596    0.02558034    0.00506791   -0.00142038    0.00106174    0.00257912   -0.01231543
SUTV    0.06755967   -0.03224179    0.01341551    0.01416407   -0.00029374    0.00574696    0.00354011   -0.01540726
SUWN    0.20096428    0.15111418   -0.03119912   -0.05081365    0.03503653    0.01309140    0.00257974   -0.00145232
SVTL   -0.09425239   -0.19768948   -0.09185892    0.05792469   -0.01745249   -0.02141686    0.02998596   -0.01686985
SYDN    0.01320262    0.22414385   -0.00897807   -0.01018084   -0.00714859   -0.01241709   -0.01140238   -0.01563582
SYOG   -0.01490527   -0.03391690    0.03383347   -0.02010635   -0.02181935    0.03413613    0.01590591   -0.00778252
TABL    0.02340960   -0.00622212   -0.00266738   -0.02360923   -0.01539700    0.02046522   -0.01329363    0.00073043
TABV    0.05229790   -0.02309088   -0.00836100    0.00183898    0.03123759   -0.00024876    0.03086639   -0.00854137
TAH1   -0.13010234    0.06040018   -0.09095707   -0.15042292    0.03778582    0.00311677   -0.03165641   -0.02378098
TASH   -0.37876623    0.37950402    0.18060265   -0.00522121   -0.09718487    0.07182927   -0.00840177   -0.03232933
TCMS    0.39108598    0.36187581    0.04150333   -0.30942603   -0.19266407   -0.39085629   -0.15513970    0.08676578
TEHN    0.06945627    0.02753406   -0.04721130    0.35868429    0.06799753    0.09248112   -0.08188544   -0.09523975
THTG    0.25653864    0.06721067   -0.09536559   -0.13857053   -0.11697527   -0.01123321   -0.09786017   -0.05750654
THTI    0.03028681    0.27541599    0.08942227    0.08030340    0.01892178    0.05671701   -0.06618096    0.02500984
THU1    0.06999207   -0.06350668    0.00643570    0.00537813   -0.00598943   -0.05721205   -0.03188009   -0.02567592
THU2   -0.02944612    0.03685699   -0.00801422    0.03511539    0.04427793    0.02210749   -0.00745003   -0.01926779
THU3   -0.06530533   -0.03945567   -0.01724512   -0.04387257   -0.01417778   -0.04512647   -0.02313627   -0.00294829
TID1   -0.13850713   -0.08603561    0.00068135    0.00984557   -0.00380920    0.01716839    0.01267311    0.01503483
TIDB    0.08052722    0.11010959   -0.00246223   -0.00906469    0.00492390   -0.01116304    0.01069978    0.01784172
TITZ    0.10595249   -0.02680123   -0.03984345   -0.07306031    0.01359813   -0.05336256   -0.01479668    0.00058644
TIXG    0.00084147    0.01750480   -0.02312676    0.01620998   -0.02684412   -0.01342260   -0.00486014    0.01998519
TIXI    0.04051173   -0.02935342   -0.02809408   -0.00459375   -0.01140852    0.03163427   -0.00708655   -0.00468441
TIXJ   -0.00129284    0.07364435    0.04011567    0.01654126    0.03558086    0.03950462    0.02767386    0.05593780
TLSE   -0.17720168   -0.05336311    0.09233099    0.03942840   -0.06326620   -0.04062393    0.02073026    0.03240955
TN22   -0.20780732    0.04658832    0.00263426   -0.00227717   -0.06091956   -0.02225271    0.01380349    0.06540524
TNML   -0.22451504    0.45063347    0.14123984    0.26040030   -0.13660855    0.33191727    0.07949282    0.14852416
TONG    0.06736321   -0.09658931    0.08004256   -0.00897542    0.10232225   -0.12719591   -0.05394093    0.10848321
TOUL   -0.02804081    0.11360815    0.14337174    0.02210056   -0.02525422   -0.04416919    0.04094155    0.08163895
TOW2    0.07426497   -0.06071323   -0.03848358    0.18581061    0.07254044    0.00105174    0.05681357   -0.02159920
TRAB   -0.42238735   -0.54476779   -0.37811041   -0.38772601   -0.02418770    0.19010412    0.00340123   -0.07240316
TRO1   -0.11615510    0.21892276   -0.00832905   -0.01830246   -0.03769137   -0.04163446    0.01939407   -0.00708063
TROM   -0.20495581    0.01924297    0.00310352    0.01358486    0.02589007    0.02574402    0.01158695   -0.03396591
TSEA    0.25810549   -0.00700240   -0.02164825   -0.04969015    0.03810466   -0.00324938    0.05669031    0.03221838
TSKB    0.38161278    0.09902650    0.01358752   -0.11732901   -0.04813919    0.04784749    0.01690946    0.00731000
TUVA    0.36403292   -0.10838745    0.00477646   -0.04245957   -0.00474752   -0.05058267    0.04982990    0.04086665
TWTF    0.35755949    0.14586518   -0.23207727    0.10382545    0.09048781    0.19909058   -0.03300879   -0.09949342
TXES   -0.14023443   -0.15824151   -0.04872485    0.09134720    0.05326726   -0.06153058   -0.05898677    0.02227398
UFPR    0.18829450    0.02492065    0.03451767   -0.00749254    0.00307613    0.03043772   -0.05472262   -0.03547312
ULAB    0.05321872   -0.01010020   -0.06011587    0.03843951    0.02655403    0.03435044   -0.00296391   -0.00505949
UNB3   -0.21227747   -0.06612421   -0.04614501    0.02128845    0.00546768    0.02448116    0.01353592   -0.00802330
UNBJ    0.11932128   -0.09657022    0.02574490    0.04596237   -0.01535508    0.00111982   -0.01572649    0.00965902
UNBN   -0.21965696   -0.10326946   -0.03494988   -0.02057390   -0.05928288    0.03428717    0.04389143    0.00057634
UNSA   -1.48629242   -0.09407957   -0.22859470   -0.32897728    0.16696027    0.17065409   -0.00669520    0.04683216
UNTR    0.13563261   -0.11410951    0.12150246    0.04546359    0.04313908    0.01390125    0.02658677    0.01418940
URUM    0.13258574   -0.03518046    0.06422440   -0.28604596   -0.01945513   -0.07225461    0.03072846    0.03169850
URUS    0.24005458    0.21750377   -0.03819410    0.12969727   -0.16466113   -0.05069660   -0.01180911   -0.04770182
USN3    0.06909371   -0.00488178   -0.01147722    0.03737538    0.06849401    0.01937411    0.03421529   -0.04234115
USNA    0.01812127    0.03586860    0.03096158    0.00506997   -0.02354185   -0.04531919    0.03707515   -0.05093913
USNO    0.02857279   -0.04078955    0.03142641   -0.01432534   -0.03230954   -0.07075879    0.00263351   -0.05185732
USUD    0.43531334    0.12300788   -0.09356266   -0.07371718   -0.05208993    0.03497548   -0.00960177    0.03498148
VACO   -0.22712587    0.08672981    0.04512967   -0.02496491    0.01657973   -0.01996580   -0.01827584   -0.00318146
VALD   -0.06226302    0.08838742    0.06361691    0.06914473   -0.01273733    0.00203941    0.00231137    0.01807796
VENE    0.08530940    0.29727806    0.22321440   -0.02234752    0.06816676   -0.04859987   -0.04933232   -0.02771299
VESL   -0.16800870    0.03502225   -0.03520029   -0.01328328    0.01726571    0.02315095   -0.02670565   -0.01491295
VIL0   -0.05955579   -0.11082265   -0.06239031   -0.02879218   -0.00473330    0.00615120   -0.00443350   -0.00124485
VILL   -0.02605797    0.04147744   -0.07253298    0.03683668    0.03994696    0.00737268    0.03501672    0.00341417
VIS0   -0.07355436    0.09300890    0.05164320   -0.00798783    0.01745151   -0.04319814    0.03128145    0.01759670
VNDP    0.16735988   -0.22300311   -0.19050497    0.08337128    0.02514523   -0.02043664   -0.04422104   -0.01506061
VOIM    0.25083736   -0.11013601    0.24090073    0.08498409   -0.05891356    0.00811171   -0.05142155   -0.06386586
VTSP   -0.03124721    0.00406129   -0.01222799   -0.10367567    0.03639878   -0.00256820   -0.02977924   -0.03490999
WARK    0.07093574   -0.04075450   -0.01211942    0.02667759   -0.00214013    0.00256692   -0.00742902    0.00312629
WDC1    0.04719878    0.09049971    0.00425283    0.04307473    0.02193170   -0.00305716    0.01659181    0.03621356
WDC3    0.13732596   -0.05955335    0.09039505    0.09041198    0.03998442   -0.06588379   -0.05551204   -0.03252599
WEL1   -0.00974376    0.09242108    0.00430579   -0.07006551   -0.01923111    0.02854128   -0.00538923    0.01782444
WES2    0.11966625    0.09978700   -0.12329806   -0.04339092    0.01613016   -0.06711423   -0.00730636    0.05153238
WGTN   -0.01500521    0.05612370   -0.02749459   -0.04519522    0.00024937   -0.00508111    0.00838541   -0.00295191
WHIT   -0.01203124   -0.02513993   -0.01871021   -0.02479494    0.01173067   -0.03184604    0.01859842    0.00592815
WILL   -0.02455167   -0.04621880   -0.03737701    0.04466820    0.00113369   -0.00637831    0.01309965    0.00372614
WIND    0.03664127    0.15038081    0.02852826    0.09960018   -0.04736256   -0.00347439    0.04079584   -0.03629117
WROC   -0.11705165   -0.13293665   -0.03295323    0.00697446    0.01885147    0.05388730   -0.00961677   -0.03487060
WSRT    0.05116795    0.06096716   -0.00768936    0.02566735    0.00690301   -0.01297942    0.01075047   -0.00043844
WTZA   -0.03365698   -0.13275541   -0.01719252   -0.06161649   -0.03158357   -0.00920765    0.00138923   -0.00663824
WTZL    0.18326107    0.18237112   -0.02803147    0.00993127    0.01464841   -0.00949886   -0.01341437    0.01168348
WTZR    0.13794854   -0.06299197    0.03980911    0.03980205    0.00632257    0.01989472   -0.01373382   -0.01170727
WTZZ   -0.17440275   -0.01152467   -0.01443857    0.05680016    0.01499684   -0.00469884    0.01792288   -0.00935352
WUHN    0.10747656    0.07352765   -0.09978407   -0.05652231    0.03552504   -0.03392556    0.00034069   -0.01061888
XIAN   -0.41703803   -0.36966931   -0.08996023   -0.09574179   -0.09604439   -0.03459425    0.00259906    0.11499237
XMIS   -0.35207609   -0.17378050    0.07055308   -0.06582489    0.01462033   -0.01182514    0.00545187   -0.01160538
YAKT   -0.24663264    0.28621162    0.05417614    0.07453421   -0.12210242    0.00296252   -0.10070352   -0.02563973
YAKZ   -0.09467304    0.03533448   -0.16807090    0.19770740   -0.00991981    0.08094674    0.04512582   -0.00323025
YAR1    0.08877820    0.04740739    0.12425428    0.14111421    0.02836325    0.00697849    0.01056997    0.02059424
YAR2   -0.02789587    0.03314060   -0.10607870    0.00478016   -0.01964491    0.02362730    0.02557521    0.02032464
YAR3    0.04140473    0.02638606    0.10206130    0.03546549   -0.01775025   -0.02981688    0.00090780    0.04523644
YARR    0.01221280   -0.07215882   -0.10378595    0.07335693   -0.02266392   -0.03312296    0.03170611   -0.02306084
YCBA    0.09639472    0.31160529   -0.03224768    0.39562142    0.12699149    0.05220202   -0.03005821    0.01774806
YEBE   -0.08418624    0.11286161    0.02646781   -0.00734594    0.00573546   -0.02800974   -0.02869927   -0.01281943
YELL   -0.10648935    0.03311121   -0.02519209    0.07226982    0.05776879   -0.01611909    0.00957708    0.04009232
YIBL    0.93871061    0.32018024    0.31034562    0.09747707    0.00087173   -0.03478714   -0.01376363   -0.09079025
YKRO   -0.52114915   -0.35492867    0.15270635    0.09054569    0.06250989    0.35798273    0.13211312    0.05435395
YSSK    0.04953383   -0.06735448   -0.02382488   -0.00336465   -0.04256152    0.04191479   -0.00505958   -0.00806938
ZAMB   -0.19558737    0.03180165   -0.00529013    0.00947542    0.02630951    0.03387905   -0.03181473   -0.01437820
ZECK    0.16239165    0.19260050   -0.03436451    0.06035631   -0.00287341    0.00115802   -0.00472477    0.02882426
ZIM2    0.05134416   -0.04221970   -0.01784161   -0.07418920    0.01370021   -0.03311271   -0.02157388   -0.02310101
ZIM3   -0.03953138   -0.02930372   -0.04197245    0.04971814    0.01711635    0.05412627    0.02056399   -0.07753260
ZIMJ   -0.01718492   -0.10064144    0.03284239    0.06845285    0.00619631    0.03667127    0.02872558   -0.00637673
ZIMM    0.05508779   -0.04816749   -0.07171458    0.05673187   -0.01168702    0.03787091    0.01570154   -0.00270762
ZWE2    0.01729287   -0.13812285    0.00366118   -0.00523463    0.03064221    0.00346562   -0.01102953   -0.01644021
ZWEN   -0.19686794    0.42038935    0.01223308   -0.09369357   -0.01858609    0.08024293    0.06831605    0.01031881
