name Jan Feb Mar Apr May Jun Jul Aug Sep Oct Nov Dec
ABMF    1.11401736    0.86624960    0.90717974    0.87704458    0.92560896    0.89258465    1.12690020    0.99802088    1.09214619    1.01032576    1.31122501    1.17744114
ABPO    1.67649295    1.64537287    1.71427297    1.25455535    0.97091719    0.51384927    0.46273735    0.49214014    0.44890145    0.88730998    1.22444454    1.71240498
ADE1    0.56074453    0.65768532    0.53122592    0.45064349    0.38471332    0.34741188    0.31206797    0.31626315    0.29472268    0.32927024    0.45045982    0.55381467
ADIS    0.49413615    0.57615725    0.70407689    0.93858207    1.05329526    0.67787770    0.53895190    0.55542974    0.70330092    0.58030341    0.68530370    0.60260598
AIRA    0.21975128    0.32950931    0.42646389    0.68604402    0.87072231    1.05187831    1.21813959    1.37260049    1.37307016    0.90834369    0.51046901    0.33068428
ALBH    0.26720644    0.20526423    0.25127070    0.26720644    0.39091476    0.47256214    0.71502733    0.88323664    0.63509783    0.45157121    0.31797793    0.26603075
ALGO    0.08854508    0.09804643    0.12915330    0.21972720    0.45355096    0.82016306    0.76409973    0.79190881    0.58563132    0.29903112    0.16503625    0.10817618
ALIC    1.03580630    0.87704866    0.76895644    0.40985944    0.26710943    0.21957744    0.19130662    0.17881702    0.28354840    0.47230257    0.79218814    1.06812725
ALRT    0.01550845    0.01958954    0.01548348    0.01954064    0.04090621    0.10772751    0.15101444    0.09770817    0.05500066    0.02927592    0.01958954    0.01961057
AMC2    0.07072073    0.07066107    0.11763516    0.17691866    0.41138405    0.82218240    1.23209391    0.96215812    0.49102480    0.23518149    0.08831310    0.07867374
ANKR    0.12960996    0.12860708    0.17748640    0.25075715    0.41163556    0.49030200    0.68142672    0.66232228    0.41179532    0.33362184    0.20603348    0.12954155
ANTC    1.23151202    1.29959680    1.00125638    0.68620970    0.53437683    0.40725279    0.46782749    0.39096674    0.49041357    0.56345088    0.76671036    0.93939890
AOML    0.90202169    0.90050156    0.89998001    1.18088490    2.00076888    1.24562768    2.14567302    2.56462231    2.12753333    2.33390970    1.74562917    1.39974726
AREG    0.77314311    0.74213875    0.87422375    1.05611359    0.51456981    0.40890243    0.35137848    0.38303720    0.58370249    0.66905839    0.79539862    1.35673383
AREQ    1.30679805    1.09295468    1.13332810    1.40726179    0.91232937    0.54162342    0.53898970    0.51590703    0.76889675    0.96842466    1.12767915    1.64902031
AREV    1.16820158    1.03553765    0.63698590    1.44178183    0.88803226    0.75943785    0.46536787    0.51385494    0.98223765    0.86400434    1.33989253    1.62632853
ARTU    0.06262811    0.05503987    0.07882770    0.19055825    0.33525955    0.41154628    0.56384820    0.45287366    0.31735252    0.15219194    0.10735703    0.07870605
ASC1    0.67051109    1.04883829    1.31581619    1.15002639    1.43211057    0.81295447    0.99710866    0.76346856    0.67734004    0.55851775    0.66967237    0.47932225
ASCG    0.40073830    0.60751516    0.64719234    0.97877729    0.62332090    0.64733280    0.53748403    0.51461927    0.46984354    0.46327231    0.46295637    0.46284773
ASPA    1.41440039    1.40422386    1.33317104    1.68725609    1.72833801    1.71641990    1.59668782    1.44249802    1.45240590    1.45304181    1.72911863    1.45263805
AUCK    0.54178128    0.61302723    0.56515003    0.53902591    0.41038528    0.31636919    0.31794686    0.25120446    0.31788819    0.33586426    0.43051493    0.53914286
AZGB    0.14047058    0.16243881    0.18867694    0.15010939    0.23064825    0.52958791    1.09563870    1.36547012    1.07739850    0.38327918    0.17455863    0.16224579
BADG    0.03493878    0.04093741    0.07872907    0.21868140    0.38884053    0.66161065    0.76734975    0.58310273    0.42842403    0.15305576    0.07931247    0.05509487
BAKE    0.01980024    0.01962512    0.01965190    0.04103877    0.08766728    0.19009320    0.21999537    0.23251375    0.13982673    0.08839494    0.03498902    0.02445882
BAKO    1.41470963    1.44266555    1.37852039    1.85399535    2.21185069    1.97158205    2.07406907    1.71578123    2.48270411    2.19624556    1.68743209    1.64690229
BAN2    0.70707898    0.98527077    0.96033743    1.87543205    1.96797979    1.39974726    0.92991293    1.06489491    1.02591620    1.54324559    1.87027729    1.08329584
BARH    0.11867168    0.12963857    0.14038985    0.26687411    0.37288586    0.58833822    0.87606480    0.66194440    0.63679579    0.37284507    0.23423343    0.16577305
BDOS    1.25507513    1.39833382    1.00507355    1.08615644    1.70726654    1.28915347    1.47694129    1.58655652    1.07265634    1.54697787    1.05672102    1.55168204
BHR1    0.65345682    0.73601689    1.11838414    0.70655084    0.51135901    0.78806405    1.47366582    1.48743063    1.55332775    1.39644242    1.03077515    1.28271072
BILI    0.02908549    0.03349711    0.03994101    0.06881428    0.12850737    0.36205613    0.41689910    0.32206858    0.13593717    0.04657940    0.05463238    0.02869305
BISK    0.11296123    0.13443320    0.12755889    0.18311928    0.25375462    0.46881257    0.56241297    0.55586419    0.34228623    0.25771338    0.14512301    0.12305535
BJCO    1.87543207    2.27744848    1.68568135    2.38900433    1.97977390    1.96413800    1.22370397    1.51519415    0.97804199    1.67526999    1.37810277    1.18764490
BJFS    0.07036155    0.09797499    0.20494358    0.42970028    0.79628786    1.34162978    1.88385601    1.72666249    0.99641968    0.47452011    0.19087036    0.06272045
BJNM    0.07195946    0.10544684    0.18816529    0.42446313    0.60175958    1.04263704    2.05810196    1.89588894    0.72405344    0.46362196    0.14563510    0.05701723
BNDY    1.66517458    1.70277877    1.36108083    1.18650065    0.88036637    0.82165953    0.63578655    0.61103646    0.63013949    0.94003557    1.08689669    1.76403618
BOAV    0.64949269    1.05377228    0.99336742    1.38215956    1.15910723    1.04326121    1.04347755    0.82984536    1.11923921    1.05626985    1.22103048    0.64784552
BOGO    0.10750243    0.07782975    0.11811651    0.14049448    0.23178059    0.40982777    0.42487295    0.36629575    0.28186695    0.24629123    0.12696454    0.10748873
BOGT    0.63219641    0.88164988    0.81872525    0.58804328    0.47131643    0.47114580    0.37281191    0.49614395    0.51539639    0.56132829    0.53713132    0.71398784
BOR1    0.12917077    0.11808113    0.11820036    0.17884957    0.29915311    0.47484779    0.58891067    0.58891617    0.39061839    0.26603977    0.20531877    0.14068096
BRAZ    0.97242716    1.06671758    1.06698433    0.93669071    0.79673232    0.43243861    0.39233744    0.33389840    0.51887733    0.90649924    1.09956210    1.06023459
BREW    0.15116706    0.15256335    0.21709334    0.29587105    0.45176079    0.63513657    0.78472251    0.73069391    0.53979803    0.36829946    0.23490616    0.14076320
BRFT    1.60265820    1.78252847    1.76275589    2.02071205    1.79019164    1.89199757    1.43588251    0.90115017    0.90073447    0.95909467    1.14815620    1.19701937
BRMU    0.60833224    0.49251488    0.51843184    0.56107785    0.68875232    0.94245477    1.00432923    1.37122333    1.40751425    1.06771197    0.71025328    0.73673103
BRST    0.23146425    0.21622946    0.20224580    0.21636778    0.24955574    0.44471926    0.56184969    0.43021583    0.47213725    0.38547314    0.31598407    0.26262176
BRUS    0.15157011    0.17823083    0.16534621    0.19010541    0.36927021    0.53603330    0.49146862    0.56378091    0.44854332    0.40820222    0.26635657    0.19008088
BRUX    0.17795823    0.16499682    0.16516510    0.20544761    0.33447117    0.48894225    0.63490762    0.65231955    0.61013609    0.36701239    0.23230965    0.23245457
BSHM    0.34995771    0.29664765    0.33151890    0.38736922    0.39112862    0.58706736    0.71294568    0.70592536    0.65475459    0.71261374    0.51721628    0.47354897
BUE2    1.04686290    1.38385938    1.38985203    0.65224085    0.58637624    0.42432071    0.57648815    0.31787744    0.40393821    0.70014143    1.21036100    1.20987403
CAGL    0.26352699    0.21992679    0.35012062    0.44817156    0.49523485    0.76017318    0.94022319    1.03320760    0.87247083    0.79466705    0.46849239    0.35292254
CAGS    0.06921545    0.07893955    0.11808010    0.20242316    0.34775220    0.55267802    0.76317055    0.76354732    0.56110343    0.27786882    0.10732085    0.12864245
CAGZ    0.26508365    0.21550449    0.29848037    0.45026099    0.53027275    0.81899533    0.92338740    0.99788176    0.80648879    0.79016917    0.46413861    0.36524416
CALL    2.75272790    2.21598836    1.70906615    2.27786066    1.70427044    2.53850723    1.96518002    2.67379792    3.35403125    2.81950293    2.75836871    3.48877759
CARR    0.44040193    0.36039497    0.44916848    0.51317520    0.59236521    1.22460626    1.70910356    1.54764260    0.97129546    0.58229377    0.59527920    0.31452336
CAS1    0.07904238    0.07943226    0.05492409    0.07084302    0.06277331    0.06243362    0.05517363    0.05517989    0.05518263    0.05518154    0.06245757    0.07050712
CCJ2    0.43040326    0.37052495    0.50812407    0.71117315    1.05073179    1.06212155    1.15901395    0.93642205    1.11248794    1.16114381    0.80834937    0.65915320
CCJM    0.38434440    0.47084258    0.73674710    0.89291177    1.14268083    1.38527383    1.31405123    1.22801860    1.22687196    1.53373852    1.17583104    0.83632745
CEDU    0.73720622    0.74114193    0.68864161    0.49353000    0.39004751    0.37056437    0.26538656    0.23554434    0.33561382    0.41225508    0.56484487    0.53834329
CFAG    2.30462892    2.83828163    2.10600686    0.96733584    0.63232408    0.40749755    0.40050618    0.50588109    0.64850764    1.39004842    1.71981981    2.58394709
CGGN    0.52680991    0.43628806    0.61372916    2.49544043    3.88823094    1.23505927    1.54805539    1.48893745    3.55488442    2.51283559    0.59666332            NA
CHAN    0.01891921    0.03396746    0.09699447    0.20037221    0.38849688    0.57221683    0.82725964    0.84358037    0.42098760    0.32645184    0.08492823    0.02834318
CHAT    0.51744451    0.58658488    0.46889454    0.39098094    0.36854213    0.27989588    0.35306085    0.26384885    0.33154382    0.37198709    0.36835508    0.45199801
CHPG    1.55436021    1.75364687    1.84045295    1.49170652    0.86237814    0.88779789    0.74900414    0.76076151    0.88167638    1.13530840    1.59163146    1.63342820
CHPI    1.72694436    1.48768630    1.72531167    1.37439119    0.93943206    0.87352087    0.82356524    0.73545087    1.02575058    1.40317492    1.60483203    1.52750919
CHTI    0.39131911    0.46889454    0.42781827    0.31703812    0.29743892    0.24845353    0.23520850    0.22027355    0.21847929    0.29980301    0.26422454    0.35059497
CHUM    0.25004992    0.37077370    0.53886544    1.04584478    1.52209599    1.76379642    1.99019589    2.43588591    1.31708091    0.73771448    0.38477206    0.28246312
CHUR    0.03511537    0.02946731    0.04144949    0.08855553    0.16582988    0.29877685    0.37051850    0.33378798    0.21951493    0.12914306    0.06247836    0.04124011
CIC1    0.34423921    0.42831777    0.40784932    0.38735011    0.60630338    0.60638970    1.51219281    1.81751109    1.55460326    0.73283722    0.39632195    0.42109850
CICE    0.30219089    0.35318147    0.43819123    0.36327854    0.64666042    0.66675869    2.48995339    2.20529393    1.46910280    0.57961484    0.50133717    0.34179819
CKIS    1.79485725    1.55168209    1.91894327    2.04755026    2.00126461    1.02337904    0.94189100    0.73307404    1.03448133    1.05992615    1.50811653    1.43457813
CNMR    1.98052693    1.44632552    1.84888279    1.68410775    1.72649442    1.64513566    1.48811587    1.48858683    1.67118155    2.09923571    1.80861039    1.98052693
COCO    1.29899516    1.34189108    1.48339362    1.41556507    1.19442217    1.33366580    1.16037699    0.90736774    0.76443022    0.66303591    0.76882576    0.97298692
CONZ    1.01840410    0.90639319    0.58485621    0.62490310    0.57739857    0.43024025    0.35225065    0.38598791    0.39030545    0.40566483    0.57888390    0.57966775
CORD    2.02334829    1.60147333    1.28879829    1.00080108    0.66089703    0.48845999    0.41023524    0.34937548    0.51233537    0.79402046    1.15248498    1.70816506
COYQ    0.48301552    0.38036893    0.47056006    0.26489874    0.32936765    0.21940646    0.24639986    0.21653097    0.20211986    0.23390659    0.27443316    0.38010868
CPVG    0.27499764    0.40614569    0.46054967    0.29740629    0.46215799    0.36940342    0.68229814    0.87390087    0.84960744    0.76230884    0.53674174    0.40844855
CPXF    0.21746082    0.12909842    0.13954646    0.15280420    0.24837878    0.31683469    0.42683492    0.51681354    0.37167621    0.29623542    0.21986927    0.16357166
CRAO    0.31580167    0.23064825    0.24989939    0.38615996    0.70484100    1.21400190    1.28403139    1.30081622    0.87872336    0.70305100    0.45104672    0.39038848
CRAR    0.09709655    0.05502290    0.02934581    0.02925820    0.02443453    0.02417374    0.01961801    0.01982325    0.02445744    0.02445814    0.04133190    0.08829137
CRO1    1.40945342    1.45364567    1.37946941    1.84621030    1.63985816    1.56921233    1.56986132    1.68123015    1.94203534    1.94214533    2.03052570    1.89986212
CTWN    0.63204672    0.77686348    0.69460789    0.74795290    0.46569438    0.38512613    0.34888422    0.29538684    0.29541717    0.42337191    0.41137584    0.75508652
DAEJ    0.07941761    0.11780811    0.20499044    0.41201333    0.76871331    1.06099564    1.41494927    1.49027593    1.06034938    0.40991268    0.24960294    0.10752692
DAKA    0.66511924    0.58085104    0.46003080    0.52341280    0.89191539    1.09735687    1.23942932    2.08942048    1.91057172    1.63903141    0.68919615    0.52999294
DARW    2.15368003    1.77002620    1.68831262    1.64756786    1.09373100    0.71058033    0.71108629    0.66305729    1.03619680    1.60049502    1.81290169    2.10704426
DAV1    0.04780780    0.05483510    0.04122889    0.04120754    0.03531959    0.03531224    0.03514027    0.02950666    0.02437863    0.02952564    0.04121178    0.05516638
DAVR    0.06704102    0.05920490    0.05203556    0.04093516    0.03412023    0.02922135    0.02921441    0.02841616    0.01949701    0.03373072    0.03941185    0.04707861
DGAR    1.72856780    1.33002840    1.59709637    1.81194769    2.24445963    1.63766620    1.52973006    1.33404723    1.68802262    2.10664617    1.97286220    2.02869911
DGAV    1.47235999    0.99339741    1.43512526    1.79271680    1.83635547    1.25944179    1.36127957    1.16149761    1.62999017    1.48822932    1.93042738    1.63285556
DRAG    0.47196762    0.45032905    0.58468178    0.51571749    0.75581518    0.75481459    1.08092060    1.52034598    1.09346924    0.79093390    0.62458918    0.49372505
DRAO    0.14071285    0.11812567    0.17884210    0.25003943    0.33590447    0.47483876    0.71143090    0.61024262    0.47272181    0.33439120    0.21980211    0.14071285
DUBO    0.07047460    0.04775042    0.09753517    0.16576255    0.33578768    0.63387545    0.66245349    0.70992092    0.45046192    0.21949870    0.12900676    0.07087550
DUM1    0.12915340    0.11813383    0.08742025    0.07917364    0.06202065    0.06183101    0.07830834    0.05440575    0.06255467    0.04789689    0.05499701    0.10675191
EIL1    0.05467637    0.05335486    0.04692206    0.10552845    0.26522898    0.49239226    0.56097354    0.32759287    0.21884103    0.13783308    0.06224811    0.07030557
EISL    1.39352060    1.76921671    1.34498525    1.41055267    0.96468145    0.78760232    0.76043664    0.88367884    0.78179177    1.39702288    1.57382185    1.38737784
EPRT    0.09648593    0.12895417    0.15246306    0.27782470    0.37021008    0.76317055    0.92275619    0.75368362    0.71104930    0.42592300    0.23203630    0.16348800
ETAD    0.52045427    0.29647526    0.45101521    1.40800048    0.88912859    0.60577573    0.43199565    0.68908559    0.68486256    0.84945215    0.57679378    0.52696712
FAA1    1.39840285    1.56409082    1.47330957    1.54898700    1.80887252    1.70968671    1.43577460    1.44734458    1.35788633    1.48654141    1.47226640    1.52584172
FAIR    0.06277796    0.06241926    0.05519044    0.08856015    0.17806202    0.33576540    0.35419346    0.26713846    0.16506194    0.09814365    0.07088446    0.07087263
FAIV    0.06087926    0.05433723    0.02922135    0.06980935    0.12781147    0.23172797    0.26359245    0.17654829    0.16368440    0.06975957    0.05414071    0.06992631
FALE    2.00548890    1.50658997    1.60332381    1.93455147    3.06693757    2.39399857    2.18662594    2.29985246    2.32077233    2.49490376    2.69688080    2.77720997
FLIN    0.05512964    0.04802901    0.07087263    0.12902914    0.24990808    0.51882661    0.58844611    0.47191865    0.35404556    0.15328656    0.08801393    0.07080217
FLRS    0.62936377    0.55675335    0.53546637    0.54026492    0.58733658    0.82215397    0.87241074    1.02387094    0.93977726    0.73973046    0.58212271    0.60635615
FORT    3.09238017    3.02034609    2.49724887    2.63012550    3.19207509    3.25761432    2.15024885    1.84814522    1.71642822    2.08322473    2.32411029    2.30444703
FRDN    0.10752234    0.10748873    0.11670695    0.16489501    0.33393682    0.48712306    0.65875783    0.58485621    0.50846235    0.28196463    0.20264033    0.11649562
FTNA    2.59895317    1.42791031    1.87684988    1.99848851    2.66760396    3.02049353    2.36228060    1.82848476    2.73031184    1.32618143    2.97257068    2.75206444
FUNC    0.56006364    0.40901342    0.47148275    0.56118711    0.50985373    0.55431922    0.65119244    0.79234188    0.60961012    0.76508096    0.63412376    0.75318885
GALA    0.69373783    1.18708382    2.68515284    1.56203749    1.63838487    1.27351188    1.25905070    1.09134551    0.94488515    1.88163917    0.95207916    0.99041478
GANP    0.08781922    0.07024083    0.09800526    0.15309377    0.28319507    0.37249021    0.47062602    0.44957586    0.29789133    0.17735536    0.14108882    0.11858453
GLPS    0.70866190    1.06589841    1.29320354    1.26776464    0.97127083    0.76123691    0.73535320    0.82351369    0.79426131    0.91040306    0.97183572    0.74054147
GLSV    0.09738284    0.11859879    0.12898355    0.19219495    0.31777608    0.58475742    0.68401140    0.56141293    0.35394760    0.26700831    0.19097792    0.15319161
GMAS    0.65031821    0.62399825    0.89256457    0.34650140    0.72368496    0.89496171    1.01076652    0.86480144    1.20831644    0.89231111    0.67331103    0.48581176
GMSD    0.46925911    0.56309235    0.68698993    0.96189901    1.33905568    1.79219509    1.56466554    1.76577362    1.83020918    1.43577467    0.90121729    0.66131037
GODE    0.15294275    0.20387376    0.26428590    0.31675046    0.58219785    0.84339550    0.99166514    0.75900363    0.51707229    0.28271999    0.24833246    0.22020517
GODZ    0.16559179    0.20598524    0.25082028    0.35070539    0.60844627    0.96390446    1.16552654    0.88164988    0.68302477    0.43215583    0.25079841    0.25086597
GOL2    0.16149668    0.20054491    0.26053237    0.17477122    0.29811349    0.42040418    0.56517057    0.59057015    0.58298813    0.21550449    0.14009865    0.11769933
GOLD    0.19226543    0.21929542    0.25111445    0.26707069    0.33412702    0.49654133    0.82448394    0.87674215    0.66285211    0.31788230    0.21963632    0.16582108
GOPE    0.10817811    0.08850938    0.09759221    0.14052954    0.25121724    0.37099823    0.39030515    0.39037775    0.25115915    0.20630250    0.14059699    0.09812843
GOUG    0.98712336    0.78386635    0.75697575    0.58154701    0.47766747    0.55586419    0.48925936    0.44720855    0.54040432    0.58126724    0.65331229    0.84004291
GRAS    0.17793570    0.15322760    0.22072835    0.28184713    0.45101405    0.63780032    0.79269266    0.79240985    0.58883075    0.45123059    0.28353247    0.20630250
GRAZ    0.11873336    0.11870855    0.14064718    0.22078520    0.39078746    0.65979786    0.82512796    0.66329025    0.45365831    0.35434138    0.19140301    0.15249130
GUAM    1.53010527    1.37793610    1.49100754    1.44445023    1.60866976    1.29917228    1.06113008    1.20109932    1.41556507    1.45380818    2.06259530    2.15279874
GUAO    0.06150526    0.06850466    0.11556942    0.17671965    0.35082343    0.59768560    0.87658981    0.80724399    0.57454384    0.21914745    0.12878970    0.10588097
GUAT    0.79555444    1.16454889    1.05761199    1.45051457    1.48894633    1.02653810    0.78875332    0.97217355    0.87536121    0.84635237    1.22558931    0.91098383
GUUG    1.29532040    1.15665599    1.13253165    1.36675861    1.30478947    1.09886922    0.94145702    0.84660412    1.19988953    1.09128849    1.59379745    1.63425373
HARB    1.27026265    1.12477420    0.88238372    0.56448408    0.23553499    0.16564623    0.14025060    0.17867802    0.33552872    0.60946574    0.79630923    1.23541637
HERS    0.20623755    0.17871834    0.17873706    0.17774394    0.29880594    0.45077303    0.56190260    0.54159895    0.43013008    0.45124035    0.31620599    0.24990808
HERT    0.20465072    0.15186207    0.17748640    0.19206927    0.28323951    0.47434542    0.54129075    0.54120047    0.41176101    0.47142976    0.30015020    0.24933440
HLFX    0.12961195    0.10801366    0.16462180    0.30013183    0.41190419    0.54106688    0.81790562    0.68275263    0.55990410    0.37260611    0.26507784    0.17751670
HNLC    1.25644358    1.06511603    1.19926695    1.05732267    1.16511211    1.16513948    1.26897218    1.47842699    1.51527934    1.71462551    1.56582409    1.23380443
HNPT    0.23419327    0.26504896    0.30028988    0.41197453    0.68440407    1.26250870    1.51925532    1.29782189    0.96586135    0.51853960    0.37276728    0.26699923
HOB2    0.47222395    0.41206099    0.37301976    0.37298936    0.29895586    0.26578278    0.24999079    0.21961707    0.25110660    0.29890322    0.31613211    0.40994396
HOFN    0.17744240    0.16448674    0.16564134    0.16554509    0.22052186    0.33338352    0.37276218    0.33366964    0.33340554    0.24961674    0.20472578    0.17867089
HOLB    0.19068232    0.15176261    0.14099384    0.15182493    0.21893114    0.29797758    0.40899540    0.42901744    0.42863599    0.31515690    0.22037522    0.19200023
HOLM    0.02948457    0.02436406    0.02952616    0.06177882    0.10776411    0.26580113    0.31642781    0.28237661    0.16529346    0.07858376    0.04128656    0.02951523
HRAO    1.34192949    1.36910448    0.94234362    0.63323186    0.28191269    0.19108078    0.17770079    0.20500184    0.40990214    0.74177880    0.93677307    1.29895915
HRM1    0.18864990    0.14029677    0.16485783    0.18893009    0.27874635    0.51597402    0.51617896    0.43003659    0.42487297    0.31616453    0.31586476    0.21659344
HYDE    0.73538598    0.87401246    1.43960436    1.96631346    2.05444873    1.39973457    1.19861376    1.25923388    1.56642503    2.07168974    1.51342284    0.93344996
IDDR    0.06984249    0.04068287    0.08814854    0.16309835    0.24779762    0.39065160    0.75600163    0.51623447    0.31598407    0.17804421    0.08806266    0.06243137
IISC    0.79064840    0.73468414    1.09202352    1.76806051    2.10392809    1.19115055    0.87638407    0.90567787    1.26190340    1.48221201    1.67612692    1.16690634
ILHA    2.83286415    2.21361384    1.52344330    2.60431763    1.04314950    1.01225863    0.89150640    0.76284107    1.05669003    1.46963855    2.32211976    1.72531836
IMPZ    2.29967215    1.63560972    1.90571301    1.76112454    2.45565688    1.76218028    1.44531043    0.95372735    1.22610642    1.61381767    2.10443614    1.98329800
INEG    0.34973332    0.42687011    0.45242181    0.45193794    0.73930317    1.30257347    0.99351517    0.97098033    1.02529273    0.85126523    0.51656655    0.33164130
INVK    0.03526071    0.02932066    0.03503453    0.05479996    0.12885731    0.23539699    0.26483052    0.23396226    0.15224162    0.06275051    0.03529488    0.03528864
IQAL    0.02439276    0.01180046    0.02925557    0.04126800    0.06997397    0.16517127    0.21699107    0.17574146    0.11826310    0.07063095    0.03517353    0.03485777
IQUI    1.64416190    2.24810656    2.21609342    2.02455997    1.90893665    1.38938573    1.69997803    1.91692358    2.42178728    2.18489664    2.42521353    1.98523539
IRKJ    0.03526535    0.03495668    0.06229793    0.11856178    0.21911140    0.47395641    0.55960285    0.47103813    0.29819280    0.12884496    0.06233572    0.04113096
IRKT    0.05488066    0.04778480    0.06997933    0.15277961    0.31695946    0.65423217    0.76577792    0.62971705    0.38781746    0.17696823    0.07858861    0.05501464
ISBA    0.38995650    0.37095140    0.45148658    0.67772676    0.56207021    0.59923543    1.00692045    1.13977502    0.81982958    0.62356637    0.56097351    0.45011906
ISPA    0.87832821    0.99918188    1.06310122    1.11444178    0.71155615    0.72809761    0.57572907    0.53838369    0.53045655    0.55542974    0.66023046    0.79323132
JAB1    2.04306218    2.85825336    1.71400690    1.86241448    1.25278130    0.96468145    1.22385728    0.90159741    1.32332778    2.61752867    3.73786053    3.09073649
JOG2    1.51739043    1.84027042    1.98490744    2.38341140    2.01021476    1.96700328    1.75430625    1.58809007    1.79289231    2.19592269    2.44414343    1.55489616
JOZ2    0.10724540    0.07931750    0.10726758    0.14014900    0.25074764    0.41137438    0.44909104    0.49554632    0.31735856    0.23392083    0.16461079    0.12870826
JOZE    0.12905073    0.12966138    0.12978776    0.17801335    0.26718979    0.45352608    0.49439587    0.51902113    0.35419346    0.24999079    0.19233007    0.14129386
JPLM    0.35347897    0.37223658    0.38903266    0.40869185    0.51511906    0.74099883    1.34101331    1.34152356    0.97219018    0.56454436    0.47431602    0.39211791
JPLV    0.31117397    0.32751231    0.25038465    0.32618749    0.34491117    0.50595356    1.76801189    1.32802718    0.62730126    0.64122918    0.30314636    0.34447285
KARR    2.21144281    1.88513260    1.64820244    1.12648546    0.79651953    0.63734594    0.65932058    0.41002503    0.45337033    0.71136475    1.10032610    1.52082706
KAT1    2.85562479    2.35913826    2.22667384    1.24374054    1.21816593    0.75960159    0.57040060    0.61442918    0.84875611    1.25101478    2.81617259    2.76556164
KELY    0.06966125    0.06246538    0.07054529    0.08720884    0.16341447    0.33417477    0.46704535    0.33125684    0.15272138    0.11694558    0.09769229    0.08822450
KERG    0.39230308    0.45314750    0.39021989    0.33569011    0.35218216    0.28345769    0.29897508    0.30048125    0.25116856    0.26712657    0.29894939    0.35420316
KGNI    0.21615753    0.26482351    0.40366566    0.72745970    0.87783857    1.63812422    1.71876110    2.06871631    1.65157588    0.80584442    0.49175082    0.29835212
KHAJ    0.01956140    0.02864695    0.05382900    0.16168946    0.26442068    0.52402603    0.81346992    0.74801815    0.44941403    0.20482786    0.07759795    0.02937646
KHAR    0.11644554    0.10734791    0.13863941    0.20479690    0.31528035    0.51425612    0.87295022    0.51217781    0.36822469    0.24863798    0.17378837    0.16456488
KIR0    0.05512711    0.04800093    0.05488405    0.07086671    0.10814708    0.17871190    0.30022758    0.28332447    0.17869418    0.10811484    0.07889631    0.06232064
KIRI    1.58446493    1.36630673    1.54967494    1.05417490    1.12233400    1.15755414    1.13593269    1.02800816    0.99616282    0.99513347    1.05562657    0.97307816
KIRU    0.06235618    0.05512711    0.06241097    0.07900757    0.12974551    0.23566989    0.37296173    0.31609375    0.19221541    0.12973921    0.09807795    0.06244283
KIT3    0.29851194    0.33549186    0.45093663    0.87763073    1.27122731    1.40686643    1.77107560    1.84511814    0.96745516    0.58883665    0.45021420    0.29796550
KOKB    0.61312212    0.66299214    0.65953641    0.66299953    0.61311602    0.63781386    0.74177880    0.79204018    0.82020648    0.93809105    0.85368554    0.71136475
KOKV    0.53557226    0.63563386    0.58706736    0.63031674    0.61148750    0.53532092    0.66111277    0.73906158    0.78609485    0.87228914    0.73950158    0.65622494
KOSG    0.15159838    0.13971306    0.13973009    0.17827419    0.29980990    0.36934892    0.51787575    0.47380018    0.33233126    0.29983025    0.21787821    0.15283232
KOU1    1.73375608    1.45885023    2.44525502    1.92932943    1.57041807    1.44009707    1.03523865    1.29858394    1.18166868    2.23883791    1.54604317    2.52007260
KOUC    2.73233232    2.57297297    3.01490671    2.30262496    2.14533048    1.30503884    1.37742420    1.12430436    1.16622682    1.52881019    1.60697891    2.80384035
KOUG    1.09085421    0.97877725    1.27707703    1.38276421    1.53311669    1.17305139    0.93469431    1.04038968    1.13768523    1.20429701    1.41678969    0.83316445
KOUR    1.63903975    1.30567504    1.59948190    1.81340068    1.64878028    1.44533027    1.23624976    1.41639818    1.49145379    1.64838576    1.64698792    1.60842641
KRGG    0.32607368    0.39948967    0.30984024    0.28097491    0.28106125    0.18720336    0.26047314    0.21550449    0.24486948    0.21890415    0.24498174    0.29786693
KSMV    0.20501030    0.23047925    0.32759287    0.48697714    0.83761517    1.24608300    1.28113755    1.63970373    1.48188472    0.80898320    0.49353869    0.29852092
KSTU    0.07235515    0.04014443    0.08215221    0.22479227    0.57983861    0.95472159    0.89269415    0.96417963    0.34378633    0.21403735    0.08186255    0.07616911
KUNM    0.34806520    0.31522198    0.48478142    0.82911786    0.84712896    0.79264923    0.89835223    0.96764212    0.78006190    0.64964936    0.57765647    0.39017341
KWJ1    3.25591983    1.58783691    1.44847372    1.13071302    1.76747867    1.52199357    1.27351188    1.15135140    1.33145069    1.04155658    1.56311929    2.88075807
LAE1    2.76680043    2.58591921    2.93364886    3.66803099    4.07043887    3.31930779    4.48276063    3.07546946    4.01481595    5.67269451    4.44118001    4.33532180
LAMA    0.11868835    0.09806219    0.14126473    0.17879520    0.28215275    0.43025970    0.61302723    0.56193052    0.39035086    0.25118685    0.19227318    0.12905976
LAUT    2.10152979    2.29142988    1.92623219    2.28808467    2.30110322    1.45649891    1.57035105    1.57102760    1.85308927    1.83989655    2.29817536    2.05905305
LHAS    0.31357959    0.21734892    0.42028133    0.58105465    0.78481168    0.74937637    0.48124126    0.73509337    0.57388036    0.53595428    0.46984354    0.24803317
LHAZ    0.23333781    0.25041529    0.35107140    0.55995636    0.63695681    0.65714043    0.58795701    0.49606513    0.47406068    0.51806510    0.31728320    0.26647460
LMMF    1.51398526    0.97024339    1.09838915    1.29193219    1.56536454    1.19805971    1.51398534    1.55265002    1.59092043    1.76734391    1.79327714    1.37677163
LPAL    0.09730662    0.07931247    0.09736559    0.09737255    0.09804263    0.14032344    0.17871190    0.25103618    0.28161262    0.24945615    0.19215085    0.12887742
LPGS    1.56862022    1.36890246    1.22899276    0.76334623    0.61285910    0.51596108    0.51888282    0.51625093    0.53838958    0.87783930    0.93726418    1.49136166
M0SE    0.21704278    0.16473480    0.23420222    0.29823699    0.38401373    0.55354736    0.81899528    0.90537712    0.75239501    0.49357071    0.32911941    0.27874635
MAC1    0.22068026    0.26689259    0.23442145    0.23428495    0.19224120    0.20624808    0.16498543    0.19137602    0.16497482    0.16499241    0.17784535    0.20513942
MAD2    0.24793543    0.20330115    0.20570438    0.33478375    0.49129747    0.65475459    0.73947756    0.84507545    0.65618730    0.46964836    0.29950561    0.26420890
MADR    0.21963163    0.11102847    0.25888595    0.23481557    0.27721356    0.83166393    0.77880760    0.98088614    0.46617561    0.40073795    0.18519592    0.20902157
MAG0    0.02927592    0.02408577    0.03516922    0.06999511    0.17680247    0.27936997    0.39030545    0.27897000    0.16366348    0.07005423    0.04132210    0.02424814
MAJU    1.17554457    1.24070004    1.21511849    0.73073868    0.75554584    0.72835993    0.81071366    0.86402430    0.60797100    1.18080958    1.01272299    1.29493231
MAL2    0.85002317    1.41031473    1.76512936    1.83116405    1.83411632    1.13057716    1.03344236    0.82292914    0.97063223    1.52651748    1.51155518    1.36038469
MALD    1.95150551    0.90753266    2.11037106    1.60195307    0.98779301    1.36538346    1.01795290    1.06947759    1.16486780    1.79945877    1.44178183    1.90970125
MALI    2.06871628    1.47150716    2.42746474    2.60318239    2.19405030    2.14935272    1.34541902    1.40610472    1.32842156    2.10330569    2.49860961    1.79443997
MANA    1.63635558    1.09180223    1.29751738    2.01374557    2.53310312    1.75879172    1.88444147    1.88615369    1.79766436    1.80127684    1.88578224    1.63545985
MAS1    0.56162217    0.60872659    0.65910773    0.76407669    0.73733194    0.88237218    0.99818477    1.06122888    1.23594394    1.19504834    0.79220883    0.58870638
MAT1    0.22054773    0.20437471    0.25088181    0.35163604    0.43224209    0.84747404    0.93613491    0.90638573    0.93619636    0.61264128    0.42947321    0.28333202
MATE    0.25012605    0.20521537    0.26599389    0.35248337    0.45355910    0.82504954    0.91285521    1.00030718    0.85389567    0.61044787    0.43262750    0.30053095
MAUI    0.09768411    0.10765373    0.12757292    0.12911735    0.12928189    0.12814136    0.15280899    0.17827419    0.13950581    0.16517127    0.11692266    0.09662068
MAW1    0.06276349    0.06236597    0.04807524    0.02966891    0.03531757    0.03512066    0.03531653    0.02966725    0.02967115    0.02967422    0.04778974    0.05515597
MBAR    1.30885834    1.38215956    1.73826250    1.26178130    1.09252705    0.93716714    0.78582681    0.96874618    1.04602487    1.06294190    1.01840410    1.19349690
MCIL    0.55669964    0.43080501    0.55853168    0.76172035    0.78875334    0.76707107    0.82272490    0.71196258    1.06424872    1.00024270    0.96820141    0.75750613
MCM4    0.09759444    0.05485487    0.03532123    0.02951891    0.02968046    0.02968179    0.02441745    0.02968360    0.02952888    0.02968152    0.04144539    0.08810613
MDO1    0.12894885    0.15208883    0.16473467    0.24969003    0.54170516    1.06808073    1.23623720    1.06255516    0.90700450    0.37286798    0.17867802    0.14048609
MDVJ    0.07075365    0.09792691    0.08781922    0.16551653    0.28314282    0.41148573    0.42851067    0.47401428    0.33516174    0.20604326    0.12948061    0.09793878
MDVO    0.08677572    0.10198969    0.08686575    0.29656492    0.22788450    0.47496475    0.96250147    0.58048102    0.41745304    0.23312877    0.15834700    0.10249326
MEDI    0.19121719    0.17872885    0.28209214    0.33398621    0.71146348    0.91208860    1.26405592    1.26467806    0.68886930    0.53922145    0.35230785    0.23448126
METS    0.07947351    0.07901360    0.07911555    0.10760757    0.17882823    0.33396275    0.41216341    0.43010767    0.31775837    0.20621115    0.12901965    0.08854755
METZ    0.07882722    0.07876702    0.07767610    0.13803646    0.19059673    0.35104805    0.42810125    0.38242756    0.38421480    0.20503577    0.12717617    0.07790445
MGUE    1.24721831    1.07850443    0.75459960    0.51004570    0.33409403    0.26229405    0.18880729    0.23442721    0.28202602    0.57908968    0.70224758    0.84866767
MIZU    0.09738284    0.11775033    0.19095972    0.31544170    0.51847138    0.70989609    1.16628511    1.16630429    1.15841909    0.58840559    0.31558524    0.22052845
MKEA    0.08802320    0.10740441    0.12965627    0.14030587    0.14052630    0.12903849    0.19227510    0.20507826    0.20506769    0.20627231    0.17870535    0.10812364
MNLS    0.06931166    0.06124544    0.12705259    0.19080890    0.42256529    0.83030961    0.65558561    0.60612580    0.50031614    0.23319213    0.12857763    0.08778813
MOBJ    0.07830093    0.13798050    0.10657625    0.18931878    0.29615548    0.48904323    0.65328518    0.53950566    0.35232558    0.24779762    0.20550934    0.15140672
MOBK    0.09457772    0.18283371    0.12534448    0.18638077    0.30937849    0.38819686    0.49131165    0.54893888    0.31357959    0.21381113    0.23295964    0.13958698
MOBS    0.47398565    0.49546157    0.39187254    0.29797758    0.26685892    0.19089015    0.17865377    0.22056633    0.25085790    0.24923785    0.35155202    0.47103813
MONP    0.11871529    0.11868207    0.10761235    0.10811991    0.17787794    0.23554742    0.66253561    0.61258804    0.37075838    0.19135619    0.10760516    0.10818002
MORP    0.18873003    0.16235830    0.18893009    0.15242909    0.26136936    0.51391036    0.32475855    0.42913152    0.37024074    0.49253435    0.28088431    0.23149470
MQZG    0.71434556    0.81786991    0.56118771    0.49594594    0.44957586    0.33528998    0.28149422    0.30018129    0.38959825    0.45046192    0.54120893    0.60870581
MRO1    0.91501892    0.93124833    0.69515343    0.50623185    0.26494701    0.21490181    0.29803498    0.33312823    0.20081380    0.18996301    0.41846168    0.45976948
MSKU    2.20458701    2.64490290    2.26073758    2.67245162    2.29656248    2.18917787    1.53002696    2.28619700    2.10121547    2.29023550    2.83213039    1.75399733
MTKA    0.22049121    0.22037522    0.40901123    0.68782868    0.97171955    1.44129214    1.56729094    1.75552561    1.64621876    0.97222310    0.56000789    0.26496923
NAIN    0.05410031    0.04778480    0.07051756    0.12715624    0.23438826    0.31582298    0.32820546    0.27744992    0.31496971    0.16230281    0.08803287    0.06248995
NANO    0.25118460    0.20514435    0.25122351    0.28352158    0.41238118    0.56526218    0.76571655    0.97356810    0.61324917    0.45358306    0.39049809    0.26584874
NAUR    2.06061051    1.38737788    0.89150636    1.52344330    1.50821904    1.46986742    1.70554305    2.17952663    2.24810656    1.65603789    1.82079763    1.85666528
NICO    0.28172244    0.28330519    0.33567917    0.42965933    0.56467294    0.79625535    1.00363441    1.20050868    1.10051599    0.79224988    0.47182555    0.33568648
NIST    0.11603465    0.15163940    0.15229632    0.23106843    0.32973419    0.69973953    1.04326130    0.96739864    0.43011528    0.21640125    0.16474577    0.16470102
NIUM    1.36153127    1.87451562    1.25775781    2.00477885    1.35743791    0.99396613    1.18414890    1.09331846    0.81535453    1.25478731    1.36914494    1.55340345
NKLG    1.64832566    2.59942336    3.24149187    3.50797726    2.07474159    1.41494927    1.52811995    1.19982048    1.09349477    1.63930722    1.76135609    1.59969531
NLIB    0.14033635    0.15221715    0.23555655    0.38967591    0.71032097    1.30499032    1.45210674    1.34143614    0.84635237    0.40925136    0.23389535    0.16564623
NNOR    0.68763402    0.79485946    0.56020698    0.47402369    0.38896448    0.31730264    0.31742238    0.25082028    0.24899160    0.29985016    0.29967742    0.49584417
NOT1    0.37258152    0.40867388    0.45309654    0.45304307    0.68407977    1.03500007    1.27014817    1.63734180    1.30565501    0.90571076    0.63311972    0.49327839
NOTO    0.49086092    0.40435551    0.42301446    0.67545635    1.05221190    1.86213406    1.46339355    2.01700094    1.48464546    1.31809419    0.75139349    0.59951029
NOUM    2.34877681    2.73584529    2.28852146    2.10761746    2.01358051    1.10521569    1.27432575    1.04165184    0.97778877    1.26810703    1.59118260    2.10521871
NOVM    0.06209849    0.05500952    0.09708023    0.16405623    0.24843882    0.42683492    0.49089698    0.40778868    0.20400325    0.16539436    0.08751876    0.06999511
NRC1    0.09761401    0.08798739    0.11805599    0.23566747    0.41229936    0.71121094    0.84840831    0.79237048    0.63776587    0.35421901    0.16579954    0.12978247
NRIL    0.02446724    0.02447428    0.04137239    0.05507332    0.12952660    0.27962278    0.31301953    0.29934476    0.16388554    0.07017873    0.03523193    0.03524296
NRMD    1.96059371    2.41130056    1.78090635    1.93414013    1.32073934    0.90094511    0.82252995    0.76671036    0.82234785    1.15376320    1.66665202    1.72277340
NSSP    0.11729184    0.11468190    0.21461408    0.38174592    0.59725108    1.00602185    0.89796030    1.11942376    0.70142812    0.42417413    0.24471311    0.11670794
NTUS    1.09189163    1.00260101    1.30476357    1.75518335    1.41453230    1.34061939    1.33218050    1.30518044    1.18916506    1.33099107    1.09088965    1.02838686
NURK    0.95651680    1.12360575    0.96120736    1.08768368    0.79049193    0.51452549    0.58232174    0.72405347    0.84045748    0.99759144    1.05221289    0.83866552
NVSK    0.07893955    0.06165957    0.12923426    0.17638141    0.31348715    0.61039311    0.73833645    0.51668232    0.26599986    0.20357904    0.12771522    0.09650791
NYA1    0.04805496    0.04140658    0.03529716    0.04141630    0.07042445    0.11865665    0.14042469    0.15322398    0.10750975    0.06278370    0.05487603    0.04780430
NYAL    0.04777556    0.04140334    0.04142082    0.04142774    0.07045991    0.14119223    0.15231972    0.15318759    0.11794957    0.06277331    0.06275600    0.04780194
OHI2    0.17848274    0.20402790    0.15202322    0.16425400    0.14005778    0.11848910    0.10792153    0.11736847    0.10780832    0.11745365    0.15294640    0.15196588
OHI3    0.17834334    0.20560026    0.15296773    0.15137350    0.12823927    0.11727443    0.10779412    0.10664475    0.10778682    0.11840316    0.12941849    0.15291250
OHIG    0.22095466    0.32907471    0.20836114    0.21542086    0.25309563    0.21403736    0.21343532    0.20515081    0.23378669    0.26936668    0.23543971    0.26738622
ONSA    0.12979599    0.11872184    0.12980685    0.16509278    0.25009948    0.43041094    0.53915424    0.51914685    0.37145195    0.26603977    0.17886541    0.14132795
OPMT    0.19126001    0.15039054    0.17556189    0.24973981    0.31619816    0.47210982    0.51609319    0.56197792    0.51600436    0.34793419    0.26543140    0.26514767
OS0G    0.13818646    0.16154888    0.13779918    0.16276738    0.37219009    0.38431521    0.42354231    0.42850174    0.40751532    0.33529219    0.13868936    0.13348674
OSN1    0.08668846    0.10555171    0.18795696    0.46316863    0.60023231    0.86164673    1.12435654    0.96335286    0.99535279    0.51535766    0.23060687    0.11628339
OUS2    0.87480900    0.71356976    0.56005870    0.44945687    0.36980809    0.29774725    0.33318519    0.28316225    0.31513004    0.37000837    0.47419894    0.63286032
PADO    0.23430608    0.20211986    0.24700395    0.43035801    0.65064960    1.24548162    1.77478510    1.63498555    0.98486606    0.65919441    0.42433831    0.23084685
PALM    0.12926338    0.14072709    0.14078758    0.15270443    0.11833157    0.09687904    0.08750131    0.10709493    0.10792153    0.10700001    0.11833896    0.08745881
PALV    0.11463534    0.13573048    0.12806763    0.12817658    0.13992484    0.09538403    0.08579165    0.09535713    0.11468190    0.07845230    0.11477222    0.07683099
PARC    0.33173541    0.36851611    0.37221915    0.31411092    0.25040791    0.26384885    0.23259008    0.22012323    0.21807230    0.20396551    0.26441716    0.26651879
PARK    1.09798701    1.18728244    0.88105386    0.51768733    0.33511963    0.31716465    0.23338680    0.28284129    0.35051851    0.49212626    0.61195246    0.68154876
PBRI    1.62660531    1.58331558    1.79560572    2.41554841    2.00126461    1.43790910    1.58446493    1.32546582    1.54174125    1.36314783    1.52147567    1.39755832
PDEL    0.58506619    0.43224209    0.40964349    0.51865226    0.56174372    0.82455982    0.91227715    1.13312516    1.12630862    1.00382177    0.61275841    0.60915388
PENC    0.11864070    0.12880655    0.14119577    0.22057239    0.30031543    0.61276642    0.65907089    0.71032097    0.40981581    0.28347880    0.20617079    0.14121784
PERT    0.47200825    0.63752216    0.49653594    0.35210196    0.35406529    0.29869369    0.35212911    0.31620599    0.26705986    0.29902501    0.35417366    0.37306315
PETP    0.06229424    0.06214406    0.06226607    0.10521871    0.23025408    0.50588109    0.53766872    0.48340387    0.29279609    0.13783308    0.08776201    0.04113100
PFA2    0.13835347    0.15070757    0.16350080    0.27942287    0.27225874    0.51968552    0.67991838    0.76820751    0.42673420    0.36847781    0.21803422    0.18993202
PIE1    0.07090078    0.07050385    0.09766416    0.11816904    0.19237046    0.37108581    0.71486483    0.66315941    0.45337033    0.20629331    0.10813915    0.08815034
PIMO    1.67675740    1.63565872    1.97279841    2.70101712    2.30514943    1.52900814    1.30551119    1.44282988    1.52843792    2.06158556    2.29068773    2.16576164
POHN    1.78918728    1.39239172    1.87904490    1.66022782    1.49914333    1.18236905    1.25305204    1.23067609    1.47591603    1.29358486    1.24469734    1.87753525
POL2    0.17783700    0.23424652    0.37302347    0.49660896    0.71174280    1.19495857    1.56957705    1.53059815    0.93731301    0.45323691    0.29869369    0.20620429
POLV    0.11860052    0.10727192    0.12880655    0.25089344    0.40922264    0.58325069    0.66222894    0.66216802    0.37247646    0.29810535    0.19072096    0.16465403
POTS    0.10760274    0.09749844    0.10764900    0.15248782    0.23576739    0.37303451    0.49662395    0.43003900    0.33413408    0.26591616    0.17803321    0.14132239
POVE    1.09753529    1.19715755    1.29234746    1.67045426    1.25507634    1.18235422    0.95759967    1.04769995    1.43157461    1.44913399    1.52574470    1.25437219
PRDS    0.07508629    0.06913883    0.07814788    0.09387971    0.18576573    0.41830205    0.33117866    0.50215204    0.26386444    0.14777769    0.12484509    0.08487964
PRE1    1.37085066    1.17625009    0.99878522    0.62500498    0.35195858    0.24598040    0.16238549    0.28129746    0.36471630    0.63388132    0.84811277    1.56050909
PTAG    1.40539056    1.17800225    1.29959686    2.06377329    1.72014637    1.22907059    1.09435061    1.17836439    1.29749485    1.74237115    1.82376312    2.06259691
PTBB    0.14057535    0.10617530    0.12909198    0.12905862    0.23178059    0.43003662    0.42509269    0.38537231    0.39021847    0.28201094    0.16490404    0.14055428
PTVL    2.32411029    2.51375770    2.55443652    1.91619152    2.18706666    1.36914494    1.11744993    0.99047943    1.21590977    1.78694441    1.58764611    2.46999187
PVEP    0.65747556    0.51937746    0.68552206    0.44885372    0.52434791    0.49469114    1.41711710    1.76893708    1.58941294    0.48046685    0.63149880    0.27797128
QAQ1    0.07938547    0.06222310    0.07080217    0.08842395    0.15213373    0.26497942    0.31553138    0.30006885    0.21906469    0.14026009    0.10807599    0.07890679
QUI2    0.56793927    0.39764837    0.52899841    0.62287228    0.64843028    0.46781096    0.52628113    0.43901912    0.63452953    0.59560277    0.69423889    0.81783254
QUIN    0.19107533    0.16464873    0.25106261    0.26705986    0.47501525    0.60982270    0.91250643    0.71504266    0.54153542    0.33566432    0.25105974    0.17872885
RABT    0.39189997    0.41155469    0.41182854    0.63228216    0.61199190    0.81676000    1.06692924    1.19210039    1.23422423    0.90567787    0.58398860    0.49210321
RAMO    0.25104216    0.23403373    0.30028615    0.33338352    0.51544551    0.49629457    0.81950242    1.03552056    0.94212738    0.68504548    0.47452631    0.26695490
RBAY    1.92828177    2.20858347    1.48497150    1.37008573    0.69866905    0.51436402    0.60926696    0.53384796    0.86885989    1.19620795    1.21151749    1.77380290
RCMN    0.84085233    0.87053856    1.36102243    1.32725377    1.03589875    0.84316744    0.56517059    0.40462314    0.71838984    0.79503888    1.05268421    1.15104958
RECF    1.32785428    1.70252227    2.00785717    1.88490820    2.01832614    2.19575551    2.42925074    1.40100275    0.81701058    0.81572349    0.70453357    0.98712341
RESO    0.01924082    0.01492874    0.01497986    0.01516332    0.06853374    0.08320643    0.11098705    0.12691083    0.07561867    0.03322912    0.01843305    0.01833342
REUN    1.63659707    1.85335541    1.59703910    1.59534569    1.16656056    0.79052795    0.66237818    0.58814486    0.68396513    0.73677882    1.00346389    1.33312441
REYK    0.11871418    0.11796980    0.10817715    0.12911932    0.15255435    0.23426589    0.22062929    0.23440456    0.20624179    0.16582988    0.14126889    0.12910568
REYZ    0.12614538    0.13919791    0.08563757    0.13919791    0.14764254    0.22788451    0.25982584    0.28078913    0.21467359    0.17717048    0.13987578    0.13777090
RGDG    0.20422835    0.34479802    0.23374100    0.22909549    0.20429999    0.12843097    0.17709239    0.15186219    0.16141513    0.18780680    0.20445387    0.20455376
RIGA    0.10689935    0.09775568    0.10793402    0.22021614    0.31446751    0.43150094    0.70650437    0.58713812    0.41123081    0.26438877    0.19183272    0.13981124
RIO2    0.23518149    0.28017917    0.26646153    0.25047217    0.23522423    0.16542287    0.17844921    0.15189789    0.19043968    0.16550324    0.20583802    0.23524969
RIOG    0.31421564    0.32308681    0.38010868    0.28005283    0.25905921    0.23288732    0.23316074    0.20006315    0.17684795    0.28061928    0.26432133    0.23288731
RIOP    0.61070023    0.73807819    0.58667297    0.46750147    0.46829557    0.39100892    0.40763720    0.42753980    0.43128807    0.63622650    0.73891800    0.62814887
ROSA    2.49146305    2.11946970    2.17808512    2.50123711    1.14929739    1.05510985    0.81454789    0.75716020    1.01965358    2.26687844    2.21279249    1.86008557
ROTH    0.08697237    0.11626418    0.11801350    0.10614579    0.10750915    0.06156353    0.07897132    0.07780350    0.07034236    0.09759712    0.07823889    0.09636828
SALU    1.47374675    1.50279018    1.37444205    1.32446532    1.36205431    1.35926118    1.16421547    0.81527545    0.73959555    1.02408039    1.18451325    1.26659161
SAMO    2.45885390    2.66810796    2.24550612    2.19163014    2.05270081    2.18937264    1.63265807    1.79342774    1.75143960    2.09310347    2.22716649    1.66481662
SANT    1.98490082    2.16224345    1.77043133    1.67763253    1.26291111    1.02864188    0.91226653    1.10051599    1.55854966    1.52027198    1.40644960    1.84353014
SAVO    1.72674449    1.83037220    1.72623210    2.00836935    1.76684626    1.43566571    1.23313761    1.05583310    1.13061200    1.12963936    1.48482709    1.48741018
SCH2    0.02964749    0.02944661    0.04806337    0.09807577    0.19224534    0.24936794    0.38965033    0.33355262    0.26551171    0.14122752    0.06276493    0.04143028
SCOR    0.06268810    0.05506331    0.04138315    0.06268328    0.08838975    0.17843754    0.23350312    0.21852658    0.12949195    0.07932566    0.06218749    0.05473715
SCRZ    1.52527595    1.64275138    1.64812425    1.59163146    1.40230106    1.13498815    1.23320750    1.05510985    1.63023594    2.02538063    1.92565899    1.84115561
SCTB    0.08610795    0.04653019    0.02938363    0.02876540    0.02378096    0.03401684    0.03379669    0.03463842    0.02894740    0.01964977    0.03498905    0.06935004
SCUB    1.93976742    1.60604280    1.93939414    2.33412376    2.23841151    1.76846531    2.62429036    2.77431624    2.41867290    2.61648701    2.57003829    2.11514191
SELE    0.26608216    0.33380265    0.34913255    0.51646938    0.87094611    1.32446532    1.72357204    1.95843046    1.68137316    0.79297161    0.46796024    0.41077433
SEY1    1.79907342    1.76601536    2.14960912    1.54994386    2.37553222    1.97068026    1.50062233    2.15460600    2.59816809    2.45240831    1.98987559    1.90007052
SEYG    1.87985786    1.47150716    1.44039719    2.13577869    2.10081762    1.60340551    1.34510827    1.12499081    1.23582832    1.60971378    2.10931201    2.19239874
SFER    0.42972719    0.39193979    0.35153973    0.47171462    0.53869322    0.73714177    0.87755894    1.16100190    0.94239994    0.76467575    0.51579540    0.45335017
SHAO    0.19043968    0.26425546    0.40836860    0.76719435    1.41376181    2.00836923    1.79406443    2.00922257    1.60326616    0.76721432    0.47370935    0.26661695
SIMO    1.24822873    0.76573955    1.06038694    0.65284513    0.63813656    0.39926099    0.43989069    0.50622064    0.46484008    0.52972729    0.72018952    0.72440932
SIO3    0.39126239    0.41105780    0.44885354    0.37207941    0.38779124    0.62990900    1.19759036    1.35886357    1.03142413    0.56318808    0.46878882    0.43139207
SMST    0.26406746    0.37038775    0.56130849    0.79130292    1.15910724    1.63545723    1.63764873    1.52209590    1.51879707    1.26548064    0.75636204    0.26530599
SOFI    0.10805892    0.10732992    0.12875197    0.19207839    0.38999375    0.54144041    0.54152888    0.63410524    0.38996078    0.24947159    0.17869191    0.12967941
SOL1    0.24567999    0.33309898    0.32969029    0.53855416    0.81056133    1.17800221    1.71970816    1.55940773    1.02959251    0.60878986    0.46357406    0.26530599
SOLA    0.34272688    0.24343360    0.28128748    0.51784262    0.54637279    0.14807926    0.23303010    0.38188236    0.21323415    0.14604603    0.41220032    0.27726459
SPT0    0.11812235    0.08690247    0.11811061    0.13882319    0.20516538    0.39017342    0.57852493    0.57814443    0.40482787    0.23443989    0.16479860    0.10621824
SSIA    0.67916438    0.81274088    1.13122026    1.63034011    1.52634563    1.41350295    1.26001781    1.37718150    1.30408227    1.25942138    1.30435199    1.03403819
STHL    0.37109361    0.39005590    0.47273012    0.36713307    0.31645573    0.27920568    0.21974154    0.23446482    0.21960488    0.23228812    0.28242070    0.33445843
STJO    0.17799639    0.14126889    0.16579634    0.23447063    0.28355101    0.47490015    0.66299953    0.61310372    0.53850932    0.35256077    0.28358386    0.20633885
STK2    0.04722653    0.04065372    0.11666452    0.17556189    0.37109361    0.55423779    0.76290054    0.89136363    0.73634341    0.28152586    0.14039345    0.06240894
STR1    0.78821246    0.79333686    0.63608323    0.37199769    0.27998042    0.24787746    0.19182316    0.23309768    0.26638582    0.29725703    0.51780300    0.55951639
STR2    0.73616535    0.65672254    0.61257898    0.39207921    0.28330519    0.22054456    0.22061010    0.22058135    0.28327722    0.31570812    0.49584417    0.60860000
SUNM    1.05119992    1.54595098    0.96890449    1.32018335    0.81023406    0.56547856    0.47981580    0.47790412    0.68521833    0.87320116    0.70905349    1.07160194
SUTH    0.54144041    0.70939345    0.54140461    0.28323519    0.20508872    0.12966971    0.10812487    0.11798937    0.17773453    0.26538656    0.29844014    0.43242807
SUTM    0.56063897    0.68249591    0.49621083    0.26678153    0.19092234    0.12955823    0.09800526    0.09803083    0.15316893    0.22059593    0.25088181    0.41187959
SUTV    0.60638970    0.70568733    0.42028133    0.23312877    0.20054491    0.12821718    0.09708772    0.11550908    0.17368771    0.21442927    0.21260527    0.49110574
SUWN    0.07888284    0.10803373    0.19220188    0.40963149    0.56102144    0.84670845    1.05890865    1.22461989    0.94198380    0.42983177    0.22066304    0.09751452
SVTL    0.07045820    0.07038675    0.06240504    0.13819499    0.26536113    0.42446227    0.53812598    0.62520481    0.38505499    0.23155455    0.13859992    0.10648075
SYDN    0.91118146    0.88103346    0.76240412    0.58278963    0.45271304    0.40874502    0.31532308    0.25080284    0.33520865    0.47416576    0.63228216    0.79037295
SYOG    0.08846030    0.07037826    0.06245323    0.04807020    0.04807700    0.04780664    0.04145185    0.03514631    0.03512494    0.04125069    0.04806388    0.08848462
TABL    0.10814819    0.10745474    0.09806101    0.09807686    0.14124147    0.17874708    0.38979939    0.33560165    0.20612648    0.10814485    0.09808541    0.10814819
TABV    0.09770817    0.08813282    0.07062848    0.07841113    0.10774007    0.17806602    0.28174358    0.24984861    0.19134803    0.09771967    0.07827826    0.09766723
TAH1    1.68032375    1.52012542    1.72124687    2.04116659    2.36547108    1.89023157    1.82812087    1.70404396    1.62192834    1.80537373    1.66247768    1.72134010
TASH    0.19056693    0.23514768    0.45283338    0.58797901    0.90486019    1.09035803    1.29167450    1.03384300    0.58339334    0.51832305    0.35120568    0.20461137
TCMS    0.85524451    0.87105443    1.33084423    2.37098764    2.57467467    2.38090870    2.62752615    2.52689217    2.76697131    1.92561764    1.83537786    1.47651246
TEHN    0.26875958    0.23025434    0.29124884    0.71380706    0.44118167    0.62213509    0.80020698    0.41791204    0.50387241    0.28064323    0.32536403    0.18543193
THTG    1.34347841    1.45382838    1.12366003    1.41644067    1.53214875    1.47965200    1.34718648    0.98119464    1.04281883    1.40539056    1.38056351    1.27278159
THTI    1.64792069    1.48020876    1.64796541    1.81191876    2.07450025    1.80115860    1.68875308    1.45310149    1.44408635    1.63857397    1.77098635    1.67858444
THU1    0.03890552    0.03446734    0.02275685    0.05376997    0.04711369    0.18877163    0.31195219    0.20300274    0.17159907    0.10427193    0.09375914    0.06015634
THU2    0.03505659    0.02939765    0.02451002    0.03529012    0.07941557    0.15312372    0.22041647    0.19073607    0.10807599    0.08848347    0.04142461    0.03529761
THU3    0.02958655    0.02416231    0.02423363    0.02931445    0.07857395    0.15282311    0.21987772    0.17809411    0.09699256    0.07016377    0.04133769    0.03523716
TID1    0.93575024    0.84747404    0.66302147    0.41001507    0.33576215    0.25103918    0.23563228    0.25114956    0.31611689    0.35218216    0.54152888    0.65888043
TIDB    0.88260135    0.90682458    0.71508030    0.41223413    0.33409122    0.28347880    0.25112473    0.26712897    0.33574234    0.39244726    0.54164739    0.71497240
TITZ    0.15243773    0.14034669    0.11652800    0.17523044    0.35215195    0.46578215    0.44423140    0.51575095    0.38459353    0.31600311    0.23448919    0.17582524
TIXG    0.02393463    0.01938278    0.02409823    0.04780176    0.09634308    0.24481202    0.21461408    0.25930364    0.09560689    0.04047547    0.02903055    0.02394998
TIXI    0.02424183    0.01978591    0.02446846    0.04753537    0.09792078    0.26627088    0.23489832    0.26390427    0.11748029    0.05506331    0.02934025    0.02445244
TIXJ    0.08241418    0.02694955    0.04036428    0.03961765    0.13591234    0.36282573    0.27554526    0.30896955    0.06859285    0.06485796    0.03983071    0.03322332
TLSE    0.23418644    0.23393756    0.29836495    0.29828614    0.53843510    1.02908767    1.00361938    1.02881746    0.85304164    0.65903364    0.38967591    0.33554652
TN22    0.25042261    0.31673949    0.36838251    0.56253829    0.93926315    1.37332295    2.27471609    1.54873520    1.05310476    0.55642253    0.31308219    0.34946191
TNML    0.86066733    1.04065029    1.35143405    2.10395480    2.52850674    2.33572941    2.79410518    2.54438539    2.88202454    1.92780263    1.68568146    1.40665510
TONG    2.63012550    2.20938304    3.53527463    2.50346622    2.00121164    1.11587429    0.99661477    0.96015202    1.11815844    1.44635270    1.50531126    2.83237082
TOUL    0.32551261    0.27388741    0.36529171    0.24343360    0.68042812    0.85582124    0.85661211    1.38033489    0.88972273    0.61734295    0.21323414    0.28200748
TOW2    1.94245857    1.80309214    1.60071940    1.34264225    1.06840762    0.88281519    0.58883075    0.63472121    0.76908504    0.91286290    1.16190115    1.60924886
TRAB    0.40407200    0.36306421    0.46212512    1.02124708    1.46892941    2.00076888    3.13607969    4.16829271    2.18194128    0.81259044    1.04233150    0.44642513
TRO1    0.08802549    0.07940928    0.07902538    0.08852113    0.11865382    0.20483005    0.35157640    0.30028615    0.23435821    0.12973012    0.10811096    0.09809361
TROM    0.09585866    0.09524467    0.06927162    0.07029911    0.14030702    0.20115508    0.36560419    0.31627895    0.26274279    0.19136642    0.12898583    0.11663541
TSEA    0.08760489    0.07925953    0.07076765    0.09720100    0.19207537    0.28302611    0.33292283    0.25069287    0.20591627    0.14107907    0.09726235    0.08832000
TSKB    0.15332956    0.19225752    0.30042983    0.51882083    0.82110847    1.00439450    1.29951260    1.45388631    1.16100190    0.73795552    0.39052284    0.23461051
TUVA    1.23666706    1.62232673    1.14067772    0.80233130    1.67437802    1.33435857    1.55980564    1.42116806    1.50240284    2.47675493    1.77028075    1.85149499
TWTF    0.71016114    0.81772459    0.94177213    1.49017367    1.84020742    2.11648301    1.89609477    2.01563850    2.16483572    1.71777311    1.49096587    0.81942523
TXES    0.26634911    0.33458051    0.53535775    0.58639796    0.98755033    1.28543371    1.16199994    1.39520256    1.25281489    0.51107199    0.38730856    0.35009793
UFPR    0.99320375    0.99077407    1.02441798    0.73987934    0.51349574    0.49514685    0.40813722    0.36934892    0.63656134    0.76070658    0.81456902    1.06533596
ULAB    0.01554687    0.01964955    0.04113398    0.07887734    0.17726065    0.33208142    0.38674402    0.31684480    0.17838815    0.07079530    0.03501891    0.01968505
UNB3    0.09745623    0.10582479    0.11641109    0.16251622    0.31580165    0.47093106    0.67232367    0.56039464    0.56054903    0.28183279    0.20266606    0.12878970
UNBJ    0.10711148    0.09786649    0.11848663    0.20583802    0.35347897    0.51334493    0.65523188    0.63104431    0.54041209    0.31727001    0.19051395    0.12856638
UNBN    0.13860020    0.09604134    0.07561868    0.16180499    0.31873117    0.55201039    0.72508578    0.46266072    0.44299793    0.29486218    0.24522153    0.12691084
UNSA    2.35164831    2.14861719    1.94098084    2.16459424    1.67785280    1.45240590    1.26114392    1.51903663    1.88444149    2.40196724    2.06125027    2.29268003
UNTR    0.26841952    0.28051265    0.32697458    0.45035000    0.49222139    0.87858886    1.21619410    1.35259608    0.75619032    0.67568977    0.32637290    0.36962841
URUM    0.07040534    0.09802948    0.16576432    0.26550467    0.51877947    0.76826476    1.02697091    0.87603176    0.45315370    0.23423999    0.14118504    0.09805984
URUS    0.82396086    0.87622193    0.43676947    0.49745012    0.41396114    0.37634865    0.21395531    0.24823248    0.44568692    0.74503496    0.95047292    0.95981736
USN3    0.23369639    0.20434576    0.21884103    0.44066177    0.60717196    1.07074409    1.25932368    1.09261879    0.69935229    0.48593019    0.32759288    0.21894467
USNA    0.19067179    0.24872670    0.31039177    0.48412534    0.70944495    1.30821881    1.52896277    1.47965189    1.17518036    0.47141048    0.38295408    0.23020706
USNO    0.22005858    0.21810270    0.29951492    0.39075288    0.73331531    1.06412583    1.35989768    1.13084747    0.90147990    0.49129747    0.33483187    0.26419313
USUD    0.11863158    0.12957858    0.19224740    0.29890322    0.63489640    1.00461752    1.49187890    1.49195744    1.12767915    0.54187659    0.28228179    0.17801670
VACO    0.12649996    0.11765226    0.10618978    0.16212691    0.24968144    0.44408361    0.49258027    0.46505671    0.38526908    0.27782470    0.17736124    0.13838684
VALD    0.06268328    0.05462578    0.09799764    0.16445470    0.26495897    0.47024572    0.56386135    0.54073289    0.49214914    0.26676845    0.15303236    0.08844287
VENE    0.26460469    0.20429998    0.21886239    0.37030077    0.73740332    1.38628954    1.14162685    1.41999443    0.84287781    0.58305865    0.47070464    0.24367452
VESL    0.06233039    0.05472086    0.04116647    0.04058957    0.02911978    0.02946543    0.02436741    0.02899724    0.02908944    0.02945851    0.03460792    0.04767691
VIL0    0.05467556    0.06213134    0.05508044    0.08836207    0.13988636    0.26430094    0.35035831    0.33206111    0.24859446    0.13996942    0.09713319    0.07030682
VILL    0.22079828    0.19128072    0.20628580    0.30046178    0.43073199    0.58882483    0.68555350    0.87863940    0.63789855    0.45360252    0.30047575    0.23577891
VIS0    0.09681169    0.08740018    0.10792153    0.14093129    0.20577972    0.28036166    0.46961987    0.41123081    0.33219991    0.23519782    0.15160766    0.12947189
VNDP    0.25746846    0.34287025    0.24739434    0.30785318    0.32804171    0.50222305    1.01979174    0.84532084    0.81035437    0.53022898    0.59687663    0.50303271
VOIM    1.51456886    2.18190344    2.01077487    1.29361604    0.81738307    0.87422368    0.49197882    0.53506374    0.69554238    1.36456744    1.41176415    1.96700318
VTSP    0.10677688    0.10778313    0.15154113    0.25015262    0.47337041    0.73158469    0.98899133    0.93005498    0.51137272    0.31364452    0.17641063    0.13951611
WARK    0.50443920    0.44127332    0.52883072    0.55120895    0.38923498    0.30998457    0.28119645    0.29326284    0.30984024    0.34598011    0.40188379    0.60783142
WDC1    0.19010916    0.19927165    0.24834185    0.33219565    0.72154174    0.90280031    1.39929504    1.15340095    0.78612656    0.34267841    0.37941229    0.24309648
WDC3    0.20158581    0.16782323    0.18792305    0.44674704    0.62467197    0.97045225    1.06149938    1.13503386    0.80233122    0.60216368    0.42715185    0.32799576
WEL1    0.73582979    0.76136014    0.70931565    0.52848115    0.40922126    0.44972642    0.29768243    0.28072294    0.38536699    0.40523094    0.57625621    0.83674874
WES2    0.15193925    0.15209457    0.22058723    0.35385146    0.54119195    0.76132056    1.19870967    1.15437972    0.76152421    0.45260985    0.24876231    0.22044374
WGTN    0.70831906    0.55895398    0.51409449    0.46981460    0.35357288    0.28108820    0.24904414    0.23372210    0.31735252    0.35108673    0.42861547    0.58361123
WHIT    0.04123270    0.04118487    0.03531653    0.04806134    0.08853128    0.14125623    0.16485550    0.14126051    0.10763785    0.06278739    0.04778469    0.04805104
WILL    0.08856090    0.07944049    0.08855475    0.11873539    0.19141804    0.26703468    0.41012182    0.41012182    0.29896871    0.17885687    0.10818097    0.08812976
WIND    1.11659445    1.46650180    0.96980629    0.67884961    0.33117334    0.15275911    0.11696805    0.15133937    0.20390052    0.38806795    0.71351787    1.06498425
WROC    0.11847141    0.09698004    0.10707228    0.13968701    0.31453996    0.38794531    0.49537200    0.40761122    0.28288292    0.26452656    0.15295362    0.11848163
WSRT    0.15252851    0.15239871    0.12906864    0.17873298    0.23567707    0.39222504    0.56503636    0.51898702    0.41008369    0.31789112    0.19127192    0.16498543
WTZA    0.09710722    0.08760992    0.11759061    0.20426475    0.29718691    0.45193794    0.45211190    0.49520602    0.35009793    0.26645492    0.15284584    0.10700629
WTZL    0.07589414    0.08680661    0.07810520    0.12745017    0.21240186    0.47639798    0.60330574    0.61290796    0.33076352    0.25416277    0.18792305    0.12346383
WTZR    0.09757397    0.08802090    0.10759293    0.17878643    0.28357645    0.41219507    0.43020667    0.47221249    0.33575889    0.25118685    0.15329247    0.10817226
WTZZ    0.09803217    0.08792915    0.11863920    0.19103066    0.28179391    0.42967306    0.47457469    0.47189241    0.35402939    0.26552569    0.15320722    0.11797966
WUHN    0.28286235    0.36944406    0.54103857    0.91163741    1.52919650    2.01313423    1.98399344    2.07329213    1.59619816    0.84744440    0.56424554    0.33273251
XIAN    0.16145713    0.34613162    0.46315837    0.83096760    1.51255915    2.18100895    2.26818440    2.44762707    1.38267991    0.89108337    0.49496405    0.18824103
XMIS    1.76739144    1.64465675    2.14766925    2.30170652    1.72698354    1.59189814    1.09068160    0.76808374    0.73479598    0.79539481    1.30452200    1.48911608
YAKT    0.02447594    0.02421058    0.03523885    0.08840500    0.20458714    0.41145882    0.58208466    0.47014921    0.20433574    0.07075509    0.02961522    0.02431349
YAKZ    0.01339583    0.01737321    0.01480339    0.07661524    0.22845673    0.28188551    0.39137321    0.42279780    0.14421188    0.07047137    0.01153438    0.01504575
YAR1    1.15073701    1.21347193    0.93426155    0.87039753    0.91690947    0.63462681    0.47742531    0.45519941    0.32150184    0.51778483    0.89411102    1.08119527
YAR2    0.85279727    0.81734295    0.63316499    0.51837438    0.39205636    0.40930775    0.37277236    0.33357267    0.33546793    0.31567821    0.42948805    0.51849453
YAR3    0.84449597    0.66087436    0.63122822    0.49530485    0.33219991    0.39146597    0.33254072    0.29766389    0.31722230    0.29991952    0.45253974    0.49152390
YARR    0.79008077    0.74054147    0.68823125    0.58421998    0.39208483    0.43216956    0.37273093    0.33341645    0.33305827    0.33544326    0.49293095    0.56046365
YCBA    2.26191423    2.60795192    1.87184316    1.39315460    1.25944179    0.97604995    0.89980442    1.09180185    1.62948417    2.42413771    2.47046520    2.51533707
YEBE    0.18992460    0.13931555    0.17638141    0.18975091    0.26631861    0.44728963    0.65485347    0.76668612    0.43097669    0.35303882    0.21811771    0.17690851
YELL    0.04808810    0.04777423    0.04808415    0.11875288    0.25013041    0.43264017    0.49643978    0.47473841    0.26582716    0.12914564    0.06250867    0.05520836
YIBL    0.48829251    0.81305896    0.66475374    1.06644244    1.33335185    1.72287413    2.00477885    2.62717575    1.92750355    1.16812472    1.08867835    0.92740536
YKRO    1.70161706    3.33750166    3.00301155    2.70326870    2.48745313    1.55557046    1.19285200    1.39388463    1.54128405    1.37201647    1.61796160    2.05942280
YSSK    0.02940330    0.02960536    0.06233572    0.14023128    0.28320418    0.43191000    0.55927607    0.61177101    0.39165806    0.21902441    0.07883986    0.03527399
ZAMB    1.22929010    1.31840354    1.19729174    1.00072594    0.65523188    0.33388068    0.29607315    0.41084681    0.53560697    0.70575726    1.18235422    1.06359619
ZECK    0.15243342    0.14030141    0.17774860    0.33556391    0.54163547    0.79148735    1.12685710    1.03519619    0.90715332    0.49661898    0.26531536    0.17875683
ZIM2    0.15173826    0.15289260    0.17843359    0.19175715    0.28283416    0.54031035    0.60600540    0.61143609    0.54036920    0.37224520    0.26435994    0.17835716
ZIM3    0.13989241    0.15189511    0.19077613    0.17729559    0.24519619    0.53668211    0.62074196    0.57359996    0.55042657    0.38923498    0.26484897    0.21863257
ZIMJ    0.17808020    0.15269867    0.17671119    0.25035439    0.31701255    0.58693739    0.63576533    0.61169628    0.51763321    0.41100782    0.21991074    0.17802930
ZIMM    0.15265678    0.15256066    0.17889232    0.20533889    0.31656027    0.53919926    0.61323263    0.58908398    0.49451841    0.39258072    0.23578827    0.16585219
ZWE2    0.07782975    0.10521871    0.09579993    0.17480488    0.26530599    0.42337510    0.47144686    0.55398713    0.32845306    0.23113856    0.10584378    0.10584378
ZWEN    0.09666522    0.10362869    0.10308159    0.23543971    0.29388614    0.53117951    0.66046237    0.61190677    0.46928932    0.30223531    0.09607880    0.08722105
