name detected metadata valid
ABMF     1    25     1
ABPO     3    11     1
ADE1     3     3     0
ADIS     5     2     0
AIRA     6    12     2
ALBH     9    28     1
ALGO     4    20     1
ALIC    12    29     3
ALRT    12     5     1
AMC2    10     8     2
ANKR    12    12     4
ANTC     6     7     0
AOML     2     7     2
AREG     2    15     2
AREQ    10    22     3
AREV     1    11     0
ARTU    13     1     0
ASC1     0     1     0
ASCG     3    15     2
ASPA     5    10     1
AUCK    10    20     4
AZGB     4     8     1
BADG    10     6     2
BAKE    10     6     0
BAKO    12    44     4
BAN2     6     1     0
BARH     7    24     1
BDOS     1     2     0
BHR1     1     4     0
BILI     7     0     0
BISK     2     3     1
BJCO     3    10     0
BJFS    11     7     1
BJNM     3     0     0
BNDY     1    13     1
BOAV     4    13     2
BOGO     5    12     0
BOGT     8    24     5
BOR1    14     9     2
BRAZ     7    35     2
BREW     8    13     2
BRFT     8     8     0
BRMU     4    15     3
BRST     8    29     1
BRUS     6    10     0
BRUX     4    25     3
BSHM     5    16     2
BUE2     1     3     0
CAGL     9     2     0
CAGS     8     7     1
CAGZ     5     9     2
CALL     4     3     1
CARR     1     5     1
CAS1    15    23     6
CCJ2     5    13     0
CCJM     2    10     0
CEDU    10    23     6
CFAG     5     5     0
CGGN     0     5     0
CHAN     6     2     1
CHAT     6     4     1
CHPG     1    18     1
CHPI     5    25     1
CHTI     4    11     0
CHUM     6     8     0
CHUR    10    21     3
CIC1     4     1     1
CICE     0     0     0
CKIS     1    13     0
CNMR     8    16     3
COCO    13    19     5
CONZ     4    17     3
CORD     7    15     2
COYQ     1     8     0
CPVG     4    18     3
CPXF     6    24     1
CRAO     1     2     0
CRAR    10     4     1
CRO1     9    20     3
CTWN     4     0     0
DAEJ    15     9     3
DAKA     2     6     2
DARW    12    30     2
DAV1    15    21     6
DAVR     5     2     1
DGAR     8    19     4
DGAV     3    10     1
DRAG     3    14     2
DRAO    16    31     5
DUBO    12    14     3
DUM1    16     0     0
EIL1     6     4     2
EISL     1     4     0
EPRT     7    16     3
ETAD     0     0     0
FAA1     7    12     1
FAIR    13    25     5
FAIV     4     4     1
FALE     4     7     0
FLIN    10    15     4
FLRS     1    13     0
FORT     3     5     2
FRDN     2    13     0
FTNA     2    16     2
FUNC     3    18     1
GALA     0     2     0
GANP    11    43     9
GLPS    10    16     4
GLSV    12    12     4
GMAS     3     2     0
GMSD     1    27     0
GODE     8    19     2
GODZ    18     8     1
GOL2     4     4     0
GOLD    13    12     2
GOPE    17    21     7
GOUG     2     1     0
GRAS    11    20     1
GRAZ    14    33     4
GUAM     8    23     4
GUAO     8     2     1
GUAT     8     7     1
GUUG     7    20     1
HARB    10    23     1
HERS    11    10     2
HERT     6    10     0
HLFX     3     6     0
HNLC     7     8     0
HNPT    14    23     5
HOB2    10    22     5
HOFN    12    24     4
HOLB     8    28     4
HOLM     9    10     2
HRAO    14    32     6
HRM1     2     5     0
HYDE    13     7     1
IDDR     1    17     1
IISC    11    15     2
ILHA     0     8     0
IMPZ     4    11     1
INEG     6    10     0
INVK    12     6     1
IQAL     9     5     2
IQUI     1     3     0
IRKJ    16     3     2
IRKT    10     1     0
ISBA    11     8     2
ISPA     0     7     0
JAB1     2    16     1
JOG2     2    15     0
JOZ2    14     9     1
JOZE    11     7     0
JPLM    12    36     1
JPLV     0     7     0
KARR     6    24     2
KAT1     3    13     0
KELY    10    17     3
KERG     6    27     1
KGNI     2     8     0
KHAJ     5     1     0
KHAR     4    19     1
KIR0     7    31     2
KIRI     3    22     0
KIRU    12    17     2
KIT3    15    15     2
KOKB    11    26     5
KOKV     3    14     2
KOSG     8    17     3
KOU1     2     1     0
KOUC     2    31     2
KOUG     5    21     0
KOUR    12    24     4
KRGG     2    24     0
KSMV     4    10     0
KSTU     2     4     2
KUNM     8     2     1
KWJ1     2     2     0
LAE1     4     3     1
LAMA    16    19     3
LAUT     1    16     0
LHAS     6     6     2
LHAZ    14    17     6
LMMF     5    20     3
LPAL     9    15     4
LPGS    10    25     3
M0SE     4    20     1
MAC1     7    19     1
MAD2     8     7     2
MADR     2    22     1
MAG0     9     3     3
MAJU     1    13     0
MAL2     7    10     3
MALD     2     0     0
MALI     3     3     1
MANA     8    11     0
MAS1    11    18     3
MAT1    11     7     1
MATE    14    33     2
MAUI     5     6     1
MAW1    16    18     6
MBAR     5    14     0
MCIL     4    15     2
MCM4    20    17     5
MDO1    13    23     4
MDVJ     8     7     1
MDVO     2     1     0
MEDI    18    13     2
METS    14    24     4
METZ     2     2     0
MGUE     3     9     1
MIZU     6    21     0
MKEA    10    19     4
MNLS     7    13     1
MOBJ    10     2     2
MOBK     2     0     0
MOBS     3    18     1
MONP    13    18     1
MORP     3    13     0
MQZG     6    19     3
MRO1     2     9     0
MSKU     0     0     0
MTKA     6     6     0
NAIN     0     8     0
NANO     6    14     2
NAUR     3    16     0
NICO    14    31     2
NIST     3     2     0
NIUM     2    14     0
NKLG     9    25     2
NLIB    17    16     4
NNOR    12    11     2
NOT1     5     9     0
NOTO     2     1     0
NOUM     1     4     0
NOVM    13     1     0
NRC1     9    21     2
NRIL    13     2     0
NRMD     7    31     4
NSSP     6     5     2
NTUS    10    21     4
NURK     3     9     2
NVSK    11     3     1
NYA1    13    11     3
NYAL    16     7     2
OHI2    13    18     1
OHI3     8    34     3
OHIG     2     7     2
ONSA     7    16     1
OPMT     3     0     0
OS0G     2     3     0
OSN1     2     3     1
OUS2     7    22     3
PADO     8    21     7
PALM    13    17     2
PALV     4     4     1
PARC     7    17     2
PARK     5    11     3
PBRI     3     4     1
PDEL     4    17     3
PENC    15    21     7
PERT    12    24     4
PETP     7     4     0
PFA2     2     6     0
PIE1     8    27     4
PIMO     8    21     2
POHN     6    23     2
POL2    10    17     2
POLV    12    14     2
POTS    11    32     4
POVE     5    16     2
PRDS     4    12     2
PRE1     6     2     0
PTAG     6    14     3
PTBB     4     8     1
PTVL     3    10     1
PVEP     0     9     0
QAQ1     8    26     3
QUI2     0     3     0
QUIN    11    31     3
RABT     7     6     1
RAMO    13    17     6
RBAY     4     7     0
RCMN     3     0     0
RECF     1    12     0
RESO     3     8     0
REUN     9    20     4
REYK    16    29     8
REYZ     2     5     0
RGDG     1    19     0
RIGA     4    27     2
RIO2     4    13     2
RIOG     2     2     0
RIOP     5     7     0
ROSA     4     4     1
ROTH     5     8     1
SALU     6    20     4
SAMO     4    14     0
SANT    10    25     3
SAVO     3    12     0
SCH2     7     8     1
SCOR    12    15     4
SCRZ     2    11     0
SCTB     4    13     2
SCUB     3    11     1
SELE     9     4     3
SEY1     3    17     1
SEYG     3    17     2
SFER     8    18     3
SHAO     9     6     1
SIMO     1     1     0
SIO3     6    28     3
SMST     3     5     2
SOFI    11    19     2
SOL1     7     9     2
SOLA     0     3     0
SPT0     4    19     2
SSIA     7    12     3
STHL     6    10     2
STJO     9    35     6
STK2     4    10     2
STR1     6    27     3
STR2     7    23     2
SUNM     6     0     0
SUTH    10    18     2
SUTM     6    12     2
SUTV     3     0     0
SUWN    15    17     3
SVTL     6     9     2
SYDN     7     6     1
SYOG    20    14     8
TABL    12    14     3
TABV     9    20     3
TAH1     5     1     0
TASH     6    17     0
TCMS     3     3     0
TEHN     0     5     0
THTG     6    23     0
THTI    12    11     1
THU1     7     2     1
THU2    11    21     3
THU3     4     4     0
TID1     7    16     4
TIDB     7    10     2
TITZ     5     8     3
TIXG    10     0     0
TIXI    10     5     1
TIXJ     2     1     0
TLSE     5    35     2
TN22     6    11     1
TNML     4     2     0
TONG     3    16     1
TOUL     1     0     0
TOW2     9    21     4
TRAB     2     0     0
TRO1     8    18     3
TROM     2     5     0
TSEA     9     7     3
TSKB     7    22     0
TUVA     1    14     1
TWTF     8     3     1
TXES     7    25     2
UFPR     1    12     0
ULAB    11    22     4
UNB3     2    24     1
UNBJ     3     5     0
UNBN     1     1     0
UNSA     8    20     3
UNTR     1    10     0
URUM    14    19     6
URUS     0     2     0
USN3     2     3     0
USNA     4    18     2
USNO     7     8     4
USUD     9    17     3
VACO     4     4     1
VALD     6    11     1
VENE     3     4     2
VESL     9     1     1
VIL0     4    25     2
VILL    10    19     4
VIS0     4    25     3
VNDP     0    29     0
VOIM     4    11     2
VTSP     6    15     2
WARK     2    16     1
WDC1     5     3     0
WDC3     1     0     0
WEL1     1     3     0
WES2     7    54     5
WGTN     5    17     3
WHIT    13    13     3
WILL    11    12     3
WIND     9    17     2
WROC    13    42     6
WSRT     9    16     3
WTZA     4    11     1
WTZL     2    16     0
WTZR     9    47     5
WTZZ     8    46     2
WUHN    16     9     4
XIAN     4     2     1
XMIS     5    15     3
YAKT    12     1     1
YAKZ     1     1     1
YAR1     3     8     2
YAR2     7    21     2
YAR3     6    16     1
YARR     8    12     3
YCBA     2     2     0
YEBE     6    16     2
YELL    15    19     2
YIBL     1     5     0
YKRO     6    10     1
YSSK     9     2     0
ZAMB     6    12     2
ZECK    14    12     3
ZIM2     6    24     4
ZIM3     3    16     1
ZIMJ     9    14     3
ZIMM     9    22     5
ZWE2     6     1     1
ZWEN     1     5     1
