name detected metadata valid
ABMF     5    25     2
ABPO     8    11     1
ADE1     3     3     0
ADIS     4     2     0
AIRA     7    12     2
ALBH    13    28     2
ALGO     4    20     1
ALIC    14    29     3
ALRT    18     5     2
AMC2    11     8     3
ANKR    13    12     4
ANTC     7     7     0
AOML     2     7     1
AREG     5    15     3
AREQ    11    22     4
AREV     4    11     3
ARTU    16     1     0
ASC1     0     1     0
ASCG     3    15     2
ASPA     6    10     2
AUCK    11    20     4
AZGB     4     8     1
BADG     9     6     1
BAKE    18     6     0
BAKO    13    44     4
BAN2    10     1     0
BARH     5    24     1
BDOS     1     2     0
BHR1     8     4     1
BILI     9     0     0
BISK     3     3     1
BJCO     4    10     1
BJFS    14     7     1
BJNM     3     0     0
BNDY     1    13     1
BOAV     7    13     2
BOGO     4    12     0
BOGT    12    24     4
BOR1    14     9     2
BRAZ    13    35     5
BREW     6    13     0
BRFT     9     8     0
BRMU     4    15     2
BRST     9    29     3
BRUS     6    10     0
BRUX     4    25     3
BSHM     5    16     2
BUE2     2     3     0
CAGL    14     2     0
CAGS     8     7     1
CAGZ     5     9     2
CALL     6     3     0
CARR     5     5     3
CAS1    14    23     4
CCJ2     6    13     0
CCJM     2    10     0
CEDU    12    23     7
CFAG    11     5     0
CGGN     3     5     1
CHAN     6     2     1
CHAT     5     4     1
CHPG     4    18     4
CHPI     8    25     3
CHTI     4    11     0
CHUM    13     8     2
CHUR    19    21     5
CIC1     7     1     0
CICE     0     0     0
CKIS     1    13     0
CNMR     9    16     2
COCO    16    19     6
CONZ     7    17     5
CORD     9    15     3
COYQ     2     8     0
CPVG     4    18     3
CPXF    10    24     3
CRAO     3     2     1
CRAR    16     4     1
CRO1     9    20     4
CTWN     5     0     0
DAEJ    22     9     3
DAKA     1     6     1
DARW    11    30     2
DAV1    17    21     7
DAVR     6     2     2
DGAR    10    19     3
DGAV     3    10     1
DRAG     6    14     3
DRAO    18    31     5
DUBO    15    14     5
DUM1    18     0     0
EIL1    12     4     1
EISL     1     4     0
EPRT     6    16     2
ETAD     0     0     0
FAA1    10    12     1
FAIR    14    25     5
FAIV     8     4     1
FALE     2     7     0
FLIN    18    15     5
FLRS     2    13     0
FORT     3     5     2
FRDN     2    13     0
FTNA     1    16     1
FUNC     3    18     2
GALA     1     2     0
GANP    16    43    11
GLPS    15    16     3
GLSV    12    12     4
GMAS     5     2     1
GMSD     1    27     0
GODE     8    19     1
GODZ    21     8     1
GOL2     5     4     1
GOLD    12    12     2
GOPE    18    21     8
GOUG     4     1     0
GRAS    11    20     0
GRAZ    15    33     5
GUAM    14    23     4
GUAO    11     2     1
GUAT     8     7     1
GUUG    10    20     2
HARB    15    23     1
HERS    15    10     2
HERT     9    10     0
HLFX     2     6     0
HNLC     6     8     0
HNPT    15    23     4
HOB2    12    22     5
HOFN    12    24     4
HOLB    13    28     5
HOLM     9    10     2
HRAO    19    32     6
HRM1     2     5     0
HYDE    15     7     1
IDDR     5    17     4
IISC    20    15     5
ILHA     0     8     0
IMPZ     7    11     0
INEG     5    10     0
INVK    13     6     1
IQAL    14     5     3
IQUI     2     3     1
IRKJ    16     3     2
IRKT    12     1     0
ISBA    11     8     1
ISPA     0     7     0
JAB1     2    16     1
JOG2     3    15     0
JOZ2    16     9     1
JOZE    10     7     0
JPLM    14    36     1
JPLV     4     7     0
KARR    10    24     2
KAT1     2    13     0
KELY    10    17     3
KERG    11    27     1
KGNI     5     8     1
KHAJ     7     1     0
KHAR     5    19     1
KIR0    16    31     3
KIRI     3    22     0
KIRU    14    17     2
KIT3    27    15     3
KOKB    13    26     4
KOKV     5    14     2
KOSG     9    17     3
KOU1     1     1     0
KOUC     2    31     2
KOUG     6    21     0
KOUR    18    24     6
KRGG     2    24     0
KSMV     8    10     1
KSTU     2     4     2
KUNM    10     2     0
KWJ1     2     2     0
LAE1     4     3     1
LAMA    18    19     3
LAUT     1    16     0
LHAS     8     6     2
LHAZ    15    17     5
LMMF     4    20     2
LPAL     8    15     4
LPGS    10    25     3
M0SE     5    20     1
MAC1     6    19     0
MAD2    10     7     3
MADR     0    22     0
MAG0    14     3     3
MAJU     0    13     0
MAL2    10    10     3
MALD     2     0     0
MALI     3     3     1
MANA     8    11     2
MAS1    11    18     3
MAT1     8     7     1
MATE    22    33     2
MAUI     4     6     1
MAW1    22    18     8
MBAR     7    14     2
MCIL     6    15     3
MCM4    24    17     5
MDO1    18    23     7
MDVJ    18     7     0
MDVO     3     1     0
MEDI    24    13     2
METS    15    24     4
METZ     3     2     0
MGUE     3     9     1
MIZU     6    21     0
MKEA    10    19     4
MNLS     9    13     1
MOBJ    13     2     2
MOBK     2     0     0
MOBS     3    18     1
MONP    12    18     2
MORP    11    13     0
MQZG     6    19     2
MRO1     4     9     1
MSKU     0     0     0
MTKA     6     6     0
NAIN     0     8     0
NANO    10    14     3
NAUR     3    16     0
NICO    18    31     1
NIST     9     2     1
NIUM     1    14     0
NKLG    19    25     2
NLIB    23    16     5
NNOR    13    11     2
NOT1     7     9     1
NOTO     4     1     0
NOUM     1     4     0
NOVM    16     1     0
NRC1    12    21     3
NRIL    12     2     0
NRMD     9    31     4
NSSP     9     5     3
NTUS    12    21     6
NURK     4     9     1
NVSK    13     3     2
NYA1    19    11     3
NYAL    22     7     2
OHI2    14    18     1
OHI3     7    34     2
OHIG     3     7     2
ONSA    14    16     1
OPMT     4     0     0
OS0G     3     3     1
OSN1     8     3     0
OUS2     7    22     3
PADO    10    21     9
PALM    15    17     3
PALV     3     4     1
PARC     8    17     1
PARK     3    11     2
PBRI     2     4     1
PDEL     4    17     3
PENC    19    21     9
PERT    15    24     4
PETP     7     4     1
PFA2     3     6     0
PIE1    15    27     2
PIMO    10    21     3
POHN     6    23     2
POL2    13    17     2
POLV    14    14     3
POTS    18    32     6
POVE     9    16     2
PRDS     5    12     2
PRE1     8     2     0
PTAG     8    14     3
PTBB     4     8     1
PTVL     3    10     1
PVEP     0     9     0
QAQ1     6    26     3
QUI2     0     3     0
QUIN    15    31     3
RABT    12     6     1
RAMO    15    17     6
RBAY     5     7     1
RCMN     3     0     0
RECF     1    12     0
RESO     7     8     2
REUN    11    20     3
REYK    21    29     8
REYZ     7     5     2
RGDG     1    19     0
RIGA     7    27     2
RIO2     6    13     2
RIOG     2     2     0
RIOP     4     7     2
ROSA     3     4     1
ROTH     6     8     0
SALU    12    20     7
SAMO     3    14     0
SANT    13    25     5
SAVO     4    12     1
SCH2    16     8     2
SCOR    21    15     7
SCRZ     4    11     0
SCTB    10    13     2
SCUB     4    11     2
SELE    16     4     3
SEY1     5    17     2
SEYG     5    17     1
SFER    11    18     3
SHAO     9     6     1
SIMO     1     1     0
SIO3    11    28     3
SMST     4     5     2
SOFI    14    19     2
SOL1     7     9     1
SOLA     3     3     2
SPT0     4    19     2
SSIA     8    12     3
STHL    10    10     2
STJO     8    35     5
STK2     4    10     1
STR1     5    27     4
STR2     6    23     2
SUNM     6     0     0
SUTH     8    18     1
SUTM     8    12     2
SUTV     3     0     0
SUWN    22    17     3
SVTL     6     9     1
SYDN     7     6     1
SYOG    24    14     9
TABL    15    14     3
TABV     8    20     3
TAH1     4     1     0
TASH    16    17     1
TCMS     4     3     0
TEHN     1     5     0
THTG     6    23     0
THTI    15    11     1
THU1     6     2     1
THU2    13    21     4
THU3     6     4     0
TID1     7    16     4
TIDB     7    10     2
TITZ     5     8     3
TIXG    14     0     0
TIXI    12     5     1
TIXJ     5     1     1
TLSE     5    35     2
TN22     7    11     1
TNML     5     2     0
TONG     3    16     1
TOUL     0     0     0
TOW2    11    21     3
TRAB     8     0     0
TRO1     4    18     2
TROM     2     5     0
TSEA    11     7     2
TSKB    15    22     1
TUVA     1    14     1
TWTF    10     3     1
TXES    14    25     3
UFPR     1    12     0
ULAB    17    22     5
UNB3     2    24     1
UNBJ     3     5     0
UNBN     0     1     0
UNSA     7    20     4
UNTR     1    10     0
URUM    22    19     8
URUS     3     2     1
USN3     4     3     0
USNA     6    18     2
USNO    11     8     5
USUD     9    17     3
VACO     5     4     1
VALD    10    11     1
VENE    11     4     2
VESL     9     1     0
VIL0     3    25     2
VILL    13    19     3
VIS0     5    25     2
VNDP     2    29     0
VOIM     3    11     1
VTSP     7    15     2
WARK     2    16     1
WDC1     5     3     0
WDC3     1     0     0
WEL1     1     3     0
WES2     7    54     5
WGTN     5    17     3
WHIT    19    13     4
WILL    14    12     3
WIND     9    17     2
WROC    15    42     7
WSRT    15    16     3
WTZA     7    11     1
WTZL     2    16     0
WTZR    10    47     5
WTZZ     9    46     3
WUHN    21     9     4
XIAN     7     2     1
XMIS     6    15     3
YAKT    18     1     1
YAKZ     4     1     1
YAR1     5     8     2
YAR2     9    21     2
YAR3     3    16     1
YARR     9    12     3
YCBA     6     2     0
YEBE     7    16     2
YELL    23    19     4
YIBL     2     5     0
YKRO    15    10     2
YSSK    12     2     0
ZAMB    13    12     3
ZECK    14    12     2
ZIM2     8    24     5
ZIM3     3    16     1
ZIMJ    13    14     3
ZIMM    11    22     5
ZWE2     7     1     1
ZWEN     4     5     1
