name     tbegin       tend     mu_L     mu_R     se_L     se_R  np_L  np_R    tstat       pval signif
ABPO 2016-03-27 2016-03-29  -0.4167  -0.3382  +0.0348  +0.0497   718   254  -1.2952  1.952e-01     0
ABPO 2020-05-10 2020-05-11  +0.0574  -0.3096  +0.0415  +0.0505   573   326  +5.6140  1.978e-08     1
ABPO 2021-04-07 2021-06-15  -0.3096  -0.4462  +0.0505  +0.0336   326   769  +2.2505  2.441e-02     1
ABPO 2024-08-18 2025-05-04  +0.3937       NA  +0.0624       NA   231    NA       NA         NA    NA
AOML 1998-06-05 1998-08-15  -0.6636  -1.0639  +0.0795  +0.0658   178   312  +3.8779  1.054e-04     1
AOML 1999-07-22 1999-10-03  -1.0639  -1.2048  +0.0658  +0.0771   312   215  +1.3893  1.647e-01     0
AREQ 1994-04-18 1994-12-08       NA  +1.2862       NA  +0.0244    NA  1480       NA         NA    NA
AREQ 2004-08-09 2004-09-06  +1.7972  +1.5011  +0.0313  +0.0122   902  6011  +8.8255  1.090e-18     1
AREV 2011-11-08 2012-01-11       NA  +2.1145       NA  +0.0665    NA   189       NA         NA    NA
AREV 2014-02-02 2014-04-20  +1.4507  +1.5135  +0.0487  +0.0383   429   606  -1.0135  3.108e-01     0
AREV 2016-01-08 2016-03-30  +1.5135  +1.6092  +0.0383  +0.0400   606   524  -1.7290  8.382e-02     0
ASC1 2003-12-28 2004-01-10  -0.5906  -0.3924  +0.0232  +0.0540  1481   319  -3.3753  7.373e-04     1
BADG 2005-12-26 2006-02-12  +0.0641  +0.0192  +0.0280  +0.0086   237  1279  +1.5303  1.259e-01     0
BDOS 2009-03-26 2009-05-03  -0.4050  -0.0453  +0.0353  +0.0928  1039   164  -3.6237  2.904e-04     1
BDOS 2009-11-14 2009-11-22  -0.0453  -0.1693  +0.0928  +0.0351   164  1061  +1.2509  2.110e-01     0
BILI 2001-12-15 2002-01-24  +0.0794  +0.1709  +0.0090  +0.0050   689  2121  -8.8710  7.252e-19     1
BISK 2015-02-11 2015-02-13  +0.2916  +0.4172  +0.0232  +0.0158   356   783  -4.4808  7.437e-06     1
BJCO 2014-12-25 2015-01-03  +0.9683  +1.0127  +0.0305  +0.0432  1727   844  -0.8397  4.011e-01     0
BJCO 2017-12-22 2017-12-27  +1.0127  +1.0632  +0.0432  +0.0753   844   333  -0.5813  5.610e-01     0
BJNM 2015-01-02 2015-01-28  +0.5871  +0.2992  +0.0261  +0.0350   299   217  +6.5993  4.131e-11     1
BJNM 2018-03-12 2018-03-14  +0.5727  +0.6515  +0.0158  +0.0205   549   400  -3.0450  2.327e-03     1
BNDY 2009-02-14 2009-02-26  -0.0620  -0.3248  +0.0555  +0.0598   324   230  +3.2206  1.279e-03     1
BNDY 2009-11-07 2009-11-19  -0.3248  -0.1119  +0.0598  +0.0164   230  3527  -3.4322  5.987e-04     1
BNDY 2022-09-11 2022-09-11  -0.1119  +0.0447  +0.0164  +0.0287  3527  1161  -4.7395  2.142e-06     1
BOGT 1998-06-15 1999-02-26  +0.3641  -0.5731  +0.0427  +0.0249   309   919 +18.9494  4.464e-80     1
BOGT 2005-05-19 2005-05-28  -0.5731  -0.6262  +0.0249  +0.0112   919  4615  +1.9416  5.218e-02     0
BREW 2025-12-07 2025-12-30  -0.0961       NA  +0.0112       NA  2163    NA       NA         NA    NA
BUE2 2007-09-04 2007-09-14  +0.2007  +0.2029  +0.0335  +0.0266   623  1002  -0.0528  9.579e-01     0
CARR 1999-05-19 1999-10-26  -0.1266  -0.1816  +0.0191  +0.0230  1637  1119  +1.8442  6.515e-02     0
CAS1 1997-04-21 1997-11-05  -0.0171  -0.2975  +0.0109  +0.0118   551   488 +17.4552  3.141e-68     1
CCJ2 2024-06-20 2024-09-05  +0.1734  -0.1310  +0.0454  +0.0403   353   468  +5.0103  5.435e-07     1
CGGN 2011-09-16 2012-01-21       NA  +0.7145       NA  +0.0846    NA   124       NA         NA    NA
CGGN 2012-11-07 2013-01-20  +0.7145  +0.9919  +0.0846  +0.0663   124   201  -2.5808  9.857e-03     1
CGGN 2013-11-27 2014-01-02  +0.9919  +0.6956  +0.0663  +0.0684   201   160  +3.1089  1.878e-03     1
CGGN 2015-11-19 2016-07-11  +0.6956       NA  +0.0684       NA   160    NA       NA         NA    NA
CHAN 2012-11-11 2013-01-15  +0.0312  +0.0394  +0.0075  +0.0178  1550   285  -0.4291  6.679e-01     0
CHAN 2025-11-21 2025-12-30  +0.0394       NA  +0.0178       NA   285    NA       NA         NA    NA
CHUM 1997-10-14 1997-12-23       NA  +0.9866       NA  +0.0572    NA   203       NA         NA    NA
CHUM 1999-06-07 1999-09-23  +0.1534  -0.1605  +0.0482  +0.0573   192   128  +4.1950  2.729e-05     1
CHUM 2000-05-10 2000-09-19  -0.1605  -0.0497  +0.0573  +0.0267   128   753  -1.7548  7.929e-02     0
CIC1 1999-10-25 1999-10-25  +0.4165  -0.0009  +0.0644  +0.0274   192   691  +5.9613  2.502e-09     1
CICE 1995-11-14 1996-01-05  +0.1698  +0.0371  +0.0682  +0.0238   179  1024  +1.8374  6.615e-02     0
COCO 1999-07-01 1999-12-19  -0.5742  -0.1478  +0.0409  +0.0741   629   225  -5.0400  4.656e-07     1
CONZ 2007-11-23 2008-02-27  -0.4337  -0.5289  +0.0165  +0.0204  1868  1206  +3.6229  2.913e-04     1
CPXF 2021-04-11 2021-07-22  +0.5225  -0.0709  +0.0143  +0.0145  1146  1073 +29.1416 1.066e-186     1
DAKA 2002-03-23 2002-04-09       NA  +0.4884       NA  +0.0942    NA   137       NA         NA    NA
DAKA 2002-10-29 2002-12-06  +0.4884  +0.1750  +0.0942  +0.0527   137   292  +2.9037  3.688e-03     1
DAKA 2004-02-26 2004-02-27  +0.1750  -0.0457  +0.0527  +0.0494   292   302  +3.0534  2.263e-03     1
DARW 2002-03-11 2002-05-25  -0.5835  -0.7311  +0.0313  +0.0334  1147  1053  +3.2264  1.253e-03     1
DAVR 2005-04-10 2007-08-10  -0.0419  +0.0088  +0.0085  +0.0097   508   404  -3.9337  8.366e-05     1
DGAV 2011-10-03 2012-02-11  -0.3869  -0.3857  +0.0459  +0.0303   697  1619  -0.0218  9.826e-01     0
EIL1 2004-11-14 2004-12-16  -0.0298  +0.1854  +0.0090  +0.0123  1445   720 -14.0871  4.558e-45     1
EIL1 2007-01-06 2007-02-12  +0.1854  +0.1044  +0.0123  +0.0096   720  1221  +5.1807  2.210e-07     1
EISL 1994-05-04 1994-06-23       NA  -0.9921       NA  +0.0346    NA   958       NA         NA    NA
EISL 2000-03-16 2000-05-13  -0.9921  -1.1879  +0.0346  +0.0451   958   489  +3.4464  5.681e-04     1
ETAD 2010-01-13 2010-02-20  +0.0437  +0.2294  +0.0380  +0.0360   434   486  -3.5442  3.938e-04     1
FAIR 2021-12-25 2022-01-22  +1.2240  +0.9489  +0.0079  +0.0168  1494   347 +14.8179  1.122e-49     1
FAIR 2023-01-15 2023-03-07  +0.9489  +1.1012  +0.0168  +0.0100   347   987  -7.7989  6.244e-15     1
FALE 2003-02-16 2003-02-17  +0.4147  +0.5062  +0.0682  +0.0380   488  1541  -1.1728  2.409e-01     0
FRDN 2023-01-17 2023-01-18  +0.3420  +0.2365  +0.0091  +0.0141  2378   985  +6.2639  3.754e-10     1
FTNA 2021-09-18 2021-12-02  -1.5362  -1.3038  +0.1160  +0.0961   167   220  -1.5423  1.230e-01     0
FTNA 2022-10-26 2022-11-01  -1.3038  -0.7677  +0.0961  +0.0919   220   266  -4.0308  5.559e-05     1
FUNC 2020-12-03 2021-01-21  +0.7059  +0.5643  +0.0227  +0.0190  1209  1694  +4.7910  1.660e-06     1
GALA 1997-12-19 1998-05-21  +0.5545  +0.7749  +0.0586  +0.0355   409  1074  -3.2170  1.295e-03     1
GALA 2002-10-26 2002-11-08  +0.7749       NA  +0.0355       NA  1074    NA       NA         NA    NA
GLSV 2001-06-16 2001-08-09  +0.6054  +0.5597  +0.0138  +0.0095  1093  2249  +2.7263  6.406e-03     1
GMAS 2003-04-13 2008-02-19       NA  -0.7214       NA  +0.0294    NA   866       NA         NA    NA
GMSD 2007-07-06 2007-08-31  -0.1281  -0.0664  +0.0307  +0.0154   978  3960  -1.7950  7.265e-02     0
GOUG 2007-08-05 2007-10-09  -0.0283  +1.3306  +0.0177  +0.0636  2010   167 -20.5841  3.812e-94     1
GOUG 2008-06-14 2008-09-17  +1.3306       NA  +0.0636       NA   167    NA       NA         NA    NA
GUAT 2019-12-25 2019-12-28  -0.3601  -0.5329  +0.0131  +0.0304  5885  1060  +5.2116  1.872e-07     1
GUUG 2010-06-26 2010-09-27  -0.2075  -0.1460  +0.0231  +0.0221  2243  2418  -1.9257  5.414e-02     0
HLFX 2002-12-21 2003-01-12       NA  +0.0704       NA  +0.0071    NA  4963       NA         NA    NA
HNLC 2018-02-28 2018-03-12  -0.0212  +0.2113  +0.0173  +0.0367  4326   969  -5.7283  1.015e-08     1
HOB2 1999-09-02 1999-12-01  -0.2453  -0.1559  +0.0189  +0.0197   858   844  -3.2760  1.053e-03     1
HOLB 1994-01-06 1994-04-27       NA  +0.2072       NA  +0.0072    NA  4617       NA         NA    NA
HRM1 2004-08-01 2004-08-24  +0.3016  +0.4620  +0.0117  +0.0109  1896  2171 -10.0375  1.043e-23     1
ILHA 2009-05-06 2009-05-12  +0.6679  +0.5697  +0.0621  +0.0396   387   844  +1.3344  1.821e-01     0
IMPZ 2009-09-13 2009-11-26  -0.7033  -0.6289  +0.0395  +0.0306  1041  1845  -1.4870  1.370e-01     0
INVK 2015-11-27 2016-02-23  -0.0699  -0.4868  +0.0036  +0.0124  4200   317 +32.3882 4.018e-230     1
IRKT 2000-02-24 2000-04-29  +0.0199  +0.2262  +0.0088  +0.0203  1464   294  -9.3191  1.174e-20     1
ISBA 2009-01-02 2009-02-10       NA  -0.3430       NA  +0.0564    NA   208       NA         NA    NA
JAB1 2000-09-01 2000-09-10  -0.9401  -0.5700  +0.0548  +0.0305   498  1776  -5.9022  3.587e-09     1
JOZE 1994-12-26 1995-01-04  +0.7286  +0.1244  +0.0258  +0.0045   321 10411 +23.0732 8.598e-118     1
JPLV 2009-03-22 2009-04-05  +0.0438  +0.3123  +0.0320  +0.0231   400   864  -6.7990  1.053e-11     1
KAT1 2013-06-19 2013-06-20  -0.1732  -0.3684  +0.0476  +0.0254   572  1787  +3.6157  2.995e-04     1
KHAJ 2009-12-22 2010-01-24  +0.7996  +0.9852  +0.0052  +0.0099  2612   696 -16.5971  7.311e-62     1
KHAR 2005-11-06 2005-11-08  +0.6219  +0.6242  +0.0187  +0.0127   612  1145  -0.1017  9.190e-01     0
KIR0 2016-01-26 2016-03-08  +0.1778  +0.3073  +0.0038  +0.0125  5841   595  -9.9309  3.055e-23     1
KIR0 2017-12-07 2018-02-07  +0.3073  +0.3937  +0.0125  +0.0144   595   384  -4.5336  5.798e-06     1
KIRU 2005-01-05 2005-02-24  +0.6965  +0.9013  +0.0053  +0.0061  3597  2729 -25.3166 2.098e-141     1
KOSG 2013-04-27 2013-10-06  +0.5144  +0.2491  +0.0268  +0.0288   346   230  +6.7471  1.508e-11     1
KOU1 2005-01-14 2005-01-27  +0.4602  -0.0653  +0.0541  +0.0824   564   215  +5.3298  9.834e-08     1
KOU1 2005-09-28 2005-09-30  -0.0653  +0.2729  +0.0824  +0.0709   215   321  -3.1100  1.871e-03     1
KOUG 2023-08-28 2023-11-16  +1.4169  +0.9515  +0.0242  +0.0682  1949   244  +6.4335  1.247e-10     1
KWJ1 1996-03-18 1996-09-12       NA  -0.0621       NA  +0.0485    NA   653       NA         NA    NA
LAE1 2023-10-07 2023-10-08  +0.3823       NA  +0.0761       NA   618    NA       NA         NA    NA
LAUT 2019-12-04 2019-12-06  +0.1977  -0.2437  +0.0439  +0.0297   987  2171  +8.3195  8.831e-17     1
LHAS 1996-11-06 1996-12-03  +0.7463  +1.0307  +0.0379  +0.0307   354   510  -5.8307  5.519e-09     1
M0SE 2022-05-26 2022-09-20  +0.2015  +0.3311  +0.0320  +0.0181   318  1058  -3.5225  4.276e-04     1
MAC1 2009-03-26 2009-04-19  +0.7960  +0.7841  +0.0127  +0.0146  1209   900  +0.6172  5.371e-01     0
MAD2 1997-10-31 1998-03-12       NA  +0.4739       NA  +0.0268    NA   573       NA         NA    NA
MAD2 2000-11-07 2001-01-26  -0.6579  -0.1581  +0.0368  +0.0201   290   965 -11.9146  9.933e-33     1
MADR 2004-07-23 2023-01-08  +0.1369  +0.2060  +0.0547  +0.0274   123   389  -1.1293  2.588e-01     0
MADR 2024-02-07 2024-02-29  +0.2060  +0.0566  +0.0274  +0.0305   389   348  +3.6413  2.713e-04     1
MADR 2025-02-15 2025-02-25  +0.0566  +0.0542  +0.0305  +0.0341   348   307  +0.0530  9.577e-01     0
MALI 2000-01-29 2000-07-03  -0.0902  -0.1812  +0.0521  +0.0653   697   442  +1.0899  2.758e-01     0
MALI 2002-07-13 2002-07-16  -0.1812  -0.1534  +0.0653  +0.0942   442   204  -0.2425  8.084e-01     0
MALI 2003-03-20 2003-05-14  -0.1534  -0.0383  +0.0942  +0.0625   204   467  -1.0187  3.083e-01     0
MALI 2005-02-27 2005-03-05  -0.0383  -0.2205  +0.0625  +0.0784   467   309  +1.8177  6.911e-02     0
MALI 2006-02-05 2006-02-24  -0.2205  -0.5464  +0.0784  +0.0465   309   886  +3.5757  3.493e-04     1
MATE 1996-04-24 1996-06-23  -0.4509  -0.2946  +0.0285  +0.0153   440  1815  -4.8292  1.371e-06     1
MAUI 2000-07-20 2000-11-16  +0.3087  +0.4841  +0.0170  +0.0256   463   188  -5.7031  1.177e-08     1
MAUI 2001-06-01 2001-06-09  +0.4841  +0.3633  +0.0256  +0.0119   188   946  +4.2780  1.886e-05     1
MAUI 2004-03-22 2004-05-12  +0.3633  +0.4336  +0.0119  +0.0112   946  1092  -4.3043  1.675e-05     1
MAUI 2008-01-07 2008-01-10  +0.4336  +0.3939  +0.0112  +0.0205  1092   323  +1.6956  8.997e-02     0
MAUI 2008-12-26 2009-01-02  +0.3939  +0.4043  +0.0205  +0.0112   323  1057  -0.4413  6.590e-01     0
MAW1 1994-01-16 1995-09-20       NA  +0.5055       NA  +0.0061    NA   972       NA         NA    NA
MCIL 2022-06-20 2022-08-29  -0.7493  -0.4897  +0.0389  +0.0429   483   413  -4.4842  7.320e-06     1
MDVO 1999-02-23 1999-03-22  +0.3883  +0.3125  +0.0143  +0.0156   867   856  +3.5795  3.442e-04     1
MDVO 2001-12-09 2002-02-13  +0.3125  +0.2646  +0.0156  +0.0371   856   193  +1.1885  2.346e-01     0
MDVO 2002-10-16 2003-01-15  +0.2646       NA  +0.0371       NA   193    NA       NA         NA    NA
MEDI 1998-04-23 1998-08-16  +0.6173  +0.4528  +0.0230  +0.0119   704  2688  +6.3469  2.197e-10     1
MOBJ 2021-12-18 2022-06-03  +0.5531       NA  +0.0081       NA  3030    NA       NA         NA    NA
MOBK 2018-02-03 2018-03-19  +0.5742  +0.3850  +0.0117  +0.0148  1436   975 +10.0436  9.803e-24     1
MORP 2014-06-23 2014-07-08  -0.4182  -0.3126  +0.0352  +0.0193   159   650  -2.6295  8.552e-03     1
MORP 2024-05-06 2024-07-28  -0.0460  +0.1271  +0.0097  +0.0245  2627   435  -6.5751  4.863e-11     1
MRO1 2024-06-12 2024-06-17  -0.2600  -0.4453  +0.0184  +0.0253  1090   542  +5.9231  3.160e-09     1
MSKU 2002-06-17 2002-08-23  +0.7123  +0.3208  +0.0833  +0.0586   319   646  +3.8448  1.207e-04     1
MSKU 2006-08-02 2006-12-09  +0.3208       NA  +0.0586       NA   646    NA       NA         NA    NA
NAIN 2017-02-26 2017-03-04  +0.3236  +0.2772  +0.0057  +0.0116  3204   757  +3.5816  3.416e-04     1
NOTO 1996-11-05 1997-01-26  +0.8194  +0.4936  +0.0930  +0.0566   169   267  +2.9936  2.757e-03     1
NOTO 1998-02-28 1998-03-28  -0.0695  +0.1483  +0.0674  +0.0313   123   833  -2.9322  3.365e-03     1
NRC1 1998-01-11 1998-02-28  +0.3880  +0.2015  +0.0185  +0.0110   679  1686  +8.6872  3.714e-18     1
NSSP 1998-01-06 1998-03-16       NA  +0.2494       NA  +0.0502    NA   211       NA         NA    NA
NSSP 2004-03-03 2004-06-18  -0.3612  -0.3288  +0.0183  +0.0291   625   283  -0.9420  3.462e-01     0
NSSP 2007-08-31 2007-10-03  -0.1888  +0.0828  +0.0280  +0.0254   344   413  -7.1776  7.094e-13     1
NSSP 2009-06-30 2009-09-07  -0.1480  -0.0091  +0.0323  +0.0285   199   286  -3.2274  1.249e-03     1
NURK 2009-11-30 2010-01-08  -0.6070  -0.9122  +0.0500  +0.0614   339   214  +3.8532  1.166e-04     1
NURK 2011-06-07 2011-06-10  +0.0109  +0.0833  +0.0657  +0.0357   225   668  -0.9692  3.325e-01     0
NVSK 2010-11-30 2011-01-29  -0.4603  -1.2261  +0.0071  +0.0091  3093  1938 +66.2177  0.000e+00     1
OHIG 2001-10-05 2002-02-19  +0.6196       NA  +0.0290       NA   275    NA       NA         NA    NA
OS0G 1998-10-24 1999-02-02       NA  +0.2791       NA  +0.0118    NA  1500       NA         NA    NA
PADO 2016-05-30 2016-09-21  +0.4882  +0.7612  +0.0215  +0.0117   853  3010 -11.1395  8.054e-29     1
PETP 2005-01-27 2005-02-01  +0.5643  +0.5614  +0.0149  +0.0104   436   996  +0.1566  8.756e-01     0
PETP 2008-02-15 2008-03-05  +0.5614  +0.3337  +0.0104  +0.0125   996   721 +13.9606  2.712e-44     1
PFA2 2016-11-23 2017-02-18  -0.4173  -0.4044  +0.0167  +0.0315   960   291  -0.3614  7.178e-01     0
POL2 1997-08-06 1997-10-30  +0.6853  +0.6761  +0.0283  +0.0235   578   682  +0.2519  8.011e-01     0
POL2 1999-12-15 2000-02-29  +0.6761  +1.3767  +0.0235  +0.0693   682   170  -9.5753  1.016e-21     1
PRDS 2019-03-19 2019-03-22  +0.0414  +0.0358  +0.0125  +0.0103   743  1254  +0.3446  7.304e-01     0
PRDS 2022-10-03 2022-10-09  +0.0358  +0.1764  +0.0103  +0.0212  1254   191  -5.9644  2.456e-09     1
PRDS 2023-04-21 2023-08-10  +0.1764  +0.1296  +0.0212  +0.0208   191   257  +1.5731  1.157e-01     0
PRE1 2001-08-16 2001-09-04  +0.3705  +0.1477  +0.0261  +0.0249   690   718  +6.1692  6.862e-10     1
PTVL 2017-02-14 2017-07-17       NA  -0.6387       NA  +0.0443    NA   845       NA         NA    NA
PTVL 2022-05-18 2023-01-12  -0.6387  -0.6185  +0.0443  +0.0404   845  1016  -0.3365  7.365e-01     0
PVEP 1998-12-26 1999-01-14  -0.1921  -0.0225  +0.0438  +0.0623   334   147  -2.2270  2.595e-02     0
PVEP 1999-06-12 1999-06-30  -0.0225  -0.0274  +0.0623  +0.0429   147   331  +0.0649  9.482e-01     0
PVEP 2000-06-20 2000-08-05  -0.0274       NA  +0.0429       NA   331    NA       NA         NA    NA
RABT 2005-04-26 2005-04-27  +0.5325  -0.2884  +0.0203  +0.0713  1592   188 +11.0756  1.648e-28     1
REYZ 2000-06-20 2000-08-23  +0.2724  +0.3656  +0.0199  +0.0132   381   881  -3.8949  9.824e-05     1
RIGA 2022-12-04 2022-12-21  +0.3013  +0.2002  +0.0212  +0.0137   443  1078  +4.0083  6.116e-05     1
RIO2 2016-03-11 2016-07-07  +0.3821  +0.3496  +0.0135  +0.0256  1144   313  +1.1216  2.620e-01     0
RIOP 1999-02-12 2000-12-20  +0.3968  -0.4900  +0.0519  +0.0102   192  5310 +16.7658  4.343e-63     1
ROSA 2008-10-28 2008-11-11  +0.2237  +0.5834  +0.0530  +0.0306   455  1530  -5.8807  4.086e-09     1
SCH2 2001-11-12 2002-03-17  +0.0720  +0.0058  +0.0074  +0.0031  1388  7796  +8.2706  1.333e-16     1
SEY1 1995-10-21 1997-02-03       NA  -0.9402       NA  +0.0370    NA  1426       NA         NA    NA
SIO3 1994-01-06 1994-05-08       NA  +0.8113       NA  +0.0176    NA  1777       NA         NA    NA
STR1 1998-06-16 1998-10-21       NA  +2.0055       NA  +0.0553    NA   162       NA         NA    NA
SUNM 2000-08-03 2001-05-16  +0.7682  +2.1191  +0.0450  +0.0530   383   293 -19.4283  4.450e-84     1
SUNM 2003-03-20 2003-05-12  +1.1800  +1.3396  +0.0666  +0.0244   167  1332  -2.2513  2.437e-02     1
TEHN 2017-01-30 2017-12-28       NA  -0.9685       NA  +0.0517    NA   123       NA         NA    NA
TEHN 2018-07-20 2019-11-12  -0.9685  -0.7482  +0.0517  +0.0338   123   314  -3.5685  3.590e-04     1
TEHN 2021-12-06 2022-03-25  -0.7482       NA  +0.0338       NA   314    NA       NA         NA    NA
THU2 2025-01-10 2025-03-13  +0.0514  +0.2234  +0.0045  +0.0148  2421   271 -11.1019  1.228e-28     1
TOUL 1998-12-13 1998-12-14  +0.2448  +0.1168  +0.0277  +0.0268   593   578  +3.3208  8.976e-04     1
TROM 2002-05-25 2002-05-30  +0.2541  +0.2147  +0.0103  +0.0076  1307  2381  +3.0817  2.058e-03     1
TSEA 2006-12-19 2007-01-23  +0.1945  +0.1803  +0.0087  +0.0048  1790  5596  +1.4306  1.525e-01     0
ULAB 2020-11-24 2021-03-10  +0.2044  +0.1228  +0.0061  +0.0075  1270   923  +8.4827  2.200e-17     1
ULAB 2023-12-17 2024-02-02  +0.1228  +0.1036  +0.0075  +0.0095   923   566  +1.5899  1.119e-01     0
URUS 2016-03-01 2016-08-08  +0.1723  +0.2930  +0.0255  +0.0294   692   560  -3.1029  1.917e-03     1
USUD 1998-01-13 1998-02-04  -0.2089  +0.3397  +0.0190  +0.0214   795   643 -19.1220  1.657e-81     1
USUD 2014-12-21 2015-02-20  -0.1133  +0.0762  +0.0080  +0.0155  4716  1343 -10.8772  1.480e-27     1
VILL 1994-11-24 1994-12-21       NA  +0.0120       NA  +0.0199    NA   793       NA         NA    NA
VTSP 2008-04-17 2008-04-23  +0.2303  +0.0390  +0.0325  +0.0100   126  2277  +5.6241  1.865e-08     1
WILL 2008-12-03 2009-01-24  +0.1509  +0.2086  +0.0096  +0.0069  1563  2836  -4.9142  8.913e-07     1
WIND 2015-08-24 2015-08-24  +0.1511  +0.0671  +0.0115  +0.0227  2287   686  +3.2975  9.756e-04     1
WTZL 2016-06-18 2016-07-26       NA  +0.7261       NA  +0.0155    NA   667       NA         NA    NA
YAKT 2015-11-01 2016-02-13  -0.3164  -0.7012  +0.0057  +0.0132  1761   339 +26.8245 1.675e-158     1
YAKT 2017-01-29 2017-04-24  -0.7012  -0.6293  +0.0132  +0.0055   339  1725  -5.0328  4.834e-07     1
YAKZ 1999-10-21 2000-03-28  +0.3165  +0.4462  +0.0087  +0.0105   576   403  -9.5032  2.035e-21     1
YELL 2009-11-20 2010-01-24  -0.0249  +0.0383  +0.0045  +0.0041  4561  5357 -10.3201  5.719e-25     1
YSSK 2016-01-16 2016-03-08  +0.2071  +0.2242  +0.0041  +0.0060  4357  2040  -2.3458  1.898e-02     1
ZIMJ 2015-11-17 2016-03-08  -0.0289  +0.2610  +0.0079  +0.0155  4601  1134 -16.6375  3.727e-62     1
ZWE2 2005-09-20 2005-10-13  +1.0568  +0.5421  +0.0450  +0.0109   160  1301 +11.1294  9.021e-29     1
