name detected metadata valid
ABMF     5    25     2
ABPO     9    11     1
ADE1     3     3     0
ADIS     6     2     0
AIRA     7    12     2
ALBH    13    28     2
ALGO     7    20     2
ALIC    14    29     3
ALRT    18     5     2
AMC2    15     8     3
ANKR    13    12     4
ANTC     8     7     1
AOML     4     7     3
AREG     8    15     5
AREQ    13    22     4
AREV     5    11     4
ARTU    17     1     0
ASC1     0     1     0
ASCG     3    15     2
ASPA     6    10     2
AUCK    11    20     4
AZGB     4     8     1
BADG    12     6     2
BAKE    20     6     0
BAKO    15    44     4
BAN2    10     1     0
BARH     8    24     1
BDOS     1     2     0
BHR1     9     4     2
BILI     9     0     0
BISK     4     3     1
BJCO     5    10     1
BJFS    16     7     1
BJNM     3     0     0
BNDY     1    13     1
BOAV     7    13     2
BOGO     5    12     0
BOGT    12    24     4
BOR1    15     9     2
BRAZ    13    35     5
BREW     9    13     1
BRFT     9     8     0
BRMU     4    15     2
BRST    10    29     3
BRUS     7    10     0
BRUX     4    25     3
BSHM     5    16     2
BUE2     3     3     0
CAGL    15     2     0
CAGS     8     7     1
CAGZ     5     9     2
CALL     7     3     1
CARR     7     5     3
CAS1    16    23     5
CCJ2     6    13     0
CCJM     2    10     0
CEDU    13    23     8
CFAG    12     5     0
CGGN     3     5     1
CHAN     8     2     1
CHAT     7     4     2
CHPG     6    18     6
CHPI     8    25     3
CHTI     4    11     0
CHUM    14     8     2
CHUR    20    21     5
CIC1     8     1     1
CICE     0     0     0
CKIS     1    13     0
CNMR    10    16     3
COCO    16    19     6
CONZ     8    17     5
CORD     9    15     3
COYQ     2     8     0
CPVG     7    18     5
CPXF    10    24     3
CRAO     3     2     1
CRAR    18     4     1
CRO1    11    20     4
CTWN     5     0     0
DAEJ    23     9     3
DAKA     2     6     2
DARW    14    30     3
DAV1    17    21     7
DAVR     7     2     2
DGAR    13    19     5
DGAV     3    10     1
DRAG     6    14     3
DRAO    18    31     5
DUBO    15    14     5
DUM1    18     0     0
EIL1    12     4     1
EISL     2     4     0
EPRT     8    16     3
ETAD     1     0     0
FAA1    10    12     1
FAIR    14    25     5
FAIV    10     4     1
FALE     7     7     1
FLIN    18    15     5
FLRS     2    13     0
FORT     4     5     3
FRDN     2    13     0
FTNA     2    16     2
FUNC     4    18     1
GALA     3     2     0
GANP    16    43    11
GLPS    18    16     4
GLSV    14    12     4
GMAS     5     2     1
GMSD     1    27     0
GODE    14    19     2
GODZ    21     8     1
GOL2     5     4     1
GOLD    14    12     2
GOPE    20    21     8
GOUG     4     1     0
GRAS    12    20     1
GRAZ    17    33     5
GUAM    16    23     4
GUAO    13     2     1
GUAT    12     7     1
GUUG    10    20     2
HARB    16    23     1
HERS    16    10     2
HERT     9    10     0
HLFX     4     6     0
HNLC     8     8     0
HNPT    15    23     4
HOB2    12    22     5
HOFN    14    24     5
HOLB    13    28     5
HOLM     9    10     2
HRAO    21    32     7
HRM1     2     5     0
HYDE    17     7     1
IDDR     6    17     4
IISC    20    15     5
ILHA     0     8     0
IMPZ     7    11     0
INEG     7    10     0
INVK    15     6     1
IQAL    14     5     3
IQUI     3     3     1
IRKJ    17     3     2
IRKT    12     1     0
ISBA    14     8     2
ISPA     0     7     0
JAB1     2    16     1
JOG2     3    15     0
JOZ2    17     9     1
JOZE    11     7     0
JPLM    14    36     1
JPLV     5     7     0
KARR    13    24     3
KAT1     3    13     0
KELY    14    17     4
KERG    11    27     1
KGNI     5     8     1
KHAJ     9     1     0
KHAR     6    19     1
KIR0    16    31     3
KIRI     4    22     0
KIRU    15    17     2
KIT3    27    15     3
KOKB    14    26     5
KOKV     5    14     2
KOSG     9    17     3
KOU1     2     1     0
KOUC     3    31     3
KOUG     6    21     0
KOUR    18    24     6
KRGG     2    24     0
KSMV     8    10     1
KSTU     2     4     2
KUNM    13     2     0
KWJ1     3     2     0
LAE1     6     3     1
LAMA    19    19     3
LAUT     1    16     0
LHAS     9     6     3
LHAZ    16    17     6
LMMF     6    20     3
LPAL     9    15     4
LPGS    11    25     3
M0SE     6    20     1
MAC1     7    19     1
MAD2    11     7     3
MADR     1    22     1
MAG0    14     3     3
MAJU     1    13     0
MAL2    14    10     4
MALD     2     0     0
MALI     3     3     1
MANA    12    11     2
MAS1    12    18     3
MAT1    12     7     1
MATE    23    33     2
MAUI     7     6     1
MAW1    23    18     8
MBAR     9    14     4
MCIL     6    15     3
MCM4    24    17     5
MDO1    18    23     7
MDVJ    19     7     1
MDVO     3     1     0
MEDI    24    13     2
METS    16    24     5
METZ     5     2     0
MGUE     5     9     1
MIZU     6    21     0
MKEA    12    19     4
MNLS     9    13     1
MOBJ    15     2     2
MOBK     2     0     0
MOBS     3    18     1
MONP    15    18     2
MORP    11    13     0
MQZG     7    19     3
MRO1     4     9     1
MSKU     1     0     0
MTKA     8     6     0
NAIN     0     8     0
NANO    11    14     3
NAUR     3    16     0
NICO    19    31     2
NIST     9     2     1
NIUM     2    14     0
NKLG    20    25     2
NLIB    23    16     5
NNOR    13    11     2
NOT1     8     9     1
NOTO     4     1     0
NOUM     2     4     0
NOVM    17     1     0
NRC1    12    21     3
NRIL    15     2     0
NRMD    11    31     5
NSSP    11     5     4
NTUS    13    21     6
NURK     6     9     2
NVSK    15     3     2
NYA1    19    11     3
NYAL    22     7     2
OHI2    15    18     1
OHI3     8    34     2
OHIG     3     7     2
ONSA    15    16     1
OPMT     4     0     0
OS0G     3     3     1
OSN1     9     3     0
OUS2     9    22     4
PADO    11    21     9
PALM    16    17     3
PALV     4     4     1
PARC    10    17     2
PARK     5    11     3
PBRI     3     4     1
PDEL     4    17     3
PENC    20    21     9
PERT    17    24     5
PETP     8     4     1
PFA2     5     6     0
PIE1    17    27     3
PIMO    12    21     3
POHN     6    23     2
POL2    15    17     2
POLV    14    14     3
POTS    19    32     6
POVE     9    16     2
PRDS     6    12     3
PRE1     8     2     0
PTAG     8    14     3
PTBB     5     8     1
PTVL     4    10     1
PVEP     0     9     0
QAQ1    10    26     3
QUI2     0     3     0
QUIN    16    31     4
RABT    13     6     1
RAMO    15    17     6
RBAY     5     7     1
RCMN     4     0     0
RECF     1    12     0
RESO     7     8     2
REUN    12    20     4
REYK    22    29     9
REYZ     9     5     2
RGDG     2    19     0
RIGA     9    27     2
RIO2     6    13     2
RIOG     3     2     0
RIOP     7     7     2
ROSA     4     4     1
ROTH     9     8     2
SALU    12    20     7
SAMO     5    14     0
SANT    13    25     5
SAVO     5    12     1
SCH2    16     8     2
SCOR    23    15     7
SCRZ     5    11     0
SCTB    10    13     2
SCUB     5    11     2
SELE    16     4     3
SEY1     5    17     2
SEYG     6    17     2
SFER    13    18     3
SHAO    12     6     2
SIMO     1     1     0
SIO3    12    28     3
SMST     4     5     2
SOFI    14    19     2
SOL1     8     9     2
SOLA     4     3     2
SPT0     5    19     3
SSIA     8    12     3
STHL    10    10     2
STJO    10    35     7
STK2     8    10     2
STR1     7    27     4
STR2     7    23     2
SUNM     7     0     0
SUTH    13    18     3
SUTM    13    12     4
SUTV     3     0     0
SUWN    24    17     3
SVTL     8     9     2
SYDN     7     6     1
SYOG    24    14     9
TABL    15    14     3
TABV     9    20     3
TAH1     5     1     0
TASH    17    17     1
TCMS     5     3     0
TEHN     2     5     0
THTG     6    23     0
THTI    16    11     1
THU1     7     2     1
THU2    15    21     4
THU3     8     4     0
TID1     7    16     4
TIDB     8    10     2
TITZ     5     8     3
TIXG    14     0     0
TIXI    14     5     1
TIXJ     7     1     1
TLSE     7    35     4
TN22     8    11     1
TNML     6     2     0
TONG     3    16     1
TOUL     1     0     0
TOW2    13    21     4
TRAB     9     0     0
TRO1     9    18     4
TROM     3     5     0
TSEA    16     7     3
TSKB    16    22     1
TUVA     1    14     1
TWTF    12     3     1
TXES    17    25     4
UFPR     1    12     0
ULAB    18    22     5
UNB3     2    24     1
UNBJ     3     5     0
UNBN     1     1     0
UNSA     9    20     4
UNTR     1    10     0
URUM    22    19     8
URUS     3     2     1
USN3     6     3     0
USNA     6    18     2
USNO    12     8     5
USUD    10    17     3
VACO     6     4     2
VALD    11    11     1
VENE    11     4     2
VESL    11     1     0
VIL0     5    25     2
VILL    13    19     3
VIS0     7    25     3
VNDP     2    29     0
VOIM     5    11     2
VTSP     7    15     2
WARK     3    16     1
WDC1     5     3     0
WDC3     1     0     0
WEL1     1     3     0
WES2     8    54     5
WGTN     5    17     3
WHIT    19    13     4
WILL    14    12     3
WIND    10    17     2
WROC    16    42     7
WSRT    15    16     3
WTZA     7    11     1
WTZL     2    16     0
WTZR    12    47     6
WTZZ    11    46     5
WUHN    21     9     4
XIAN     8     2     1
XMIS     7    15     3
YAKT    18     1     1
YAKZ     4     1     1
YAR1     5     8     2
YAR2     9    21     2
YAR3     7    16     1
YARR     9    12     3
YCBA     7     2     0
YEBE     8    16     2
YELL    24    19     4
YIBL     2     5     0
YKRO    15    10     2
YSSK    14     2     0
ZAMB    16    12     5
ZECK    16    12     3
ZIM2    12    24     7
ZIM3     5    16     1
ZIMJ    15    14     4
ZIMM    14    22     6
ZWE2     9     1     1
ZWEN     5     5     1
