name cos1 sin1 cos2 sin2 cos3 sin3 cos4 sin4
ABMF   -0.21142795   -0.24906385   -0.05310662   -0.13845231   -0.08986798    0.13324314   -0.02217790    0.06448828
ABPO   -0.03722517   -0.12166731    0.02368974    0.16158450   -0.02803518   -0.02423457    0.00132290    0.01861635
ADE1   -0.02525369   -0.03855505    0.00973047    0.03383603   -0.01625286    0.00711757   -0.01905351   -0.03762020
ADIS   -0.00303630    0.30152460   -0.05307293   -0.13757626   -0.20308274   -0.07243341    0.15348324    0.00194899
AIRA    0.41781956   -0.08311115   -0.03583140   -0.04041242   -0.03311264   -0.04066973   -0.02416072   -0.01591014
ALBH   -0.15623363   -0.06802118    0.07444866    0.04070845   -0.04030822   -0.04519419    0.02786739    0.02640734
ALGO   -0.18424516   -0.03219642   -0.12998687    0.01729718   -0.00691434   -0.02223012    0.03017605   -0.00563102
ALIC   -0.13829387    0.00149262   -0.06300050   -0.00087269   -0.02606730   -0.02486104    0.01210017    0.02527325
ALRT   -0.04916300    0.06678543    0.01637368    0.05931065    0.03799977    0.00338383   -0.01901422   -0.02645010
AMC2    0.06184522    0.46975837    0.16240917    0.00429138    0.04985042   -0.01020266    0.00451740   -0.04024085
ANKR   -0.43206456   -0.17027786   -0.11695362   -0.10709602    0.00133800    0.05419123   -0.00028618   -0.00223198
ANTC   -0.02767862   -0.14845238   -0.09360644    0.10747064   -0.02201517   -0.09186897   -0.01396371    0.04450475
AOML    0.05554543    0.64465669    0.11726884    0.04777301    0.01032730   -0.06972230    0.00186383   -0.19823668
AREG    0.78587728   -0.26781739   -0.35352654   -0.28311171   -0.29084388   -0.22547891   -0.09084048   -0.08782400
AREQ    0.11775703   -0.32475847    0.42184100    0.23296631    0.30003693    0.02727372    0.11116591    0.03717768
AREV    0.09697737    0.13673897    0.61707602   -0.07253398   -0.03537084    0.20440637    0.08503173   -0.03638085
ARTU    0.03134939   -0.04023730    0.00727201    0.07791728   -0.00858562    0.00174338    0.03457498    0.07642807
ASC1   -0.32822208   -0.32657654    0.05756899   -0.13276109   -0.00739128   -0.05763890   -0.08436037    0.04031270
ASCG    0.29863510   -0.46921942   -0.02293784    0.17899371   -0.03167894   -0.02957480   -0.02480783   -0.04489414
ASPA   -0.22012330    0.07073326   -0.00091913   -0.07814897   -0.04044310    0.01621770   -0.00322167    0.00191794
AUCK    0.08558448   -0.01210187    0.00180411    0.00435651   -0.00176695    0.01859886   -0.00527972   -0.00705453
AZGB   -0.01195757   -0.00892219   -0.06314735    0.03184860   -0.04235821    0.01358767    0.00091056    0.01827009
BADG    0.06288143    0.39905030    0.04549413   -0.06303572    0.02848024   -0.02897066    0.01181866   -0.04087967
BAKE   -0.03083817    0.13808660    0.00498426   -0.03687256    0.00516136   -0.00757019    0.01016746   -0.02575561
BAKO   -0.02758610    0.31667785    0.01599095    0.06455090    0.05513124   -0.09826239   -0.12254126   -0.03292433
BAN2   -0.01913808    0.25080965    0.22168234   -0.44903514   -0.05584474    0.07615603   -0.11957536    0.03490434
BARH    0.01431943   -0.06985797    0.05875473    0.00112083    0.00379197   -0.00187864    0.00965103    0.01329624
BDOS    0.25559490    0.08696998   -0.07385255   -0.08452740   -0.08364803   -0.01267510   -0.00269402    0.05610944
BHR1    0.21083113    0.96672412   -0.11410087    0.09366552   -0.19307149    0.36293031   -0.29598795    0.18295857
BILI   -0.07773252   -0.09503531   -0.04326040   -0.02291253   -0.03451497   -0.02733795   -0.03877909   -0.02323958
BISK   -0.10655773   -0.19257991   -0.00222955    0.00777096    0.01302262    0.02220060   -0.00597138   -0.00492823
BJCO    0.30093946   -0.02322115   -0.25881635   -0.30276613    0.23713710    0.23503005   -0.11752962    0.06485033
BJFS    0.13619793    0.16312187    0.08830150   -0.02883937    0.20410133    0.07117082    0.00285653   -0.10333213
BJNM    0.20988143   -0.20409366   -0.21958386    0.12579458   -0.15802661   -0.02720738    0.16201054    0.05458196
BNDY   -0.11374453   -0.11641292    0.03658682    0.03152253   -0.01663809    0.03242288   -0.04760707   -0.02336978
BOAV    0.13141617    0.12540041    0.11728053   -0.25210699   -0.03214014    0.10778354    0.04054290    0.00356452
BOGO   -0.20348204   -0.12158893    0.01368218    0.05207420   -0.01707096    0.04708934    0.02188675   -0.01849918
BOGT   -0.13444545    0.15287015    0.02910946   -0.00303240    0.05796716   -0.00909409    0.00861195   -0.05142748
BOR1    0.11600832   -0.08050092    0.02906714   -0.02063848    0.05012641    0.01583929    0.03793229   -0.03544034
BRAZ   -0.22537597   -0.05482518   -0.09533557    0.04756925   -0.07090069    0.00112228   -0.04003912    0.03211319
BREW    0.28493843   -0.00061092   -0.08152443   -0.34055740    0.03776076    0.01778498   -0.00073485   -0.03980026
BRFT   -0.64380882   -0.13637521    0.04624174    0.10172314   -0.01302970    0.10113252    0.01875792    0.03251206
BRMU    0.09346184    0.12918834    0.01197351   -0.07209681    0.00202195    0.03259801   -0.00993629   -0.01239758
BRST   -0.13084935   -0.01537334    0.02046527    0.05070930    0.02520338   -0.01127788    0.02278227    0.01062442
BRUS   -0.00423016   -0.00974998   -0.02567410   -0.04200895    0.01106163    0.04086527   -0.00449174    0.00757546
BRUX   -0.16552036    0.03490271    0.06714114    0.01497665    0.02841504   -0.02019820   -0.03675151    0.02119706
BSHM    0.12642404    0.18056352    0.09854714    0.07227265    0.08502446   -0.00256981    0.00976198   -0.02912939
BUE2    0.06980124   -0.16171928   -0.00237541    0.03464856   -0.12649111    0.11156284   -0.01952583   -0.03357626
CAGL    0.30512642   -0.11268976   -0.02277686    0.01819335   -0.03690551   -0.00836097    0.02277918    0.02080314
CAGS   -0.00589284   -0.00932804   -0.08978034    0.00041026    0.00451292   -0.06202940    0.02984609   -0.00133424
CAGZ   -0.05304671   -0.25439794    0.02671461   -0.00064711    0.02461898   -0.06550748   -0.00398181    0.03534178
CALL   -0.28577742   -0.61090540   -0.12463300    0.36759473    0.29453174   -0.13921836   -0.03232336    0.01800704
CARR    0.11460646    0.43987786   -0.15234840    0.27369513   -0.07658349    0.05265402   -0.06684216    0.07108553
CAS1   -0.01267347    0.00955172   -0.01922524   -0.00482633   -0.02309925    0.01369510    0.00419404   -0.00263180
CCJ2    0.07432060    0.30123032    0.01385422   -0.10486161    0.11781524    0.00976576   -0.05330220   -0.00226593
CCJM    0.09901445    0.29135445   -0.09922440   -0.05386410   -0.00632293    0.00389882   -0.01529033   -0.01764991
CEDU    0.09536781    0.26028535    0.01736472    0.01683590   -0.00734424    0.02557017    0.04609619    0.00712731
CFAG   -0.04362962   -0.23039045    0.17581815   -0.21643910    0.02527386    0.03225987    0.01622918   -0.12658151
CGGN    0.08732543    0.02813729   -0.04583753   -0.11825361    0.03824461    0.39955059   -0.09904523   -0.03324781
CHAN    0.13550411   -0.09372109   -0.04481151   -0.02564629   -0.03389262    0.02254918   -0.01409337    0.00515327
CHAT    0.07104797   -0.15718340    0.04428659   -0.00789228    0.00475825    0.03551602   -0.00994481    0.01006981
CHPG   -0.54182794   -0.10514387    0.15359397   -0.20008884    0.09032150    0.00889645    0.00798104    0.01385356
CHPI   -0.01744462    0.27091203   -0.10034205    0.13655536    0.03736629    0.08887434    0.00730200    0.00663226
CHTI   -0.06091425   -0.09378713   -0.03621816   -0.01025080    0.00690947   -0.03437749   -0.00252886   -0.00964773
CHUM    0.16041339    0.25673228    0.56843518   -0.20164099   -0.05391472   -0.17295098   -0.00947657   -0.07757709
CHUR    0.04686290    0.11024350    0.00859936   -0.00004235    0.00272806    0.01858614   -0.00633360    0.00099005
CIC1   -0.03795182    0.16520096   -0.19573494   -0.06453526    0.10827686   -0.03502605   -0.03617764    0.01217448
CICE    0.04555436   -0.47312370   -0.08095332    0.08043786    0.03297784   -0.11254602    0.04398728   -0.01934034
CKIS    0.07254056    0.03901953    0.03218995    0.06149364    0.00754912    0.07445213    0.07512581    0.00124412
CNMR   -0.01072138    0.09869870    0.18568554    0.08496501    0.02616383    0.10910034    0.02540657   -0.03258147
COCO   -0.12578705   -0.14947804    0.04434910    0.09663282   -0.03627693   -0.00983343    0.01724981   -0.03274366
CONZ   -0.08191662    0.14235622   -0.02081760    0.04199743    0.01871279    0.02860296    0.02567439   -0.00601319
CORD   -0.02360734    0.21641486    0.17253540   -0.17533504   -0.05864408    0.02169720    0.04463516    0.00688754
COYQ    0.13083915    0.00316966    0.01948851   -0.01318756    0.03322090   -0.01828645    0.01748930   -0.00428547
CPVG    0.13186368    0.12256077    0.01959444   -0.17978377    0.11712816   -0.02260384    0.04075435    0.01243823
CPXF   -0.00635123    0.05819823    0.01024788   -0.00664727    0.02354557   -0.03567394    0.01313620   -0.03873172
CRAO    0.00840395   -0.25298041    0.03127830   -0.10107749    0.05969387   -0.01553601   -0.01066353    0.04377177
CRAR   -0.07163689   -0.06761410   -0.03889026   -0.00345467   -0.01105034    0.00984122   -0.00960612   -0.00357979
CRO1   -0.15837661   -0.26949293   -0.00612575   -0.02552890    0.04714497   -0.09087019   -0.00118395   -0.03957007
CTWN   -0.04592192   -0.06340738    0.04326330    0.06281526    0.03866059   -0.04848431   -0.03242746    0.08258695
DAEJ    0.16487707   -0.14172449    0.06872857    0.08313763    0.02031385    0.04137527   -0.01272301    0.00163365
DAKA   -0.25929202   -0.15215317   -0.01699212    0.07250881    0.01698469   -0.18334406   -0.01346752    0.05436416
DARW   -0.32342951   -0.51941118    0.20573507    0.29221387   -0.12515659   -0.05772985    0.04424453   -0.02341316
DAV1    0.06860937   -0.03187132   -0.04304472    0.01505622    0.00296088   -0.00065612   -0.00488483    0.00073854
DAVR   -0.05958415   -0.11551406    0.01068934   -0.01019212    0.02819057    0.00635713   -0.00020331   -0.01274265
DGAR   -0.12577701   -0.06549432   -0.13474851    0.02041527    0.08310006    0.04955905   -0.00195197    0.03826642
DGAV   -0.02275258    0.17616489   -0.01667046   -0.10656257    0.01526392    0.03137457   -0.01414001    0.00068611
DRAG   -0.85018207    0.05630984    0.32680557   -0.17742350   -0.16976579    0.09150741    0.02514227   -0.01568355
DRAO    0.00391937   -0.22366010   -0.35616778    0.08796181    0.00764931    0.01610044    0.04416568   -0.00029890
DUBO   -0.05233534   -0.04437372    0.04233520   -0.04267346   -0.00273914    0.04033877    0.04057650   -0.01628985
DUM1   -0.03412311   -0.05118952   -0.00724324   -0.06408844   -0.03081180    0.03492953   -0.01875575    0.01134927
EIL1    0.13539340   -0.02322030    0.00267582    0.04066451   -0.05943754   -0.00548474    0.04535797    0.05090061
EISL    0.13640638    0.36868848    0.15197606    0.04161900   -0.08897809   -0.08345237    0.04071824    0.01780299
EPRT   -0.00320004   -0.14870455    0.02304395   -0.00254960    0.01738708   -0.03853937    0.01645580   -0.00504937
ETAD   -0.29035204   -0.25203670    0.05735448    0.12989719   -0.24130547   -0.01627684    0.14310544    0.17854072
FAA1   -0.10364086    0.24430014   -0.01610970    0.05017198   -0.06501617   -0.01778133   -0.01562448   -0.06430365
FAIR    0.01916318    0.04066887   -0.02175306   -0.02173086    0.01399189    0.04162127   -0.06573118   -0.01115076
FAIV    0.08177113    0.00619674   -0.09764378   -0.08581984   -0.00447723    0.06912599   -0.00737494   -0.00153089
FALE    0.06703094    0.12925161    0.04958764    0.07880658    0.00124436    0.02247133    0.00238314    0.07686736
FLIN    0.15609880    0.12597969   -0.06047562   -0.00935604   -0.03204717    0.00033998   -0.00238850    0.02623207
FLRS    0.14734743    0.00629517    0.07372477   -0.05360985    0.04753396    0.01724780   -0.03098980   -0.00157118
FORT    0.09018722    0.95267059    0.04860608    0.17122605    0.04819074   -0.05355970    0.08584358   -0.09257885
FRDN   -0.18812802   -0.08799778   -0.04664476    0.04489927    0.00552682    0.00951682    0.01926899    0.00281563
FTNA    0.32508419    0.00231906    0.05376437   -0.07782736   -0.16609214    0.04519582   -0.07988839    0.01746179
FUNC    0.41603050    0.14359803   -0.12523525   -0.00644580   -0.02492887    0.07226177   -0.03259883   -0.08072378
GALA    0.02300337   -0.21723551    0.01082018    0.10820942   -0.31316149   -0.15898202   -0.04810961   -0.02408074
GANP    0.10123861   -0.12431857   -0.05931833   -0.00907830    0.00830087    0.01724007    0.03064806   -0.01770439
GLPS    0.12559315   -0.13600722   -0.01533058    0.32913791   -0.06161235   -0.18912210    0.02493223   -0.14913886
GLSV   -0.06287985    0.05535169   -0.03046175    0.00316517    0.01446432   -0.02733163    0.01829833   -0.01934989
GMAS   -0.04350594   -0.59735754   -0.11190143    0.15291237   -0.13362054    0.00197901    0.01607182    0.08373015
GMSD    0.10202705    0.30462835    0.11415805    0.00457415   -0.03585532   -0.03116528    0.02554990    0.02883958
GODE   -0.57710981   -0.16372372    0.09231052    0.11168732   -0.04648988    0.02164614    0.02499269   -0.03117505
GODZ    0.04813805    0.04227220   -0.01684372   -0.01060528   -0.07073309   -0.08923714    0.00873212   -0.03270098
GOL2   -0.08442205    0.06745785    0.00313378   -0.04441424    0.04200121   -0.00119124   -0.00104174   -0.06494727
GOLD   -0.05690468    0.01323008    0.03136411    0.02013689   -0.05660443   -0.00223966   -0.01040436    0.00057581
GOPE    0.11527168   -0.10019310    0.05660409    0.01530072    0.02422193    0.03913035    0.01533835   -0.01147645
GOUG   -0.18220685   -0.00710843   -0.03492972   -0.00808312   -0.00194814    0.10088068   -0.01604304    0.00429277
GRAS    0.06914889   -0.13871606    0.05580742    0.04058357    0.03180097    0.01031401   -0.04187154    0.00706650
GRAZ   -0.04817337   -0.07971229   -0.04509840    0.08005301   -0.03145119   -0.00118131    0.02534213    0.01539442
GUAM   -0.34014497   -0.01163475    0.09715296    0.05488253   -0.00820633   -0.15671311    0.01559741   -0.00309796
GUAO   -0.43601768    0.17819670   -0.26720985    0.19745975   -0.03993732   -0.10127104    0.05022155   -0.07123536
GUAT    0.32491184   -0.05830101    0.01062240   -0.00022698   -0.07190531    0.00119389    0.00646432   -0.01346827
GUUG    0.11328586   -0.02529969    0.14220065   -0.02215894    0.07439647    0.00241687    0.02953160   -0.04237844
HARB    0.08130446    0.05371399   -0.05378405   -0.07234310    0.06094094    0.06413459   -0.00375234    0.01480716
HERS   -0.01206644   -0.03635576   -0.00182204    0.02496562    0.04694544    0.01002138   -0.03144628   -0.02166787
HERT   -0.06124053    0.00767928    0.03120711   -0.01549483   -0.04635981   -0.01567542    0.04038801   -0.00692734
HLFX   -0.08706839   -0.06114606   -0.04064040   -0.02854366   -0.00897609   -0.00119813    0.01424211    0.01347274
HNLC    0.06400584   -0.01885425    0.12219495    0.06694842   -0.04526187    0.10089006   -0.02995890    0.01034068
HNPT   -0.11000004   -0.11287691   -0.01423848    0.06301106   -0.01974712   -0.06674164    0.02719261    0.05464234
HOB2   -0.12759551   -0.12098145    0.02291968   -0.02351091    0.00969910    0.01726278   -0.00194525    0.00798270
HOFN    0.11299650    0.00284915    0.00861444   -0.03432007    0.01274599    0.01340932    0.00549482    0.02633214
HOLB   -0.01068450    0.02442829    0.07461751    0.01758829   -0.03797510    0.00117668    0.01587430    0.02669708
HOLM   -0.05343019   -0.08205976   -0.07563989    0.00344695   -0.00314062   -0.00848516    0.04510953    0.00876756
HRAO    0.13372870    0.01922411   -0.08052099    0.06328774   -0.01887063   -0.09404388   -0.00658030   -0.02557120
HRM1    0.00048393   -0.05442739    0.02994521   -0.02105783   -0.05943894   -0.02325909    0.00927149   -0.00866102
HYDE   -0.12857424    0.04530881    0.36653339    0.22664056    0.06165508   -0.03965041    0.05934726    0.07043429
IDDR   -0.01201401   -0.08414735    0.19149794    0.04191704   -0.07234231    0.06984272   -0.00446025   -0.04729719
IISC   -0.20248610    0.29622898    0.02700163   -0.20522103    0.01858911    0.00161045   -0.02128258    0.08685751
ILHA    0.35355235   -0.13688582   -0.09586276    0.07503005    0.01421580   -0.00699251    0.04236831   -0.12424935
IMPZ    1.25611314    0.32348666   -0.18810482   -0.29143150    0.01152208    0.14761016    0.02719632   -0.09971435
INEG    0.02282540    0.24434149   -0.01944025    0.04523215    0.02889257    0.05442918   -0.05471702    0.01456953
INVK   -0.07403454   -0.04668855    0.03469130   -0.03794842   -0.02133409    0.02095309   -0.04727158    0.02165718
IQAL   -0.02428678   -0.03089727   -0.02224280   -0.01479930    0.00039848    0.01208926    0.00090961   -0.00856488
IQUI    0.12621265   -0.13903465   -0.01523856    0.05614200   -0.10233038    0.03765786    0.02334054   -0.08013357
IRKJ    0.05764001    0.07911896    0.03786241    0.09229623    0.02095979    0.01754174   -0.05561902    0.00808061
IRKT    0.12944489   -0.15517388    0.13579504   -0.01967443    0.00716635    0.00663086    0.01117236   -0.08319859
ISBA   -0.28509109   -0.35637728    0.05226832    0.26866410    0.03054018   -0.07435103    0.00025164    0.00102478
ISPA   -0.18623113    0.01316753    0.01184799   -0.07561341    0.00339979   -0.02031641   -0.03014568    0.00199165
JAB1   -0.45667177   -0.35049661    0.16964701   -0.15772657    0.19311889    0.08589847    0.12343219    0.05224045
JOG2    0.29029775    0.10585431   -0.06421901   -0.05496389   -0.12700100   -0.02643769    0.04136854    0.06259698
JOZ2    0.04713873   -0.20239985   -0.02152855   -0.02164776    0.01470009   -0.04427010   -0.03271951    0.01274175
JOZE   -0.17455815   -0.09800194   -0.03070914    0.01022469   -0.00092473    0.04606964   -0.02121465   -0.04363987
JPLM    0.05386353   -0.01829680    0.09439230    0.11054854    0.00163413   -0.06330570    0.01081028   -0.05308898
JPLV    0.09208895   -0.00693031   -0.00326535   -0.19511118    0.03362024   -0.02068599    0.09180924    0.02902615
KARR    0.55921692    0.01555776    0.05556538   -0.12548531   -0.12399839    0.02220898    0.03891979    0.02958272
KAT1   -0.17228453   -0.34501889    0.18690527    0.44596704   -0.06327874   -0.08157199    0.02944404   -0.05127860
KELY    0.05562905   -0.11392844    0.07372094   -0.05786802    0.02560108    0.00003586    0.00411157   -0.01098995
KERG   -0.04866948   -0.04896993    0.01381530   -0.01149474    0.02204230    0.01216881   -0.00622504   -0.00771953
KGNI   -0.27816327    0.45531039   -0.05448921    0.05679824   -0.02966077    0.04257068    0.00027084   -0.00900064
KHAJ    0.21606353    0.00416463    0.01249170   -0.00935787   -0.06986558   -0.05427035   -0.05414678   -0.06314497
KHAR   -0.06878841   -0.09558829   -0.04556633   -0.02413902    0.01682504    0.05524809    0.05047522   -0.00531208
KIR0   -0.09007113    0.05960873    0.05404002    0.00324998   -0.01042065    0.01438308    0.01422481   -0.00200273
KIRI    0.14059428   -0.00254677    0.09027379   -0.21613536    0.05087538    0.01551539    0.03700743    0.01067268
KIRU   -0.17419962   -0.04231399   -0.02291836    0.07172362    0.01407743   -0.01688384   -0.01419030   -0.03114804
KIT3    0.41949912   -0.62150536   -0.04952925   -0.46935096   -0.21366014   -0.18662789   -0.05960437   -0.04243254
KOKB   -0.09002142   -0.03632919    0.09242379   -0.05473877   -0.08311506   -0.01212134    0.03746046    0.00857194
KOKV    0.07799757   -0.08856795   -0.10750214    0.04185338   -0.06180248    0.03357434   -0.01149800    0.00974332
KOSG    0.02132180    0.05073011   -0.02513723   -0.00274289   -0.00747226   -0.01123228    0.01936187   -0.00873542
KOU1    0.07735848    0.28320256    0.07095048   -0.17208683   -0.01593050    0.02459049    0.12730094   -0.09602193
KOUC    0.11524033   -0.22738383   -0.06488254   -0.00009723   -0.00948425   -0.02878337   -0.02470307    0.10506131
KOUG    0.25658199    0.36697021   -0.21304616   -0.20061530    0.00685108    0.07677210    0.09258530    0.01167887
KOUR   -0.00310162    0.23678149    0.07344249   -0.22575074   -0.05311788   -0.00131534   -0.03758821    0.04952674
KRGG   -0.01488403    0.02780791    0.01120444    0.03601842   -0.00281865    0.01408011    0.01986617    0.00396651
KSMV   -0.14011228    0.31498718   -0.13048504    0.06430137   -0.02903515    0.07303235    0.00758571    0.00022612
KSTU    0.01755222   -0.20691668   -0.00919997    0.03613496   -0.03113540    0.02459284    0.02989275    0.04354946
KUNM   -0.05095527    0.41505442   -0.01484120    0.12183410   -0.06651176   -0.02230454   -0.00111139   -0.06627763
KWJ1   -0.28468847    0.07331803    0.23836569   -0.11824760    0.03608537    0.04120023    0.00519641   -0.16831762
LAE1    0.67027367    0.70876899    0.01668239    0.19043683   -0.04561072    0.13658968   -0.24293740   -0.02250588
LAMA   -0.06803087   -0.10543769   -0.03285608    0.01165866   -0.03439184    0.02832080    0.03629092   -0.03055236
LAUT    0.47310326   -0.00417309    0.18358139   -0.03375712    0.04309908   -0.05827489   -0.12777100   -0.01657887
LHAS   -0.62863017   -0.37054922    0.22663554    0.05628622   -0.17980032    0.04405180    0.05581628   -0.02012198
LHAZ    0.07118785    0.67019626   -0.10030258    0.20984665   -0.13686413    0.14266019   -0.07158138    0.00452778
LMMF   -0.07636649   -0.12032218    0.07436438   -0.07563441   -0.03433811    0.03459225    0.01481379   -0.01122534
LPAL    0.16001445    0.03022300    0.09271592    0.06504381   -0.01462495   -0.00553713    0.00348950    0.00672927
LPGS    0.03898841    0.18207263    0.06966964    0.00275042   -0.03206150   -0.01429530   -0.02982609    0.02535080
M0SE    0.11332083    0.07023482   -0.10643273    0.00250907   -0.03868034    0.00422017    0.01836742    0.00452216
MAC1    0.07219235    0.03786356   -0.01193976    0.01688984   -0.01702025    0.00636051    0.00242395   -0.00328816
MAD2   -0.00460588    0.05117949   -0.04570763    0.01213399   -0.01279889    0.01574549   -0.00521778    0.01795214
MADR    0.09492905   -0.04110087   -0.07441774   -0.03932056   -0.18403187   -0.05181506   -0.08847307    0.05795584
MAG0   -0.02557446    0.01155928    0.00671188    0.05988900   -0.03116350   -0.02657137    0.00961558    0.02661594
MAJU    0.30438093   -0.00783716    0.07548000   -0.04871501   -0.00316604   -0.04192581   -0.02039458    0.01391883
MAL2   -0.22949777   -0.25327176   -0.18226714   -0.24743223   -0.17526215    0.05114519    0.14124622    0.14216934
MALD    0.19700734   -0.09084353   -0.23321389   -0.28977621   -0.21848742   -0.01646100    0.02709977   -0.02905976
MALI    0.20856042    0.33702236    0.03262975   -0.24791286    0.01338276    0.12684095   -0.08620019    0.10305164
MANA    0.14239559    0.68183582    0.34013786   -0.04119098    0.17683939    0.05640391   -0.01291949    0.00862924
MAS1   -0.64531449    0.45224431   -0.08281697   -0.03626867   -0.02403934    0.00314472   -0.02885433   -0.00263571
MAT1    0.01563608    0.00207319   -0.07792990    0.00373095   -0.01710119   -0.01174773   -0.02187846    0.01204919
MATE   -0.00198166    0.00824749    0.00283127    0.07414824    0.00092190   -0.01142635    0.02758163   -0.01379298
MAUI   -0.13504786   -0.02129226    0.01276342   -0.00159057    0.02957121    0.01282168    0.05651346    0.00265975
MAW1   -0.01631139   -0.00324960   -0.01125300   -0.02129172   -0.01244042   -0.00852972   -0.00803343   -0.00079430
MBAR   -0.14050749   -0.17782859   -0.12036049    0.13456819    0.03856940    0.03153811   -0.08037994   -0.03436525
MCIL   -0.15994732    0.11739600    0.05413080    0.02271831    0.09213392   -0.01729880    0.00913778    0.03019578
MCM4   -0.09274542    0.02335175   -0.01697578   -0.01571743   -0.01082856    0.00555640   -0.00729454    0.00180874
MDO1    0.12068167   -0.06425434   -0.04341705    0.04952230   -0.03870519   -0.01224621    0.00944736    0.00521097
MDVJ   -0.06512260    0.04031881   -0.00512628    0.01620534   -0.00882644   -0.02662737    0.01135661    0.01576660
MDVO   -0.12275420    0.29428718    0.04610602   -0.29905731   -0.06913372   -0.08706921    0.02600393    0.06456050
MEDI   -0.19131882    0.03862385    0.07857844   -0.08996740   -0.00312629    0.02136504   -0.02726671    0.01262101
METS   -0.15081867   -0.08653743   -0.00921903    0.05734255   -0.02081551    0.00662863   -0.00258354   -0.01650563
METZ   -0.08489108   -0.11685733   -0.04708974   -0.02516409    0.01934871   -0.00577639    0.01876319    0.01369407
MGUE   -0.10891227   -0.18677540   -0.11118247   -0.05723756    0.04925699    0.00356795    0.05273579    0.00324070
MIZU    0.12220127   -0.01744784   -0.06132117    0.09775309   -0.00327005    0.02798870   -0.01879840   -0.03022040
MKEA    0.01914910   -0.09194254    0.01842129   -0.02359141    0.01460010   -0.00525046    0.00500074   -0.00048474
MNLS    0.02597609   -0.01283114    0.02368704   -0.00389089    0.01817806    0.02565248    0.00933671   -0.01081892
MOBJ    0.13737246   -0.05319847   -0.02116020   -0.04055311   -0.01331917   -0.02702583   -0.01133308   -0.00025971
MOBK    0.17055135   -0.08412061   -0.01979478   -0.04976111   -0.02419872    0.01702922   -0.02544038   -0.00868544
MOBS    0.02292955    0.15987622    0.03893403   -0.00478337   -0.00564903    0.01496167    0.00475676   -0.00964818
MONP   -0.02666201    0.00549165   -0.00836295   -0.01021645    0.00721515   -0.02317777   -0.00964355   -0.00684478
MORP    0.14273116    0.09101123   -0.05130841    0.01854844    0.00534814   -0.01362690    0.03385207   -0.00599446
MQZG    0.04528176   -0.00206399   -0.02190898    0.00350895   -0.02262108   -0.00352257   -0.01853726    0.02421287
MRO1   -0.24871261   -0.01119223   -0.00446159   -0.07834640    0.07151674   -0.04892100    0.02083031   -0.04430793
MSKU    0.23677920    0.27433718   -0.43380714    0.17857454   -0.25306393    0.10877891    0.11763017   -0.03882400
MTKA   -0.04412732    0.56128931    0.15317630    0.19119089    0.08396365   -0.01603649   -0.00609004    0.00094527
NAIN   -0.14238271    0.02189345    0.04728555    0.04160728   -0.00220084   -0.00843787   -0.00271697   -0.00117687
NANO    0.02580966    0.22192231   -0.06752942   -0.03232410   -0.00308870   -0.04208209    0.00955529   -0.01655737
NAUR    0.05805328   -0.22558172    0.01294753    0.07282234   -0.05251940   -0.00353861    0.04380566   -0.02491179
NICO   -0.18264353   -0.23027548    0.06087838   -0.07448225   -0.00122140    0.00761753    0.00716673    0.01356580
NIST   -0.18931153   -0.13955048    0.03776072    0.04493931   -0.02602690    0.00826456    0.02182389   -0.06748056
NIUM    0.18849967   -0.03807178    0.03407634   -0.01618567    0.09286956   -0.04607045    0.06888167   -0.01793042
NKLG    0.12539552    0.22057813   -0.34685908   -0.23142882    0.19994165   -0.09200420    0.18206254   -0.03649245
NLIB    0.12985819    0.14801798   -0.01007923   -0.07291055    0.00965066   -0.03780014    0.03256251    0.05157692
NNOR   -0.04714887   -0.01194982    0.06060433    0.02851404    0.02289231   -0.02186242   -0.00052868    0.03991353
NOT1    0.06142014   -0.19272358    0.04059954   -0.14752069    0.01435839   -0.07476815   -0.03341960    0.05534757
NOTO   -0.10491437    0.09809073   -0.07517177   -0.18960640   -0.08278204   -0.09089706   -0.12524120    0.05569601
NOUM    0.11146975    0.29973331   -0.01911290    0.12916313   -0.11239590    0.06825320    0.06080712   -0.00297106
NOVM   -0.00505491   -0.12580991   -0.02741858   -0.06054409   -0.02080512    0.05917716   -0.02662080   -0.00377979
NRC1    0.13779600    0.12223046   -0.09743504   -0.01467597   -0.04653864    0.00557721   -0.00623560    0.00864548
NRIL    0.04527914   -0.07623693   -0.02344694   -0.04461477   -0.00188308   -0.00262685    0.02300282    0.01867387
NRMD   -0.04290651   -0.39496142    0.04146942    0.00712844   -0.07218417    0.01765075    0.03461050    0.02344359
NSSP    0.02686991    0.06240373   -0.15405432    0.13873058    0.00514462   -0.19791358   -0.02325715    0.07587545
NTUS   -0.11435568    0.17842855   -0.06866024   -0.00647461    0.02927990   -0.05239865    0.00343483   -0.00355499
NURK    0.31186245    0.35360569   -0.43368679   -0.24427498    0.19095168    0.05349653   -0.14677004   -0.05456884
NVSK    0.32120645    0.02386593   -0.13194209    0.03726021   -0.04017193    0.05390265    0.16182356   -0.00615850
NYA1    0.04440667    0.03698650   -0.00790263    0.03653639   -0.02704062    0.00753825    0.00825946    0.00001080
NYAL   -0.06581404    0.05989724   -0.02787092   -0.03610500    0.03055043   -0.00558594   -0.00668469   -0.01105179
OHI2    0.06621786   -0.04997640   -0.00791285   -0.07569022   -0.01121387   -0.00199175   -0.02738237    0.00684490
OHI3    0.04718425   -0.04743521    0.01653934   -0.06693957   -0.00774203    0.00076417   -0.01289637   -0.01772029
OHIG    0.01446875    0.05044204   -0.05027282   -0.08299724   -0.02489172    0.03937395    0.02387001   -0.00094733
ONSA   -0.09474489   -0.02671889   -0.01017371    0.03546639   -0.04080535    0.06859590   -0.00588150   -0.04806490
OPMT   -0.13918174   -0.15987771   -0.02796048    0.06779788    0.03015559    0.07038396    0.01966769   -0.04623642
OS0G    0.07803671    0.03641588    0.00981668   -0.05103936   -0.00310883    0.02210318   -0.02323724   -0.06038328
OSN1   -0.06202416    0.28562547    0.04757695    0.01256875    0.04762817   -0.04553044    0.00383345   -0.05588851
OUS2    0.00367431   -0.03747472   -0.04608006   -0.00364145   -0.00200216   -0.01257250    0.01488661    0.00614529
PADO    0.04320894   -0.01480449   -0.04137960    0.07111372   -0.06988884   -0.04841695    0.11605745    0.09061632
PALM   -0.05977843   -0.03189659    0.01315795   -0.02491305    0.00116391    0.01691626    0.00499068    0.00838224
PALV   -0.04638613   -0.03130400    0.03719018   -0.01864774   -0.01878519    0.03308740   -0.02338833   -0.02327027
PARC    0.02705245   -0.07884510   -0.01079320    0.02691658   -0.00575421   -0.01120769   -0.01524301    0.01625375
PARK    0.09056363    0.03657768   -0.06130379   -0.01921338   -0.00931228    0.00884773    0.02615715   -0.02070392
PBRI   -0.18261009    0.03685467   -0.06667656    0.13681727   -0.21788917    0.06843901    0.01111896    0.03635768
PDEL    0.08663058   -0.03123142   -0.04078320    0.06794193    0.00739247   -0.03108200   -0.00258069    0.00085754
PENC    0.00156708    0.26105760   -0.09429297    0.00455686   -0.02286778    0.04461292   -0.02703592    0.00212934
PERT   -0.10463206   -0.07147390    0.01355599    0.01892500   -0.03917314    0.03354781   -0.00994623    0.00730308
PETP    0.06267384    0.01456536   -0.00325266   -0.07936378    0.00653473   -0.08078966    0.00303600   -0.02450428
PFA2    0.04790519   -0.08421594   -0.28650067   -0.00426725   -0.02869638   -0.02242535   -0.00472621    0.02830145
PIE1    0.16973123    0.01479867   -0.06041520   -0.00147182   -0.02283695   -0.01237440    0.01155229    0.00399699
PIMO    0.25306291   -0.17776742    0.16768957    0.06652455    0.16245365    0.01841230    0.03125050    0.06151767
POHN   -0.14430308    0.14442724    0.13843082   -0.09326274    0.01016100    0.04918898   -0.00171159    0.00822537
POL2    0.00977918    0.83584619   -0.47804170    0.04602278    0.06842921   -0.04293577    0.05227930    0.08724908
POLV   -0.00581903    0.01754443    0.01308679   -0.00459059    0.00479662    0.00574709    0.00436340   -0.04033233
POTS    0.05789343   -0.15671135    0.02939061   -0.03259603    0.00008304   -0.04600561   -0.01527933    0.00381542
POVE   -0.18353817    0.06363476   -0.26725046    0.07262549   -0.11353849   -0.10410597    0.00226955   -0.04154880
PRDS   -0.09622299   -0.02175701    0.11537221   -0.00360229   -0.08016479    0.08888285   -0.06815142   -0.03150776
PRE1   -0.13142208   -0.13907852   -0.05752350    0.10642421   -0.03779379    0.02476113   -0.01375708    0.04098214
PTAG    0.11187031    0.03033271   -0.05856646    0.08488065   -0.11478490   -0.03303039    0.05980947   -0.01806724
PTBB   -0.08933808   -0.08049248   -0.03325616    0.05629787    0.00314656   -0.01373352    0.03514419   -0.00168148
PTVL    0.25279183    0.17659606    0.04040734    0.09832110   -0.04177995    0.03374226   -0.05959672    0.00100027
PVEP   -0.15615825   -0.35230996    0.15151774    0.02701571   -0.10600538   -0.10433910    0.02980572    0.15983130
QAQ1   -0.02236848   -0.22326309   -0.12315383    0.02752581    0.04665130    0.05371545   -0.00729683   -0.00313779
QUI2    0.11080767    0.10676979   -0.02243092    0.12984958    0.02083553    0.08545567   -0.02123391    0.03746777
QUIN    0.22431652    0.02931546   -0.22406665    0.00468627    0.07891065    0.01452132   -0.05558424    0.01028219
RABT    0.07447698    0.28401552   -0.08856334    0.06614647    0.02920789    0.01422224   -0.06040223    0.02315227
RAMO    0.06616207    0.07758415    0.03381737   -0.02000151    0.01719697    0.00013072   -0.00653311    0.00531294
RBAY    0.23590375   -0.17446436    0.01110552    0.02475653    0.01612681    0.01986354   -0.01263277    0.01745186
RCMN    0.00862822    0.08424421   -0.10603552   -0.05559616    0.02954050    0.01514076    0.11987714   -0.04501830
RECF    0.01764571   -0.15749812    0.12133156    0.00968193   -0.03816593   -0.06391598   -0.00626690    0.04400403
RESO   -0.12502132    0.05071547   -0.00107418   -0.04309842   -0.04670972    0.01067309   -0.01215169    0.00073166
REUN   -0.00263066   -0.28865742    0.07519869    0.02029855   -0.06349353   -0.07524309   -0.00519842   -0.04802594
REYK   -0.10376881   -0.01503591   -0.00029913    0.01529709    0.01090415    0.00270514   -0.00018968    0.01105688
REYZ    0.01300441   -0.02525600    0.04072260    0.06701637    0.01896699   -0.00044149    0.01103665   -0.02663693
RGDG    0.03224318   -0.03704871   -0.00593924    0.00695834    0.00973158    0.00310537    0.03489941   -0.02469609
RIGA   -0.11163487    0.12615576    0.02630094   -0.01674181    0.04024563   -0.02147296    0.01723314    0.02829534
RIO2   -0.01197386   -0.00482624    0.01163102    0.02278151   -0.00577427   -0.01670760   -0.01453566    0.03051309
RIOG   -0.04290450   -0.06241044    0.02120044   -0.02740138   -0.02761889    0.00411360   -0.07317500   -0.05486034
RIOP   -0.37184138   -0.25387708    0.17804734   -0.02965833    0.08455961    0.17728378   -0.08493416   -0.03823565
ROSA    0.22931895   -0.12764950   -0.12385066   -0.03396913   -0.00934041    0.05986346    0.02884316    0.16215428
ROTH    0.12004683    0.00642403   -0.09098139   -0.06611791    0.04189222    0.00465573    0.02238430   -0.00818067
SALU   -0.21681521   -0.19414419   -0.18615866   -0.15629610    0.02601984   -0.01768370    0.06060024    0.06677251
SAMO    0.03018656    0.00270867   -0.02397444   -0.01605694    0.02723217    0.00602449   -0.06071481   -0.11671920
SANT   -0.48614133    0.26459690   -0.34241034    0.10505345   -0.04945455   -0.09725417    0.08949349    0.00092577
SAVO   -0.03833163    0.14808738   -0.01185650   -0.04222615   -0.00984080   -0.01802748    0.02488457    0.01275087
SCH2    0.12348987   -0.19061440    0.01769500    0.05332158   -0.00566085    0.00428516   -0.00826737    0.01647651
SCOR    0.04660768   -0.00257925    0.02870172    0.02202176    0.02283114   -0.00543433    0.01990776   -0.00546678
SCRZ    0.20141671   -0.39044122    0.10672994    0.21085774    0.01129299    0.04307916   -0.20105602    0.08972149
SCTB    0.03934067    0.04850642   -0.00332650    0.00461486    0.00309278    0.00184173    0.01819271    0.00057491
SCUB   -0.11723646   -0.31015714   -0.00866235   -0.12528679    0.00077520   -0.00286829    0.01645159   -0.01259760
SELE   -0.39301139    0.41106764   -0.26003937   -0.27271489    0.14154801   -0.00553346    0.00604292    0.06491549
SEY1    0.07807840    0.16378664   -0.06073426   -0.12354425    0.01615991   -0.16738342    0.07792373    0.06338375
SEYG    0.47193911   -0.20421546    0.03102386   -0.09677568    0.04938379   -0.08125353   -0.13097023    0.04935076
SFER    0.01258054    0.05626811   -0.09168543   -0.00755074    0.03082954   -0.02300036   -0.00539147    0.02272788
SHAO    0.18341097    0.13968721   -0.01132366   -0.02096255   -0.04726241   -0.02803933   -0.01247889    0.00093318
SIMO    0.08836970    0.02612506    0.05093511   -0.03843482   -0.01540940    0.02298435    0.07257191   -0.19387646
SIO3   -0.00083044   -0.07610966    0.13844205    0.21283095   -0.07216973   -0.14650717   -0.01281073    0.02774272
SMST    0.41033138   -0.06673199    0.00619546   -0.14200667   -0.06453542    0.02157200    0.04476730   -0.00660702
SOFI   -0.19951758   -0.11691743   -0.00559271   -0.01448510    0.00245043    0.04001978   -0.01016041    0.04077170
SOL1   -0.01855835    0.01676927   -0.03362085    0.01790617   -0.00860253   -0.06121156    0.03831556   -0.04423589
SOLA   -0.39265578    0.20820701    0.04950268   -0.26472500    0.12547000   -0.01458557    0.04606742    0.17354119
SPT0   -0.17623009   -0.04065626    0.01223674    0.01144542   -0.05014669    0.05172958    0.00715930   -0.04466739
SSIA    0.15215203   -0.27739640   -0.01452041    0.06422468    0.05096962   -0.06597197   -0.06233771    0.00168798
STHL    0.42004157    0.15149836    0.00757374    0.06934752    0.01434081   -0.03699118   -0.02151098    0.01083580
STJO   -0.10396435   -0.03822760    0.00817046   -0.01362778   -0.01340184    0.00573685   -0.01200429   -0.00180260
STK2    0.20376917    0.22128969   -0.04492999   -0.11258671   -0.00358695   -0.02876519    0.00791868    0.05963053
STR1    0.07428494    0.14404197   -0.01066464   -0.02198479   -0.01101064   -0.01911267   -0.00633336    0.00924446
STR2   -0.14332264    0.01731105   -0.00320977    0.02612618    0.01425951   -0.02434470   -0.02310889   -0.00133827
SUNM   -0.11775195   -0.20280539   -0.05727645   -0.09551445   -0.11991758    0.01760915   -0.09976862   -0.06317561
SUTH   -0.07888476   -0.07049635    0.01628494   -0.02541402   -0.00205506    0.00197455   -0.00270676    0.00878794
SUTM   -0.01282288   -0.12723228    0.02553245    0.01355846    0.00131579    0.01610832    0.00392735   -0.01898299
SUTV    0.08128360   -0.03979981    0.00804325    0.02134355    0.00032880    0.00849768    0.00428935   -0.02988084
SUWN    0.21769038    0.16589553   -0.01476801   -0.02738426    0.03566543    0.01973000    0.00785414   -0.01617313
SVTL   -0.11552339   -0.19417923   -0.07524937    0.05919069   -0.03203525    0.00533864    0.04206593   -0.03240045
SYDN    0.02448252    0.21187224   -0.00077152   -0.00650505   -0.01363868   -0.01360480   -0.00705724   -0.02221503
SYOG   -0.00041702   -0.02914654    0.03738913   -0.01081152   -0.02376996    0.03481457    0.01587984   -0.01151958
TABL    0.03609493   -0.03144391    0.00248967   -0.03020853   -0.00861205    0.01849822   -0.01757222    0.00033593
TABV    0.08244673   -0.02981211   -0.00929903   -0.00653003    0.03201034    0.00471443    0.03932632   -0.00101187
TAH1   -0.13590671    0.04456302   -0.06663372   -0.13065147    0.06776007    0.00692004   -0.02169922    0.01185506
TASH   -0.28532767    0.26366598    0.17709233    0.05870564   -0.09913746    0.03946643    0.02647101   -0.02311028
TCMS    0.50115375    0.33923520    0.03113406   -0.33753898   -0.12190137   -0.50480701   -0.07044246    0.15251902
TEHN    0.11937870    0.26430196   -0.05684577    0.44039044    0.27815084    0.21092525   -0.05862041   -0.15134348
THTG    0.22912922    0.13156242   -0.10205358   -0.11404846   -0.12879852    0.02058311   -0.10616686   -0.05989657
THTI    0.04400302    0.23239463    0.08000504    0.09376589    0.00202471    0.05020325   -0.05841936    0.03938896
THU1    0.11033163   -0.10054185    0.01088779    0.03766576   -0.00056541   -0.02288494   -0.01492944   -0.04838483
THU2   -0.03733385    0.03370139   -0.01623490    0.03945620    0.05629612    0.03460387   -0.00559528   -0.02602859
THU3   -0.07206412   -0.04737709    0.00539113   -0.05585950   -0.01284593   -0.05464499   -0.02371493   -0.01019042
TID1   -0.13119911   -0.08868051   -0.01150833    0.00267932   -0.00099402    0.01718001    0.01215071    0.00640026
TIDB    0.07988675    0.11041969    0.00133400   -0.01262178    0.00806553   -0.01466503    0.01124745    0.01245461
TITZ    0.10240293   -0.01853571   -0.03486973   -0.07859669    0.01399455   -0.04505764   -0.01404990   -0.00661000
TIXG    0.00163623   -0.00541435   -0.00807307    0.00892388   -0.02869716   -0.00515548    0.00635580    0.03753851
TIXI    0.04029789   -0.03312702   -0.02862760   -0.00188234   -0.01531125    0.03170866   -0.00964166   -0.00889068
TIXJ   -0.09042392   -0.07555814    0.02104214   -0.06824886    0.03868202   -0.00210892    0.01669604   -0.00496347
TLSE   -0.20082749   -0.07272817    0.08210072    0.04586948   -0.05978557   -0.02584311    0.03174538    0.03726429
TN22   -0.20340750    0.09701039   -0.02786561    0.01224847   -0.03171274   -0.06099593    0.00785349    0.07233923
TNML   -0.22452396    0.43490367    0.21640739    0.17919897   -0.14999460    0.36553179    0.12298545    0.13931310
TONG    0.11280489   -0.05838456    0.05947740   -0.03301592    0.09457685   -0.12149500   -0.05744419    0.14493054
TOUL   -0.03177858    0.10649030    0.16356292    0.02965603   -0.01756459   -0.03198025    0.02791784    0.06469320
TOW2    0.07243739   -0.05556785   -0.03634973    0.18951213    0.07379014   -0.00527232    0.06422321   -0.02730230
TRAB   -0.30109494   -0.60680833   -0.35713820   -0.20274167    0.01092471    0.09729507   -0.00159730   -0.19276044
TRO1   -0.14899176    0.24566284   -0.01986884   -0.02362772   -0.02434269   -0.03558943    0.01918927   -0.00078568
TROM   -0.22713575    0.00458911   -0.00188219   -0.01066038    0.01148425    0.01382160    0.01895024   -0.04248624
TSEA    0.22739760   -0.02546498   -0.00702909   -0.05117126    0.03459655   -0.00838933    0.05897313    0.04382147
TSKB    0.33467311    0.10492194    0.02923165   -0.11145330   -0.05739686    0.03913600    0.02580658   -0.00255031
TUVA    0.36403292   -0.10838745    0.00477646   -0.04245957   -0.00474752   -0.05058267    0.04982990    0.04086665
TWTF    0.32398664    0.16765877   -0.24706638    0.10795402    0.10872829    0.15555426   -0.04536332   -0.07724858
TXES   -0.16957565   -0.23093197   -0.08909484    0.06919821    0.08427866   -0.07219187   -0.08270735    0.02012939
UFPR    0.19611585    0.02403352    0.02184337   -0.01641689    0.03345562    0.00755487   -0.04766669   -0.02381629
ULAB    0.06326715   -0.01260181   -0.06189733    0.03172963    0.02840922    0.02816380   -0.01381173   -0.01018349
UNB3   -0.20064392   -0.05362696   -0.03167245    0.01763918    0.00008868    0.02058782    0.01714198   -0.00384175
UNBJ    0.11719521   -0.09432007    0.02598949    0.04340939   -0.01428882    0.00227990   -0.01606230    0.00911802
UNBN   -0.22286478   -0.08299518   -0.01793207   -0.01547735   -0.06013704    0.02942496    0.05363572    0.01270516
UNSA   -1.56777413   -0.17186912   -0.17139169   -0.32293868    0.18729682    0.21567275   -0.02693669    0.01243980
UNTR    0.18010410   -0.14388421    0.11631238    0.07864524    0.03057900    0.02804642   -0.00718444   -0.00243836
URUM    0.13344188   -0.04315969    0.06232251   -0.30151610   -0.02569391   -0.07369432    0.02755874    0.02558295
URUS    0.17282686    0.14870803    0.02203840    0.06877009   -0.15115175   -0.01908830   -0.04247987    0.00039692
USN3    0.08018694    0.03410618   -0.01840544    0.02025006    0.08704440    0.01747911    0.03931522   -0.03568361
USNA   -0.00863693   -0.00606638    0.04381473   -0.01680194   -0.00211958   -0.05407837    0.03184553   -0.06307263
USNO    0.02662182   -0.05770324   -0.00106583   -0.01728641   -0.03877604   -0.08884432    0.00760925   -0.06844317
USUD    0.43996410    0.12091622   -0.09467125   -0.08078228   -0.05249055    0.02668601   -0.01297358    0.04150132
VACO   -0.24787538    0.10733773    0.04934260   -0.02474445    0.03230495   -0.00897852   -0.02180589   -0.00500218
VALD   -0.07053659    0.08627330    0.06370123    0.06991442   -0.00837185    0.00719589    0.00674995    0.01509209
VENE    0.17131569    0.22053551    0.22742844   -0.02412773    0.07244560   -0.08918344   -0.03332031   -0.00978363
VESL   -0.19011416    0.02697327   -0.04040644   -0.01849612    0.01150059    0.00638421   -0.02100874   -0.01340088
VIL0   -0.06496975   -0.11417865   -0.06291528   -0.02932200   -0.00654922    0.00372637   -0.00434297   -0.00816643
VILL   -0.03267295    0.06508652   -0.03761901    0.03799112    0.04165414   -0.00875901    0.01521615    0.00611710
VIS0   -0.06674450    0.09556928    0.06774429   -0.00792256    0.01560752   -0.03827372    0.01929606    0.02348281
VNDP    0.15950652   -0.08276383   -0.13632175    0.09401061    0.04370183   -0.00770409   -0.00864632   -0.03369114
VOIM    0.21516253   -0.03699477    0.27341172    0.06141201   -0.09596508   -0.01791267   -0.05073677   -0.06875998
VTSP   -0.03878884   -0.00454398   -0.00921023   -0.10132379    0.03026529   -0.00192621   -0.02559315   -0.03153505
WARK    0.07554989   -0.05779537   -0.00870782    0.02192849   -0.00625415   -0.00878150   -0.01381932    0.00591612
WDC1    0.07773426    0.02237793   -0.00672332    0.02832197    0.03680616   -0.01080598    0.01614154    0.03167903
WDC3    0.13483619   -0.05713574    0.09095526    0.08706068    0.04097534   -0.06322644   -0.06049696   -0.03391519
WEL1   -0.00974376    0.09242108    0.00430579   -0.07006551   -0.01923111    0.02854128   -0.00538923    0.01782444
WES2    0.12079507    0.11284666   -0.12086721   -0.04035968    0.02635912   -0.06271130   -0.00394628    0.05078108
WGTN   -0.02341638    0.04664768   -0.02706847   -0.03918915   -0.00420074   -0.00111721    0.01187771   -0.00242007
WHIT    0.00637724   -0.02089598   -0.02488610   -0.01558815    0.00796637   -0.03169606    0.02283270    0.00957744
WILL   -0.02296424   -0.03824437   -0.02351222    0.03937770    0.00456031   -0.01585885    0.00521083    0.00289847
WIND    0.02628858    0.20770628    0.01496711    0.08607423   -0.05569777   -0.00103220    0.04210057   -0.04000805
WROC   -0.14834065   -0.09678784   -0.03816666    0.01297097    0.00531948    0.06633767    0.00275947   -0.03112707
WSRT    0.09448514    0.06506082    0.00161169    0.01704099    0.00733198   -0.01314365    0.01704245    0.00252741
WTZA   -0.03173451   -0.12461093   -0.01565671   -0.06463031   -0.03424570   -0.01126046    0.00233744   -0.00771333
WTZL    0.17173906    0.18858732   -0.02148788    0.00044171    0.01168703    0.00214965   -0.01912057    0.00306407
WTZR    0.13639648   -0.06686348    0.05166824    0.04674218   -0.00683678    0.01314135   -0.00626447   -0.01085544
WTZZ   -0.18230556   -0.00951706   -0.00424441    0.06103206    0.01601425   -0.00697109    0.01614328   -0.01580246
WUHN    0.17306295    0.07865608   -0.04207732   -0.07559448    0.00833133   -0.02443930   -0.01556342    0.00396747
XIAN   -0.38475450   -0.66926871   -0.18599834   -0.19052849   -0.11474719   -0.08431301    0.05448901    0.11885462
XMIS   -0.32677798   -0.17197468    0.07644591   -0.07640946    0.02529773   -0.02256842    0.00059203   -0.01323503
YAKT   -0.23750378    0.29486475    0.06945307    0.08186857   -0.10512212    0.00647056   -0.10824301   -0.02478685
YAKZ   -0.09211736    0.06196515   -0.14293952    0.18410028   -0.00375470    0.06229180    0.01757906    0.00792688
YAR1    0.03407682   -0.01903306    0.15016348    0.04122695    0.04235553    0.00673768   -0.03846974    0.01073914
YAR2   -0.04155522    0.02997873   -0.09592295    0.01045935   -0.02085646    0.01537123    0.02044125    0.02148185
YAR3    0.03252474    0.03264089    0.10785488    0.03248492   -0.02157506   -0.02497522    0.00326853    0.04135447
YARR    0.03903690   -0.07848238   -0.08259170    0.06261579   -0.01973367   -0.02812083    0.03470818   -0.02631583
YCBA    0.05781317    0.23744872   -0.09017983    0.15158897    0.06131347   -0.06411106   -0.09001501   -0.03805082
YEBE   -0.08784461    0.10897171    0.03142109    0.01317117   -0.00578316   -0.00936598   -0.01335871   -0.01379045
YELL   -0.10519159    0.01338464   -0.02652588    0.07673912    0.05548697   -0.00932978    0.00260262    0.04640482
YIBL    0.95734596    0.34388406    0.34218893    0.02324089    0.06145082   -0.04637386    0.07427360   -0.06915836
YKRO   -0.27201901   -0.32825006   -0.14425197    0.18603605    0.17935411    0.22083416    0.01504500    0.08445011
YSSK    0.05235408   -0.06769576   -0.02485898    0.00514468   -0.03474173    0.04174053   -0.00774419   -0.00086894
ZAMB   -0.21620776    0.00793730   -0.07324040    0.00449030    0.03199809    0.02341105   -0.02981683   -0.00589319
ZECK    0.14930289    0.18583585   -0.03050440    0.06332418   -0.00940027   -0.00457711    0.00303951    0.01786044
ZIM2    0.04333102   -0.07396743   -0.03595370   -0.08038563   -0.00005851   -0.01475037   -0.00639647   -0.01986242
ZIM3   -0.06247276   -0.05099296   -0.03668690    0.06192304    0.00771925    0.04361476    0.00835839   -0.07244147
ZIMJ    0.04945556   -0.08655620    0.07292671    0.03779568    0.00250116    0.04849936    0.01337976    0.02007272
ZIMM    0.05872011   -0.05534504   -0.06283627    0.06064959   -0.02920457    0.04150315    0.02724171    0.00153914
ZWE2   -0.00054927   -0.17722305   -0.03909529   -0.01312156    0.05316090   -0.01343278    0.00992744   -0.01235583
ZWEN   -0.24208835    0.44825953    0.07634919   -0.04767338   -0.03772175    0.07736978    0.02792397   -0.04477140
