name detected metadata valid
ABMF     2    25     1
ABPO     4    11     1
ADE1     3     3     0
ADIS     6     2     0
AIRA     6    12     2
ALBH    10    28     1
ALGO     6    20     1
ALIC    12    29     3
ALRT    13     5     1
AMC2    10     8     2
ANKR    13    12     5
ANTC     9     7     2
AOML     2     7     2
AREG     4    15     3
AREQ    12    22     3
AREV     1    11     0
ARTU    15     1     0
ASC1     0     1     0
ASCG     3    15     2
ASPA     5    10     1
AUCK    10    20     4
AZGB     4     8     1
BADG    10     6     2
BAKE    12     6     1
BAKO    12    44     4
BAN2     6     1     0
BARH     7    24     1
BDOS     1     2     0
BHR1     1     4     0
BILI     7     0     0
BISK     3     3     1
BJCO     3    10     0
BJFS    12     7     1
BJNM     3     0     0
BNDY     1    13     1
BOAV     4    13     2
BOGO     5    12     0
BOGT     8    24     5
BOR1    15     9     2
BRAZ     7    35     2
BREW     8    13     2
BRFT     8     8     0
BRMU     4    15     3
BRST    10    29     1
BRUS     6    10     0
BRUX     4    25     3
BSHM     5    16     2
BUE2     3     3     0
CAGL    10     2     0
CAGS     8     7     1
CAGZ     5     9     2
CALL     4     3     1
CARR     3     5     2
CAS1    15    23     6
CCJ2     5    13     0
CCJM     2    10     0
CEDU    11    23     6
CFAG     5     5     0
CGGN     1     5     1
CHAN     6     2     1
CHAT     7     4     2
CHPG     1    18     1
CHPI     7    25     1
CHTI     4    11     0
CHUM     7     8     1
CHUR    11    21     3
CIC1     5     1     1
CICE     1     0     0
CKIS     1    13     0
CNMR     9    16     3
COCO    13    19     5
CONZ     6    17     4
CORD     7    15     2
COYQ     1     8     0
CPVG     5    18     3
CPXF     7    24     1
CRAO     1     2     0
CRAR    11     4     1
CRO1    11    20     3
CTWN     4     0     0
DAEJ    15     9     3
DAKA     2     6     2
DARW    14    30     3
DAV1    15    21     6
DAVR     5     2     1
DGAR     9    19     5
DGAV     3    10     1
DRAG     3    14     2
DRAO    16    31     5
DUBO    12    14     3
DUM1    16     0     0
EIL1     6     4     2
EISL     2     4     0
EPRT     7    16     3
ETAD     1     0     0
FAA1     7    12     1
FAIR    13    25     5
FAIV     4     4     1
FALE     4     7     0
FLIN    12    15     4
FLRS     2    13     0
FORT     3     5     2
FRDN     2    13     0
FTNA     2    16     2
FUNC     3    18     1
GALA     1     2     0
GANP    11    43     9
GLPS    10    16     4
GLSV    15    12     5
GMAS     3     2     0
GMSD     1    27     0
GODE    10    19     2
GODZ    20     8     1
GOL2     4     4     0
GOLD    13    12     2
GOPE    17    21     7
GOUG     2     1     0
GRAS    11    20     1
GRAZ    16    33     5
GUAM     8    23     4
GUAO     9     2     1
GUAT     9     7     1
GUUG     7    20     1
HARB    11    23     1
HERS    12    10     2
HERT     6    10     0
HLFX     4     6     0
HNLC     8     8     0
HNPT    14    23     5
HOB2    10    22     5
HOFN    12    24     4
HOLB     8    28     4
HOLM    10    10     2
HRAO    14    32     6
HRM1     2     5     0
HYDE    13     7     1
IDDR     1    17     1
IISC    13    15     2
ILHA     0     8     0
IMPZ     4    11     1
INEG     6    10     0
INVK    12     6     1
IQAL     9     5     2
IQUI     1     3     0
IRKJ    16     3     2
IRKT    10     1     0
ISBA    11     8     2
ISPA     0     7     0
JAB1     2    16     1
JOG2     2    15     0
JOZ2    14     9     1
JOZE    11     7     0
JPLM    12    36     1
JPLV     1     7     0
KARR     7    24     3
KAT1     3    13     0
KELY    10    17     3
KERG     6    27     1
KGNI     3     8     1
KHAJ     7     1     0
KHAR     4    19     1
KIR0     9    31     2
KIRI     3    22     0
KIRU    12    17     2
KIT3    15    15     2
KOKB    11    26     5
KOKV     3    14     2
KOSG     8    17     3
KOU1     2     1     0
KOUC     5    31     4
KOUG     6    21     0
KOUR    12    24     4
KRGG     2    24     0
KSMV     4    10     0
KSTU     2     4     2
KUNM     8     2     1
KWJ1     2     2     0
LAE1     4     3     1
LAMA    17    19     3
LAUT     1    16     0
LHAS     6     6     2
LHAZ    14    17     6
LMMF     5    20     3
LPAL     9    15     4
LPGS    10    25     3
M0SE     4    20     1
MAC1     7    19     1
MAD2    10     7     2
MADR     2    22     1
MAG0     9     3     3
MAJU     1    13     0
MAL2     7    10     3
MALD     2     0     0
MALI     3     3     1
MANA     9    11     1
MAS1    12    18     3
MAT1    12     7     2
MATE    14    33     2
MAUI     8     6     2
MAW1    16    18     6
MBAR     6    14     1
MCIL     4    15     2
MCM4    20    17     5
MDO1    14    23     4
MDVJ     8     7     1
MDVO     2     1     0
MEDI    18    13     2
METS    15    24     4
METZ     4     2     0
MGUE     5     9     1
MIZU     8    21     1
MKEA    11    19     4
MNLS     7    13     1
MOBJ    10     2     2
MOBK     2     0     0
MOBS     3    18     1
MONP    14    18     1
MORP     5    13     0
MQZG     6    19     3
MRO1     2     9     0
MSKU     1     0     0
MTKA     6     6     0
NAIN     2     8     1
NANO     9    14     2
NAUR     3    16     0
NICO    14    31     2
NIST     4     2     1
NIUM     2    14     0
NKLG     9    25     2
NLIB    17    16     4
NNOR    12    11     2
NOT1     7     9     1
NOTO     2     1     0
NOUM     1     4     0
NOVM    13     1     0
NRC1    10    21     3
NRIL    14     2     0
NRMD     7    31     4
NSSP     7     5     3
NTUS    12    21     5
NURK     3     9     2
NVSK    13     3     1
NYA1    13    11     3
NYAL    16     7     2
OHI2    13    18     1
OHI3     9    34     4
OHIG     2     7     2
ONSA     8    16     1
OPMT     3     0     0
OS0G     2     3     0
OSN1     2     3     1
OUS2     9    22     4
PADO     9    21     7
PALM    14    17     2
PALV     4     4     1
PARC     7    17     2
PARK     5    11     3
PBRI     3     4     1
PDEL     4    17     3
PENC    17    21     8
PERT    13    24     4
PETP     7     4     0
PFA2     4     6     0
PIE1     9    27     4
PIMO     8    21     2
POHN     6    23     2
POL2    11    17     2
POLV    12    14     2
POTS    12    32     4
POVE     8    16     2
PRDS     5    12     2
PRE1     6     2     0
PTAG     6    14     3
PTBB     4     8     1
PTVL     3    10     1
PVEP     1     9     0
QAQ1    11    26     3
QUI2     1     3     0
QUIN    11    31     3
RABT     8     6     1
RAMO    13    17     6
RBAY     4     7     0
RCMN     4     0     0
RECF     1    12     0
RESO     4     8     0
REUN     9    20     4
REYK    18    29     9
REYZ     2     5     0
RGDG     2    19     0
RIGA     5    27     2
RIO2     5    13     3
RIOG     3     2     0
RIOP     5     7     0
ROSA     4     4     1
ROTH     5     8     1
SALU     6    20     4
SAMO     4    14     0
SANT    10    25     3
SAVO     5    12     1
SCH2     7     8     1
SCOR    13    15     5
SCRZ     3    11     0
SCTB     4    13     2
SCUB     4    11     1
SELE     9     4     3
SEY1     3    17     1
SEYG     3    17     2
SFER     8    18     3
SHAO     9     6     1
SIMO     1     1     0
SIO3     6    28     3
SMST     3     5     2
SOFI    11    19     2
SOL1     7     9     2
SOLA     0     3     0
SPT0     4    19     2
SSIA     7    12     3
STHL     8    10     2
STJO     9    35     6
STK2     5    10     2
STR1     6    27     3
STR2     7    23     2
SUNM     6     0     0
SUTH    11    18     2
SUTM     7    12     3
SUTV     3     0     0
SUWN    18    17     3
SVTL     7     9     2
SYDN     7     6     1
SYOG    20    14     8
TABL    12    14     3
TABV     9    20     3
TAH1     5     1     0
TASH     8    17     0
TCMS     3     3     0
TEHN     0     5     0
THTG     6    23     0
THTI    12    11     1
THU1     7     2     1
THU2    12    21     3
THU3     5     4     0
TID1     7    16     4
TIDB     7    10     2
TITZ     5     8     3
TIXG    10     0     0
TIXI    10     5     1
TIXJ     2     1     0
TLSE     7    35     4
TN22     6    11     1
TNML     5     2     0
TONG     3    16     1
TOUL     1     0     0
TOW2     9    21     4
TRAB     4     0     0
TRO1    11    18     4
TROM     3     5     0
TSEA    11     7     3
TSKB     9    22     1
TUVA     1    14     1
TWTF     9     3     1
TXES     9    25     4
UFPR     1    12     0
ULAB    12    22     4
UNB3     2    24     1
UNBJ     3     5     0
UNBN     1     1     0
UNSA     9    20     4
UNTR     1    10     0
URUM    15    19     7
URUS     1     2     0
USN3     3     3     0
USNA     5    18     2
USNO     9     8     5
USUD     9    17     3
VACO     4     4     1
VALD     6    11     1
VENE     3     4     2
VESL     9     1     1
VIL0     5    25     2
VILL    10    19     4
VIS0     5    25     3
VNDP     0    29     0
VOIM     4    11     2
VTSP     6    15     2
WARK     3    16     1
WDC1     5     3     0
WDC3     1     0     0
WEL1     1     3     0
WES2     7    54     5
WGTN     5    17     3
WHIT    14    13     3
WILL    13    12     3
WIND    10    17     2
WROC    14    42     7
WSRT    10    16     3
WTZA     6    11     2
WTZL     2    16     0
WTZR     9    47     5
WTZZ    10    46     4
WUHN    16     9     4
XIAN     4     2     1
XMIS     6    15     3
YAKT    12     1     1
YAKZ     1     1     1
YAR1     3     8     2
YAR2     7    21     2
YAR3     7    16     1
YARR     8    12     3
YCBA     2     2     0
YEBE     6    16     2
YELL    15    19     2
YIBL     3     5     0
YKRO     7    10     1
YSSK     9     2     0
ZAMB     7    12     3
ZECK    15    12     3
ZIM2     9    24     6
ZIM3     3    16     1
ZIMJ     9    14     3
ZIMM    12    22     5
ZWE2     7     1     1
ZWEN     1     5     1
