name detected metadata valid
ABMF    12    25     3
ABPO    22    11     1
ADE1     6     3     0
ADIS    27     2     2
AIRA    16    12     2
ALBH    28    28     3
ALGO    26    20     5
ALIC    29    29     3
ALRT    29     5     3
AMC2    29     8     3
ANKR    29    12     9
ANTC    29     7     6
AOML     6     7     5
AREG    29    15    15
AREQ    29    22     5
AREV    29    11    15
ARTU    29     1     0
ASC1     6     1     0
ASCG     5    15     2
ASPA    12    10     3
AUCK    12    20     4
AZGB     9     8     1
BADG    29     6     9
BAKE    29     6     2
BAKO    29    44    12
BAN2    29     1     0
BARH    17    24     1
BDOS     3     2     0
BHR1    29     4     4
BILI    29     0     0
BISK    10     3     2
BJCO    11    10     3
BJFS    29     7     1
BJNM    13     0     0
BNDY     2    13     2
BOAV    14    13     2
BOGO    10    12     2
BOGT    29    24    11
BOR1    29     9     5
BRAZ    29    35     9
BREW    29    13     5
BRFT     9     8     0
BRMU    19    15     5
BRST    23    29     3
BRUS    11    10     2
BRUX     6    25     4
BSHM    14    16     3
BUE2    17     3     0
CAGL    24     2     0
CAGS    19     7     2
CAGZ     8     9     3
CALL    29     3     4
CARR    28     5     5
CAS1    29    23    11
CCJ2    12    13     0
CCJM     5    10     0
CEDU    29    23    12
CFAG    29     5     0
CGGN    19     5    10
CHAN    24     2     6
CHAT    10     4     3
CHPG    15    18    10
CHPI    17    25     3
CHTI     5    11     0
CHUM    29     8     4
CHUR    29    21     8
CIC1    25     1     2
CICE    13     0     0
CKIS    10    13     0
CNMR    18    16     6
COCO    27    19    10
CONZ    26    17    13
CORD    29    15    10
COYQ     9     8     3
CPVG    18    18    13
CPXF    24    24     7
CRAO     3     2     1
CRAR    29     4     1
CRO1    21    20    10
CTWN    10     0     0
DAEJ    29     9     5
DAKA     9     6     3
DARW    29    30     7
DAV1    29    21     9
DAVR    21     2     4
DGAR    24    19     9
DGAV     6    10     2
DRAG    22    14     7
DRAO    29    31     6
DUBO    29    14     5
DUM1    29     0     0
EIL1    29     4     3
EISL     7     4     0
EPRT    12    16     5
ETAD    14     0     0
FAA1    14    12     1
FAIR    29    25     6
FAIV    29     4     2
FALE    22     7     6
FLIN    29    15     8
FLRS    12    13     3
FORT    11     5     6
FRDN     6    13     0
FTNA     3    16     3
FUNC    29    18    11
GALA    25     2     4
GANP    29    43    18
GLPS    29    16     5
GLSV    29    12     7
GMAS    20     2     4
GMSD     3    27     0
GODE    29    19     6
GODZ    28     8     1
GOL2    29     4     7
GOLD    29    12     5
GOPE    29    21     8
GOUG    10     1     0
GRAS    29    20     4
GRAZ    28    33     6
GUAM    24    23     7
GUAO    29     2     2
GUAT    29     7     3
GUUG    14    20     2
HARB    29    23     3
HERS    21    10     2
HERT    14    10     0
HLFX    13     6     1
HNLC    19     8     0
HNPT    25    23     7
HOB2    19    22     9
HOFN    26    24    10
HOLB    28    28    18
HOLM    29    10     4
HRAO    29    32    10
HRM1     4     5     0
HYDE    29     7     2
IDDR    25    17    11
IISC    29    15     7
ILHA     9     8     2
IMPZ    29    11     8
INEG    27    10     1
INVK    29     6     1
IQAL    29     5     5
IQUI     7     3     3
IRKJ    29     3     3
IRKT    29     1     0
ISBA    29     8     4
ISPA     0     7     0
JAB1    14    16     8
JOG2    16    15     6
JOZ2    22     9     3
JOZE    29     7     0
JPLM    29    36     3
JPLV    15     7     0
KARR    29    24     7
KAT1    22    13     9
KELY    29    17     7
KERG    11    27     1
KGNI    13     8     1
KHAJ    29     1     2
KHAR    19    19     1
KIR0    29    31     8
KIRI     5    22     0
KIRU    29    17     2
KIT3    29    15     3
KOKB    29    26    14
KOKV     6    14     2
KOSG    13    17     4
KOU1     4     1     0
KOUC    19    31     6
KOUG     9    21     0
KOUR    20    24     6
KRGG     4    24     2
KSMV    12    10     1
KSTU    14     4     5
KUNM    28     2     1
KWJ1     4     2     0
LAE1    18     3     1
LAMA    29    19     5
LAUT     2    16     0
LHAS    29     6     8
LHAZ    29    17     9
LMMF    10    20     4
LPAL    29    15     4
LPGS    28    25     7
M0SE    11    20     1
MAC1    10    19     2
MAD2    29     7     5
MADR    17    22    10
MAG0    29     3     5
MAJU     4    13     2
MAL2    28    10     6
MALD    13     0     0
MALI    20     3     4
MANA    22    11     2
MAS1    29    18     4
MAT1    20     7     3
MATE    29    33     2
MAUI    29     6     5
MAW1    29    18    10
MBAR    26    14     7
MCIL     9    15     3
MCM4    29    17     5
MDO1    29    23     9
MDVJ    29     7     1
MDVO    29     1     0
MEDI    29    13     2
METS    29    24    10
METZ    20     2     0
MGUE    19     9     3
MIZU    12    21     2
MKEA    29    19     6
MNLS    17    13     2
MOBJ    29     2     5
MOBK    15     0     0
MOBS     8    18     2
MONP    29    18     5
MORP    26    13     0
MQZG    10    19     5
MRO1    19     9     3
MSKU    11     0     0
MTKA    26     6     3
NAIN    14     8     2
NANO    29    14     5
NAUR    10    16     2
NICO    28    31     3
NIST    29     2     1
NIUM     4    14     0
NKLG    29    25     6
NLIB    29    16     7
NNOR    18    11     2
NOT1    25     9     3
NOTO     9     1     0
NOUM     7     4     0
NOVM    29     1     0
NRC1    28    21     7
NRIL    29     2     0
NRMD    21    31     9
NSSP    29     5     9
NTUS    29    21    13
NURK    27     9     6
NVSK    29     3     3
NYA1    29    11     6
NYAL    29     7     2
OHI2    29    18     1
OHI3    29    34    13
OHIG     3     7     2
ONSA    21    16     1
OPMT     7     0     0
OS0G     7     3     1
OSN1    13     3     4
OUS2    24    22    11
PADO    17    21    12
PALM    29    17     3
PALV    12     4     1
PARC    27    17     6
PARK     9    11     5
PBRI     8     4     2
PDEL     7    17     4
PENC    29    21    13
PERT    29    24     8
PETP    29     4     1
PFA2    18     6     1
PIE1    29    27     5
PIMO    27    21     7
POHN     8    23     2
POL2    29    17     4
POLV    22    14     5
POTS    29    32     8
POVE    29    16     6
PRDS    24    12     5
PRE1    25     2     4
PTAG    13    14     4
PTBB     7     8     1
PTVL    10    10     2
PVEP    13     9     7
QAQ1    29    26    10
QUI2     7     3     0
QUIN    29    31     7
RABT    28     6     4
RAMO    29    17    13
RBAY    15     7     1
RCMN    12     0     0
RECF     1    12     0
RESO    17     8     9
REUN    26    20     6
REYK    29    29    14
REYZ    13     5     2
RGDG     8    19     3
RIGA    17    27     4
RIO2    10    13     4
RIOG    15     2     0
RIOP    29     7     6
ROSA     8     4     2
ROTH    29     8     4
SALU    16    20    10
SAMO    17    14     2
SANT    29    25     8
SAVO    12    12     1
SCH2    29     8     3
SCOR    29    15     7
SCRZ    15    11     0
SCTB    28    13     7
SCUB    11    11     3
SELE    29     4     3
SEY1     7    17     4
SEYG    17    17    13
SFER    27    18     4
SHAO    27     6     4
SIMO     7     1     2
SIO3    29    28     8
SMST    13     5     2
SOFI    29    19     5
SOL1    13     9     3
SOLA    16     3     9
SPT0    13    19     3
SSIA    13    12     3
STHL    25    10     7
STJO    16    35     9
STK2    11    10     3
STR1    13    27     6
STR2    19    23     2
SUNM    16     0     0
SUTH    29    18     5
SUTM    29    12     8
SUTV     8     0     0
SUWN    29    17     4
SVTL    28     9     6
SYDN    12     6     1
SYOG    29    14    13
TABL    29    14     7
TABV    19    20     6
TAH1    11     1     0
TASH    29    17     3
TCMS    23     3     1
TEHN    23     5     2
THTG    12    23     0
THTI    27    11     1
THU1    29     2     1
THU2    29    21     5
THU3    29     4     0
TID1    17    16     5
TIDB    13    10     2
TITZ     7     8     3
TIXG    29     0     0
TIXI    29     5     2
TIXJ    24     1     2
TLSE    26    35     9
TN22    24    11     4
TNML    27     2     0
TONG     7    16     1
TOUL     4     0     0
TOW2    18    21     6
TRAB    29     0     0
TRO1    29    18     5
TROM    29     5     0
TSEA    29     7     6
TSKB    28    22     4
TUVA     1    14     1
TWTF    29     3     1
TXES    29    25     5
UFPR    19    12     5
ULAB    29    22     9
UNB3     6    24     4
UNBJ     5     5     0
UNBN     3     1     0
UNSA    29    20     6
UNTR     8    10     2
URUM    29    19     9
URUS    13     2     1
USN3    13     3     0
USNA    10    18     4
USNO    19     8     7
USUD    29    17     3
VACO    12     4     3
VALD    20    11     2
VENE    29     4     4
VESL    29     1     2
VIL0    17    25     4
VILL    29    19     8
VIS0    19    25     5
VNDP     5    29     0
VOIM    13    11     3
VTSP    12    15     2
WARK     5    16     1
WDC1     9     3     0
WDC3     2     0     0
WEL1     1     3     0
WES2    15    54    10
WGTN     7    17     4
WHIT    29    13     4
WILL    29    12     6
WIND    29    17    13
WROC    26    42    11
WSRT    21    16     3
WTZA    13    11     3
WTZL     4    16     1
WTZR    29    47    12
WTZZ    20    46    10
WUHN    29     9     7
XIAN    28     2     2
XMIS    13    15     6
YAKT    29     1     1
YAKZ    15     1     1
YAR1     9     8     3
YAR2    13    21     2
YAR3    13    16     1
YARR    20    12     6
YCBA    27     2     1
YEBE    20    16     4
YELL    29    19     4
YIBL    18     5     4
YKRO    29    10     7
YSSK    29     2     0
ZAMB    28    12     8
ZECK    29    12     6
ZIM2    27    24    15
ZIM3    11    16     1
ZIMJ    29    14     7
ZIMM    29    22     7
ZWE2    29     1     2
ZWEN    26     5     5
