name cos1 sin1 cos2 sin2 cos3 sin3 cos4 sin4
ABMF   -0.20678125   -0.25096642   -0.05065994   -0.14286890   -0.09099726    0.12879391   -0.02540198    0.06348472
ABPO   -0.04530194   -0.12914231    0.03009411    0.17528439   -0.04077350   -0.02125432   -0.00290414    0.00455714
ADE1   -0.02541254   -0.03869761    0.00931469    0.03386037   -0.01665459    0.00761486   -0.01896793   -0.03689190
ADIS    0.00563659    0.29437851   -0.05378423   -0.14794908   -0.21211261   -0.07708795    0.14794812    0.00246286
AIRA    0.41810955   -0.08295448   -0.03589585   -0.04052320   -0.03297159   -0.04070634   -0.02455002   -0.01601402
ALBH   -0.15650755   -0.06811105    0.07443750    0.04145737   -0.03980939   -0.04599711    0.02754123    0.02664438
ALGO   -0.18483171   -0.03208062   -0.13096126    0.01725022   -0.00761872   -0.02212054    0.02811964   -0.00776898
ALIC   -0.14080230    0.00078317   -0.06446484    0.00025647   -0.02784999   -0.02492026    0.00808201    0.02434359
ALRT   -0.04726354    0.06973263    0.01646966    0.05893866    0.03682597    0.00324272   -0.01981746   -0.02749306
AMC2    0.06404303    0.47010507    0.16315859    0.00494945    0.04948461   -0.01095838    0.00326029   -0.04238474
ANKR   -0.43204151   -0.17024656   -0.11699561   -0.10713741    0.00140962    0.05425042   -0.00046086   -0.00217244
ANTC   -0.02339742   -0.15209035   -0.09737688    0.10236628   -0.02091922   -0.09422246   -0.01999388    0.04170693
AOML    0.05554543    0.64465669    0.11726884    0.04777301    0.01032730   -0.06972230    0.00186383   -0.19823668
AREG    0.77344370   -0.26906820   -0.35885812   -0.29031267   -0.29745205   -0.23870622   -0.09829044   -0.09624424
AREQ    0.11323815   -0.31861073    0.41878292    0.23175181    0.30429289    0.02494750    0.11536716    0.02650317
AREV    0.17211700    0.11002630    0.63359260    0.01783611   -0.10709625    0.20897375    0.08570204   -0.10055530
ARTU    0.03157945   -0.04071333    0.00739906    0.07839689   -0.00875270    0.00153596    0.03582114    0.07614918
ASC1   -0.32823776   -0.31972392    0.05277457   -0.13198356   -0.00141703   -0.05182086   -0.07680633    0.03474903
ASCG    0.29522972   -0.47226105   -0.02281121    0.17723079   -0.03071350   -0.02926298   -0.02454022   -0.04480040
ASPA   -0.22249849    0.07679150   -0.00252372   -0.07435934   -0.03962172    0.01775089   -0.00391781    0.00277713
AUCK    0.08558448   -0.01210187    0.00180411    0.00435651   -0.00176695    0.01859886   -0.00527972   -0.00705453
AZGB   -0.01002033   -0.01248658   -0.06592831    0.02822986   -0.04692729    0.01617596    0.00286957    0.02168991
BADG    0.06379995    0.40160326    0.04652607   -0.06307937    0.02956654   -0.02901118    0.00845348   -0.04330434
BAKE   -0.03267543    0.13770262    0.00480094   -0.03754467    0.00537770   -0.00785750    0.00901555   -0.02654098
BAKO   -0.02225561    0.31696969    0.01835143    0.05961625    0.05744593   -0.09520721   -0.12291506   -0.03623217
BAN2    0.00315825    0.26732820    0.23589884   -0.43111836   -0.04066196    0.10913675   -0.09300401    0.03366597
BARH    0.01468637   -0.06852687    0.05973964    0.00190142    0.00487808   -0.00193441    0.01017285    0.01239898
BDOS    0.25573326    0.08722774   -0.07321499   -0.08387535   -0.08172936   -0.01299618   -0.00077874    0.05347497
BHR1    0.24879921    0.92983950   -0.09160465    0.09179364   -0.21737810    0.34161030   -0.28765749    0.18429202
BILI   -0.07827017   -0.09737317   -0.04698785   -0.01913250   -0.03750691   -0.02432591   -0.03845373   -0.02616483
BISK   -0.10657148   -0.19312337   -0.00230236    0.00785694    0.01288683    0.02136731   -0.00784865   -0.00478473
BJCO    0.30093946   -0.02322115   -0.25881635   -0.30276613    0.23713710    0.23503005   -0.11752962    0.06485033
BJFS    0.13829004    0.16308089    0.08892955   -0.02897643    0.20268704    0.07146784    0.00069616   -0.10050587
BJNM    0.21137976   -0.20315577   -0.21912646    0.12578632   -0.15765102   -0.02510679    0.16444239    0.05435393
BNDY   -0.11374453   -0.11641292    0.03658682    0.03152253   -0.01663809    0.03242288   -0.04760707   -0.02336978
BOAV    0.12922632    0.12831308    0.11348148   -0.25028210   -0.04177158    0.10998447    0.02858476    0.00804147
BOGO   -0.20278440   -0.12207058    0.01369050    0.05160288   -0.01739348    0.04715936    0.02205705   -0.01823751
BOGT   -0.12844471    0.14979140    0.03201363   -0.00314755    0.05988157   -0.00767116    0.00456017   -0.05536093
BOR1    0.11612425   -0.08052036    0.02893844   -0.02063154    0.04987460    0.01580365    0.03773023   -0.03566597
BRAZ   -0.21589591   -0.06393827   -0.09797146    0.04163062   -0.07007174    0.00421183   -0.03878005    0.02379518
BREW    0.28560385   -0.00356419   -0.08218411   -0.34083584    0.03815878    0.01738092   -0.00361488   -0.04176016
BRFT   -0.64380882   -0.13637521    0.04624174    0.10172314   -0.01302970    0.10113252    0.01875792    0.03251206
BRMU    0.09346619    0.12820053    0.01312389   -0.07191535    0.00178137    0.03387780   -0.01130447   -0.01325906
BRST   -0.13141541   -0.02283127    0.02195134    0.04989123    0.02565835   -0.01191414    0.02227095    0.00831455
BRUS   -0.00440168   -0.00971439   -0.02537495   -0.04197877    0.01075658    0.04053982   -0.00417721    0.00815087
BRUX   -0.16551079    0.03495708    0.06708954    0.01503023    0.02878316   -0.02024427   -0.03717360    0.02091823
BSHM    0.12400274    0.18188009    0.09918595    0.07244587    0.08443788   -0.00339959    0.00845753   -0.02951655
BUE2    0.06963283   -0.14724271    0.01133534    0.03400558   -0.12640090    0.09882806   -0.03687624   -0.03437871
CAGL    0.30621554   -0.11120696   -0.02166563    0.01848758   -0.03421170   -0.01243440    0.01624600    0.02083474
CAGS   -0.00614678   -0.00854048   -0.08939001    0.00145494    0.00465417   -0.06188819    0.02903957    0.00024462
CAGZ   -0.05284699   -0.25324375    0.02617268    0.00121884    0.02308966   -0.06332833   -0.00630524    0.03641035
CALL   -0.26665417   -0.61091486   -0.12831630    0.42276322    0.26110426   -0.14241635   -0.01023708    0.02894965
CARR    0.11672273    0.40200769   -0.12787518    0.26063675   -0.05957843    0.05259833   -0.05845921    0.08657367
CAS1   -0.01289846    0.01062278   -0.01820684   -0.00432779   -0.02239288    0.01454224    0.00488951   -0.00093041
CCJ2    0.07399160    0.30117440    0.01325947   -0.10452691    0.11772646    0.00712544   -0.05117409   -0.00187452
CCJM    0.09901445    0.29135445   -0.09922440   -0.05386410   -0.00632293    0.00389882   -0.01529033   -0.01764991
CEDU    0.09237396    0.25778488    0.01835011    0.01451131   -0.00650422    0.02650047    0.04607433    0.00626314
CFAG   -0.01825454   -0.23319490    0.17126672   -0.21917209    0.02145375    0.03746875    0.02044681   -0.11691212
CGGN    0.13029769    0.03899629   -0.06882011   -0.16546962    0.00307800    0.46936867   -0.06011995    0.00036159
CHAN    0.13259736   -0.09652479   -0.04602009   -0.02887375   -0.03560468    0.02028175   -0.01783410   -0.00035709
CHAT    0.07104797   -0.15718340    0.04428659   -0.00789228    0.00475825    0.03551602   -0.00994481    0.01006981
CHPG   -0.54380497   -0.10035567    0.16132720   -0.20023815    0.08948787    0.00739660    0.01308713    0.01211656
CHPI   -0.02125452    0.26979586   -0.10424977    0.13544186    0.03442102    0.08744118    0.00481470    0.00618622
CHTI   -0.06091425   -0.09378713   -0.03621816   -0.01025080    0.00690947   -0.03437749   -0.00252886   -0.00964773
CHUM    0.15751892    0.25332974    0.58258082   -0.20322929   -0.05265320   -0.16644218    0.00225205   -0.06760904
CHUR    0.04748161    0.10973570    0.00835930   -0.00000136    0.00265662    0.01901922   -0.00540722    0.00049088
CIC1   -0.02299342    0.15694663   -0.20269952   -0.04792272    0.10374522   -0.04675409   -0.03319216    0.01524471
CICE    0.06081142   -0.47434816   -0.09567692    0.06288275    0.04109183   -0.08569138    0.04249099   -0.04323448
CKIS    0.07430158    0.03793415    0.02876332    0.06185678    0.00770710    0.07196222    0.07509391   -0.00198488
CNMR   -0.01062544    0.10061805    0.18502561    0.08179031    0.02768096    0.11308606    0.02313011   -0.03657140
COCO   -0.12327382   -0.15236117    0.05129676    0.09444750   -0.03431621   -0.00726659    0.02042697   -0.03461081
CONZ   -0.07860559    0.15762062   -0.01751194    0.04756454    0.01045869    0.02243310    0.01740968   -0.00577530
CORD   -0.01130753    0.21508174    0.16833734   -0.17143819   -0.05536772    0.01361883    0.03657490    0.01426563
COYQ    0.12844196    0.00472281    0.01498872   -0.01262108    0.02891828   -0.02048252    0.01600025   -0.00715738
CPVG    0.13393675    0.12362180    0.01821432   -0.17657322    0.12050933   -0.01935024    0.04085407    0.01527810
CPXF   -0.00592733    0.05709176    0.01034921   -0.00697301    0.02353606   -0.03589698    0.01354655   -0.03910552
CRAO    0.00840395   -0.25298041    0.03127830   -0.10107749    0.05969387   -0.01553601   -0.01066353    0.04377177
CRAR   -0.07291953   -0.06630291   -0.03942539   -0.00371577   -0.01020672    0.00834387   -0.00882282   -0.00205785
CRO1   -0.15800283   -0.26925654   -0.00474539   -0.02682721    0.04896957   -0.09241615    0.00048297   -0.04049367
CTWN   -0.04592192   -0.06340738    0.04326330    0.06281526    0.03866059   -0.04848431   -0.03242746    0.08258695
DAEJ    0.16537623   -0.14086321    0.06996015    0.08156149    0.01916261    0.04133877   -0.01398367    0.00017987
DAKA   -0.25929202   -0.15215317   -0.01699212    0.07250881    0.01698469   -0.18334406   -0.01346752    0.05436416
DARW   -0.32099495   -0.52090152    0.20527074    0.29101385   -0.12673961   -0.05538842    0.04596596   -0.01923815
DAV1    0.06837748   -0.03221738   -0.04326403    0.01488907    0.00293115   -0.00109749   -0.00573340    0.00082916
DAVR   -0.06089272   -0.11496672    0.01252024   -0.00856868    0.03201687    0.00706049    0.00012645   -0.01042267
DGAR   -0.12562163   -0.06567224   -0.13427525    0.02045279    0.08283554    0.04973358   -0.00130367    0.03731076
DGAV   -0.02275258    0.17616489   -0.01667046   -0.10656257    0.01526392    0.03137457   -0.01414001    0.00068611
DRAG   -0.84759290    0.04381666    0.32628859   -0.17930246   -0.16700206    0.09330560    0.02457954   -0.01529535
DRAO    0.00465167   -0.22488881   -0.35551134    0.08882890    0.00697634    0.01556468    0.04451510    0.00058878
DUBO   -0.05136838   -0.04429538    0.04220030   -0.04247713   -0.00221052    0.04094493    0.04296451   -0.01590315
DUM1   -0.03496607   -0.05151624   -0.00781414   -0.06456573   -0.03088495    0.03454890   -0.01827099    0.01070159
EIL1    0.13704063   -0.02536775    0.00205514    0.03841403   -0.06041003   -0.00216624    0.04827406    0.04863138
EISL    0.15667646    0.37102186    0.17100097    0.02365927   -0.08526963   -0.09968499    0.03576003    0.00920861
EPRT   -0.00269886   -0.14889810    0.02382049   -0.00240691    0.01833356   -0.03769394    0.01746563   -0.00402621
ETAD   -0.29352112   -0.26427623    0.06082497    0.14721954   -0.25178196   -0.01257342    0.14342320    0.17727925
FAA1   -0.10364086    0.24430014   -0.01610970    0.05017198   -0.06501617   -0.01778133   -0.01562448   -0.06430365
FAIR    0.01905921    0.03955004   -0.02062891   -0.02447750    0.01447100    0.03889993   -0.06500527   -0.01366832
FAIV    0.07553452    0.00400530   -0.09923701   -0.08641795   -0.00871641    0.06937433   -0.00313415    0.00000774
FALE    0.06015807    0.13543005    0.04749667    0.07005218    0.00658991    0.02506427   -0.00277553    0.07903171
FLIN    0.15680211    0.12499112   -0.06127078   -0.00835691   -0.03114871    0.00034983   -0.00371247    0.02744307
FLRS    0.14734743    0.00629517    0.07372477   -0.05360985    0.04753396    0.01724780   -0.03098980   -0.00157118
FORT    0.06506521    0.96570594    0.05377675    0.17892879    0.05592289   -0.04774710    0.08176905   -0.09170440
FRDN   -0.18939725   -0.08706269   -0.04822585    0.04586938    0.00525793    0.01089017    0.01803471    0.00325065
FTNA    0.32508419    0.00231906    0.05376437   -0.07782736   -0.16609214    0.04519582   -0.07988839    0.01746179
FUNC    0.41287721    0.13497745   -0.12028850   -0.00942026   -0.02226623    0.06979794   -0.03023663   -0.08468224
GALA    0.05500131   -0.21964124    0.03943050    0.10872265   -0.28122493   -0.13335533   -0.06036823    0.00563939
GANP    0.10033585   -0.12687626   -0.06055760   -0.01000159    0.00795302    0.01551369    0.02977944   -0.01910653
GLPS    0.12399793   -0.13613929   -0.01736994    0.32922548   -0.06282483   -0.18846499    0.02482877   -0.15264841
GLSV   -0.06574314    0.05312006   -0.03231259    0.00401006    0.01527917   -0.02807847    0.01823785   -0.02015536
GMAS   -0.04326231   -0.59495243   -0.11226846    0.15688704   -0.13199366    0.00764390    0.01906258    0.09252359
GMSD    0.10515667    0.29973814    0.11142247    0.00486788   -0.03282504   -0.03143754    0.02276878    0.02648621
GODE   -0.57537634   -0.16219718    0.09304211    0.11068265   -0.04796114    0.02328512    0.02499454   -0.03338113
GODZ    0.04786756    0.04196386   -0.01666295   -0.01107841   -0.07009587   -0.08902151    0.00846804   -0.03212815
GOL2   -0.08391258    0.06454564    0.00509340   -0.03920676    0.04524999   -0.00314768    0.00105111   -0.06091497
GOLD   -0.05666385    0.01775465    0.02647490    0.02123522   -0.05334683    0.00188476   -0.01656503   -0.00223044
GOPE    0.11527168   -0.10019310    0.05660409    0.01530072    0.02422193    0.03913035    0.01533835   -0.01147645
GOUG   -0.18285594   -0.00313468   -0.02773653   -0.00715700   -0.01175104    0.09636470   -0.01497452    0.01792856
GRAS    0.06928443   -0.14113147    0.05494721    0.03891749    0.03097019    0.01150934   -0.04153706    0.00371166
GRAZ   -0.04881609   -0.08011326   -0.04533264    0.07898685   -0.03138896   -0.00219163    0.02518282    0.01419691
GUAM   -0.34019587   -0.01115920    0.09573287    0.05436049   -0.00820942   -0.15697677    0.01398552   -0.00392419
GUAO   -0.43416286    0.17795352   -0.26812926    0.19497090   -0.04344163   -0.09865873    0.04709015   -0.06535836
GUAT    0.31373339   -0.05374508    0.01441947    0.00533572   -0.07413137   -0.00715660    0.00064914   -0.01583957
GUUG    0.11328586   -0.02529969    0.14220065   -0.02215894    0.07439647    0.00241687    0.02953160   -0.04237844
HARB    0.07688226    0.05304815   -0.05336030   -0.07186059    0.06019295    0.06359675   -0.00277142    0.01396255
HERS   -0.01227258   -0.03616030   -0.00224864    0.02457521    0.04760054    0.00977265   -0.03133580   -0.02110739
HERT   -0.06134172    0.00775056    0.03127219   -0.01554927   -0.04644057   -0.01564228    0.04048166   -0.00695259
HLFX   -0.08702777   -0.06102538   -0.04080569   -0.02857422   -0.00914056   -0.00084663    0.01421414    0.01364031
HNLC    0.07326208   -0.01512179    0.12281461    0.06215696   -0.04754336    0.10099976   -0.02875861    0.01273857
HNPT   -0.11179942   -0.11191107   -0.01480989    0.06312633   -0.01794008   -0.06657856    0.02659436    0.05679961
HOB2   -0.12847809   -0.12364056    0.02343531   -0.02374535    0.01072530    0.01817353   -0.00327531    0.00920471
HOFN    0.11311823    0.00685447    0.00815342   -0.03599082    0.01282753    0.01328605    0.00408530    0.02567251
HOLB   -0.01374640    0.02105478    0.07475368    0.01840254   -0.03484976   -0.00034787    0.01611215    0.02747155
HOLM   -0.05433323   -0.08048544   -0.07706559    0.00138964   -0.00312660   -0.01070020    0.04462532    0.01084933
HRAO    0.13531153    0.01923202   -0.07990861    0.06357835   -0.01920420   -0.09424014   -0.00524375   -0.02618416
HRM1    0.00048356   -0.05454247    0.03011893   -0.02094180   -0.05973818   -0.02320474    0.00947184   -0.00889110
HYDE   -0.12307116    0.03660807    0.36653774    0.22976174    0.06212799   -0.04057790    0.05145100    0.07248799
IDDR   -0.01146950   -0.08180086    0.18974426    0.04241386   -0.07113480    0.06882364   -0.00591083   -0.04647271
IISC   -0.20193917    0.29237156    0.02625329   -0.20335249    0.01446409   -0.00718204   -0.01888236    0.08334445
ILHA    0.35248149   -0.13776842   -0.09451440    0.07504864    0.01322971   -0.00772218    0.04302203   -0.12244401
IMPZ    1.25171606    0.31844614   -0.17853669   -0.29162671    0.01087658    0.14469563    0.03729245   -0.09280167
INEG    0.01906767    0.24247022   -0.01663474    0.04390168    0.02142955    0.05182391   -0.05737872    0.01812104
INVK   -0.07497154   -0.04555349    0.03515588   -0.03910272   -0.02176679    0.02171931   -0.04787570    0.02032566
IQAL   -0.02351690   -0.03122927   -0.02216456   -0.01367971   -0.00007730    0.01174284    0.00173586   -0.01049613
IQUI    0.14931803   -0.18074877   -0.00960315    0.05934014   -0.12434486    0.01172720    0.02677828   -0.06244739
IRKJ    0.05805202    0.07888936    0.03767547    0.09158996    0.02060914    0.01795752   -0.05514287    0.00649908
IRKT    0.13050166   -0.15490725    0.13448997   -0.01892124    0.00533636    0.00816870    0.01747978   -0.07877359
ISBA   -0.29171407   -0.35753134    0.05796396    0.27128287    0.03593556   -0.08286067    0.00008565   -0.00768238
ISPA   -0.18623113    0.01316753    0.01184799   -0.07561341    0.00339979   -0.02031641   -0.03014568    0.00199165
JAB1   -0.43157682   -0.35953700    0.17828813   -0.15794532    0.19231840    0.06931297    0.10702948    0.03711357
JOG2    0.28383597    0.08391216   -0.06193011   -0.06224944   -0.12867294   -0.03423513    0.02482857    0.04818371
JOZ2    0.04713873   -0.20239985   -0.02152855   -0.02164776    0.01470009   -0.04427010   -0.03271951    0.01274175
JOZE   -0.17572662   -0.09825942   -0.03230020    0.00918201   -0.00237893    0.04451933   -0.02308877   -0.04616700
JPLM    0.05344705   -0.02167714    0.09277362    0.11089460   -0.00068868   -0.06605069    0.01498571   -0.05636171
JPLV    0.08731047    0.05804494   -0.02371015   -0.20669947    0.04394458   -0.01494748    0.09304158    0.04018206
KARR    0.55961790    0.00722608    0.05293869   -0.12380892   -0.13051482    0.02439252    0.04312943    0.03294279
KAT1   -0.19556589   -0.31380980    0.16838746    0.48636278   -0.05467669   -0.05981814    0.05891973   -0.02971240
KELY    0.05532178   -0.11392513    0.07448432   -0.05703856    0.02959724    0.00044560    0.00731068   -0.01130973
KERG   -0.04866948   -0.04896993    0.01381530   -0.01149474    0.02204230    0.01216881   -0.00622504   -0.00771953
KGNI   -0.27808980    0.45538686   -0.05443561    0.05656035   -0.03015410    0.04242660    0.00001063   -0.00852968
KHAJ    0.21335400    0.00604694    0.01061166   -0.01044541   -0.07048484   -0.05482019   -0.06063784   -0.06574041
KHAR   -0.05874220   -0.07618821   -0.02363155   -0.03061406    0.01803020    0.04263693    0.04944281   -0.00832108
KIR0   -0.08953326    0.05997136    0.05443849    0.00230029   -0.01175938    0.01367086    0.01382704   -0.00054410
KIRI    0.14059428   -0.00254677    0.09027379   -0.21613536    0.05087538    0.01551539    0.03700743    0.01067268
KIRU   -0.17324868   -0.04197499   -0.02202768    0.07230084    0.01454196   -0.01530349   -0.01409593   -0.02949457
KIT3    0.41903116   -0.62123943   -0.04925618   -0.46846656   -0.21255112   -0.18697312   -0.05988870   -0.04336706
KOKB   -0.09027167   -0.03380348    0.09251255   -0.05427845   -0.08118111   -0.01372259    0.03962574    0.00874391
KOKV    0.07799757   -0.08856795   -0.10750214    0.04185338   -0.06180248    0.03357434   -0.01149800    0.00974332
KOSG    0.02135638    0.05060658   -0.02512116   -0.00252457   -0.00758323   -0.01157264    0.01982041   -0.00847053
KOU1    0.07735848    0.28320256    0.07095048   -0.17208683   -0.01593050    0.02459049    0.12730094   -0.09602193
KOUC    0.11524033   -0.22738383   -0.06488254   -0.00009723   -0.00948425   -0.02878337   -0.02470307    0.10506131
KOUG    0.25658199    0.36697021   -0.21304616   -0.20061530    0.00685108    0.07677210    0.09258530    0.01167887
KOUR   -0.00310162    0.23678149    0.07344249   -0.22575074   -0.05311788   -0.00131534   -0.03758821    0.04952674
KRGG   -0.01488403    0.02780791    0.01120444    0.03601842   -0.00281865    0.01408011    0.01986617    0.00396651
KSMV   -0.14011228    0.31498718   -0.13048504    0.06430137   -0.02903515    0.07303235    0.00758571    0.00022612
KSTU    0.01835456   -0.21225438   -0.00443854    0.03177458   -0.03018310    0.01832463    0.02099162    0.03559038
KUNM   -0.05597122    0.41584861   -0.01292708    0.11854293   -0.06803552   -0.02187648    0.00083078   -0.06763222
KWJ1   -0.28534600    0.07205974    0.24055618   -0.11659619    0.03283634    0.04193223    0.00823594   -0.17087680
LAE1    0.71369554    0.70067549   -0.00643268    0.18587229   -0.05110117    0.12934421   -0.25136359   -0.00684250
LAMA   -0.06897910   -0.10349029   -0.03344108    0.01118070   -0.03509293    0.02781530    0.03525161   -0.03211473
LAUT    0.47310326   -0.00417309    0.18358139   -0.03375712    0.04309908   -0.05827489   -0.12777100   -0.01657887
LHAS   -0.63636156   -0.34744194    0.22984088    0.06353373   -0.18140017    0.03631310    0.03653831   -0.02112331
LHAZ    0.07198164    0.66924784   -0.09977667    0.20997370   -0.13573625    0.14135939   -0.06544005    0.00938889
LMMF   -0.07636649   -0.12032218    0.07436438   -0.07563441   -0.03433811    0.03459225    0.01481379   -0.01122534
LPAL    0.15987492    0.02869014    0.09160688    0.06558613   -0.01363600   -0.00500920    0.00194542    0.00521840
LPGS    0.03882458    0.18334328    0.07171939    0.00187557   -0.03238359   -0.01592836   -0.03162791    0.02416110
M0SE    0.11239783    0.07325146   -0.11266309    0.00316713   -0.03400315    0.00155816    0.01724568    0.00420215
MAC1    0.07219235    0.03786356   -0.01193976    0.01688984   -0.01702025    0.00636051    0.00242395   -0.00328816
MAD2   -0.00832993    0.05210277   -0.04972899    0.01533529   -0.00909775    0.01676995   -0.01367274    0.01860593
MADR    0.08616002   -0.04727666   -0.07276081   -0.04814330   -0.17205077   -0.05481705   -0.07365954    0.06122228
MAG0   -0.02391434    0.01144477    0.00520382    0.06036430   -0.03006557   -0.02805375    0.01077479    0.02825950
MAJU    0.30665770   -0.00770750    0.07893420   -0.05011897   -0.00062052   -0.04667910   -0.02276977    0.00895657
MAL2   -0.23375183   -0.26424976   -0.17880338   -0.24482594   -0.17980903    0.04608297    0.14098796    0.14693787
MALD    0.22204056   -0.06879881   -0.20457371   -0.25561750   -0.21430625   -0.01725217    0.02142722   -0.04217968
MALI    0.24591760    0.33272828    0.04722300   -0.22020768    0.03471430    0.16065708   -0.09634823    0.12549563
MANA    0.13736461    0.68293391    0.34340104   -0.04738276    0.17445986    0.04768688   -0.01121310    0.00595919
MAS1   -0.64253676    0.45194713   -0.08729452   -0.03629456   -0.02324274    0.00781039   -0.02634147   -0.00639887
MAT1    0.01575190    0.00270377   -0.07786776    0.00275767   -0.01735683   -0.01060164   -0.02289690    0.01178447
MATE   -0.00258001    0.00906542    0.00185157    0.07487360    0.00058378   -0.01051597    0.02812427   -0.01183832
MAUI   -0.13387165   -0.02118198    0.01496474   -0.00169140    0.03118650    0.01328481    0.05440343    0.00343145
MAW1   -0.01674044   -0.00215234   -0.01086847   -0.02149577   -0.01226466   -0.00865562   -0.00784747   -0.00086079
MBAR   -0.15440174   -0.18275012   -0.12663217    0.13496481    0.03978335    0.02469840   -0.07982521   -0.03658175
MCIL   -0.16030060    0.11710077    0.05375923    0.02200131    0.09190778   -0.01868527    0.00926028    0.02829820
MCM4   -0.09296381    0.02348886   -0.01688925   -0.01528309   -0.01023832    0.00565099   -0.00700160    0.00128279
MDO1    0.12128146   -0.06572197   -0.04188033    0.05025599   -0.04011312   -0.01059298    0.01018930    0.00417850
MDVJ   -0.06515678    0.04074916   -0.00497376    0.01592430   -0.00808292   -0.02515801    0.00943216    0.01731347
MDVO   -0.11957391    0.28648778    0.03916873   -0.30491057   -0.07429340   -0.08285493    0.00898685    0.07251004
MEDI   -0.19202699    0.03928680    0.07847693   -0.09035055   -0.00403290    0.02099951   -0.02611057    0.01164835
METS   -0.15036782   -0.08633619   -0.00883395    0.05741862   -0.02052401    0.00666314   -0.00157060   -0.01678560
METZ   -0.08825761   -0.12373791   -0.04695086   -0.02656958    0.01969494   -0.00759590    0.01943032    0.01646832
MGUE   -0.10891227   -0.18677540   -0.11118247   -0.05723756    0.04925699    0.00356795    0.05273579    0.00324070
MIZU    0.12454079   -0.01669009   -0.06035381    0.09646014   -0.00294907    0.02762339   -0.01945432   -0.03095396
MKEA    0.01914910   -0.09194254    0.01842129   -0.02359141    0.01460010   -0.00525046    0.00500074   -0.00048474
MNLS    0.01573234   -0.02111105    0.02591589    0.00522923    0.02016070    0.01953783    0.00756339   -0.00872980
MOBJ    0.13636585   -0.05260663   -0.02097376   -0.04081913   -0.01291349   -0.02703285   -0.00910401    0.00268663
MOBK    0.16587494   -0.07793654   -0.02345013   -0.05053926   -0.02497731    0.01110644   -0.02013388   -0.01282507
MOBS    0.02308992    0.16021011    0.03962122   -0.00481258   -0.00525085    0.01417318    0.00425738   -0.01030078
MONP   -0.02765262    0.00483881   -0.00880008   -0.01022905    0.00664733   -0.02290769   -0.01003640   -0.00691750
MORP    0.13766471    0.08579506   -0.04735856    0.02407544    0.00706836   -0.02170163    0.03166567   -0.00334742
MQZG    0.04528754   -0.00209045   -0.02198464    0.00353601   -0.02248233   -0.00349804   -0.01879968    0.02403874
MRO1   -0.24417271   -0.00904488   -0.00618692   -0.07243270    0.06764826   -0.04064987    0.01845382   -0.03953019
MSKU    0.16912767    0.23166405   -0.41953492    0.12410521   -0.23984108    0.05214133    0.22069356   -0.06582719
MTKA   -0.04297805    0.56125796    0.15256047    0.18983347    0.08232596   -0.01529295   -0.00531008    0.00216191
NAIN   -0.14260630    0.02175636    0.04714759    0.04134025   -0.00222683   -0.00883494   -0.00151353   -0.00138631
NANO    0.02617799    0.22218588   -0.06763986   -0.03210918   -0.00351483   -0.04206726    0.00932761   -0.01735718
NAUR    0.04839312   -0.22234412    0.01250573    0.08423331   -0.04854668    0.00913699    0.04854564   -0.01863476
NICO   -0.18160510   -0.22855640    0.05999050   -0.07441066   -0.00079446    0.00571915    0.00893505    0.01440192
NIST   -0.18024554   -0.14418753    0.04011480    0.04138217   -0.02752736    0.00853300    0.01805660   -0.06563207
NIUM    0.18849967   -0.03807178    0.03407634   -0.01618567    0.09286956   -0.04607045    0.06888167   -0.01793042
NKLG    0.12578021    0.22055179   -0.34726997   -0.23124866    0.20030290   -0.09224386    0.18183366   -0.03592717
NLIB    0.13104452    0.14777232   -0.01000988   -0.07416053    0.00524996   -0.04015069    0.03133971    0.05635964
NNOR   -0.04714887   -0.01194982    0.06060433    0.02851404    0.02289231   -0.02186242   -0.00052868    0.03991353
NOT1    0.06226022   -0.19365380    0.04072739   -0.14747809    0.01315735   -0.07564116   -0.03227448    0.05170852
NOTO   -0.10149346    0.06679379   -0.06129464   -0.19357317   -0.08178601   -0.09179757   -0.11960678    0.05252226
NOUM    0.11382535    0.30232446   -0.01530527    0.12685028   -0.11563465    0.06006672    0.04908822   -0.00835949
NOVM   -0.00748063   -0.12720680   -0.02840593   -0.06279147   -0.01992031    0.05789885   -0.02512907   -0.00307204
NRC1    0.13794586    0.12267580   -0.09631041   -0.01539110   -0.04727376    0.00449207   -0.00769417    0.00883431
NRIL    0.04563465   -0.07708699   -0.02351794   -0.04384681   -0.00264129   -0.00197352    0.02490280    0.01859092
NRMD   -0.03928654   -0.39560402    0.03893386    0.00500192   -0.07224717    0.01836014    0.03205536    0.02165083
NSSP    0.03481711    0.05773926   -0.15538860    0.13066038   -0.00463600   -0.20026569   -0.02666228    0.08435276
NTUS   -0.12392091    0.17703659   -0.06808307   -0.00050872    0.03355015   -0.05710257   -0.00106279   -0.00121128
NURK    0.36828632    0.34138393   -0.46074583   -0.28450784    0.19832521    0.06491514   -0.16314431   -0.07579355
NVSK    0.32336727    0.02319503   -0.13085940    0.03536589   -0.04286252    0.05375330    0.16953508   -0.01636437
NYA1    0.04389573    0.03732962   -0.00785658    0.03729755   -0.02646873    0.00835658    0.00939262    0.00122580
NYAL   -0.06673897    0.06010776   -0.02816960   -0.03700124    0.03040439   -0.00572234   -0.00571955   -0.01314552
OHI2    0.06656254   -0.04983291   -0.00980429   -0.07459714   -0.00924824   -0.00328109   -0.02697453    0.00768805
OHI3    0.04686350   -0.04585410    0.01697485   -0.06777961   -0.00810608    0.00236991   -0.01224164   -0.01906229
OHIG    0.01446875    0.05044204   -0.05027282   -0.08299724   -0.02489172    0.03937395    0.02387001   -0.00094733
ONSA   -0.09475814   -0.02706801   -0.00999635    0.03609584   -0.04101250    0.06781365   -0.00570419   -0.04741095
OPMT   -0.13918174   -0.15987771   -0.02796048    0.06779788    0.03015559    0.07038396    0.01966769   -0.04623642
OS0G    0.06429219    0.02420663    0.01483693   -0.04531113   -0.00592767    0.02335921   -0.02047820   -0.06117174
OSN1   -0.06202416    0.28562547    0.04757695    0.01256875    0.04762817   -0.04553044    0.00383345   -0.05588851
OUS2    0.00367431   -0.03747472   -0.04608006   -0.00364145   -0.00200216   -0.01257250    0.01488661    0.00614529
PADO    0.04224553   -0.01333940   -0.04189900    0.07217638   -0.06986507   -0.04818915    0.11837074    0.09111613
PALM   -0.06009136   -0.03505949    0.01375650   -0.02492530    0.00014327    0.01712713    0.00395852    0.00774365
PALV   -0.05042778   -0.03290818    0.03871949   -0.01832075   -0.01345120    0.03560268   -0.02483821   -0.02214013
PARC    0.02948631   -0.07636959   -0.01577873    0.02936413   -0.00510768   -0.01598382   -0.01209309    0.01784160
PARK    0.09064028    0.03646368   -0.06148510   -0.01906497   -0.00940149    0.00837770    0.02652863   -0.02044529
PBRI   -0.17772222    0.04039481   -0.06721007    0.12357177   -0.21803737    0.08061917    0.00830720    0.03389878
PDEL    0.08699582   -0.03129052   -0.04094547    0.06865616    0.00650802   -0.03155625   -0.00179719    0.00018427
PENC    0.00182983    0.26085576   -0.09471018    0.00476686   -0.02210592    0.04478354   -0.02826636    0.00203732
PERT   -0.10466343   -0.07124668    0.01365225    0.01859052   -0.03946908    0.03378766   -0.00982728    0.00714329
PETP    0.06348636    0.01327142   -0.00470534   -0.07948047    0.00673495   -0.08085541    0.00089521   -0.02469836
PFA2    0.04436612   -0.08794234   -0.28728655   -0.00833333   -0.02739330   -0.02571441   -0.00144673    0.02729383
PIE1    0.16972390    0.01474803   -0.06031803   -0.00144268   -0.02275724   -0.01244937    0.01153861    0.00441172
PIMO    0.25362737   -0.17894438    0.16649393    0.06495384    0.15990354    0.01750535    0.02878241    0.06181227
POHN   -0.12048028    0.14042734    0.16070954   -0.09373174    0.02821967    0.05036626    0.01465185    0.00704621
POL2    0.00744921    0.83329847   -0.47384508    0.04401272    0.06740157   -0.04377177    0.05128611    0.08344606
POLV   -0.00583059    0.01752532    0.01299175   -0.00464717    0.00464368    0.00569568    0.00419186   -0.04039475
POTS    0.05710284   -0.15790058    0.02918354   -0.03181806    0.00024884   -0.04619435   -0.01530357    0.00407735
POVE   -0.17651642    0.06411483   -0.26273707    0.07894175   -0.10818568   -0.09000556    0.00335682   -0.02541728
PRDS   -0.07875742   -0.01394808    0.12471711    0.00459481   -0.07177799    0.09082696   -0.06197666   -0.03003918
PRE1   -0.12239138   -0.13035731   -0.06195860    0.11118485   -0.04185767    0.03505406   -0.01283331    0.03786303
PTAG    0.11187031    0.03033271   -0.05856646    0.08488065   -0.11478490   -0.03303039    0.05980947   -0.01806724
PTBB   -0.08933808   -0.08049248   -0.03325616    0.05629787    0.00314656   -0.01373352    0.03514419   -0.00168148
PTVL    0.25279183    0.17659606    0.04040734    0.09832110   -0.04177995    0.03374226   -0.05959672    0.00100027
PVEP   -0.13936251   -0.33460051    0.14915287    0.04109542   -0.12072618   -0.12545463    0.06772712    0.17111277
QAQ1   -0.01980044   -0.22459673   -0.12143054    0.02953924    0.04686160    0.05373523   -0.00518606   -0.00423492
QUI2    0.11695426    0.10639930   -0.02179495    0.12919707    0.02175522    0.08776105   -0.02171405    0.04074142
QUIN    0.22454418    0.02843440   -0.22227255    0.00391028    0.07968730    0.01460449   -0.05390071    0.01243664
RABT    0.07526980    0.28391281   -0.08787940    0.06553683    0.03008471    0.01363317   -0.05935073    0.02286425
RAMO    0.06602827    0.07770132    0.03334650   -0.02082443    0.01778736   -0.00123936   -0.00530697    0.00479526
RBAY    0.23590291   -0.18235897    0.02230025    0.02605292    0.02239634    0.02420050   -0.01379475    0.02190843
RCMN    0.01476451    0.07916722   -0.10674453   -0.04821446    0.02736663    0.01097791    0.12368236   -0.04494858
RECF    0.01764571   -0.15749812    0.12133156    0.00968193   -0.03816593   -0.06391598   -0.00626690    0.04400403
RESO   -0.12708388    0.04814006    0.00019935   -0.04144127   -0.04624762    0.01289557   -0.01357215    0.00036948
REUN   -0.00261118   -0.29124841    0.07735624    0.02135431   -0.06180377   -0.07351036   -0.00737284   -0.04790939
REYK   -0.10375829   -0.01536671   -0.00040286    0.01587428    0.01109074    0.00203495   -0.00041828    0.01165319
REYZ    0.01300441   -0.02525600    0.04072260    0.06701637    0.01896699   -0.00044149    0.01103665   -0.02663693
RGDG    0.03004960   -0.03494413   -0.00614415    0.00416410    0.01157070    0.00458346    0.03299827   -0.02433130
RIGA   -0.11156196    0.12638297    0.02594325   -0.01702231    0.04083762   -0.02142243    0.01678204    0.02851553
RIO2   -0.01197386   -0.00482624    0.01163102    0.02278151   -0.00577427   -0.01670760   -0.01453566    0.03051309
RIOG   -0.04290450   -0.06241044    0.02120044   -0.02740138   -0.02761889    0.00411360   -0.07317500   -0.05486034
RIOP   -0.37692184   -0.25044937    0.17822647   -0.03546127    0.08678531    0.18020037   -0.08497705   -0.04268984
ROSA    0.22931895   -0.12764950   -0.12385066   -0.03396913   -0.00934041    0.05986346    0.02884316    0.16215428
ROTH    0.12240912    0.00602456   -0.09359792   -0.06575126    0.04364702    0.00491245    0.02119320   -0.00916413
SALU   -0.21692987   -0.19397802   -0.18601562   -0.15673425    0.02593388   -0.01784967    0.06054237    0.06694605
SAMO    0.03077125    0.01782352   -0.02968537   -0.02316506    0.02079772   -0.00107039   -0.08142781   -0.12047701
SANT   -0.48411532    0.26562142   -0.34797051    0.10631088   -0.05192674   -0.09227624    0.08184207   -0.00286598
SAVO   -0.03833163    0.14808738   -0.01185650   -0.04222615   -0.00984080   -0.01802748    0.02488457    0.01275087
SCH2    0.12265630   -0.19076606    0.01860753    0.05289696   -0.00550765    0.00494660   -0.00839590    0.01502814
SCOR    0.04619704   -0.00128685    0.02934403    0.02179352    0.02211148   -0.00512755    0.01946052   -0.00470037
SCRZ    0.20236008   -0.39185702    0.10288122    0.21139790    0.01568914    0.04552882   -0.20320834    0.08354485
SCTB    0.04070643    0.04648510   -0.00248920    0.00418628    0.00482316   -0.00020919    0.01643700    0.00164832
SCUB   -0.11723646   -0.31015714   -0.00866235   -0.12528679    0.00077520   -0.00286829    0.01645159   -0.01259760
SELE   -0.39313280    0.41119549   -0.26608229   -0.27605686    0.15054568   -0.00874591    0.00527982    0.06913416
SEY1    0.07835318    0.16384905   -0.06182171   -0.12409756    0.01820273   -0.16644902    0.07494308    0.06120569
SEYG    0.46072789   -0.17424293    0.03907647   -0.07492095    0.03918759   -0.08046133   -0.14362739    0.03440817
SFER    0.02204933    0.06267196   -0.08917444   -0.00792937    0.03835922   -0.01789730   -0.00328299    0.02672164
SHAO    0.18758907    0.13835439   -0.01350939   -0.01792507   -0.04531103   -0.03058570   -0.01342517    0.00411018
SIMO    0.08651801    0.02709299    0.05404967   -0.06119351   -0.02395671    0.03386902    0.05242064   -0.18590847
SIO3    0.00552314   -0.06634873    0.13682477    0.20452185   -0.07015182   -0.14493816   -0.01737165    0.03076100
SMST    0.41236623   -0.06765047    0.00902792   -0.14234449   -0.06166488    0.02123123    0.04849724   -0.01030667
SOFI   -0.20168049   -0.11655709   -0.00522495   -0.02017211    0.00556311    0.03902305   -0.01207537    0.04351027
SOL1   -0.01934864    0.01776689   -0.03238218    0.01988229   -0.00661869   -0.06255323    0.03425804   -0.04798963
SOLA   -0.38769803    0.20532462    0.06116267   -0.25625290    0.11228997   -0.00598629    0.04446623    0.15904833
SPT0   -0.17511285   -0.03957110    0.01393036    0.01064467   -0.04933465    0.05049121    0.00707225   -0.04571180
SSIA    0.15766081   -0.27550581   -0.00981781    0.06791844    0.05365605   -0.06153529   -0.06109686    0.00656637
STHL    0.41285592    0.15460185    0.00275464    0.07086094    0.01253226   -0.03567853   -0.02129495    0.01190359
STJO   -0.10427950   -0.04000732    0.00901683   -0.01405897   -0.01303596    0.00575590   -0.01221825   -0.00121894
STK2    0.20376917    0.22128969   -0.04492999   -0.11258671   -0.00358695   -0.02876519    0.00791868    0.05963053
STR1    0.07629469    0.14711867   -0.01255876   -0.02107041   -0.01052186   -0.01880879   -0.00593330    0.00981442
STR2   -0.14402022    0.01766802   -0.00302998    0.02642144    0.01432488   -0.02396516   -0.02302676   -0.00140054
SUNM   -0.12049614   -0.21121457   -0.05163808   -0.09485818   -0.12149984    0.02007798   -0.10725306   -0.06884160
SUTH   -0.07852475   -0.06986660    0.01646799   -0.02438431   -0.00073081    0.00108715   -0.00353760    0.00759484
SUTM   -0.01148282   -0.12932530    0.02705897    0.01341217    0.00087162    0.01688001    0.00282769   -0.01882196
SUTV    0.08128360   -0.03979981    0.00804325    0.02134355    0.00032880    0.00849768    0.00428935   -0.02988084
SUWN    0.21674638    0.16490858   -0.01405004   -0.02572271    0.03514189    0.01746022    0.00768131   -0.01445263
SVTL   -0.10851392   -0.18721018   -0.07632261    0.05909810   -0.02987040   -0.00038816    0.04026897   -0.02752343
SYDN    0.02448252    0.21187224   -0.00077152   -0.00650505   -0.01363868   -0.01360480   -0.00705724   -0.02221503
SYOG   -0.00029517   -0.02916627    0.03713348   -0.01081114   -0.02335801    0.03485886    0.01540844   -0.01168464
TABL    0.03484993   -0.03065319    0.00194629   -0.02881837   -0.00803088    0.01982631   -0.01644631    0.00075832
TABV    0.08463199   -0.02762859   -0.00993448   -0.00744048    0.03353904    0.00470552    0.03630560   -0.00216316
TAH1   -0.14063096    0.04837717   -0.06600242   -0.13869195    0.07128951    0.00939415   -0.01972243    0.00897956
TASH   -0.28308132    0.26039688    0.17819959    0.06171039   -0.09529876    0.03862083    0.02358341   -0.02041998
TCMS    0.45134033    0.33255399    0.00650752   -0.33104076   -0.14482954   -0.50275698   -0.08483728    0.14174466
TEHN    0.15487820    0.28000234   -0.14043124    0.37124250    0.22237259    0.40999189    0.05347252   -0.22426293
THTG    0.23406145    0.13188271   -0.09903734   -0.11378380   -0.12641242    0.02007794   -0.10417340   -0.06022457
THTI    0.04326978    0.23246034    0.08004245    0.09560189    0.00525300    0.05011322   -0.05847483    0.03550399
THU1    0.10211804   -0.09350943    0.01171920    0.04362418    0.00368964   -0.02183783   -0.02079549   -0.05048579
THU2   -0.03904564    0.03351971   -0.01662360    0.04015016    0.05701362    0.03442118   -0.00519041   -0.02558083
THU3   -0.07447798   -0.04614318    0.00577458   -0.05749439   -0.01487836   -0.05290501   -0.02448720   -0.00912583
TID1   -0.13265708   -0.08916828   -0.00945934    0.00195038   -0.00132940    0.01650021    0.01435250    0.00618152
TIDB    0.07987514    0.11037151    0.00126646   -0.01274412    0.00799464   -0.01481988    0.01095471    0.01204977
TITZ    0.10240293   -0.01853571   -0.03486973   -0.07859669    0.01399455   -0.04505764   -0.01404990   -0.00661000
TIXG    0.00544036   -0.00770483   -0.00821778    0.00839145   -0.02944963   -0.00376963    0.00675199    0.03744298
TIXI    0.04036419   -0.03666546   -0.03124928   -0.00292309   -0.01425795    0.03128116   -0.00591903   -0.00774787
TIXJ   -0.06384558   -0.02970535    0.01366489   -0.05366992    0.03898912   -0.00870672    0.00977139    0.00624622
TLSE   -0.20000903   -0.07430280    0.08413291    0.04695107   -0.06026243   -0.02573290    0.02949710    0.03955984
TN22   -0.20106657    0.09288940   -0.03094692    0.01357046   -0.02397027   -0.06475875    0.00896781    0.06732128
TNML   -0.23505120    0.44410126    0.22048989    0.18015881   -0.14383679    0.37285824    0.11615856    0.14116817
TONG    0.11280489   -0.05838456    0.05947740   -0.03301592    0.09457685   -0.12149500   -0.05744419    0.14493054
TOUL   -0.03177858    0.10649030    0.16356292    0.02965603   -0.01756459   -0.03198025    0.02791784    0.06469320
TOW2    0.07110198   -0.05282567   -0.03725224    0.18971464    0.07505949   -0.00402909    0.06393423   -0.02565123
TRAB   -0.33297004   -0.59761477   -0.36130800   -0.19149965    0.01937516    0.09933322   -0.00113534   -0.21131882
TRO1   -0.14922278    0.24512011   -0.01976937   -0.02359322   -0.02480201   -0.03433198    0.01882530   -0.00188784
TROM   -0.22520045    0.00124442   -0.00367230   -0.00521594    0.01012034    0.01044959    0.02007764   -0.03974310
TSEA    0.22770837   -0.02684776   -0.00943363   -0.04936332    0.03386137   -0.00692894    0.05848895    0.04268063
TSKB    0.33474741    0.10440084    0.02966928   -0.11292884   -0.05684220    0.04403600    0.02683472   -0.00629035
TUVA    0.36403292   -0.10838745    0.00477646   -0.04245957   -0.00474752   -0.05058267    0.04982990    0.04086665
TWTF    0.32687929    0.16775757   -0.24865845    0.10776440    0.10849456    0.15596605   -0.04305363   -0.08008645
TXES   -0.16263617   -0.23417151   -0.09170846    0.06126652    0.07745123   -0.06691584   -0.07915844    0.01904772
UFPR    0.19469871    0.02315919    0.02198355   -0.01728757    0.03470152    0.00904314   -0.04951731   -0.02376895
ULAB    0.06328850   -0.01242673   -0.06319156    0.03162908    0.02841416    0.02791364   -0.01635048   -0.01171986
UNB3   -0.20141847   -0.05391575   -0.03116217    0.01878018    0.00077969    0.01927423    0.01603737   -0.00361476
UNBJ    0.11719521   -0.09432007    0.02598949    0.04340939   -0.01428882    0.00227990   -0.01606230    0.00911802
UNBN   -0.22286478   -0.08299518   -0.01793207   -0.01547735   -0.06013704    0.02942496    0.05363572    0.01270516
UNSA   -1.56654706   -0.17136398   -0.17294936   -0.32570832    0.18891846    0.21470546   -0.02590967    0.01705629
UNTR    0.18010410   -0.14388421    0.11631238    0.07864524    0.03057900    0.02804642   -0.00718444   -0.00243836
URUM    0.13316294   -0.04304484    0.06193975   -0.30151650   -0.02574931   -0.07416509    0.02733176    0.02444027
URUS    0.17350745    0.13915107    0.00930232    0.06544180   -0.15417445   -0.02023519   -0.02817309    0.00094984
USN3    0.08196898    0.03367770   -0.01694870    0.01781623    0.08613941    0.01396478    0.03676649   -0.03767916
USNA   -0.00842018   -0.00611374    0.04396880   -0.01714783   -0.00262322   -0.05414526    0.03090242   -0.06251564
USNO    0.02662182   -0.05770324   -0.00106583   -0.01728641   -0.03877604   -0.08884432    0.00760925   -0.06844317
USUD    0.43900240    0.12086748   -0.09663443   -0.08233096   -0.05239212    0.02470565   -0.00961043    0.03809136
VACO   -0.24697649    0.10559939    0.04884352   -0.02570553    0.03117272   -0.00949120   -0.02110528   -0.00461349
VALD   -0.07055587    0.08623865    0.06358434    0.06982110   -0.00845357    0.00719009    0.00618250    0.01533307
VENE    0.15848149    0.22502299    0.22345421   -0.02215745    0.07298107   -0.08419223   -0.03425552   -0.01755113
VESL   -0.19049253    0.02663500   -0.03777451   -0.01699660    0.01146989    0.00718937   -0.01789754   -0.01266849
VIL0   -0.06498280   -0.11417825   -0.06293219   -0.02932138   -0.00658436    0.00371200   -0.00439420   -0.00817519
VILL   -0.03152788    0.06497578   -0.03818650    0.03899386    0.04139715   -0.00794783    0.01561579    0.00590614
VIS0   -0.06705029    0.09485230    0.06752630   -0.00821433    0.01383068   -0.03847558    0.01814833    0.02425458
VNDP    0.15950652   -0.08276383   -0.13632175    0.09401061    0.04370183   -0.00770409   -0.00864632   -0.03369114
VOIM    0.21451305   -0.03613124    0.27334382    0.06130208   -0.09576246   -0.01854242   -0.05160797   -0.06807568
VTSP   -0.03878884   -0.00454398   -0.00921023   -0.10132379    0.03026529   -0.00192621   -0.02559315   -0.03153505
WARK    0.07554989   -0.05779537   -0.00870782    0.02192849   -0.00625415   -0.00878150   -0.01381932    0.00591612
WDC1    0.07773426    0.02237793   -0.00672332    0.02832197    0.03680616   -0.01080598    0.01614154    0.03167903
WDC3    0.13483619   -0.05713574    0.09095526    0.08706068    0.04097534   -0.06322644   -0.06049696   -0.03391519
WEL1   -0.00974376    0.09242108    0.00430579   -0.07006551   -0.01923111    0.02854128   -0.00538923    0.01782444
WES2    0.12000047    0.11408876   -0.12178828   -0.03928635    0.02572109   -0.06150388   -0.00462007    0.05171570
WGTN   -0.02341638    0.04664768   -0.02706847   -0.03918915   -0.00420074   -0.00111721    0.01187771   -0.00242007
WHIT    0.00601410   -0.01802194   -0.02373124   -0.01541859    0.00847881   -0.03181515    0.02236948    0.00987748
WILL   -0.02332801   -0.03873944   -0.02329929    0.03943592    0.00411886   -0.01603708    0.00516965    0.00276007
WIND    0.02659836    0.20746617    0.01542904    0.08544503   -0.05454464   -0.00223468    0.04167466   -0.04266303
WROC   -0.14837139   -0.09549094   -0.03867452    0.01298044    0.00577466    0.06609272    0.00252442   -0.03044716
WSRT    0.09444159    0.06513005    0.00151499    0.01734858    0.00705148   -0.01265946    0.01663236    0.00295321
WTZA   -0.03173451   -0.12461093   -0.01565671   -0.06463031   -0.03424570   -0.01126046    0.00233744   -0.00771333
WTZL    0.17111058    0.19116515   -0.02356302    0.00210920    0.00906411    0.00423172   -0.02310142    0.00350234
WTZR    0.13720603   -0.06777935    0.05422717    0.04683505   -0.00558555    0.01445183   -0.00450967   -0.00886921
WTZZ   -0.18195039   -0.00973589   -0.00416530    0.06146879    0.01613322   -0.00651890    0.01603176   -0.01642129
WUHN    0.17196152    0.08027833   -0.04212810   -0.07391906    0.00870841   -0.02326483   -0.01380100   -0.00050699
XIAN   -0.39796395   -0.67327731   -0.18193959   -0.18854257   -0.12512873   -0.09653613    0.03414785    0.12209735
XMIS   -0.32677798   -0.17197468    0.07644591   -0.07640946    0.02529773   -0.02256842    0.00059203   -0.01323503
YAKT   -0.23697979    0.29576548    0.06958950    0.08251259   -0.10407642    0.00923627   -0.11134551   -0.02213568
YAKZ   -0.09410617    0.06972735   -0.13487300    0.19372635    0.00513368    0.05923353    0.00835406    0.00089620
YAR1    0.04262720   -0.00080086    0.14908286    0.04067560    0.05244725    0.00499295   -0.03464224    0.01084271
YAR2   -0.04155522    0.02997873   -0.09592295    0.01045935   -0.02085646    0.01537123    0.02044125    0.02148185
YAR3    0.03252474    0.03264089    0.10785488    0.03248492   -0.02157506   -0.02497522    0.00326853    0.04135447
YARR    0.03903690   -0.07848238   -0.08259170    0.06261579   -0.01973367   -0.02812083    0.03470818   -0.02631583
YCBA    0.03420227    0.20146887   -0.12461212    0.14582946    0.06798575   -0.04946167   -0.08523498   -0.04029143
YEBE   -0.09137434    0.11007197    0.03197955    0.01320633   -0.00636602   -0.01051975   -0.01508027   -0.01404708
YELL   -0.10627644    0.01470200   -0.02652158    0.07630347    0.05505758   -0.00973932    0.00361253    0.04648025
YIBL    0.95354776    0.33434525    0.34278969    0.02925838    0.05713136   -0.04335632    0.06605021   -0.07764609
YKRO   -0.27731060   -0.32606242   -0.14050079    0.18153927    0.17541627    0.21685022    0.02533185    0.08044009
YSSK    0.05156504   -0.06797023   -0.02453012    0.00527566   -0.03543124    0.04145487   -0.00830633   -0.00193116
ZAMB   -0.21213451    0.00124780   -0.06595987    0.00969833    0.02543930    0.02643433   -0.02338826   -0.00780149
ZECK    0.14848828    0.18607254   -0.03137874    0.06428401   -0.01270478   -0.00395806    0.00056196    0.01558786
ZIM2    0.04562187   -0.07568761   -0.03459322   -0.07846705    0.00435268   -0.01231605   -0.00578459   -0.01929600
ZIM3   -0.06506548   -0.05136741   -0.03901193    0.06332758    0.00573873    0.04501173    0.00811330   -0.06933385
ZIMJ    0.03657654   -0.09062583    0.07206119    0.03303255   -0.00208431    0.04524832    0.01167173    0.02257057
ZIMM    0.05840211   -0.05414286   -0.06307918    0.06164647   -0.02864538    0.04049196    0.02611169    0.00281124
ZWE2   -0.00149091   -0.17702712   -0.03838537   -0.01363448    0.05008086   -0.01267918    0.00496399   -0.01438228
ZWEN   -0.24235782    0.43314041    0.07097901   -0.06068830   -0.03156939    0.07065229    0.03260425   -0.04388228
