name detected metadata valid
ABMF     5    25     2
ABPO    12    11     1
ADE1     3     3     0
ADIS     8     2     0
AIRA     9    12     2
ALBH    16    28     3
ALGO    14    20     5
ALIC    15    29     3
ALRT    22     5     2
AMC2    17     8     2
ANKR    20    12     7
ANTC    12     7     3
AOML     5     7     4
AREG    12    15     6
AREQ    14    22     5
AREV     9    11     5
ARTU    19     1     0
ASC1     3     1     0
ASCG     3    15     2
ASPA     7    10     2
AUCK    11    20     4
AZGB     4     8     1
BADG    17     6     3
BAKE    20     6     1
BAKO    18    44     5
BAN2    13     1     0
BARH    10    24     1
BDOS     1     2     0
BHR1    12     4     2
BILI    13     0     0
BISK     6     3     1
BJCO     5    10     1
BJFS    17     7     1
BJNM     3     0     0
BNDY     1    13     1
BOAV     6    13     2
BOGO     6    12     1
BOGT    15    24     5
BOR1    14     9     2
BRAZ    14    35     5
BREW     9    13     1
BRFT     9     8     0
BRMU     4    15     2
BRST    11    29     3
BRUS     7    10     0
BRUX     4    25     3
BSHM     6    16     2
BUE2     2     3     0
CAGL    15     2     0
CAGS    10     7     1
CAGZ     5     9     2
CALL    10     3     1
CARR     7     5     3
CAS1    21    23     6
CCJ2     8    13     0
CCJM     2    10     0
CEDU    16    23     8
CFAG    14     5     0
CGGN     4     5     1
CHAN     9     2     2
CHAT     6     4     1
CHPG     7    18     6
CHPI     8    25     3
CHTI     4    11     0
CHUM    19     8     4
CHUR    24    21     7
CIC1     8     1     1
CICE     4     0     0
CKIS     2    13     0
CNMR    11    16     3
COCO    17    19     6
CONZ    10    17     6
CORD    13    15     4
COYQ     2     8     0
CPVG     7    18     6
CPXF    11    24     3
CRAO     3     2     1
CRAR    22     4     1
CRO1    13    20     4
CTWN     5     0     0
DAEJ    23     9     3
DAKA     3     6     2
DARW    16    30     4
DAV1    19    21     7
DAVR     8     2     2
DGAR    12    19     4
DGAV     3    10     1
DRAG    10    14     3
DRAO    20    31     5
DUBO    17    14     5
DUM1    20     0     0
EIL1    14     4     1
EISL     3     4     0
EPRT     9    16     3
ETAD     2     0     0
FAA1    10    12     1
FAIR    20    25     6
FAIV    12     4     1
FALE     7     7     1
FLIN    21    15     7
FLRS     3    13     0
FORT     4     5     3
FRDN     1    13     0
FTNA     2    16     2
FUNC     6    18     4
GALA     6     2     0
GANP    16    43    11
GLPS    19    16     4
GLSV    18    12     6
GMAS     6     2     2
GMSD     3    27     0
GODE    19    19     2
GODZ    21     8     1
GOL2     5     4     1
GOLD    19    12     3
GOPE    20    21     8
GOUG     6     1     0
GRAS    15    20     1
GRAZ    21    33     6
GUAM    16    23     4
GUAO    15     2     1
GUAT    13     7     1
GUUG    10    20     2
HARB    16    23     1
HERS    16    10     2
HERT     9    10     0
HLFX     4     6     0
HNLC     7     8     0
HNPT    16    23     5
HOB2    13    22     5
HOFN    13    24     4
HOLB    15    28     7
HOLM    16    10     2
HRAO    20    32     6
HRM1     2     5     0
HYDE    17     7     1
IDDR    11    17     4
IISC    22    15     5
ILHA     2     8     1
IMPZ    13    11     3
INEG    12    10     0
INVK    22     6     1
IQAL    15     5     3
IQUI     3     3     1
IRKJ    20     3     2
IRKT    16     1     0
ISBA    15     8     2
ISPA     0     7     0
JAB1     3    16     2
JOG2     5    15     0
JOZ2    17     9     1
JOZE    14     7     0
JPLM    18    36     1
JPLV     4     7     0
KARR    13    24     4
KAT1     5    13     1
KELY    17    17     6
KERG    11    27     1
KGNI     7     8     1
KHAJ     8     1     0
KHAR     7    19     1
KIR0    21    31     5
KIRI     4    22     0
KIRU    19    17     2
KIT3    27    15     3
KOKB    14    26     5
KOKV     5    14     2
KOSG     9    17     3
KOU1     2     1     0
KOUC     3    31     3
KOUG     7    21     0
KOUR    18    24     6
KRGG     2    24     0
KSMV     8    10     1
KSTU     5     4     3
KUNM    16     2     1
KWJ1     3     2     0
LAE1     7     3     1
LAMA    20    19     4
LAUT     1    16     0
LHAS    13     6     3
LHAZ    22    17     8
LMMF     6    20     3
LPAL    11    15     4
LPGS    11    25     3
M0SE     7    20     1
MAC1     7    19     1
MAD2    18     7     4
MADR     1    22     1
MAG0    20     3     4
MAJU     2    13     1
MAL2    17    10     5
MALD     3     0     0
MALI     8     3     0
MANA    14    11     2
MAS1    11    18     3
MAT1    15     7     1
MATE    25    33     2
MAUI    11     6     1
MAW1    25    18     8
MBAR    10    14     4
MCIL     7    15     3
MCM4    25    17     5
MDO1    21    23     6
MDVJ    20     7     1
MDVO     7     1     0
MEDI    27    13     2
METS    17    24     5
METZ     7     2     0
MGUE     7     9     1
MIZU     6    21     0
MKEA    13    19     4
MNLS    11    13     1
MOBJ    18     2     3
MOBK     5     0     0
MOBS     4    18     2
MONP    16    18     2
MORP    14    13     0
MQZG     7    19     3
MRO1     5     9     1
MSKU     2     0     0
MTKA    14     6     1
NAIN     2     8     1
NANO    14    14     3
NAUR     3    16     0
NICO    23    31     2
NIST    13     2     1
NIUM     2    14     0
NKLG    20    25     2
NLIB    24    16     5
NNOR    13    11     2
NOT1    10     9     1
NOTO     5     1     0
NOUM     4     4     0
NOVM    18     1     0
NRC1    13    21     3
NRIL    17     2     0
NRMD    11    31     5
NSSP    14     5     4
NTUS    19    21     8
NURK     9     9     3
NVSK    17     3     2
NYA1    21    11     3
NYAL    25     7     2
OHI2    19    18     1
OHI3     9    34     3
OHIG     3     7     2
ONSA    16    16     1
OPMT     4     0     0
OS0G     4     3     1
OSN1    11     3     2
OUS2     7    22     3
PADO    10    21     9
PALM    17    17     3
PALV     6     4     1
PARC    12    17     2
PARK     5    11     3
PBRI     4     4     1
PDEL     4    17     3
PENC    19    21     9
PERT    19    24     6
PETP     8     4     1
PFA2     5     6     0
PIE1    18    27     4
PIMO    13    21     4
POHN     6    23     2
POL2    20    17     3
POLV    14    14     3
POTS    19    32     6
POVE    16    16     2
PRDS     9    12     3
PRE1    11     2     2
PTAG     8    14     3
PTBB     5     8     1
PTVL     4    10     1
PVEP     4     9     2
QAQ1    11    26     3
QUI2     1     3     0
QUIN    19    31     4
RABT    12     6     1
RAMO    18    17     8
RBAY     5     7     1
RCMN     3     0     0
RECF     1    12     0
RESO     7     8     2
REUN    13    20     4
REYK    24    29    10
REYZ     9     5     2
RGDG     1    19     0
RIGA    10    27     2
RIO2     6    13     2
RIOG     3     2     0
RIOP     9     7     2
ROSA     4     4     1
ROTH    14     8     2
SALU    14    20     8
SAMO     7    14     0
SANT    17    25     6
SAVO     5    12     1
SCH2    19     8     2
SCOR    25    15     7
SCRZ     4    11     0
SCTB    10    13     2
SCUB     5    11     2
SELE    21     4     3
SEY1     5    17     2
SEYG     9    17     5
SFER    14    18     3
SHAO    13     6     2
SIMO     3     1     0
SIO3    13    28     3
SMST     8     5     2
SOFI    20    19     2
SOL1     9     9     3
SOLA     4     3     2
SPT0     5    19     3
SSIA     8    12     3
STHL    15    10     4
STJO     9    35     6
STK2     9    10     3
STR1     7    27     4
STR2     7    23     2
SUNM    10     0     0
SUTH    13    18     3
SUTM    12    12     2
SUTV     3     0     0
SUWN    26    17     4
SVTL    11     9     2
SYDN     7     6     1
SYOG    24    14     9
TABL    15    14     3
TABV    10    20     4
TAH1     6     1     0
TASH    18    17     1
TCMS    10     3     0
TEHN     7     5     1
THTG     6    23     0
THTI    17    11     1
THU1     9     2     1
THU2    18    21     4
THU3    14     4     0
TID1     8    16     4
TIDB     8    10     2
TITZ     5     8     3
TIXG    16     0     0
TIXI    18     5     2
TIXJ    10     1     2
TLSE    10    35     4
TN22    11    11     2
TNML     8     2     0
TONG     3    16     1
TOUL     1     0     0
TOW2    14    21     5
TRAB    13     0     0
TRO1    18    18     5
TROM    10     5     0
TSEA    17     7     3
TSKB    20    22     2
TUVA     1    14     1
TWTF    17     3     1
TXES    18    25     4
UFPR     5    12     2
ULAB    22    22     5
UNB3     2    24     1
UNBJ     3     5     0
UNBN     1     1     0
UNSA    16    20     6
UNTR     3    10     0
URUM    23    19     8
URUS     3     2     1
USN3     6     3     0
USNA     6    18     2
USNO    12     8     5
USUD    15    17     3
VACO     8     4     2
VALD    11    11     1
VENE    14     4     2
VESL    14     1     2
VIL0     4    25     2
VILL    18    19     5
VIS0     6    25     3
VNDP     2    29     0
VOIM     5    11     2
VTSP     7    15     2
WARK     3    16     1
WDC1     5     3     0
WDC3     1     0     0
WEL1     1     3     0
WES2    10    54     7
WGTN     5    17     3
WHIT    25    13     4
WILL    22    12     4
WIND     9    17     1
WROC    18    42     9
WSRT    17    16     3
WTZA     7    11     1
WTZL     2    16     0
WTZR    15    47     6
WTZZ    11    46     5
WUHN    22     9     5
XIAN    13     2     2
XMIS     6    15     3
YAKT    23     1     1
YAKZ     6     1     1
YAR1     7     8     2
YAR2     9    21     2
YAR3     6    16     1
YARR    10    12     3
YCBA     9     2     0
YEBE    11    16     2
YELL    25    19     4
YIBL     2     5     0
YKRO    15    10     2
YSSK    17     2     0
ZAMB    20    12     5
ZECK    18    12     4
ZIM2    15    24     8
ZIM3     4    16     1
ZIMJ    18    14     4
ZIMM    14    22     6
ZWE2    12     1     1
ZWEN     8     5     1
