name cos1 sin1 cos2 sin2 cos3 sin3 cos4 sin4
ABMF   -0.21132688   -0.23979734   -0.05002773   -0.13481856   -0.08527189    0.13283235   -0.02252145    0.05801115
ABPO   -0.04825606   -0.16105180    0.02886248    0.16850893   -0.06944896   -0.02510044   -0.01431094    0.00781755
ADE1   -0.02541254   -0.03869761    0.00931469    0.03386037   -0.01665459    0.00761486   -0.01896793   -0.03689190
ADIS    0.00467969    0.28471850   -0.06004119   -0.14634081   -0.21668574   -0.07529639    0.14213079    0.01146193
AIRA    0.41959707   -0.08089839   -0.03403407   -0.04301568   -0.03593124   -0.04312142   -0.02658614   -0.01191746
ALBH   -0.15664457   -0.07063585    0.07132847    0.04024928   -0.03753276   -0.04516233    0.02830683    0.02185708
ALGO   -0.18494138   -0.03232056   -0.13098326    0.01605617   -0.00858520   -0.02191624    0.02826226   -0.00693760
ALIC   -0.13928791    0.00301465   -0.06229433    0.00290758   -0.03108431   -0.02721160    0.00505804    0.02875383
ALRT   -0.04792607    0.06802797    0.01460607    0.05859318    0.03469352    0.00188539   -0.01499926   -0.03060485
AMC2    0.05889254    0.46954736    0.16336868    0.00473579    0.05200479   -0.00771750    0.00698331   -0.04812039
ANKR   -0.43022920   -0.17203147   -0.11296039   -0.10724091    0.00600142    0.05006543    0.00518578   -0.00602386
ANTC   -0.01819799   -0.14796840   -0.10653548    0.10732623   -0.02039462   -0.09831601   -0.02169691    0.04433177
AOML    0.05045395    0.63175114    0.09656191    0.05515971    0.02483697   -0.04372026    0.01844254   -0.21229072
AREG    0.79065156   -0.25392764   -0.36532579   -0.26615267   -0.33653597   -0.23919613   -0.12340130   -0.11197537
AREQ    0.11723250   -0.32499722    0.42623581    0.23062681    0.30281092    0.02214380    0.11235560    0.02876065
AREV    0.18550551    0.14471602    0.56877030    0.04578531   -0.15291805    0.15057733    0.15147498   -0.07913703
ARTU    0.03198106   -0.04140805    0.00773000    0.07871897   -0.00955771    0.00124957    0.03453631    0.07528835
ASC1   -0.32713751   -0.32670926    0.05535409   -0.13318484   -0.00537655   -0.05385680   -0.08167492    0.03446947
ASCG    0.29860417   -0.46879991   -0.02224977    0.17961767   -0.03027224   -0.02951259   -0.02317965   -0.04568747
ASPA   -0.22686101    0.07639388   -0.00392333   -0.06969175   -0.05046671    0.02111522   -0.01441838    0.00314660
AUCK    0.08599701   -0.01187266    0.00090202    0.00426342   -0.00070657    0.01828672   -0.00614203   -0.00644054
AZGB   -0.01002033   -0.01248658   -0.06592831    0.02822986   -0.04692729    0.01617596    0.00286957    0.02168991
BADG    0.06066411    0.40074146    0.04558998   -0.06689128    0.03475136   -0.02836373    0.00699760   -0.03897984
BAKE   -0.02976098    0.13643042    0.00464970   -0.04027637    0.00454287   -0.00755961    0.00459359   -0.03005001
BAKO   -0.02441554    0.30831952    0.01846640    0.06846544    0.04877357   -0.08341113   -0.13226552   -0.01162776
BAN2   -0.02639900    0.23549214    0.24496451   -0.44175061   -0.05634445    0.09700554   -0.09069924   -0.00765144
BARH    0.01447144   -0.07012206    0.05987925    0.00055477    0.00555042   -0.00172517    0.00892308    0.01278045
BDOS    0.25573326    0.08722774   -0.07321499   -0.08387535   -0.08172936   -0.01299618   -0.00077874    0.05347497
BHR1    0.22841939    0.92196446   -0.08171918    0.05483383   -0.21324639    0.29836482   -0.24869677    0.15386219
BILI   -0.07820725   -0.09135731   -0.04838489   -0.01229888   -0.03262586   -0.02322743   -0.03224132   -0.02774064
BISK   -0.09637612   -0.18652672   -0.02460747    0.01678389    0.01560363   -0.01382602    0.01507349    0.00902114
BJCO    0.29778483   -0.02082808   -0.23806794   -0.27581844    0.25417487    0.24694049   -0.10329414    0.06524479
BJFS    0.13793679    0.16350430    0.09042762   -0.02904406    0.20771291    0.07067770    0.00461108   -0.10193959
BJNM    0.21042184   -0.20358779   -0.21927463    0.12823440   -0.15836818   -0.02478612    0.15845170    0.05667622
BNDY   -0.11374453   -0.11641292    0.03658682    0.03152253   -0.01663809    0.03242288   -0.04760707   -0.02336978
BOAV    0.14242953    0.14334188    0.13206140   -0.25023480   -0.02848892    0.10744884    0.03592688    0.01381299
BOGO   -0.20278440   -0.12207058    0.01369050    0.05160288   -0.01739348    0.04715936    0.02205705   -0.01823751
BOGT   -0.12907858    0.16258774    0.02547634   -0.00403907    0.05583782   -0.00908893    0.01628480   -0.05503088
BOR1    0.11617371   -0.07984948    0.02926093   -0.02052009    0.04933394    0.01638413    0.03729329   -0.03546547
BRAZ   -0.20691930   -0.06370242   -0.10313944    0.05096936   -0.06515772   -0.01461571   -0.03575331    0.03158016
BREW    0.28834747    0.00425514   -0.08277164   -0.34110861    0.03708125    0.02116194   -0.00778116   -0.04494199
BRFT   -0.64336337   -0.13610106    0.04480543    0.10287222   -0.01539564    0.09865059    0.02334129    0.02904053
BRMU    0.09478854    0.13147932    0.01360219   -0.07321470    0.00294979    0.03209747   -0.01184914   -0.01487981
BRST   -0.11438335   -0.01130134    0.01156893    0.04603165    0.03220690   -0.01458752    0.01546688    0.00410658
BRUS   -0.00633431   -0.01190495   -0.02545636   -0.03897746    0.01259046    0.03831541   -0.00691685    0.00998151
BRUX   -0.16551079    0.03495708    0.06708954    0.01503023    0.02878316   -0.02024427   -0.03717360    0.02091823
BSHM    0.12055212    0.18027419    0.09866892    0.07070108    0.08442647   -0.00484861    0.00717092   -0.02946701
BUE2    0.05828914   -0.14513194    0.02055757    0.03955783   -0.12981256    0.10193461   -0.02486063   -0.04148338
CAGL    0.30826003   -0.11281968   -0.02175317    0.02076732   -0.03762489   -0.01504362    0.01463738    0.01449615
CAGS   -0.00726110   -0.00915966   -0.09016622    0.00095703    0.00370186   -0.06246364    0.02772569   -0.00071976
CAGZ   -0.05284699   -0.25324375    0.02617268    0.00121884    0.02308966   -0.06332833   -0.00630524    0.03641035
CALL   -0.28860346   -0.60859868   -0.05025809    0.46676464    0.15863096   -0.07436653   -0.04592363    0.03016516
CARR    0.11373784    0.44004849   -0.13501313    0.28992439   -0.05248231    0.07565127   -0.05423557    0.08708769
CAS1   -0.01372882    0.00948829   -0.01969148   -0.00459142   -0.02253277    0.01503609    0.00431786   -0.00076264
CCJ2    0.07402743    0.30013754    0.01283707   -0.10259108    0.11895990    0.00454680   -0.05295043    0.00004559
CCJM    0.09901445    0.29135445   -0.09922440   -0.05386410   -0.00632293    0.00389882   -0.01529033   -0.01764991
CEDU    0.09209041    0.25835127    0.01891254    0.01561835   -0.00508173    0.02565366    0.04554700    0.00656580
CFAG   -0.01984829   -0.24226028    0.18383525   -0.20523137    0.01236864    0.00428423   -0.00399562   -0.12335274
CGGN    0.14491347    0.06560601   -0.14699395   -0.18786607   -0.00619327    0.47702599   -0.00279431    0.01198654
CHAN    0.13364044   -0.09201370   -0.04928929   -0.02505929   -0.03885816    0.01640342   -0.02858537    0.00049486
CHAT    0.06710145   -0.15505327    0.04458254   -0.00689661    0.00437577    0.03428217   -0.01050552    0.00971455
CHPG   -0.53633454   -0.09131271    0.15967370   -0.18785820    0.07230962    0.01468690   -0.01044908    0.00972885
CHPI   -0.01380876    0.26861437   -0.10083969    0.12677710    0.03094233    0.08101693   -0.00582857    0.00825707
CHTI   -0.06091425   -0.09378713   -0.03621816   -0.01025080    0.00690947   -0.03437749   -0.00252886   -0.00964773
CHUM    0.14006773    0.25715445    0.58849794   -0.20072448   -0.07250205   -0.18310104    0.00300138   -0.05276593
CHUR    0.04680022    0.10823663    0.00909582    0.00067437    0.00150657    0.01870069   -0.00759585   -0.00385419
CIC1   -0.00827762    0.12913979   -0.19057822   -0.04169854    0.07747444   -0.04862895   -0.02072332    0.00507057
CICE    0.12952626   -0.50045911   -0.13141589    0.10926475    0.04457481   -0.13263782    0.05422722   -0.01563471
CKIS    0.08870211    0.06423508    0.02517547    0.06796252    0.01415864    0.06657411    0.07921982    0.00051779
CNMR   -0.00252290    0.10336013    0.18601404    0.08255738    0.02904095    0.11251754    0.01783640   -0.03946754
COCO   -0.12568518   -0.15209917    0.05331620    0.09113366   -0.03288746   -0.00734546    0.02429089   -0.02997656
CONZ   -0.08530655    0.16564160   -0.01450677    0.05635112    0.02359703    0.03048167    0.03278124   -0.00117726
CORD   -0.01556345    0.21415828    0.16934780   -0.17855546   -0.05707984    0.01452437    0.04216492    0.01073568
COYQ    0.12811441    0.00648788    0.01636454   -0.01380068    0.02703956   -0.02302845    0.01491848   -0.00318026
CPVG    0.12650354    0.11376787    0.01267109   -0.17686870    0.11773465   -0.00998960    0.05317118    0.00936852
CPXF   -0.00369054    0.06540945    0.00923512   -0.00675892    0.02474228   -0.02769912    0.00691681   -0.03209708
CRAO    0.00782903   -0.25293377    0.02910070   -0.09990293    0.05635471   -0.01268787   -0.01403872    0.04697159
CRAR   -0.06987405   -0.06718729   -0.03676529   -0.00229295   -0.00663807    0.00903517   -0.00887827    0.00072693
CRO1   -0.16080725   -0.27067878   -0.00540085   -0.02491992    0.04957404   -0.09048481    0.00119213   -0.04085167
CTWN   -0.04760290   -0.05947531    0.03442073    0.05717379    0.04456100   -0.05963980   -0.02113643    0.08857686
DAEJ    0.16384731   -0.13818463    0.06601880    0.07659837    0.02188411    0.04171060   -0.01036877   -0.00154621
DAKA   -0.15895277   -0.16619533   -0.04115978    0.06966599    0.05472940   -0.19648673   -0.00498576    0.05072687
DARW   -0.32357079   -0.52005233    0.20556557    0.29249644   -0.12498210   -0.05320936    0.04967517   -0.01938353
DAV1    0.06781205   -0.03267857   -0.04283620    0.01546265    0.00360498   -0.00063976   -0.00624871    0.00109264
DAVR   -0.05785871   -0.11508674    0.01613143   -0.00460986    0.03111983    0.00009417    0.00257464   -0.00808274
DGAR   -0.12068246   -0.06900355   -0.13465191    0.01987252    0.08367664    0.04889643    0.00203224    0.03757777
DGAV   -0.02648178    0.17365497   -0.00290974   -0.10571856   -0.00800192    0.03459331    0.01224954   -0.00604393
DRAG   -0.85626276    0.04291377    0.33107487   -0.18000712   -0.16321387    0.09590597    0.02686827   -0.02004834
DRAO    0.00207274   -0.22294551   -0.35433068    0.08692043    0.00925819    0.01648901    0.04176715   -0.00033388
DUBO   -0.05302729   -0.04361727    0.04257497   -0.04350033   -0.00241386    0.04046001    0.04268645   -0.01947477
DUM1   -0.03481430   -0.05205437   -0.00812783   -0.06416402   -0.03046291    0.03452455   -0.01732418    0.00991742
EIL1    0.14012147   -0.02395987    0.00186077    0.04987156   -0.06802979   -0.00190321    0.04234225    0.04348060
EISL    0.15667646    0.37102186    0.17100097    0.02365927   -0.08526963   -0.09968499    0.03576003    0.00920861
EPRT   -0.00158058   -0.14846620    0.02444496   -0.00126035    0.01724486   -0.03715683    0.01533441   -0.00498588
ETAD   -0.28439774   -0.21647195    0.01621362    0.10375438   -0.21324893    0.03009705    0.14001034    0.16050266
FAA1   -0.10346609    0.24295939   -0.01226076    0.05420205   -0.07107808   -0.00655553   -0.02404709   -0.06701457
FAIR    0.02133953    0.03853636   -0.01737210   -0.02522242    0.01728119    0.03939507   -0.06331141   -0.01311775
FAIV    0.07208407    0.01048115   -0.09864402   -0.10232403   -0.00953635    0.07156678    0.01300047    0.00384523
FALE    0.04383414    0.12725435    0.06691265    0.06755854    0.01379052    0.01502435   -0.01012588    0.05354392
FLIN    0.15699760    0.12340288   -0.06334508   -0.00856010   -0.02740788   -0.00012086   -0.00718226    0.02607544
FLRS    0.15308147    0.01379786    0.07654565   -0.05627498    0.05132358    0.01508871   -0.03349176   -0.00774712
FORT    0.03623558    0.95623670    0.03383268    0.13365749    0.01104423   -0.05039198    0.05712935   -0.10504345
FRDN   -0.18939725   -0.08706269   -0.04822585    0.04586938    0.00525793    0.01089017    0.01803471    0.00325065
FTNA    0.31234266   -0.01041307    0.04740240   -0.06255842   -0.16099258    0.04476807   -0.08508112    0.02007478
FUNC    0.39906892    0.14887614   -0.11783420   -0.00293263   -0.02618960    0.06645582   -0.02861223   -0.08318484
GALA    0.06767994   -0.22404373    0.11125176    0.08300720   -0.35463571   -0.11640084   -0.02716804    0.00860765
GANP    0.09671032   -0.12683235   -0.06012392   -0.01197509    0.00972997    0.01609455    0.03176421   -0.01657074
GLPS    0.13908808   -0.13313851   -0.02157565    0.34864228   -0.08079240   -0.18367982    0.03103495   -0.17168533
GLSV   -0.06616682    0.05387255   -0.03241539    0.00595970    0.01729591   -0.02913481    0.01751863   -0.02393709
GMAS    0.00609645   -0.69540063   -0.10582575    0.13494614   -0.08902814    0.00203629    0.05303340    0.07927981
GMSD    0.10256280    0.30347595    0.11188817    0.00596478   -0.03207769   -0.03086416    0.02301015    0.02667187
GODE   -0.58355651   -0.15420906    0.08751635    0.11827993   -0.03858133    0.00856387    0.01698189   -0.03004819
GODZ    0.04612194    0.04329676   -0.01605246   -0.00941100   -0.06866805   -0.08764997    0.00467917   -0.03225380
GOL2   -0.07472055    0.05856180   -0.00679333   -0.02759745    0.04564184   -0.00258659   -0.01399026   -0.06930968
GOLD   -0.05395122    0.01458944    0.02387680    0.01879138   -0.05517871    0.00269641   -0.01408815   -0.00557928
GOPE    0.11409119   -0.10038037    0.05592728    0.01517339    0.02292025    0.03894185    0.01575607   -0.01156400
GOUG   -0.18198234    0.00157064   -0.02083059   -0.01197244   -0.01227853    0.10341017   -0.00077185    0.01221193
GRAS    0.06787909   -0.14055862    0.05370984    0.03750072    0.02922136    0.01105912   -0.04168002    0.00577130
GRAZ   -0.04988728   -0.08314182   -0.04629814    0.07895472   -0.03236537   -0.00096774    0.02721341    0.01451786
GUAM   -0.34073331   -0.00984077    0.10101811    0.04835723   -0.00080148   -0.15197362    0.01745242    0.00600947
GUAO   -0.41596901    0.19178624   -0.26984940    0.18917004   -0.03133795   -0.11963948    0.05455433   -0.06551212
GUAT    0.32617573   -0.05717441    0.01184723   -0.00196580   -0.06729676   -0.00080219    0.00032735   -0.01017216
GUUG    0.11316928   -0.02467012    0.14137361   -0.02216597    0.07258695    0.00518304    0.03156932   -0.04129073
HARB    0.08225806    0.05557838   -0.05111919   -0.07330111    0.05753371    0.06294905   -0.00062047    0.01551910
HERS   -0.01257546   -0.03455974   -0.00209617    0.02439532    0.04848564    0.01047029   -0.03148931   -0.01860023
HERT   -0.06089170    0.00765189    0.03204893   -0.01539780   -0.04685605   -0.01581169    0.03867517   -0.00901106
HLFX   -0.08884528   -0.06286241   -0.04107948   -0.03005377   -0.00820410   -0.00094868    0.01498299    0.01435166
HNLC    0.07462284   -0.02267121    0.12300691    0.06308877   -0.04763355    0.09951651   -0.02942341    0.01203547
HNPT   -0.10971144   -0.11358340   -0.01327607    0.06494160   -0.01956928   -0.06754116    0.02721728    0.06226391
HOB2   -0.13101230   -0.12521999    0.02182757   -0.02657334    0.01121481    0.01385174   -0.00592895    0.00395540
HOFN    0.11274508    0.00328537    0.01003573   -0.03972339    0.01537061    0.01364944    0.00482661    0.02444303
HOLB   -0.01429036    0.01927284    0.07569056    0.01791187   -0.03267346    0.00261741    0.02044058    0.02958406
HOLM   -0.05548588   -0.08040802   -0.07460317    0.00076789   -0.00647379   -0.00933384    0.04700758    0.01150068
HRAO    0.13744785    0.03232462   -0.07799575    0.06302909   -0.00875891   -0.09818102   -0.00394531   -0.02032327
HRM1    0.00048356   -0.05454247    0.03011893   -0.02094180   -0.05973818   -0.02320474    0.00947184   -0.00889110
HYDE   -0.13395408    0.04096569    0.36338065    0.24073659    0.06302399   -0.04786676    0.05139444    0.06962717
IDDR   -0.01366255   -0.08487746    0.18742152    0.04341417   -0.07382637    0.07020652   -0.00942589   -0.05045161
IISC   -0.19451823    0.27862014    0.01854720   -0.19792340    0.00139071   -0.01455483   -0.04041300    0.08030474
ILHA    0.40916374   -0.23144673   -0.06339948    0.09226478   -0.00362131    0.03357078    0.01312335   -0.16422751
IMPZ    1.24771499    0.31982360   -0.19307409   -0.29354603    0.03271452    0.13324100    0.04334806   -0.09148329
INEG    0.01707298    0.23798551   -0.01786744    0.04785057    0.02442316    0.04706827   -0.06423949    0.02163868
INVK   -0.07517880   -0.04571571    0.03653959   -0.04035145   -0.02360445    0.02360793   -0.04916624    0.01966546
IQAL   -0.02503898   -0.03155770   -0.02057325   -0.01414368   -0.00225516    0.01134641    0.00471238   -0.01148756
IQUI    0.13450971   -0.14184701   -0.00224159    0.08453376   -0.11618196    0.04973895    0.00439707   -0.07808420
IRKJ    0.05831295    0.07929734    0.03763214    0.09259057    0.01776019    0.01703342   -0.05459226    0.00708081
IRKT    0.12892045   -0.15496241    0.13561345   -0.02145016    0.00620992    0.00942023    0.01162554   -0.07761832
ISBA   -0.28968314   -0.33965590    0.06285014    0.26525674    0.03328965   -0.08244330    0.00856444   -0.01707428
ISPA   -0.18623113    0.01316753    0.01184799   -0.07561341    0.00339979   -0.02031641   -0.03014568    0.00199165
JAB1   -0.43431826   -0.37287834    0.20738080   -0.14921497    0.16403397    0.08753306    0.10517684    0.01748877
JOG2    0.28087456    0.10163962   -0.06519174   -0.07345410   -0.13154793   -0.05431718    0.00931413    0.06768102
JOZ2    0.04547390   -0.20497196   -0.02221413   -0.02478017    0.01589383   -0.04685516   -0.02771648    0.01427820
JOZE   -0.17599150   -0.09758105   -0.03223560    0.01043405   -0.00226090    0.04539201   -0.02379628   -0.04488784
JPLM    0.05527947   -0.01750810    0.09447736    0.10853971   -0.00518710   -0.06302913    0.01762540   -0.05760639
JPLV    0.06769697    0.07490503   -0.01787964   -0.21459420    0.05128773   -0.00560662    0.05919930    0.05233987
KARR    0.56418997    0.01228179    0.05857172   -0.12639736   -0.12791018    0.02493020    0.03936714    0.02987586
KAT1   -0.19733155   -0.31310856    0.15792924    0.50703483   -0.06573224   -0.04806895    0.05040569   -0.01587935
KELY    0.05518660   -0.11446077    0.07148742   -0.05441840    0.02620360   -0.00381883    0.01290165   -0.00992055
KERG   -0.04889881   -0.05007753    0.01513103   -0.01117366    0.02220638    0.01026880   -0.00671993   -0.00947652
KGNI   -0.26511148    0.44692080   -0.04418321    0.04533331   -0.02581560    0.03219077   -0.00365845   -0.00783083
KHAJ    0.21248355    0.00966657    0.02240847   -0.01401786   -0.06774058   -0.04626922   -0.05908474   -0.06135536
KHAR   -0.05975622   -0.07666282   -0.02268410   -0.02931600    0.01854099    0.04024691    0.04733925   -0.00760042
KIR0   -0.08990682    0.06109123    0.05491312    0.00285158   -0.01227405    0.01233006    0.01152054    0.00276917
KIRI    0.14336501   -0.00390021    0.09260496   -0.22039732    0.05042574    0.00939853    0.03367775    0.00544835
KIRU   -0.17441541   -0.04300271   -0.02031212    0.07120681    0.01367332   -0.01448828   -0.01295521   -0.03219540
KIT3    0.40858760   -0.62036970   -0.05258296   -0.46937629   -0.19380197   -0.17082108   -0.05356563   -0.05020321
KOKB   -0.09497035   -0.03745980    0.08618055   -0.05060668   -0.08273563   -0.01964247    0.03617123    0.00901828
KOKV    0.07931797   -0.08857243   -0.10781606    0.04428220   -0.06458442    0.03247291   -0.00993351    0.00766729
KOSG    0.02062849    0.05023042   -0.02598998   -0.00366226   -0.00795910   -0.01292784    0.01972117   -0.00927246
KOU1    0.05968008    0.30823583    0.08628121   -0.14760161   -0.01229461    0.02633473    0.12111633   -0.08830661
KOUC    0.12194462   -0.22088003   -0.06369872    0.00048491   -0.01570965   -0.02754024   -0.02557402    0.10253676
KOUG    0.25856277    0.36528569   -0.21676183   -0.20212502    0.00728208    0.08050060    0.09416716    0.01057563
KOUR   -0.00134692    0.23262765    0.07469373   -0.22987954   -0.05627414   -0.00177022   -0.03618520    0.05654735
KRGG   -0.01082706    0.03284800    0.01122570    0.03791982   -0.00023437    0.01339698    0.02306560    0.00553215
KSMV   -0.14396470    0.31765371   -0.12531756    0.06978438   -0.04052395    0.07497121    0.01012550    0.00957355
KSTU    0.01724690   -0.21399845   -0.00162749    0.03584705   -0.03422382    0.01930918    0.02476351    0.02815379
KUNM   -0.03806766    0.41904823   -0.02578618    0.11168390   -0.05188634   -0.01013263   -0.02678269   -0.07332007
KWJ1   -0.29904337    0.08456580    0.22468753   -0.12777281    0.01825039    0.05054514   -0.04629960   -0.15872692
LAE1    0.64015831    0.70563784   -0.00986355    0.19975885   -0.06481088    0.09646033   -0.29539757    0.03499683
LAMA   -0.06873522   -0.10493945   -0.03434623    0.01098693   -0.03348670    0.02671853    0.03623790   -0.03184245
LAUT    0.47310326   -0.00417309    0.18358139   -0.03375712    0.04309908   -0.05827489   -0.12777100   -0.01657887
LHAS   -0.64325979   -0.35869467    0.23270575    0.08288587   -0.15895854    0.07684094    0.07040373   -0.01701063
LHAZ    0.07767639    0.67066119   -0.10029102    0.21534741   -0.13382488    0.13597042   -0.05433770    0.00667719
LMMF   -0.07434556   -0.11442402    0.07746129   -0.07746482   -0.03502743    0.03480337    0.01583185   -0.01457896
LPAL    0.16044997    0.03202985    0.09205540    0.06518358   -0.01371430   -0.00396526    0.00307112    0.00509857
LPGS    0.03670427    0.18220700    0.07064765    0.00140236   -0.03179345   -0.01701428   -0.02924877    0.02545637
M0SE    0.11142159    0.06843104   -0.10889939    0.00277693   -0.03083595    0.00295367    0.01298739    0.00730496
MAC1    0.07262242    0.03766832   -0.01162863    0.01632805   -0.01692331    0.00641216    0.00262417   -0.00340606
MAD2   -0.00359742    0.05123228   -0.05052347    0.01718079   -0.00768633    0.01428334   -0.01174714    0.00905877
MADR    0.09776741   -0.04749070   -0.08486224   -0.02991639   -0.18412178   -0.07130135   -0.05393898    0.05711677
MAG0   -0.02355658    0.01650533    0.00952593    0.05583960   -0.03687972   -0.02540230    0.01154858    0.02994044
MAJU    0.28724948   -0.01396031    0.08369133   -0.04745711    0.00314295   -0.04421321   -0.02372151    0.00801266
MAL2   -0.22398600   -0.25852358   -0.16879477   -0.23735818   -0.18657260    0.04068334    0.13973420    0.16194676
MALD    0.23859164   -0.04811846   -0.24051653   -0.28532489   -0.23474193    0.00758736   -0.00788171   -0.03192595
MALI    0.24616683    0.33230908    0.04665316   -0.22250190    0.03518332    0.15981117   -0.09495793    0.12643549
MANA    0.14695635    0.67720115    0.34349050   -0.04794224    0.17332852    0.04756215   -0.01288618    0.00474024
MAS1   -0.64433526    0.44929557   -0.08835974   -0.03841647   -0.02304483    0.00866760   -0.02612608   -0.00537318
MAT1    0.00872686   -0.00107999   -0.07931661    0.00301778   -0.01701492   -0.01004203   -0.02190368    0.01542806
MATE   -0.00129623    0.00624986    0.00157526    0.07271304    0.00233194   -0.01156244    0.02000952   -0.01718640
MAUI   -0.13497686   -0.02511387    0.02000961   -0.00289512    0.03267930    0.01784045    0.05729077    0.00276668
MAW1   -0.01470224   -0.00103738   -0.01333482   -0.01841418   -0.01254747   -0.00642625   -0.00780509    0.00159815
MBAR   -0.12638731   -0.17230916   -0.10923271    0.13814776    0.04536204    0.02954468   -0.09006482   -0.03392980
MCIL   -0.16049478    0.11453851    0.05119701    0.02353479    0.09599058   -0.01808005    0.00688054    0.02434641
MCM4   -0.09239119    0.02264837   -0.01854056   -0.01627437   -0.00791394    0.00815778   -0.00586181   -0.00030061
MDO1    0.12349440   -0.06718381   -0.04078010    0.04815987   -0.04203273   -0.01303503    0.00794594    0.00685857
MDVJ   -0.06658402    0.03770901   -0.00172775    0.01740002   -0.01241131   -0.02631337    0.01219013    0.01091238
MDVO   -0.11777815    0.29149682    0.04179760   -0.30035770   -0.06339098   -0.08267600    0.01527128    0.06810401
MEDI   -0.19258821    0.03757315    0.07774310   -0.08880247   -0.00464235    0.02373658   -0.02542334    0.01516538
METS   -0.14886627   -0.08785270   -0.00847033    0.05870027   -0.02025759    0.00561871   -0.00204344   -0.01619020
METZ   -0.08954232   -0.13184228   -0.05120653   -0.02127691    0.02160177   -0.00003341    0.02417009    0.01778039
MGUE   -0.11127610   -0.18908774   -0.11563031   -0.05570639    0.03791233    0.00654729    0.05027865    0.00880987
MIZU    0.12214219   -0.01751976   -0.06146988    0.09790805   -0.00281054    0.02823650   -0.01922482   -0.03118403
MKEA    0.01991474   -0.09420032    0.01587671   -0.02383714    0.01156526   -0.00556830    0.00463802    0.00198878
MNLS    0.02104940   -0.02146998    0.03086885    0.00084078    0.01865879    0.01673639    0.00846475   -0.00887608
MOBJ    0.13853405   -0.05311598   -0.01999528   -0.04652530   -0.01299879   -0.02319782   -0.00626788    0.00012886
MOBK    0.17926443   -0.09762345   -0.01940937   -0.05812516   -0.01999725    0.01603231   -0.01537667   -0.01029443
MOBS    0.02314097    0.15928137    0.03907657   -0.00484991   -0.00534544    0.01433841    0.00418826   -0.01010446
MONP   -0.02722179    0.00628782   -0.01026188   -0.01008124    0.00808527   -0.02320348   -0.00983035   -0.00600187
MORP    0.14502511    0.09449192   -0.04941867    0.01861168    0.01418656   -0.02111613    0.02573239   -0.00071719
MQZG    0.04534621   -0.00171399   -0.02247958    0.00313769   -0.02157975   -0.00332528   -0.02003583    0.02480525
MRO1   -0.24724008   -0.01711171   -0.00015566   -0.08588278    0.05329333   -0.05066859    0.00713021   -0.03165638
MSKU    0.12021148    0.18814820   -0.41394467    0.06192253   -0.22958466    0.04682420    0.19920130   -0.08418428
MTKA   -0.03304015    0.54556126    0.14671359    0.18080324    0.07193234   -0.01807984   -0.01065338    0.00389346
NAIN   -0.14223101    0.02271786    0.04664458    0.03802636   -0.00157155   -0.00977989   -0.00345929   -0.00176665
NANO    0.02417719    0.22264695   -0.06593339   -0.02919663   -0.00693007   -0.04218569    0.01046765   -0.01873216
NAUR    0.04839312   -0.22234412    0.01250573    0.08423331   -0.04854668    0.00913699    0.04854564   -0.01863476
NICO   -0.18406867   -0.21814173    0.05244601   -0.07640965   -0.00067716    0.00093003    0.01219268    0.01375988
NIST   -0.18725853   -0.13930491    0.04549929    0.03379063   -0.01279326    0.00722305    0.01902644   -0.07700090
NIUM    0.18284492   -0.05324373    0.01643749   -0.00778281    0.08964879   -0.04412905    0.06458945   -0.01919768
NKLG    0.12511293    0.22360125   -0.35486685   -0.23695271    0.20980296   -0.09190502    0.17384952   -0.02084046
NLIB    0.12678028    0.14989949   -0.00785947   -0.07666442    0.00699741   -0.03585999    0.03546427    0.05615592
NNOR   -0.04772071   -0.01221730    0.06148046    0.02808086    0.02248888   -0.02050915   -0.00120458    0.03845489
NOT1    0.06521834   -0.19439661    0.04431655   -0.14329364    0.01030651   -0.06923940   -0.03773814    0.05258464
NOTO   -0.09779567    0.09657183   -0.07045053   -0.18827900   -0.08625712   -0.08473963   -0.13019133    0.05567125
NOUM    0.11968205    0.30513467   -0.00926567    0.12186359   -0.11173050    0.06008884    0.04802389   -0.01104733
NOVM   -0.00722618   -0.12837999   -0.03041432   -0.06088166   -0.01423172    0.05717940   -0.03420088   -0.00115729
NRC1    0.13977121    0.12543672   -0.09813494   -0.01504008   -0.04736300    0.00384480   -0.00822539    0.00913642
NRIL    0.04387914   -0.07603595   -0.02326298   -0.04510137   -0.00252021   -0.00298753    0.02482068    0.01724746
NRMD   -0.04597415   -0.39802157    0.03242644    0.01398895   -0.07802379    0.03671126    0.04260150    0.02149645
NSSP    0.05352873    0.08468893   -0.13010638    0.13197299   -0.02173302   -0.23446353   -0.02475106    0.10621386
NTUS   -0.11015367    0.17439124   -0.06955156   -0.00339054    0.02959334   -0.05977055   -0.00595803   -0.00504221
NURK    0.33241856    0.35363582   -0.43502245   -0.27367017    0.18209878    0.05369724   -0.12312326   -0.08681018
NVSK    0.32270844    0.02890287   -0.12595074    0.03723952   -0.03976453    0.05510685    0.17583981   -0.01345306
NYA1    0.04433813    0.03718218   -0.00708995    0.03689937   -0.02504070    0.00799069    0.01090898    0.00191625
NYAL   -0.06693878    0.05980315   -0.02903462   -0.03703493    0.03005838   -0.00703537   -0.00487362   -0.01388226
OHI2    0.06751110   -0.05172797   -0.01011957   -0.07531003   -0.00945195   -0.00161846   -0.02594452    0.00677104
OHI3    0.04794980   -0.04515960    0.01800879   -0.06917424   -0.00802870    0.00268973   -0.01384778   -0.01734118
OHIG    0.01339213    0.05311965   -0.04642449   -0.08109729   -0.02218482    0.03732372    0.02744674   -0.00718785
ONSA   -0.09373057   -0.02640286   -0.00797082    0.03707789   -0.03865601    0.06970882   -0.00542801   -0.04716218
OPMT   -0.14572841   -0.15859510   -0.03142153    0.07374404    0.03157902    0.07090073    0.01864016   -0.04887424
OS0G    0.07923080    0.03021092    0.00457654   -0.04783082    0.00096534    0.01288198   -0.02317292   -0.07301014
OSN1   -0.06762675    0.28534231    0.04663804    0.01512720    0.04200160   -0.05196148   -0.00583102   -0.05580208
OUS2    0.00861725   -0.02908025   -0.04665161   -0.00829784    0.00026280   -0.01263441    0.01308565    0.00649096
PADO    0.04143657   -0.01067876   -0.04032493    0.06914148   -0.07317472   -0.04897071    0.12036151    0.08829294
PALM   -0.06054529   -0.03162599    0.01405565   -0.02426541    0.00201172    0.01446023    0.00064592    0.00705697
PALV   -0.04495313   -0.03359632    0.03895741   -0.01896471   -0.01465413    0.03529965   -0.02408187   -0.02213069
PARC    0.03139907   -0.07552884   -0.01687656    0.02834056   -0.00713489   -0.01933433   -0.01343555    0.01307559
PARK    0.09100588    0.03405021   -0.06002664   -0.01904026   -0.00938298    0.00947514    0.02591795   -0.02060998
PBRI   -0.17772222    0.04039481   -0.06721007    0.12357177   -0.21803737    0.08061917    0.00830720    0.03389878
PDEL    0.08699582   -0.03129052   -0.04094547    0.06865616    0.00650802   -0.03155625   -0.00179719    0.00018427
PENC    0.00428334    0.25852729   -0.09140191    0.00996673   -0.02771103    0.04629126   -0.02851648   -0.00166672
PERT   -0.10132013   -0.06707225    0.01573977    0.02014345   -0.04092890    0.03456864   -0.00906579    0.01136721
PETP    0.05959791    0.00950025   -0.00140649   -0.07884018    0.00474433   -0.08765782   -0.00390639   -0.02521668
PFA2    0.04684604   -0.07272264   -0.29127381    0.00450673   -0.03438460   -0.02426207   -0.00907275    0.02230727
PIE1    0.16938897    0.01527912   -0.05973899   -0.00177168   -0.02304426   -0.01235980    0.01312652    0.00730476
PIMO    0.24525162   -0.16929600    0.16766623    0.07576070    0.15898548    0.00604657    0.02453982    0.05412262
POHN   -0.12048028    0.14042734    0.16070954   -0.09373174    0.02821967    0.05036626    0.01465185    0.00704621
POL2    0.00397848    0.83449610   -0.47453414    0.03595888    0.07610855   -0.04673916    0.05096003    0.08482054
POLV   -0.00546642    0.01850932    0.01102135   -0.00414707    0.00478037    0.00316444    0.00641279   -0.04001075
POTS    0.05830988   -0.15553758    0.02973181   -0.03426096   -0.00062853   -0.04613464   -0.01389797    0.00266176
POVE   -0.18720755    0.05919399   -0.26567635    0.07317764   -0.11218766   -0.09430152    0.00033037   -0.02545010
PRDS   -0.08886846   -0.01916652    0.12310884    0.00247572   -0.07355846    0.09123276   -0.05919133   -0.02713122
PRE1   -0.12548330   -0.13458318   -0.05796056    0.10796489   -0.04078883    0.03739897   -0.01771312    0.03745832
PTAG    0.11270129    0.03643945   -0.05584148    0.09533109   -0.11854576   -0.03499709    0.06576485   -0.01233148
PTBB   -0.09124621   -0.07930267   -0.02915782    0.05448469   -0.00115973   -0.01481695    0.03707729    0.00072894
PTVL    0.23786535    0.19805785    0.02574550    0.08191170   -0.04134199    0.03356079   -0.07667058   -0.00859433
PVEP   -0.15204616   -0.30840715    0.12387284    0.02836929   -0.13066564   -0.15462327    0.10533124    0.14893010
QAQ1   -0.01922979   -0.22418025   -0.12300311    0.02840324    0.04677384    0.05357293   -0.00562543   -0.00335833
QUI2    0.12162998    0.12749627   -0.03337226    0.14609936    0.00604334    0.08712828   -0.03116082    0.03332703
QUIN    0.23224490    0.02794671   -0.22929934    0.00147452    0.08417785    0.01702727   -0.06044664    0.00941937
RABT    0.07598783    0.28776002   -0.09375285    0.06014889    0.03130483    0.01012904   -0.04957808    0.01607393
RAMO    0.06560995    0.07706974    0.03282283   -0.02241736    0.01716852   -0.00339995   -0.00709518    0.00469660
RBAY    0.24296028   -0.18635554    0.01818231    0.02843423    0.02973544    0.02637079   -0.02071635    0.02187950
RCMN    0.00093979    0.08662404   -0.11307286   -0.04929166    0.03330578    0.02246307    0.12488057   -0.04412443
RECF    0.01764571   -0.15749812    0.12133156    0.00968193   -0.03816593   -0.06391598   -0.00626690    0.04400403
RESO   -0.12848553    0.05505178   -0.00147325   -0.04410327   -0.03205110    0.00414877   -0.02988691    0.00220084
REUN   -0.00157810   -0.29406406    0.08270935    0.03126605   -0.06800648   -0.07616698   -0.00410460   -0.05108287
REYK   -0.10284481   -0.01696061   -0.00192595    0.01605523    0.01097346    0.00132303   -0.00220893    0.01331598
REYZ    0.01093714   -0.02556439    0.03859608    0.06523394    0.02204970    0.00231338    0.00781964   -0.03029682
RGDG    0.02860030   -0.03565781   -0.00562578    0.00420198    0.01129468    0.00385884    0.03364440   -0.02418559
RIGA   -0.11177606    0.12667348    0.02556049   -0.01766356    0.04007517   -0.02122790    0.01686038    0.02964469
RIO2   -0.00909376   -0.00487344    0.01148398    0.02445819   -0.00803133   -0.01480385   -0.01629153    0.03020539
RIOG   -0.04871317   -0.06687145    0.02033397   -0.02827836   -0.03009723    0.00287411   -0.07506790   -0.05525938
RIOP   -0.38431816   -0.25071932    0.17166181   -0.02580330    0.07853264    0.18183469   -0.08303723   -0.04239644
ROSA    0.22931895   -0.12764950   -0.12385066   -0.03396913   -0.00934041    0.05986346    0.02884316    0.16215428
ROTH    0.12116684    0.01634286   -0.09206183   -0.06646717    0.04461310    0.00245867    0.01675569   -0.00858544
SALU   -0.21780264   -0.19685359   -0.19036629   -0.16109553    0.02891271   -0.02101169    0.06038466    0.07268711
SAMO    0.03285712    0.00386377   -0.01685624   -0.01040122    0.01750341   -0.00420912   -0.06941595   -0.11295271
SANT   -0.48046187    0.26308013   -0.34114675    0.11035608   -0.05193950   -0.08575128    0.08180035   -0.00409442
SAVO   -0.04143730    0.14213377   -0.01308290   -0.04246263   -0.00718044   -0.01431568    0.02113333    0.01822675
SCH2    0.12573472   -0.18982219    0.02088648    0.05264508   -0.00394900    0.00819193   -0.00683099    0.01562988
SCOR    0.04612601   -0.00076583    0.03028527    0.02340254    0.02631974   -0.00329642    0.02339165   -0.00496544
SCRZ    0.21536144   -0.38607451    0.09963083    0.22311367   -0.00436410    0.06552312   -0.23588374    0.05630817
SCTB    0.04055648    0.04969525   -0.00069154    0.00047351    0.00533475   -0.00068494    0.01334376    0.00219138
SCUB   -0.11614279   -0.30389525    0.00215651   -0.13197368   -0.00914450   -0.00400528    0.01779729   -0.00761688
SELE   -0.40000859    0.42501018   -0.25896072   -0.27375521    0.15925139   -0.00408625   -0.00296178    0.06843077
SEY1    0.07302204    0.16322009   -0.05570782   -0.12976860    0.02921122   -0.15615876    0.06527562    0.07220449
SEYG    0.45530235   -0.16688385    0.03280861   -0.07301677    0.00699469   -0.09075636   -0.12867655    0.02003199
SFER    0.01678578    0.06342714   -0.09053280   -0.00542061    0.03564379   -0.01336258   -0.00295263    0.02936050
SHAO    0.18857682    0.13385994   -0.01821817   -0.01807338   -0.04307978   -0.03279656   -0.01576148    0.00380351
SIMO    0.10196871    0.00067950    0.03279301   -0.06507548   -0.01747747    0.05288350    0.08424555   -0.22295950
SIO3    0.01182603   -0.06879975    0.13737886    0.20451935   -0.07153049   -0.14377845   -0.02095843    0.02288491
SMST    0.41220175   -0.06813251    0.00827160   -0.14084029   -0.05901154    0.01909119    0.04564072   -0.00820159
SOFI   -0.20173492   -0.11779970   -0.00566642   -0.02179270    0.00367013    0.03842611   -0.01330749    0.03963267
SOL1   -0.01965921    0.01816361   -0.02987206    0.01930246   -0.00777663   -0.06807856    0.02856453   -0.05091848
SOLA   -0.37960980    0.28692744    0.09283072   -0.22616193    0.13483634    0.03272699   -0.00330825    0.14002640
SPT0   -0.17960648   -0.04116758    0.00965889    0.01068376   -0.05153468    0.05081259    0.00588666   -0.04831196
SSIA    0.15693256   -0.27564986   -0.01006231    0.06662418    0.05523159   -0.06305833   -0.05794738    0.00832602
STHL    0.41641306    0.15514216    0.00318610    0.06862383    0.01090235   -0.03946875   -0.02126514    0.01346120
STJO   -0.10356909   -0.03842613    0.00849276   -0.01316608   -0.01334526    0.00593499   -0.01252449   -0.00090878
STK2    0.21490212    0.22439473   -0.05301313   -0.11707597    0.00041443   -0.02580723    0.00636912    0.05940337
STR1    0.06795141    0.14736578   -0.00953210   -0.01779901   -0.00709576   -0.02639791   -0.00542223    0.00560418
STR2   -0.14402022    0.01766802   -0.00302998    0.02642144    0.01432488   -0.02396516   -0.02302676   -0.00140054
SUNM   -0.13000407   -0.16860186   -0.09604051   -0.11808604   -0.10743448    0.01878793   -0.10914116   -0.05556595
SUTH   -0.07564181   -0.06816022    0.01436431   -0.02376059    0.00081608    0.00142827    0.00041212    0.00580095
SUTM   -0.01417367   -0.12882723    0.02647206    0.01598556   -0.00340406    0.01543888    0.00406796   -0.01808550
SUTV    0.08325094   -0.04584039    0.00719776    0.02065966    0.00159969    0.00721058    0.00329361   -0.03057573
SUWN    0.22127286    0.16619624   -0.01872362   -0.03173046    0.03296118    0.02458566    0.00706362   -0.01776207
SVTL   -0.11112192   -0.19373299   -0.07628055    0.06090006   -0.03169528    0.00479765    0.04201782   -0.02479432
SYDN    0.02638036    0.21352635   -0.00095496   -0.00494143   -0.01395966   -0.01353183   -0.00612758   -0.02212998
SYOG    0.00018691   -0.02861091    0.03812294   -0.00950281   -0.02548144    0.03568221    0.01467106   -0.01136667
TABL    0.03511874   -0.03201968    0.00030041   -0.02881166   -0.01002100    0.02170482   -0.01585736    0.00107295
TABV    0.08468805   -0.02656969   -0.01067228   -0.00814891    0.03348623    0.00460028    0.03656533   -0.00228702
TAH1   -0.13648853    0.04324942   -0.06578956   -0.13233242    0.06827198    0.00590227   -0.01822883    0.00960933
TASH   -0.28071663    0.26054579    0.17137674    0.06014607   -0.08942129    0.02739737    0.02576842   -0.01299663
TCMS    0.45316079    0.33290082   -0.01162832   -0.34902634   -0.15873759   -0.47978605   -0.06788389    0.18115170
TEHN    0.09355973    0.38201646   -0.24698141    0.24066547    0.40136783    0.31397846    0.02492295   -0.07715934
THTG    0.23406145    0.13188271   -0.09903734   -0.11378380   -0.12641242    0.02007794   -0.10417340   -0.06022457
THTI    0.04380833    0.23041712    0.08345962    0.09605836    0.00742219    0.04817328   -0.05161601    0.04378986
THU1    0.10300341   -0.08668920    0.00460509    0.04446770   -0.01572295   -0.02257187   -0.03363470   -0.04973065
THU2   -0.03790395    0.03350068   -0.01656960    0.04031947    0.05629021    0.03497227   -0.00419399   -0.02510569
THU3   -0.07320103   -0.04883201    0.00574220   -0.05556551   -0.01527813   -0.05517899   -0.02136620   -0.00796641
TID1   -0.13417804   -0.08900478   -0.00733684    0.00156985   -0.00309894    0.01666304    0.01573797    0.00696657
TIDB    0.07990510    0.11053453    0.00150337   -0.01252441    0.00843779   -0.01446482    0.01230251    0.01222681
TITZ    0.10240293   -0.01853571   -0.03486973   -0.07859669    0.01399455   -0.04505764   -0.01404990   -0.00661000
TIXG    0.00326256   -0.01046796   -0.01118754    0.01416058   -0.02646063   -0.00276609    0.00629969    0.03706938
TIXI    0.03918588   -0.03515262   -0.03206444   -0.00581954   -0.01394771    0.02960730   -0.00625168   -0.00475282
TIXJ   -0.08183685   -0.00305953   -0.01898638   -0.03155070    0.01142293   -0.01060178   -0.01859333    0.00898345
TLSE   -0.20323553   -0.08165743    0.08812529    0.04531906   -0.05854355   -0.02588893    0.03369601    0.03940065
TN22   -0.21189771    0.08560845   -0.02850017    0.01869003   -0.02042998   -0.06244751    0.00386587    0.06179161
TNML   -0.23252978    0.42298441    0.23652161    0.18180427   -0.13432971    0.40299806    0.12343047    0.17777550
TONG    0.11280489   -0.05838456    0.05947740   -0.03301592    0.09457685   -0.12149500   -0.05744419    0.14493054
TOUL   -0.02149366    0.09095520    0.17240792    0.02326245   -0.01956660   -0.02631761    0.01416604    0.06817182
TOW2    0.07495052   -0.05850253   -0.03478759    0.18772622    0.07729076   -0.00275091    0.06753961   -0.02284066
TRAB   -0.33739466   -0.60516390   -0.34053635   -0.18297909    0.08769966    0.08469769   -0.10502643   -0.24225635
TRO1   -0.15030185    0.24468391   -0.01895444   -0.02214399   -0.02542107   -0.03168421    0.01867835   -0.00353571
TROM   -0.22344309    0.00096410   -0.00161016   -0.01027745    0.01479964    0.00869884    0.02334316   -0.03402905
TSEA    0.22571083   -0.02797241   -0.00896185   -0.04590981    0.02876362   -0.00810845    0.06070708    0.04174378
TSKB    0.33230741    0.11100260    0.03985773   -0.11181488   -0.06403493    0.03836615    0.02562955   -0.00329004
TUVA    0.36403292   -0.10838745    0.00477646   -0.04245957   -0.00474752   -0.05058267    0.04982990    0.04086665
TWTF    0.33492804    0.17662960   -0.25476921    0.11167434    0.10789585    0.16227188   -0.04462456   -0.08924702
TXES   -0.16866249   -0.23318880   -0.08731720    0.06547844    0.07434747   -0.07048056   -0.08443692    0.03665383
UFPR    0.19782456    0.02192249    0.02573232   -0.01931974    0.03741113    0.00692459   -0.04915025   -0.02647588
ULAB    0.06316264   -0.01213583   -0.06300121    0.03182080    0.02660368    0.02856753   -0.01387503   -0.01023270
UNB3   -0.20141847   -0.05391575   -0.03116217    0.01878018    0.00077969    0.01927423    0.01603737   -0.00361476
UNBJ    0.11719521   -0.09432007    0.02598949    0.04340939   -0.01428882    0.00227990   -0.01606230    0.00911802
UNBN   -0.22286478   -0.08299518   -0.01793207   -0.01547735   -0.06013704    0.02942496    0.05363572    0.01270516
UNSA   -1.55897243   -0.16481868   -0.18374080   -0.33059214    0.18566910    0.20911198   -0.02700568    0.00729019
UNTR    0.17805051   -0.14388081    0.12045375    0.07547045    0.03013108    0.03447834   -0.00970447   -0.00549178
URUM    0.13261571   -0.04043526    0.06632419   -0.29738815   -0.02582570   -0.08382095    0.01960699    0.02503563
URUS    0.15276861    0.13577722   -0.01802423    0.07658782   -0.17895618    0.01823310   -0.03492017    0.03691800
USN3    0.08391367    0.03207587   -0.01478327    0.02392279    0.07636601    0.01502544    0.03852298   -0.04498884
USNA   -0.01356841   -0.00229120    0.04140833   -0.00917830   -0.00600074   -0.04952187    0.02603206   -0.06250852
USNO    0.02212397   -0.06218556   -0.00127103   -0.01783977   -0.04127224   -0.08559006   -0.00159552   -0.06838147
USUD    0.43996552    0.12110187   -0.09663326   -0.08191124   -0.05299064    0.02530344   -0.00985790    0.03794803
VACO   -0.25193411    0.10559611    0.04861504   -0.02337763    0.03309977   -0.00877581   -0.01815802   -0.00428542
VALD   -0.07078654    0.08635967    0.06224919    0.06968519   -0.00962244    0.00553851    0.00691238    0.01395359
VENE    0.12680330    0.21462922    0.19004465   -0.04686220    0.07924930   -0.10194606   -0.02715503   -0.02336562
VESL   -0.19192117    0.02585101   -0.04201322   -0.01713332    0.00639246    0.00921079   -0.01840539   -0.01106970
VIL0   -0.06505733   -0.11677578   -0.06051382   -0.02942777   -0.00603770    0.00541839   -0.00476712   -0.00814160
VILL   -0.03060340    0.06372471   -0.03805880    0.03315886    0.03501720   -0.00975765    0.01529512    0.00704423
VIS0   -0.06733832    0.09312938    0.06584237   -0.00957410    0.01276399   -0.03943064    0.02125613    0.02235702
VNDP    0.17811091   -0.09845023   -0.14494400    0.07779281    0.03308461    0.00501702    0.00342335   -0.02678652
VOIM    0.20399218   -0.03968476    0.25035945    0.04806390   -0.11199730   -0.02530310   -0.06252282   -0.07254035
VTSP   -0.03826305   -0.00504895   -0.00931792   -0.10206132    0.03092435   -0.00298911   -0.02019140   -0.03470145
WARK    0.07554989   -0.05779537   -0.00870782    0.02192849   -0.00625415   -0.00878150   -0.01381932    0.00591612
WDC1    0.07773426    0.02237793   -0.00672332    0.02832197    0.03680616   -0.01080598    0.01614154    0.03167903
WDC3    0.13483619   -0.05713574    0.09095526    0.08706068    0.04097534   -0.06322644   -0.06049696   -0.03391519
WEL1   -0.00974376    0.09242108    0.00430579   -0.07006551   -0.01923111    0.02854128   -0.00538923    0.01782444
WES2    0.11927440    0.11414358   -0.12072498   -0.04025375    0.02521664   -0.05900346   -0.00530395    0.04933292
WGTN   -0.02341638    0.04664768   -0.02706847   -0.03918915   -0.00420074   -0.00111721    0.01187771   -0.00242007
WHIT    0.00538968   -0.02082329   -0.02347251   -0.01522208    0.00483227   -0.03072732    0.02271845    0.00712670
WILL   -0.02203689   -0.03706817   -0.02472943    0.03940552    0.00576356   -0.01501806    0.00490155    0.00206145
WIND    0.02094516    0.20450079    0.01388808    0.08490582   -0.05417518   -0.00158070    0.04159241   -0.04128743
WROC   -0.14316747   -0.10135952   -0.03618351    0.01444253    0.00274103    0.06459710    0.00422193   -0.03055465
WSRT    0.09521706    0.06549000    0.00111064    0.01728670    0.00589114   -0.01340672    0.01449319    0.00102129
WTZA   -0.03144232   -0.12450912   -0.01777115   -0.06388483   -0.03401337   -0.01332555    0.00251614   -0.00717116
WTZL    0.17111058    0.19116515   -0.02356302    0.00210920    0.00906411    0.00423172   -0.02310142    0.00350234
WTZR    0.13818190   -0.06844535    0.05155150    0.05010455   -0.00927163    0.01661910   -0.00405377   -0.00690264
WTZZ   -0.18174573   -0.00991746   -0.00419399    0.06045558    0.01598775   -0.00597728    0.01614284   -0.01685706
WUHN    0.18087806    0.08099569   -0.04879960   -0.07915338    0.01570452   -0.01462781   -0.01441834   -0.01507635
XIAN   -0.40376816   -0.63735983   -0.16739786   -0.18121377   -0.14751281   -0.05697117    0.03181309    0.11501952
XMIS   -0.32504423   -0.17230419    0.07369404   -0.08373558    0.01880428   -0.02178042   -0.00080711   -0.01387953
YAKT   -0.23330851    0.29785563    0.07243823    0.08208300   -0.09919738    0.00376477   -0.11039768   -0.01612945
YAKZ   -0.08149498    0.07786563   -0.13822597    0.18081681    0.00508406    0.06852432    0.00362626    0.00287677
YAR1    0.04057746   -0.01906127    0.15716057    0.04793495    0.03671926    0.00114642   -0.01679788   -0.00987926
YAR2   -0.04162920    0.02973736   -0.09560160    0.01029683   -0.02143252    0.01541729    0.02127362    0.02210218
YAR3    0.03096913    0.03387739    0.10927069    0.03223778   -0.02240713   -0.02438165    0.00388587    0.04083411
YARR    0.03963268   -0.08399906   -0.07930708    0.06301123   -0.01713420   -0.02593161    0.03509349   -0.02304370
YCBA    0.01142070    0.23518840   -0.16317220    0.13115893    0.04208667   -0.03278330   -0.03825549   -0.04206306
YEBE   -0.08799606    0.10906216    0.03192339    0.01395106   -0.00577507   -0.00686428   -0.01696691   -0.01442008
YELL   -0.10589384    0.01404383   -0.02425588    0.07900330    0.05609572   -0.01057987    0.00483004    0.05098273
YIBL    0.96232392    0.32948826    0.33228354    0.03304252    0.06515375   -0.07480727    0.07856211   -0.04625470
YKRO   -0.24242671   -0.35249065   -0.18054306    0.16003692    0.20095632    0.21580153    0.01241508    0.07597893
YSSK    0.05451488   -0.06839559   -0.02645421    0.00369584   -0.03488554    0.03928297   -0.00994259    0.00064494
ZAMB   -0.21765679   -0.00963681   -0.07292602    0.00355742    0.01668693    0.02106909   -0.02653552   -0.02195798
ZECK    0.14903373    0.18548277   -0.03075704    0.06290017   -0.01210815   -0.00493370    0.00032422    0.01497235
ZIM2    0.04130537   -0.07958903   -0.03652159   -0.07823461    0.00190036   -0.01193449   -0.01457412   -0.01995668
ZIM3   -0.05688087   -0.05058373   -0.03436135    0.06416117    0.00710759    0.04564676    0.00640154   -0.07336597
ZIMJ    0.04628312   -0.09238955    0.07020811    0.03554307   -0.01056890    0.04568220    0.00014186    0.01977047
ZIMM    0.05877746   -0.05571948   -0.06122195    0.05990700   -0.02668300    0.03835392    0.02801336   -0.00084869
ZWE2   -0.00558001   -0.17992877   -0.04143953   -0.01456365    0.04200688   -0.00765958   -0.00053944   -0.01986475
ZWEN   -0.27550284    0.44424978    0.08508187   -0.05645857   -0.04395605    0.07111031    0.05264624   -0.05613878
