name detected metadata valid
ABMF     5    25     2
ABPO    10    11     1
ADE1     3     3     0
ADIS     7     2     0
AIRA     9    12     2
ALBH    14    28     2
ALGO     9    20     2
ALIC    14    29     3
ALRT    18     5     2
AMC2    16     8     3
ANKR    20    12     7
ANTC     8     7     1
AOML     5     7     4
AREG    10    15     6
AREQ    15    22     4
AREV     7    11     4
ARTU    18     1     0
ASC1     1     1     0
ASCG     3    15     2
ASPA     7    10     2
AUCK    11    20     4
AZGB     4     8     1
BADG    15     6     2
BAKE    21     6     1
BAKO    16    44     5
BAN2    12     1     0
BARH     8    24     1
BDOS     1     2     0
BHR1     9     4     2
BILI    11     0     0
BISK     6     3     1
BJCO     5    10     1
BJFS    16     7     1
BJNM     3     0     0
BNDY     1    13     1
BOAV     7    13     2
BOGO     6    12     1
BOGT    15    24     5
BOR1    15     9     2
BRAZ    13    35     5
BREW    10    13     1
BRFT     9     8     0
BRMU     5    15     2
BRST    13    29     3
BRUS     7    10     0
BRUX     4    25     3
BSHM     5    16     2
BUE2     3     3     0
CAGL    16     2     0
CAGS     9     7     1
CAGZ     5     9     2
CALL     8     3     1
CARR     7     5     3
CAS1    16    23     5
CCJ2     6    13     0
CCJM     2    10     0
CEDU    14    23     8
CFAG    12     5     0
CGGN     4     5     1
CHAN     8     2     1
CHAT     7     4     2
CHPG     6    18     6
CHPI     9    25     3
CHTI     4    11     0
CHUM    15     8     2
CHUR    20    21     5
CIC1     8     1     1
CICE     2     0     0
CKIS     2    13     0
CNMR    10    16     3
COCO    16    19     6
CONZ    11    17     6
CORD     9    15     3
COYQ     2     8     0
CPVG     7    18     5
CPXF    12    24     3
CRAO     3     2     1
CRAR    18     4     1
CRO1    12    20     4
CTWN     5     0     0
DAEJ    23     9     3
DAKA     3     6     2
DARW    15    30     4
DAV1    17    21     7
DAVR     8     2     2
DGAR    13    19     5
DGAV     3    10     1
DRAG    10    14     4
DRAO    19    31     5
DUBO    16    14     5
DUM1    18     0     0
EIL1    13     4     1
EISL     2     4     0
EPRT     8    16     3
ETAD     1     0     0
FAA1    10    12     1
FAIR    14    25     5
FAIV    12     4     2
FALE     7     7     1
FLIN    18    15     5
FLRS     3    13     0
FORT     4     5     3
FRDN     2    13     0
FTNA     2    16     2
FUNC     5    18     2
GALA     4     2     0
GANP    16    43    11
GLPS    18    16     4
GLSV    15    12     4
GMAS     5     2     1
GMSD     1    27     0
GODE    21    19     3
GODZ    21     8     1
GOL2     5     4     1
GOLD    14    12     2
GOPE    20    21     8
GOUG     4     1     0
GRAS    12    20     1
GRAZ    18    33     5
GUAM    16    23     4
GUAO    14     2     1
GUAT    12     7     1
GUUG    10    20     2
HARB    16    23     1
HERS    16    10     2
HERT     9    10     0
HLFX     5     6     0
HNLC     8     8     0
HNPT    15    23     4
HOB2    12    22     5
HOFN    15    24     5
HOLB    13    28     5
HOLM     9    10     2
HRAO    21    32     7
HRM1     2     5     0
HYDE    17     7     1
IDDR     7    17     4
IISC    20    15     5
ILHA     2     8     1
IMPZ     9    11     1
INEG     8    10     0
INVK    15     6     1
IQAL    14     5     3
IQUI     3     3     1
IRKJ    17     3     2
IRKT    12     1     0
ISBA    14     8     2
ISPA     0     7     0
JAB1     2    16     1
JOG2     4    15     0
JOZ2    18     9     1
JOZE    12     7     0
JPLM    14    36     1
JPLV     5     7     0
KARR    13    24     3
KAT1     4    13     1
KELY    15    17     4
KERG    11    27     1
KGNI     7     8     1
KHAJ    10     1     0
KHAR     6    19     1
KIR0    17    31     4
KIRI     4    22     0
KIRU    16    17     2
KIT3    27    15     3
KOKB    16    26     7
KOKV     5    14     2
KOSG     9    17     3
KOU1     2     1     0
KOUC     3    31     3
KOUG     7    21     0
KOUR    18    24     6
KRGG     2    24     0
KSMV     8    10     1
KSTU     2     4     2
KUNM    14     2     1
KWJ1     3     2     0
LAE1     7     3     1
LAMA    19    19     3
LAUT     1    16     0
LHAS    10     6     3
LHAZ    16    17     6
LMMF     6    20     3
LPAL    10    15     4
LPGS    11    25     3
M0SE     6    20     1
MAC1     7    19     1
MAD2    11     7     3
MADR     1    22     1
MAG0    14     3     3
MAJU     1    13     0
MAL2    15    10     4
MALD     3     0     0
MALI     3     3     1
MANA    12    11     2
MAS1    13    18     3
MAT1    12     7     1
MATE    23    33     2
MAUI     9     6     1
MAW1    23    18     8
MBAR     9    14     4
MCIL     6    15     3
MCM4    24    17     5
MDO1    18    23     7
MDVJ    19     7     1
MDVO     5     1     0
MEDI    25    13     2
METS    16    24     5
METZ     6     2     0
MGUE     7     9     1
MIZU     7    21     0
MKEA    14    19     4
MNLS    10    13     1
MOBJ    15     2     2
MOBK     5     0     0
MOBS     3    18     1
MONP    16    18     2
MORP    13    13     0
MQZG     7    19     3
MRO1     5     9     1
MSKU     1     0     0
MTKA    12     6     1
NAIN     1     8     1
NANO    14    14     3
NAUR     3    16     0
NICO    19    31     2
NIST    13     2     1
NIUM     2    14     0
NKLG    21    25     2
NLIB    23    16     5
NNOR    13    11     2
NOT1     8     9     1
NOTO     5     1     0
NOUM     2     4     0
NOVM    18     1     0
NRC1    13    21     3
NRIL    15     2     0
NRMD    11    31     5
NSSP    11     5     4
NTUS    13    21     6
NURK     7     9     3
NVSK    15     3     2
NYA1    20    11     3
NYAL    22     7     2
OHI2    15    18     1
OHI3     9    34     3
OHIG     3     7     2
ONSA    15    16     1
OPMT     4     0     0
OS0G     4     3     1
OSN1    11     3     2
OUS2    11    22     5
PADO    11    21     9
PALM    16    17     3
PALV     4     4     1
PARC    10    17     2
PARK     5    11     3
PBRI     3     4     1
PDEL     4    17     3
PENC    20    21     9
PERT    20    24     6
PETP     8     4     1
PFA2     6     6     0
PIE1    18    27     4
PIMO    13    21     4
POHN     6    23     2
POL2    16    17     2
POLV    14    14     3
POTS    19    32     6
POVE    11    16     2
PRDS     7    12     3
PRE1     9     2     0
PTAG     8    14     3
PTBB     6     8     1
PTVL     5    10     1
PVEP     4     9     2
QAQ1    11    26     3
QUI2     2     3     0
QUIN    16    31     4
RABT    13     6     1
RAMO    15    17     6
RBAY     5     7     1
RCMN     4     0     0
RECF     1    12     0
RESO     7     8     2
REUN    13    20     4
REYK    22    29     9
REYZ     9     5     2
RGDG     2    19     0
RIGA    10    27     2
RIO2     6    13     2
RIOG     4     2     0
RIOP     7     7     2
ROSA     4     4     1
ROTH    11     8     2
SALU    12    20     7
SAMO     5    14     0
SANT    16    25     6
SAVO     6    12     1
SCH2    16     8     2
SCOR    23    15     7
SCRZ     5    11     0
SCTB    10    13     2
SCUB     5    11     2
SELE    19     4     3
SEY1     5    17     2
SEYG     9    17     5
SFER    13    18     3
SHAO    13     6     3
SIMO     2     1     0
SIO3    12    28     3
SMST     4     5     2
SOFI    15    19     2
SOL1     8     9     2
SOLA     4     3     2
SPT0     5    19     3
SSIA     8    12     3
STHL    12    10     3
STJO    10    35     7
STK2     9    10     3
STR1     7    27     4
STR2     7    23     2
SUNM     7     0     0
SUTH    13    18     3
SUTM    13    12     4
SUTV     4     0     0
SUWN    25    17     3
SVTL    10     9     2
SYDN     7     6     1
SYOG    24    14     9
TABL    15    14     3
TABV     9    20     3
TAH1     5     1     0
TASH    17    17     1
TCMS     8     3     0
TEHN     2     5     0
THTG     6    23     0
THTI    16    11     1
THU1     7     2     1
THU2    15    21     4
THU3     8     4     0
TID1     7    16     4
TIDB     8    10     2
TITZ     5     8     3
TIXG    14     0     0
TIXI    14     5     1
TIXJ     9     1     2
TLSE    12    35     5
TN22     9    11     1
TNML     8     2     0
TONG     3    16     1
TOUL     1     0     0
TOW2    13    21     4
TRAB     9     0     0
TRO1    15    18     5
TROM     5     5     0
TSEA    16     7     3
TSKB    17    22     2
TUVA     1    14     1
TWTF    14     3     1
TXES    17    25     4
UFPR     1    12     0
ULAB    18    22     5
UNB3     2    24     1
UNBJ     3     5     0
UNBN     1     1     0
UNSA    12    20     6
UNTR     3    10     0
URUM    23    19     8
URUS     3     2     1
USN3     7     3     0
USNA     7    18     2
USNO    12     8     5
USUD    11    17     3
VACO     8     4     2
VALD    11    11     1
VENE    11     4     2
VESL    13     1     2
VIL0     5    25     2
VILL    14    19     3
VIS0     7    25     3
VNDP     2    29     0
VOIM     5    11     2
VTSP     7    15     2
WARK     3    16     1
WDC1     5     3     0
WDC3     1     0     0
WEL1     1     3     0
WES2     8    54     5
WGTN     5    17     3
WHIT    21    13     4
WILL    14    12     3
WIND    10    17     2
WROC    16    42     7
WSRT    15    16     3
WTZA     7    11     1
WTZL     2    16     0
WTZR    13    47     6
WTZZ    12    46     6
WUHN    21     9     4
XIAN     9     2     1
XMIS     7    15     3
YAKT    20     1     1
YAKZ     5     1     1
YAR1     5     8     2
YAR2     9    21     2
YAR3     7    16     1
YARR    10    12     3
YCBA     7     2     0
YEBE     9    16     2
YELL    24    19     4
YIBL     2     5     0
YKRO    15    10     2
YSSK    14     2     0
ZAMB    17    12     5
ZECK    16    12     3
ZIM2    12    24     7
ZIM3     5    16     1
ZIMJ    17    14     4
ZIMM    14    22     6
ZWE2     9     1     1
ZWEN     6     5     1
