name cos1 sin1 cos2 sin2 cos3 sin3 cos4 sin4
ABMF   -0.20263856   -0.25758160   -0.05590771   -0.14207287   -0.08530363    0.13198827   -0.02333530    0.05437283
ABPO   -0.04825606   -0.16105180    0.02886248    0.16850893   -0.06944896   -0.02510044   -0.01431094    0.00781755
ADE1   -0.02541254   -0.03869761    0.00931469    0.03386037   -0.01665459    0.00761486   -0.01896793   -0.03689190
ADIS    0.00467969    0.28471850   -0.06004119   -0.14634081   -0.21668574   -0.07529639    0.14213079    0.01146193
AIRA    0.41959707   -0.08089839   -0.03403407   -0.04301568   -0.03593124   -0.04312142   -0.02658614   -0.01191746
ALBH   -0.15697929   -0.07177695    0.07153028    0.04082682   -0.03766764   -0.04511172    0.02841004    0.02215360
ALGO   -0.18525654   -0.03259303   -0.13100549    0.01578402   -0.00846117   -0.02207037    0.02811300   -0.00691326
ALIC   -0.13736414    0.00366345   -0.06325581    0.00235263   -0.03085551   -0.02712070    0.00478981    0.02909909
ALRT   -0.04753252    0.06961614    0.01440624    0.05858599    0.03507943    0.00222626   -0.01507760   -0.03042384
AMC2    0.05889254    0.46954736    0.16336868    0.00473579    0.05200479   -0.00771750    0.00698331   -0.04812039
ANKR   -0.42971581   -0.17202644   -0.11335917   -0.10730773    0.00563416    0.04987330    0.00477512   -0.00608439
ANTC   -0.02133482   -0.15268662   -0.10528706    0.11019676   -0.02144430   -0.10074242   -0.01979255    0.04391344
AOML    0.05045395    0.63175114    0.09656191    0.05515971    0.02483697   -0.04372026    0.01844254   -0.21229072
AREG    0.79065156   -0.25392764   -0.36532579   -0.26615267   -0.33653597   -0.23919613   -0.12340130   -0.11197537
AREQ    0.11776910   -0.32629772    0.42592681    0.23068021    0.30329046    0.02233436    0.11222190    0.02846639
AREV    0.21318583    0.14351624    0.57584062    0.04564399   -0.15783566    0.15259244    0.14266736   -0.07588233
ARTU    0.03198106   -0.04140805    0.00773000    0.07871897   -0.00955771    0.00124957    0.03453631    0.07528835
ASC1   -0.32823776   -0.31972392    0.05277457   -0.13198356   -0.00141703   -0.05182086   -0.07680633    0.03474903
ASCG    0.29522972   -0.47226105   -0.02281121    0.17723079   -0.03071350   -0.02926298   -0.02454022   -0.04480040
ASPA   -0.22686101    0.07639388   -0.00392333   -0.06969175   -0.05046671    0.02111522   -0.01441838    0.00314660
AUCK    0.08599701   -0.01187266    0.00090202    0.00426342   -0.00070657    0.01828672   -0.00614203   -0.00644054
AZGB   -0.01002033   -0.01248658   -0.06592831    0.02822986   -0.04692729    0.01617596    0.00286957    0.02168991
BADG    0.06066411    0.40074146    0.04558998   -0.06689128    0.03475136   -0.02836373    0.00699760   -0.03897984
BAKE   -0.02976098    0.13643042    0.00464970   -0.04027637    0.00454287   -0.00755961    0.00459359   -0.03005001
BAKO   -0.02441554    0.30831952    0.01846640    0.06846544    0.04877357   -0.08341113   -0.13226552   -0.01162776
BAN2   -0.02639900    0.23549214    0.24496451   -0.44175061   -0.05634445    0.09700554   -0.09069924   -0.00765144
BARH    0.01451971   -0.06993358    0.06003188    0.00059939    0.00560367   -0.00186012    0.00888923    0.01274933
BDOS    0.25573326    0.08722774   -0.07321499   -0.08387535   -0.08172936   -0.01299618   -0.00077874    0.05347497
BHR1    0.22767469    0.93419623   -0.08198384    0.06818444   -0.21632481    0.29885886   -0.24960768    0.15162325
BILI   -0.07820725   -0.09135731   -0.04838489   -0.01229888   -0.03262586   -0.02322743   -0.03224132   -0.02774064
BISK   -0.09637612   -0.18652672   -0.02460747    0.01678389    0.01560363   -0.01382602    0.01507349    0.00902114
BJCO    0.29778483   -0.02082808   -0.23806794   -0.27581844    0.25417487    0.24694049   -0.10329414    0.06524479
BJFS    0.13793679    0.16350430    0.09042762   -0.02904406    0.20771291    0.07067770    0.00461108   -0.10193959
BJNM    0.21042184   -0.20358779   -0.21927463    0.12823440   -0.15836818   -0.02478612    0.15845170    0.05667622
BNDY   -0.11374453   -0.11641292    0.03658682    0.03152253   -0.01663809    0.03242288   -0.04760707   -0.02336978
BOAV    0.13136018    0.13392373    0.12478331   -0.25032863   -0.03565612    0.10929977    0.03300966    0.01496448
BOGO   -0.20278440   -0.12207058    0.01369050    0.05160288   -0.01739348    0.04715936    0.02205705   -0.01823751
BOGT   -0.12907858    0.16258774    0.02547634   -0.00403907    0.05583782   -0.00908893    0.01628480   -0.05503088
BOR1    0.11617371   -0.07984948    0.02926093   -0.02052009    0.04933394    0.01638413    0.03729329   -0.03546547
BRAZ   -0.20691930   -0.06370242   -0.10313944    0.05096936   -0.06515772   -0.01461571   -0.03575331    0.03158016
BREW    0.28834747    0.00425514   -0.08277164   -0.34110861    0.03708125    0.02116194   -0.00778116   -0.04494199
BRFT   -0.64336337   -0.13610106    0.04480543    0.10287222   -0.01539564    0.09865059    0.02334129    0.02904053
BRMU    0.09470393    0.12944183    0.01306076   -0.07308303    0.00295797    0.03164250   -0.01266830   -0.01487539
BRST   -0.12143178   -0.01405951    0.01321063    0.04848503    0.03212160   -0.01348091    0.01618463    0.00274999
BRUS   -0.00633431   -0.01190495   -0.02545636   -0.03897746    0.01259046    0.03831541   -0.00691685    0.00998151
BRUX   -0.16551079    0.03495708    0.06708954    0.01503023    0.02878316   -0.02024427   -0.03717360    0.02091823
BSHM    0.12055212    0.18027419    0.09866892    0.07070108    0.08442647   -0.00484861    0.00717092   -0.02946701
BUE2    0.05828914   -0.14513194    0.02055757    0.03955783   -0.12981256    0.10193461   -0.02486063   -0.04148338
CAGL    0.30826003   -0.11281968   -0.02175317    0.02076732   -0.03762489   -0.01504362    0.01463738    0.01449615
CAGS   -0.00749353   -0.00806893   -0.09039034    0.00173616    0.00390271   -0.06125761    0.02866093    0.00024000
CAGZ   -0.05284699   -0.25324375    0.02617268    0.00121884    0.02308966   -0.06332833   -0.00630524    0.03641035
CALL   -0.28860346   -0.60859868   -0.05025809    0.46676464    0.15863096   -0.07436653   -0.04592363    0.03016516
CARR    0.11317833    0.41513340   -0.13247399    0.28068136   -0.05218789    0.07471543   -0.04909855    0.08405056
CAS1   -0.01372882    0.00948829   -0.01969148   -0.00459142   -0.02253277    0.01503609    0.00431786   -0.00076264
CCJ2    0.07402743    0.30013754    0.01283707   -0.10259108    0.11895990    0.00454680   -0.05295043    0.00004559
CCJM    0.09901445    0.29135445   -0.09922440   -0.05386410   -0.00632293    0.00389882   -0.01529033   -0.01764991
CEDU    0.09209041    0.25835127    0.01891254    0.01561835   -0.00508173    0.02565366    0.04554700    0.00656580
CFAG   -0.01984829   -0.24226028    0.18383525   -0.20523137    0.01236864    0.00428423   -0.00399562   -0.12335274
CGGN    0.14491347    0.06560601   -0.14699395   -0.18786607   -0.00619327    0.47702599   -0.00279431    0.01198654
CHAN    0.13364044   -0.09201370   -0.04928929   -0.02505929   -0.03885816    0.01640342   -0.02858537    0.00049486
CHAT    0.06710145   -0.15505327    0.04458254   -0.00689661    0.00437577    0.03428217   -0.01050552    0.00971455
CHPG   -0.53633454   -0.09131271    0.15967370   -0.18785820    0.07230962    0.01468690   -0.01044908    0.00972885
CHPI   -0.01477462    0.26925753   -0.10049647    0.12609141    0.03103553    0.08195310   -0.00617328    0.00749224
CHTI   -0.06091425   -0.09378713   -0.03621816   -0.01025080    0.00690947   -0.03437749   -0.00252886   -0.00964773
CHUM    0.14006773    0.25715445    0.58849794   -0.20072448   -0.07250205   -0.18310104    0.00300138   -0.05276593
CHUR    0.04667000    0.10828504    0.00901828    0.00046891    0.00130079    0.01859104   -0.00779775   -0.00373553
CIC1   -0.00920523    0.13053085   -0.19168602   -0.04533800    0.07919548   -0.04632399   -0.02157802    0.00397096
CICE    0.12952626   -0.50045911   -0.13141589    0.10926475    0.04457481   -0.13263782    0.05422722   -0.01563471
CKIS    0.08870211    0.06423508    0.02517547    0.06796252    0.01415864    0.06657411    0.07921982    0.00051779
CNMR   -0.00311608    0.10518878    0.18666426    0.08196392    0.02906758    0.11181027    0.01832760   -0.03979356
COCO   -0.12568518   -0.15209917    0.05331620    0.09113366   -0.03288746   -0.00734546    0.02429089   -0.02997656
CONZ   -0.08530655    0.16564160   -0.01450677    0.05635112    0.02359703    0.03048167    0.03278124   -0.00117726
CORD   -0.01637904    0.21404760    0.17004848   -0.17784353   -0.05701326    0.01530750    0.04228486    0.01071442
COYQ    0.12742184    0.00512930    0.01625077   -0.01217856    0.02794450   -0.02199540    0.01522042   -0.00442093
CPVG    0.12650354    0.11376787    0.01267109   -0.17686870    0.11773465   -0.00998960    0.05317118    0.00936852
CPXF   -0.00369611    0.06417354    0.00947311   -0.00669779    0.02483923   -0.02835550    0.00684504   -0.03175743
CRAO    0.00839286   -0.25294602    0.02989055   -0.10069896    0.05635851   -0.01379517   -0.01450646    0.04628905
CRAR   -0.06987405   -0.06718729   -0.03676529   -0.00229295   -0.00663807    0.00903517   -0.00887827    0.00072693
CRO1   -0.16080725   -0.27067878   -0.00540085   -0.02491992    0.04957404   -0.09048481    0.00119213   -0.04085167
CTWN   -0.04760290   -0.05947531    0.03442073    0.05717379    0.04456100   -0.05963980   -0.02113643    0.08857686
DAEJ    0.16384731   -0.13818463    0.06601880    0.07659837    0.02188411    0.04171060   -0.01036877   -0.00154621
DAKA   -0.15895277   -0.16619533   -0.04115978    0.06966599    0.05472940   -0.19648673   -0.00498576    0.05072687
DARW   -0.32357079   -0.52005233    0.20556557    0.29249644   -0.12498210   -0.05320936    0.04967517   -0.01938353
DAV1    0.06781205   -0.03267857   -0.04283620    0.01546265    0.00360498   -0.00063976   -0.00624871    0.00109264
DAVR   -0.05785871   -0.11508674    0.01613143   -0.00460986    0.03111983    0.00009417    0.00257464   -0.00808274
DGAR   -0.12068246   -0.06900355   -0.13465191    0.01987252    0.08367664    0.04889643    0.00203224    0.03757777
DGAV   -0.02648178    0.17365497   -0.00290974   -0.10571856   -0.00800192    0.03459331    0.01224954   -0.00604393
DRAG   -0.85574592    0.04486010    0.33101311   -0.18035192   -0.16386536    0.09661527    0.02753565   -0.01995346
DRAO    0.00321716   -0.22347708   -0.35437256    0.08699608    0.00930019    0.01688455    0.04165952   -0.00039653
DUBO   -0.05302729   -0.04361727    0.04257497   -0.04350033   -0.00241386    0.04046001    0.04268645   -0.01947477
DUM1   -0.03481430   -0.05205437   -0.00812783   -0.06416402   -0.03046291    0.03452455   -0.01732418    0.00991742
EIL1    0.14012147   -0.02395987    0.00186077    0.04987156   -0.06802979   -0.00190321    0.04234225    0.04348060
EISL    0.15667646    0.37102186    0.17100097    0.02365927   -0.08526963   -0.09968499    0.03576003    0.00920861
EPRT   -0.00158058   -0.14846620    0.02444496   -0.00126035    0.01724486   -0.03715683    0.01533441   -0.00498588
ETAD   -0.29491678   -0.22646312    0.00504469    0.10800185   -0.20823436    0.03119946    0.14087554    0.16480935
FAA1   -0.10346609    0.24295939   -0.01226076    0.05420205   -0.07107808   -0.00655553   -0.02404709   -0.06701457
FAIR    0.02045387    0.03841337   -0.01793461   -0.02539815    0.01696569    0.03926307   -0.06333049   -0.01323085
FAIV    0.07022543    0.01475138   -0.09798799   -0.10013697   -0.01060537    0.07225677    0.01435245    0.00412027
FALE    0.04815545    0.13212069    0.06647753    0.07022561    0.01706070    0.01406738   -0.01045792    0.05474850
FLIN    0.15775223    0.12403856   -0.06322223   -0.00880222   -0.02794256   -0.00076984   -0.00711772    0.02704731
FLRS    0.15694502    0.00742626    0.07670655   -0.05813934    0.04929915    0.01451555   -0.03386268   -0.00999093
FORT    0.03623558    0.95623670    0.03383268    0.13365749    0.01104423   -0.05039198    0.05712935   -0.10504345
FRDN   -0.18939725   -0.08706269   -0.04822585    0.04586938    0.00525793    0.01089017    0.01803471    0.00325065
FTNA    0.31234266   -0.01041307    0.04740240   -0.06255842   -0.16099258    0.04476807   -0.08508112    0.02007478
FUNC    0.40146176    0.14161438   -0.11510394   -0.00087646   -0.02561822    0.06570355   -0.02780722   -0.08168220
GALA    0.06767994   -0.22404373    0.11125176    0.08300720   -0.35463571   -0.11640084   -0.02716804    0.00860765
GANP    0.09783083   -0.12685365   -0.06076426   -0.01185415    0.00978918    0.01586448    0.03198356   -0.01617869
GLPS    0.13742211   -0.12749015   -0.02569916    0.34665100   -0.07747931   -0.18366953    0.03106334   -0.17119724
GLSV   -0.06642424    0.05376856   -0.03263562    0.00575629    0.01755640   -0.02924607    0.01745140   -0.02391454
GMAS    0.00609645   -0.69540063   -0.10582575    0.13494614   -0.08902814    0.00203629    0.05303340    0.07927981
GMSD    0.10515667    0.29973814    0.11142247    0.00486788   -0.03282504   -0.03143754    0.02276878    0.02648621
GODE   -0.58355651   -0.15420906    0.08751635    0.11827993   -0.03858133    0.00856387    0.01698189   -0.03004819
GODZ    0.04774572    0.04139162   -0.01552717   -0.00958483   -0.07052580   -0.08857019    0.00543416   -0.03292180
GOL2   -0.07472055    0.05856180   -0.00679333   -0.02759745    0.04564184   -0.00258659   -0.01399026   -0.06930968
GOLD   -0.05295731    0.01268630    0.02326576    0.01868780   -0.05441073    0.00207650   -0.01415545   -0.00553703
GOPE    0.11409119   -0.10038037    0.05592728    0.01517339    0.02292025    0.03894185    0.01575607   -0.01156400
GOUG   -0.18198234    0.00157064   -0.02083059   -0.01197244   -0.01227853    0.10341017   -0.00077185    0.01221193
GRAS    0.06787909   -0.14055862    0.05370984    0.03750072    0.02922136    0.01105912   -0.04168002    0.00577130
GRAZ   -0.04988728   -0.08314182   -0.04629814    0.07895472   -0.03236537   -0.00096774    0.02721341    0.01451786
GUAM   -0.34073331   -0.00984077    0.10101811    0.04835723   -0.00080148   -0.15197362    0.01745242    0.00600947
GUAO   -0.42215067    0.18822600   -0.26906135    0.19193042   -0.03177259   -0.11758513    0.05501491   -0.06687478
GUAT    0.32617573   -0.05717441    0.01184723   -0.00196580   -0.06729676   -0.00080219    0.00032735   -0.01017216
GUUG    0.11316928   -0.02467012    0.14137361   -0.02216597    0.07258695    0.00518304    0.03156932   -0.04129073
HARB    0.07951171    0.05487425   -0.05231057   -0.07265057    0.05694329    0.06310245   -0.00036098    0.01512782
HERS   -0.01257546   -0.03455974   -0.00209617    0.02439532    0.04848564    0.01047029   -0.03148931   -0.01860023
HERT   -0.05857576    0.00783718    0.03266279   -0.01545846   -0.04733064   -0.01574462    0.03815699   -0.00893047
HLFX   -0.08880744   -0.06223769   -0.04118455   -0.02974989   -0.00813598   -0.00136940    0.01524243    0.01454308
HNLC    0.07462284   -0.02267121    0.12300691    0.06308877   -0.04763355    0.09951651   -0.02942341    0.01203547
HNPT   -0.10971144   -0.11358340   -0.01327607    0.06494160   -0.01956928   -0.06754116    0.02721728    0.06226391
HOB2   -0.13101230   -0.12521999    0.02182757   -0.02657334    0.01121481    0.01385174   -0.00592895    0.00395540
HOFN    0.11274508    0.00328537    0.01003573   -0.03972339    0.01537061    0.01364944    0.00482661    0.02444303
HOLB   -0.01429036    0.01927284    0.07569056    0.01791187   -0.03267346    0.00261741    0.02044058    0.02958406
HOLM   -0.05633591   -0.07979443   -0.07486826    0.00066016   -0.00604641   -0.00972367    0.04747009    0.01171860
HRAO    0.13744785    0.03232462   -0.07799575    0.06302909   -0.00875891   -0.09818102   -0.00394531   -0.02032327
HRM1    0.00048356   -0.05454247    0.03011893   -0.02094180   -0.05973818   -0.02320474    0.00947184   -0.00889110
HYDE   -0.13395408    0.04096569    0.36338065    0.24073659    0.06302399   -0.04786676    0.05139444    0.06962717
IDDR   -0.01046905   -0.08718743    0.19047685    0.04374323   -0.07245886    0.06924225   -0.00881920   -0.05010097
IISC   -0.19878351    0.28076741    0.01827620   -0.19854793    0.00171284   -0.01573783   -0.03998373    0.08006147
ILHA    0.40916374   -0.23144673   -0.06339948    0.09226478   -0.00362131    0.03357078    0.01312335   -0.16422751
IMPZ    1.24771499    0.31982360   -0.19307409   -0.29354603    0.03271452    0.13324100    0.04334806   -0.09148329
INEG    0.01707298    0.23798551   -0.01786744    0.04785057    0.02442316    0.04706827   -0.06423949    0.02163868
INVK   -0.07517880   -0.04571571    0.03653959   -0.04035145   -0.02360445    0.02360793   -0.04916624    0.01966546
IQAL   -0.02503898   -0.03155770   -0.02057325   -0.01414368   -0.00225516    0.01134641    0.00471238   -0.01148756
IQUI    0.13450971   -0.14184701   -0.00224159    0.08453376   -0.11618196    0.04973895    0.00439707   -0.07808420
IRKJ    0.05831295    0.07929734    0.03763214    0.09259057    0.01776019    0.01703342   -0.05459226    0.00708081
IRKT    0.12903898   -0.15525232    0.13606668   -0.02123847    0.00597865    0.00961572    0.01158798   -0.07758593
ISBA   -0.28968314   -0.33965590    0.06285014    0.26525674    0.03328965   -0.08244330    0.00856444   -0.01707428
ISPA   -0.18623113    0.01316753    0.01184799   -0.07561341    0.00339979   -0.02031641   -0.03014568    0.00199165
JAB1   -0.43431826   -0.37287834    0.20738080   -0.14921497    0.16403397    0.08753306    0.10517684    0.01748877
JOG2    0.28087456    0.10163962   -0.06519174   -0.07345410   -0.13154793   -0.05431718    0.00931413    0.06768102
JOZ2    0.04547390   -0.20497196   -0.02221413   -0.02478017    0.01589383   -0.04685516   -0.02771648    0.01427820
JOZE   -0.17663476   -0.09749201   -0.03269938    0.01069392   -0.00238903    0.04566975   -0.02372609   -0.04513294
JPLM    0.05301759   -0.01892824    0.09424332    0.10764373   -0.00490158   -0.06298001    0.01816772   -0.05765338
JPLV    0.08582710    0.07780783   -0.02315176   -0.21259258    0.04868804   -0.00696524    0.06069417    0.04985778
KARR    0.56405769    0.01155971    0.06020616   -0.12659794   -0.12716118    0.02520646    0.03939789    0.03050354
KAT1   -0.19733155   -0.31310856    0.15792924    0.50703483   -0.06573224   -0.04806895    0.05040569   -0.01587935
KELY    0.05518660   -0.11446077    0.07148742   -0.05441840    0.02620360   -0.00381883    0.01290165   -0.00992055
KERG   -0.04889881   -0.05007753    0.01513103   -0.01117366    0.02220638    0.01026880   -0.00671993   -0.00947652
KGNI   -0.26511148    0.44692080   -0.04418321    0.04533331   -0.02581560    0.03219077   -0.00365845   -0.00783083
KHAJ    0.21248355    0.00966657    0.02240847   -0.01401786   -0.06774058   -0.04626922   -0.05908474   -0.06135536
KHAR   -0.05618528   -0.07875239   -0.02462056   -0.02976982    0.01908977    0.04075466    0.04741023   -0.00831845
KIR0   -0.08973014    0.06165912    0.05530260    0.00269834   -0.01235797    0.01231487    0.01161374    0.00259912
KIRI    0.14336501   -0.00390021    0.09260496   -0.22039732    0.05042574    0.00939853    0.03367775    0.00544835
KIRU   -0.17387842   -0.04307193   -0.01995634    0.07101143    0.01381758   -0.01462191   -0.01291368   -0.03217428
KIT3    0.40766083   -0.61886005   -0.05323862   -0.46894648   -0.19425881   -0.17117469   -0.05356773   -0.05006653
KOKB   -0.09497035   -0.03745980    0.08618055   -0.05060668   -0.08273563   -0.01964247    0.03617123    0.00901828
KOKV    0.07931797   -0.08857243   -0.10781606    0.04428220   -0.06458442    0.03247291   -0.00993351    0.00766729
KOSG    0.02062849    0.05023042   -0.02598998   -0.00366226   -0.00795910   -0.01292784    0.01972117   -0.00927246
KOU1    0.05968008    0.30823583    0.08628121   -0.14760161   -0.01229461    0.02633473    0.12111633   -0.08830661
KOUC    0.11865834   -0.22531189   -0.06567039    0.00204785   -0.01464386   -0.02820421   -0.02600243    0.10219689
KOUG    0.25856277    0.36528569   -0.21676183   -0.20212502    0.00728208    0.08050060    0.09416716    0.01057563
KOUR   -0.00134692    0.23262765    0.07469373   -0.22987954   -0.05627414   -0.00177022   -0.03618520    0.05654735
KRGG   -0.01082706    0.03284800    0.01122570    0.03791982   -0.00023437    0.01339698    0.02306560    0.00553215
KSMV   -0.14396470    0.31765371   -0.12531756    0.06978438   -0.04052395    0.07497121    0.01012550    0.00957355
KSTU    0.01835456   -0.21225438   -0.00443854    0.03177458   -0.03018310    0.01832463    0.02099162    0.03559038
KUNM   -0.03397236    0.41607038   -0.02627732    0.11309578   -0.05076728   -0.00885566   -0.02875362   -0.07378565
KWJ1   -0.29904337    0.08456580    0.22468753   -0.12777281    0.01825039    0.05054514   -0.04629960   -0.15872692
LAE1    0.63029717    0.69995301   -0.00793442    0.20231503   -0.06622722    0.08456509   -0.29380610    0.03812841
LAMA   -0.06869486   -0.10550217   -0.03371080    0.01082697   -0.03339396    0.02706126    0.03593138   -0.03149693
LAUT    0.47310326   -0.00417309    0.18358139   -0.03375712    0.04309908   -0.05827489   -0.12777100   -0.01657887
LHAS   -0.64283966   -0.35484309    0.23117675    0.08600918   -0.15947932    0.07452136    0.06640092   -0.01759322
LHAZ    0.07767639    0.67066119   -0.10029102    0.21534741   -0.13382488    0.13597042   -0.05433770    0.00667719
LMMF   -0.07434556   -0.11442402    0.07746129   -0.07746482   -0.03502743    0.03480337    0.01583185   -0.01457896
LPAL    0.16054778    0.03200970    0.09193947    0.06507683   -0.01365128   -0.00373070    0.00312407    0.00489658
LPGS    0.03670427    0.18220700    0.07064765    0.00140236   -0.03179345   -0.01701428   -0.02924877    0.02545637
M0SE    0.11142159    0.06843104   -0.10889939    0.00277693   -0.03083595    0.00295367    0.01298739    0.00730496
MAC1    0.07262242    0.03766832   -0.01162863    0.01632805   -0.01692331    0.00641216    0.00262417   -0.00340606
MAD2   -0.00608166    0.05416133   -0.05007023    0.01727716   -0.00846052    0.01475045   -0.01216564    0.00930998
MADR    0.09776741   -0.04749070   -0.08486224   -0.02991639   -0.18412178   -0.07130135   -0.05393898    0.05711677
MAG0   -0.02355658    0.01650533    0.00952593    0.05583960   -0.03687972   -0.02540230    0.01154858    0.02994044
MAJU    0.28724948   -0.01396031    0.08369133   -0.04745711    0.00314295   -0.04421321   -0.02372151    0.00801266
MAL2   -0.22271401   -0.25869121   -0.16967221   -0.23824476   -0.18633852    0.04156534    0.13928415    0.16174822
MALD    0.22615476   -0.04906960   -0.22878380   -0.27238706   -0.22530391    0.00017149   -0.00931892   -0.03285829
MALI    0.24591760    0.33272828    0.04722300   -0.22020768    0.03471430    0.16065708   -0.09634823    0.12549563
MANA    0.14601662    0.68181186    0.34485145   -0.04851999    0.17327028    0.04809018   -0.01169616    0.00503906
MAS1   -0.64447020    0.45048634   -0.08738830   -0.03800240   -0.02258255    0.00805241   -0.02652759   -0.00570455
MAT1    0.01136282   -0.00058707   -0.07905826    0.00305821   -0.01769674   -0.01040301   -0.02229144    0.01542813
MATE   -0.00129623    0.00624986    0.00157526    0.07271304    0.00233194   -0.01156244    0.02000952   -0.01718640
MAUI   -0.13294567   -0.02412827    0.01884644   -0.00220869    0.03347143    0.01734233    0.05745783    0.00202864
MAW1   -0.01458978   -0.00070997   -0.01318004   -0.01849269   -0.01250494   -0.00642136   -0.00773335    0.00155876
MBAR   -0.14112736   -0.17258252   -0.11210438    0.14041571    0.04673710    0.02963730   -0.08552312   -0.03625426
MCIL   -0.16049478    0.11453851    0.05119701    0.02353479    0.09599058   -0.01808005    0.00688054    0.02434641
MCM4   -0.09252014    0.02260964   -0.01845415   -0.01617745   -0.00787136    0.00809833   -0.00587444   -0.00026874
MDO1    0.12349440   -0.06718381   -0.04078010    0.04815987   -0.04203273   -0.01303503    0.00794594    0.00685857
MDVJ   -0.06658402    0.03770901   -0.00172775    0.01740002   -0.01241131   -0.02631337    0.01219013    0.01091238
MDVO   -0.11842715    0.28275765    0.03415763   -0.30170976   -0.06352462   -0.08036398    0.00884123    0.06797298
MEDI   -0.19258821    0.03757315    0.07774310   -0.08880247   -0.00464235    0.02373658   -0.02542334    0.01516538
METS   -0.14893950   -0.08742175   -0.00887408    0.05866674   -0.02018062    0.00539142   -0.00198009   -0.01624280
METZ   -0.08954232   -0.13184228   -0.05120653   -0.02127691    0.02160177   -0.00003341    0.02417009    0.01778039
MGUE   -0.10782024   -0.19323710   -0.11552091   -0.05276942    0.03748137    0.00618527    0.04917095    0.00946598
MIZU    0.12264867   -0.01606084   -0.06078813    0.09713995   -0.00295750    0.02816636   -0.01944727   -0.03142339
MKEA    0.02055164   -0.09443912    0.01579354   -0.02447928    0.01167532   -0.00563419    0.00450952    0.00182449
MNLS    0.02104940   -0.02146998    0.03086885    0.00084078    0.01865879    0.01673639    0.00846475   -0.00887608
MOBJ    0.13853405   -0.05311598   -0.01999528   -0.04652530   -0.01299879   -0.02319782   -0.00626788    0.00012886
MOBK    0.17363526   -0.09317708   -0.02014956   -0.05776786   -0.02020056    0.01356356   -0.01507787   -0.01008556
MOBS    0.02308992    0.16021011    0.03962122   -0.00481258   -0.00525085    0.01417318    0.00425738   -0.01030078
MONP   -0.02722179    0.00628782   -0.01026188   -0.01008124    0.00808527   -0.02320348   -0.00983035   -0.00600187
MORP    0.14502511    0.09449192   -0.04941867    0.01861168    0.01418656   -0.02111613    0.02573239   -0.00071719
MQZG    0.04534621   -0.00171399   -0.02247958    0.00313769   -0.02157975   -0.00332528   -0.02003583    0.02480525
MRO1   -0.24724008   -0.01711171   -0.00015566   -0.08588278    0.05329333   -0.05066859    0.00713021   -0.03165638
MSKU    0.14032998    0.18115776   -0.40441626    0.08976959   -0.22778809    0.04176855    0.21991793   -0.08059048
MTKA   -0.03589127    0.54397014    0.14680252    0.18148198    0.07262150   -0.01765904   -0.01086444    0.00376547
NAIN   -0.14260630    0.02175636    0.04714759    0.04134025   -0.00222683   -0.00883494   -0.00151353   -0.00138631
NANO    0.02422788    0.22262577   -0.06594154   -0.02916122   -0.00697293   -0.04222479    0.01048667   -0.01864486
NAUR    0.04839312   -0.22234412    0.01250573    0.08423331   -0.04854668    0.00913699    0.04854564   -0.01863476
NICO   -0.18406867   -0.21814173    0.05244601   -0.07640965   -0.00067716    0.00093003    0.01219268    0.01375988
NIST   -0.18887154   -0.13940966    0.04589613    0.03315892   -0.01177794    0.00686511    0.01919366   -0.07625534
NIUM    0.18284492   -0.05324373    0.01643749   -0.00778281    0.08964879   -0.04412905    0.06458945   -0.01919768
NKLG    0.12542808    0.22268809   -0.35445009   -0.23650765    0.20946531   -0.09197330    0.17387234   -0.02044320
NLIB    0.12678028    0.14989949   -0.00785947   -0.07666442    0.00699741   -0.03585999    0.03546427    0.05615592
NNOR   -0.04772071   -0.01221730    0.06148046    0.02808086    0.02248888   -0.02050915   -0.00120458    0.03845489
NOT1    0.06576370   -0.19564309    0.04382296   -0.14419879    0.01089350   -0.07001314   -0.03736536    0.05376260
NOTO   -0.09779567    0.09657183   -0.07045053   -0.18827900   -0.08625712   -0.08473963   -0.13019133    0.05567125
NOUM    0.11659123    0.29861768   -0.01049387    0.12362922   -0.11305883    0.05936256    0.04722010   -0.00983504
NOVM   -0.00722618   -0.12837999   -0.03041432   -0.06088166   -0.01423172    0.05717940   -0.03420088   -0.00115729
NRC1    0.13993125    0.12443995   -0.09815932   -0.01580877   -0.04747937    0.00366297   -0.00795511    0.00902580
NRIL    0.04387914   -0.07603595   -0.02326298   -0.04510137   -0.00252021   -0.00298753    0.02482068    0.01724746
NRMD   -0.04501141   -0.40259533    0.02955939    0.01302718   -0.07756975    0.03638437    0.04134434    0.02042504
NSSP    0.03435704    0.07936634   -0.12982028    0.12800756   -0.01930242   -0.23075611   -0.02464349    0.10587981
NTUS   -0.11940237    0.17555581   -0.06953843   -0.00434925    0.03043615   -0.05875264   -0.00566829   -0.00397911
NURK    0.33241856    0.35363582   -0.43502245   -0.27367017    0.18209878    0.05369724   -0.12312326   -0.08681018
NVSK    0.32132610    0.02819272   -0.12503719    0.03801326   -0.04014529    0.05489366    0.17509661   -0.01293711
NYA1    0.04382768    0.03694536   -0.00725767    0.03686504   -0.02506947    0.00828414    0.01086901    0.00218865
NYAL   -0.06693878    0.05980315   -0.02903462   -0.03703493    0.03005838   -0.00703537   -0.00487362   -0.01388226
OHI2    0.06687202   -0.05019633   -0.01068246   -0.07470683   -0.00871190   -0.00197779   -0.02561535    0.00658046
OHI3    0.04803751   -0.04412432    0.01662167   -0.06955898   -0.00746384    0.00318734   -0.01354279   -0.01833057
OHIG    0.01339213    0.05311965   -0.04642449   -0.08109729   -0.02218482    0.03732372    0.02744674   -0.00718785
ONSA   -0.09373057   -0.02640286   -0.00797082    0.03707789   -0.03865601    0.06970882   -0.00542801   -0.04716218
OPMT   -0.14572841   -0.15859510   -0.03142153    0.07374404    0.03157902    0.07090073    0.01864016   -0.04887424
OS0G    0.07923080    0.03021092    0.00457654   -0.04783082    0.00096534    0.01288198   -0.02317292   -0.07301014
OSN1   -0.06762675    0.28534231    0.04663804    0.01512720    0.04200160   -0.05196148   -0.00583102   -0.05580208
OUS2    0.00696618   -0.03178147   -0.04716949   -0.00756455   -0.00044740   -0.01255022    0.01350014    0.00709547
PADO    0.04143657   -0.01067876   -0.04032493    0.06914148   -0.07317472   -0.04897071    0.12036151    0.08829294
PALM   -0.06054529   -0.03162599    0.01405565   -0.02426541    0.00201172    0.01446023    0.00064592    0.00705697
PALV   -0.04495313   -0.03359632    0.03895741   -0.01896471   -0.01465413    0.03529965   -0.02408187   -0.02213069
PARC    0.03265976   -0.07572487   -0.01771000    0.02908576   -0.00703943   -0.01968576   -0.01359331    0.01269509
PARK    0.09100588    0.03405021   -0.06002664   -0.01904026   -0.00938298    0.00947514    0.02591795   -0.02060998
PBRI   -0.17772222    0.04039481   -0.06721007    0.12357177   -0.21803737    0.08061917    0.00830720    0.03389878
PDEL    0.08699582   -0.03129052   -0.04094547    0.06865616    0.00650802   -0.03155625   -0.00179719    0.00018427
PENC    0.00520847    0.25706890   -0.09177921    0.00926844   -0.02781264    0.04629920   -0.02837690   -0.00201954
PERT   -0.10132013   -0.06707225    0.01573977    0.02014345   -0.04092890    0.03456864   -0.00906579    0.01136721
PETP    0.05959791    0.00950025   -0.00140649   -0.07884018    0.00474433   -0.08765782   -0.00390639   -0.02521668
PFA2    0.04684604   -0.07272264   -0.29127381    0.00450673   -0.03438460   -0.02426207   -0.00907275    0.02230727
PIE1    0.16943955    0.01531194   -0.05928268   -0.00146820   -0.02293111   -0.01227676    0.01297474    0.00699152
PIMO    0.24525162   -0.16929600    0.16766623    0.07576070    0.15898548    0.00604657    0.02453982    0.05412262
POHN   -0.12048028    0.14042734    0.16070954   -0.09373174    0.02821967    0.05036626    0.01465185    0.00704621
POL2    0.00419847    0.83528656   -0.47453431    0.03624407    0.07607462   -0.04645850    0.05071891    0.08447385
POLV   -0.00546642    0.01850932    0.01102135   -0.00414707    0.00478037    0.00316444    0.00641279   -0.04001075
POTS    0.05740143   -0.15475071    0.02937346   -0.03394828   -0.00063891   -0.04617849   -0.01399621    0.00267673
POVE   -0.18151497    0.06291883   -0.26653663    0.07418531   -0.10972494   -0.09382868    0.00390685   -0.02504300
PRDS   -0.08886846   -0.01916652    0.12310884    0.00247572   -0.07355846    0.09123276   -0.05919133   -0.02713122
PRE1   -0.11795856   -0.13588306   -0.05990915    0.11271902   -0.04202645    0.03789021   -0.01893653    0.03696777
PTAG    0.10726919    0.02394591   -0.05321228    0.09336266   -0.12204641   -0.03682856    0.06638268   -0.01509768
PTBB   -0.09124621   -0.07930267   -0.02915782    0.05448469   -0.00115973   -0.01481695    0.03707729    0.00072894
PTVL    0.23786535    0.19805785    0.02574550    0.08191170   -0.04134199    0.03356079   -0.07667058   -0.00859433
PVEP   -0.15204616   -0.30840715    0.12387284    0.02836929   -0.13066564   -0.15462327    0.10533124    0.14893010
QAQ1   -0.01922979   -0.22418025   -0.12300311    0.02840324    0.04677384    0.05357293   -0.00562543   -0.00335833
QUI2    0.12805516    0.12851542   -0.03340364    0.14564629    0.00746605    0.08759426   -0.02875344    0.03544461
QUIN    0.23224490    0.02794671   -0.22929934    0.00147452    0.08417785    0.01702727   -0.06044664    0.00941937
RABT    0.07598783    0.28776002   -0.09375285    0.06014889    0.03130483    0.01012904   -0.04957808    0.01607393
RAMO    0.06560995    0.07706974    0.03282283   -0.02241736    0.01716852   -0.00339995   -0.00709518    0.00469660
RBAY    0.24296028   -0.18635554    0.01818231    0.02843423    0.02973544    0.02637079   -0.02071635    0.02187950
RCMN    0.00425650    0.08252313   -0.10997153   -0.04337284    0.03006139    0.01661267    0.12677423   -0.04412880
RECF    0.01764571   -0.15749812    0.12133156    0.00968193   -0.03816593   -0.06391598   -0.00626690    0.04400403
RESO   -0.12848553    0.05505178   -0.00147325   -0.04410327   -0.03205110    0.00414877   -0.02988691    0.00220084
REUN   -0.00157810   -0.29406406    0.08270935    0.03126605   -0.06800648   -0.07616698   -0.00410460   -0.05108287
REYK   -0.10382715   -0.01708302   -0.00166758    0.01572788    0.01095396    0.00135329   -0.00238595    0.01349173
REYZ    0.01093714   -0.02556439    0.03859608    0.06523394    0.02204970    0.00231338    0.00781964   -0.03029682
RGDG    0.02860030   -0.03565781   -0.00562578    0.00420198    0.01129468    0.00385884    0.03364440   -0.02418559
RIGA   -0.11177606    0.12667348    0.02556049   -0.01766356    0.04007517   -0.02122790    0.01686038    0.02964469
RIO2   -0.01110648   -0.00458465    0.01218265    0.02467225   -0.00720310   -0.01443747   -0.01663860    0.03084395
RIOG   -0.04871317   -0.06687145    0.02033397   -0.02827836   -0.03009723    0.00287411   -0.07506790   -0.05525938
RIOP   -0.38431816   -0.25071932    0.17166181   -0.02580330    0.07853264    0.18183469   -0.08303723   -0.04239644
ROSA    0.22931895   -0.12764950   -0.12385066   -0.03396913   -0.00934041    0.05986346    0.02884316    0.16215428
ROTH    0.12117117    0.01212030   -0.09214246   -0.06569108    0.04525819    0.00207186    0.01706596   -0.00823470
SALU   -0.21780264   -0.19685359   -0.19036629   -0.16109553    0.02891271   -0.02101169    0.06038466    0.07268711
SAMO    0.03285712    0.00386377   -0.01685624   -0.01040122    0.01750341   -0.00420912   -0.06941595   -0.11295271
SANT   -0.47917576    0.26155968   -0.34271144    0.10882922   -0.05178759   -0.08526583    0.08143820   -0.00416333
SAVO   -0.04143730    0.14213377   -0.01308290   -0.04246263   -0.00718044   -0.01431568    0.02113333    0.01822675
SCH2    0.12573472   -0.18982219    0.02088648    0.05264508   -0.00394900    0.00819193   -0.00683099    0.01562988
SCOR    0.04612601   -0.00076583    0.03028527    0.02340254    0.02631974   -0.00329642    0.02339165   -0.00496544
SCRZ    0.20710431   -0.37764973    0.09971020    0.21951433   -0.00554585    0.06556446   -0.23525591    0.05690423
SCTB    0.04133764    0.04953514   -0.00024496   -0.00008737    0.00527219   -0.00116664    0.01321367    0.00189774
SCUB   -0.12412374   -0.31345384    0.00787079   -0.13012970   -0.00488908   -0.00982159    0.01762140   -0.01179193
SELE   -0.39887075    0.42353670   -0.25901069   -0.27354562    0.15833677   -0.00503858   -0.00412879    0.06833412
SEY1    0.07302204    0.16322009   -0.05570782   -0.12976860    0.02921122   -0.15615876    0.06527562    0.07220449
SEYG    0.45530235   -0.16688385    0.03280861   -0.07301677    0.00699469   -0.09075636   -0.12867655    0.02003199
SFER    0.01678578    0.06342714   -0.09053280   -0.00542061    0.03564379   -0.01336258   -0.00295263    0.02936050
SHAO    0.18857682    0.13385994   -0.01821817   -0.01807338   -0.04307978   -0.03279656   -0.01576148    0.00380351
SIMO    0.10196871    0.00067950    0.03279301   -0.06507548   -0.01747747    0.05288350    0.08424555   -0.22295950
SIO3    0.01104844   -0.06906860    0.13848548    0.20480876   -0.07199325   -0.14381441   -0.02110549    0.02253458
SMST    0.41220175   -0.06813251    0.00827160   -0.14084029   -0.05901154    0.01909119    0.04564072   -0.00820159
SOFI   -0.20179071   -0.11713978   -0.00575951   -0.02135642    0.00390586    0.03887090   -0.01311706    0.03927010
SOL1   -0.01965921    0.01816361   -0.02987206    0.01930246   -0.00777663   -0.06807856    0.02856453   -0.05091848
SOLA   -0.37960980    0.28692744    0.09283072   -0.22616193    0.13483634    0.03272699   -0.00330825    0.14002640
SPT0   -0.17960648   -0.04116758    0.00965889    0.01068376   -0.05153468    0.05081259    0.00588666   -0.04831196
SSIA    0.15693256   -0.27564986   -0.01006231    0.06662418    0.05523159   -0.06305833   -0.05794738    0.00832602
STHL    0.41778799    0.15971907    0.00022661    0.07238318    0.00891482   -0.03982779   -0.02099018    0.01331468
STJO   -0.10356909   -0.03842613    0.00849276   -0.01316608   -0.01334526    0.00593499   -0.01252449   -0.00090878
STK2    0.21490212    0.22439473   -0.05301313   -0.11707597    0.00041443   -0.02580723    0.00636912    0.05940337
STR1    0.06795141    0.14736578   -0.00953210   -0.01779901   -0.00709576   -0.02639791   -0.00542223    0.00560418
STR2   -0.14402022    0.01766802   -0.00302998    0.02642144    0.01432488   -0.02396516   -0.02302676   -0.00140054
SUNM   -0.13000407   -0.16860186   -0.09604051   -0.11808604   -0.10743448    0.01878793   -0.10914116   -0.05556595
SUTH   -0.07564181   -0.06816022    0.01436431   -0.02376059    0.00081608    0.00142827    0.00041212    0.00580095
SUTM   -0.01385348   -0.12839725    0.02587849    0.01646103   -0.00358536    0.01522949    0.00410342   -0.01767933
SUTV    0.08325094   -0.04584039    0.00719776    0.02065966    0.00159969    0.00721058    0.00329361   -0.03057573
SUWN    0.22127286    0.16619624   -0.01872362   -0.03173046    0.03296118    0.02458566    0.00706362   -0.01776207
SVTL   -0.11112192   -0.19373299   -0.07628055    0.06090006   -0.03169528    0.00479765    0.04201782   -0.02479432
SYDN    0.02448252    0.21187224   -0.00077152   -0.00650505   -0.01363868   -0.01360480   -0.00705724   -0.02221503
SYOG    0.00018691   -0.02861091    0.03812294   -0.00950281   -0.02548144    0.03568221    0.01467106   -0.01136667
TABL    0.03502588   -0.03314651   -0.00033641   -0.02897222   -0.00999429    0.02170296   -0.01592977    0.00095090
TABV    0.08468805   -0.02656969   -0.01067228   -0.00814891    0.03348623    0.00460028    0.03656533   -0.00228702
TAH1   -0.13648853    0.04324942   -0.06578956   -0.13233242    0.06827198    0.00590227   -0.01822883    0.00960933
TASH   -0.28223746    0.25844083    0.17258152    0.05751526   -0.08865860    0.02709585    0.02467752   -0.01318746
TCMS    0.45316079    0.33290082   -0.01162832   -0.34902634   -0.15873759   -0.47978605   -0.06788389    0.18115170
TEHN    0.09355973    0.38201646   -0.24698141    0.24066547    0.40136783    0.31397846    0.02492295   -0.07715934
THTG    0.23406145    0.13188271   -0.09903734   -0.11378380   -0.12641242    0.02007794   -0.10417340   -0.06022457
THTI    0.04380833    0.23041712    0.08345962    0.09605836    0.00742219    0.04817328   -0.05161601    0.04378986
THU1    0.10300341   -0.08668920    0.00460509    0.04446770   -0.01572295   -0.02257187   -0.03363470   -0.04973065
THU2   -0.03790395    0.03350068   -0.01656960    0.04031947    0.05629021    0.03497227   -0.00419399   -0.02510569
THU3   -0.07450060   -0.04659399    0.00570749   -0.05621276   -0.01562960   -0.05366838   -0.02166683   -0.00747380
TID1   -0.13417804   -0.08900478   -0.00733684    0.00156985   -0.00309894    0.01666304    0.01573797    0.00696657
TIDB    0.07990510    0.11053453    0.00150337   -0.01252441    0.00843779   -0.01446482    0.01230251    0.01222681
TITZ    0.10240293   -0.01853571   -0.03486973   -0.07859669    0.01399455   -0.04505764   -0.01404990   -0.00661000
TIXG    0.00326256   -0.01046796   -0.01118754    0.01416058   -0.02646063   -0.00276609    0.00629969    0.03706938
TIXI    0.04043649   -0.03574096   -0.03205225   -0.00586008   -0.01418561    0.02982052   -0.00612721   -0.00485717
TIXJ   -0.08183685   -0.00305953   -0.01898638   -0.03155070    0.01142293   -0.01060178   -0.01859333    0.00898345
TLSE   -0.20323553   -0.08165743    0.08812529    0.04531906   -0.05854355   -0.02588893    0.03369601    0.03940065
TN22   -0.21189771    0.08560845   -0.02850017    0.01869003   -0.02042998   -0.06244751    0.00386587    0.06179161
TNML   -0.23806037    0.42378932    0.23817177    0.18232743   -0.13454171    0.40466277    0.12503203    0.17973915
TONG    0.11280489   -0.05838456    0.05947740   -0.03301592    0.09457685   -0.12149500   -0.05744419    0.14493054
TOUL   -0.02149366    0.09095520    0.17240792    0.02326245   -0.01956660   -0.02631761    0.01416604    0.06817182
TOW2    0.07495052   -0.05850253   -0.03478759    0.18772622    0.07729076   -0.00275091    0.06753961   -0.02284066
TRAB   -0.33739466   -0.60516390   -0.34053635   -0.18297909    0.08769966    0.08469769   -0.10502643   -0.24225635
TRO1   -0.15016620    0.24467189   -0.01903226   -0.02216833   -0.02538118   -0.03165596    0.01863552   -0.00351187
TROM   -0.22213131    0.00462688   -0.00065339   -0.00689202    0.01521193    0.01003434    0.02269582   -0.03196833
TSEA    0.22571083   -0.02797241   -0.00896185   -0.04590981    0.02876362   -0.00810845    0.06070708    0.04174378
TSKB    0.33230741    0.11100260    0.03985773   -0.11181488   -0.06403493    0.03836615    0.02562955   -0.00329004
TUVA    0.36403292   -0.10838745    0.00477646   -0.04245957   -0.00474752   -0.05058267    0.04982990    0.04086665
TWTF    0.33465543    0.17143398   -0.25389544    0.11246775    0.10710229    0.16124279   -0.04477227   -0.08941409
TXES   -0.17399509   -0.22908876   -0.08614559    0.06510888    0.07454133   -0.07180673   -0.08302028    0.03707009
UFPR    0.19826690    0.02301245    0.02530828   -0.01830011    0.03706537    0.00723103   -0.04902848   -0.02618221
ULAB    0.06316264   -0.01213583   -0.06300121    0.03182080    0.02660368    0.02856753   -0.01387503   -0.01023270
UNB3   -0.20141847   -0.05391575   -0.03116217    0.01878018    0.00077969    0.01927423    0.01603737   -0.00361476
UNBJ    0.11719521   -0.09432007    0.02598949    0.04340939   -0.01428882    0.00227990   -0.01606230    0.00911802
UNBN   -0.22286478   -0.08299518   -0.01793207   -0.01547735   -0.06013704    0.02942496    0.05363572    0.01270516
UNSA   -1.56311957   -0.16744761   -0.18035935   -0.32957219    0.18702197    0.20929321   -0.02924697    0.00877675
UNTR    0.17805051   -0.14388081    0.12045375    0.07547045    0.03013108    0.03447834   -0.00970447   -0.00549178
URUM    0.13261571   -0.04043526    0.06632419   -0.29738815   -0.02582570   -0.08382095    0.01960699    0.02503563
URUS    0.15276861    0.13577722   -0.01802423    0.07658782   -0.17895618    0.01823310   -0.03492017    0.03691800
USN3    0.08381066    0.03230543   -0.01432415    0.02452504    0.07543049    0.01561526    0.03849418   -0.04645021
USNA   -0.01356841   -0.00229120    0.04140833   -0.00917830   -0.00600074   -0.04952187    0.02603206   -0.06250852
USNO    0.02212397   -0.06218556   -0.00127103   -0.01783977   -0.04127224   -0.08559006   -0.00159552   -0.06838147
USUD    0.43996552    0.12110187   -0.09663326   -0.08191124   -0.05299064    0.02530344   -0.00985790    0.03794803
VACO   -0.25065456    0.10445750    0.04790257   -0.02334050    0.03353492   -0.00983942   -0.01833597   -0.00438837
VALD   -0.07078654    0.08635967    0.06224919    0.06968519   -0.00962244    0.00553851    0.00691238    0.01395359
VENE    0.13218855    0.21427688    0.18935782   -0.04311336    0.07839540   -0.10199091   -0.02655448   -0.02318512
VESL   -0.19192117    0.02585101   -0.04201322   -0.01713332    0.00639246    0.00921079   -0.01840539   -0.01106970
VIL0   -0.06505733   -0.11677578   -0.06051382   -0.02942777   -0.00603770    0.00541839   -0.00476712   -0.00814160
VILL   -0.02987381    0.06371707   -0.03824105    0.03284190    0.03538002   -0.00964921    0.01524290    0.00674771
VIS0   -0.06925478    0.09355005    0.06573527   -0.00954082    0.01341284   -0.03964089    0.02127316    0.02261554
VNDP    0.17811091   -0.09845023   -0.14494400    0.07779281    0.03308461    0.00501702    0.00342335   -0.02678652
VOIM    0.20399218   -0.03968476    0.25035945    0.04806390   -0.11199730   -0.02530310   -0.06252282   -0.07254035
VTSP   -0.03826305   -0.00504895   -0.00931792   -0.10206132    0.03092435   -0.00298911   -0.02019140   -0.03470145
WARK    0.07554989   -0.05779537   -0.00870782    0.02192849   -0.00625415   -0.00878150   -0.01381932    0.00591612
WDC1    0.07773426    0.02237793   -0.00672332    0.02832197    0.03680616   -0.01080598    0.01614154    0.03167903
WDC3    0.13483619   -0.05713574    0.09095526    0.08706068    0.04097534   -0.06322644   -0.06049696   -0.03391519
WEL1   -0.00974376    0.09242108    0.00430579   -0.07006551   -0.01923111    0.02854128   -0.00538923    0.01782444
WES2    0.11927440    0.11414358   -0.12072498   -0.04025375    0.02521664   -0.05900346   -0.00530395    0.04933292
WGTN   -0.02341638    0.04664768   -0.02706847   -0.03918915   -0.00420074   -0.00111721    0.01187771   -0.00242007
WHIT    0.00503007   -0.02043641   -0.02338374   -0.01532365    0.00467600   -0.03063611    0.02272428    0.00704487
WILL   -0.02285541   -0.03787351   -0.02429885    0.03834024    0.00596699   -0.01438823    0.00484744    0.00149705
WIND    0.02094516    0.20450079    0.01388808    0.08490582   -0.05417518   -0.00158070    0.04159241   -0.04128743
WROC   -0.14245488   -0.09870965   -0.03704051    0.01515239    0.00277994    0.06468492    0.00433068   -0.02989835
WSRT    0.09408438    0.06574937    0.00086442    0.01735591    0.00620936   -0.01353836    0.01474957    0.00082635
WTZA   -0.03108062   -0.12481658   -0.01738902   -0.06431898   -0.03355144   -0.01390675    0.00252185   -0.00753407
WTZL    0.17111058    0.19116515   -0.02356302    0.00210920    0.00906411    0.00423172   -0.02310142    0.00350234
WTZR    0.13828198   -0.06852165    0.05148946    0.04982860   -0.00906252    0.01686845   -0.00404944   -0.00714896
WTZZ   -0.18129869   -0.01058814   -0.00438417    0.06013792    0.01576365   -0.00610614    0.01610464   -0.01699358
WUHN    0.18087806    0.08099569   -0.04879960   -0.07915338    0.01570452   -0.01462781   -0.01441834   -0.01507635
XIAN   -0.40376816   -0.63735983   -0.16739786   -0.18121377   -0.14751281   -0.05697117    0.03181309    0.11501952
XMIS   -0.32504423   -0.17230419    0.07369404   -0.08373558    0.01880428   -0.02178042   -0.00080711   -0.01387953
YAKT   -0.23330851    0.29785563    0.07243823    0.08208300   -0.09919738    0.00376477   -0.11039768   -0.01612945
YAKZ   -0.08149498    0.07786563   -0.13822597    0.18081681    0.00508406    0.06852432    0.00362626    0.00287677
YAR1    0.04641180   -0.00620347    0.15337604    0.04756425    0.03925264    0.00136221   -0.01685165   -0.00830522
YAR2   -0.04162920    0.02973736   -0.09560160    0.01029683   -0.02143252    0.01541729    0.02127362    0.02210218
YAR3    0.03096913    0.03387739    0.10927069    0.03223778   -0.02240713   -0.02438165    0.00388587    0.04083411
YARR    0.04021125   -0.08340659   -0.07886232    0.06302133   -0.01695881   -0.02537856    0.03501896   -0.02303507
YCBA    0.01142070    0.23518840   -0.16317220    0.13115893    0.04208667   -0.03278330   -0.03825549   -0.04206306
YEBE   -0.08799606    0.10906216    0.03192339    0.01395106   -0.00577507   -0.00686428   -0.01696691   -0.01442008
YELL   -0.10589384    0.01404383   -0.02425588    0.07900330    0.05609572   -0.01057987    0.00483004    0.05098273
YIBL    0.95410429    0.33212601    0.33726113    0.03107458    0.06808796   -0.05955449    0.07857387   -0.05377109
YKRO   -0.24616115   -0.33587635   -0.17539306    0.16111225    0.20109800    0.22357148    0.01621798    0.07733618
YSSK    0.05377139   -0.06859910   -0.02610274    0.00378958   -0.03512359    0.03925726   -0.00959990    0.00045692
ZAMB   -0.21691267   -0.00870979   -0.07189082    0.00436383    0.01717984    0.02157428   -0.02640666   -0.02119289
ZECK    0.14857200    0.18548747   -0.03091158    0.06316115   -0.01219827   -0.00522252    0.00071598    0.01475632
ZIM2    0.04318562   -0.07739994   -0.03643619   -0.07757346    0.00255758   -0.01241277   -0.01418843   -0.02020226
ZIM3   -0.05788523   -0.05029393   -0.03529104    0.06606141    0.00652183    0.04665376    0.00687336   -0.07247422
ZIMJ    0.04393441   -0.09265427    0.07095492    0.03670678   -0.01059679    0.04509525    0.00092490    0.01990618
ZIMM    0.05966309   -0.05562837   -0.06144206    0.06057540   -0.02686958    0.03844472    0.02839845   -0.00059958
ZWE2   -0.00626159   -0.18231040   -0.04232875   -0.01300750    0.04188486   -0.00799776   -0.00041127   -0.02024381
ZWEN   -0.27857932    0.44347247    0.08535384   -0.06203112   -0.04359009    0.06912089    0.05313762   -0.05203534
