name detected metadata valid
ABMF     3    25     2
ABPO     8    11     1
ADE1     3     3     0
ADIS     5     2     0
AIRA     8    12     2
ALBH    12    28     1
ALGO     8    20     1
ALIC    12    29     3
ALRT    13     5     1
AMC2    13     8     2
ANKR    15    12     5
ANTC     7     7     1
AOML     2     7     2
AREG     7    15     4
AREQ    11    22     3
AREV     2    11     1
ARTU    14     1     0
ASC1     1     1     0
ASCG     3    15     2
ASPA     7    10     2
AUCK    11    20     4
AZGB     4     8     1
BADG    13     6     3
BAKE    14     6     1
BAKO    13    44     5
BAN2     7     1     0
BARH     8    24     1
BDOS     1     2     0
BHR1     3     4     1
BILI     9     0     0
BISK     5     3     1
BJCO     3    10     0
BJFS    12     7     1
BJNM     3     0     0
BNDY     1    13     1
BOAV     5    13     2
BOGO     6    12     1
BOGT    10    24     5
BOR1    14     9     2
BRAZ     9    35     3
BREW     8    13     2
BRFT     8     8     0
BRMU     4    15     3
BRST    10    29     3
BRUS     6    10     0
BRUX     4    25     3
BSHM     5    16     2
BUE2     1     3     0
CAGL    14     2     0
CAGS     9     7     1
CAGZ     5     9     2
CALL     4     3     1
CARR     2     5     1
CAS1    15    23     6
CCJ2     5    13     0
CCJM     2    10     0
CEDU    10    23     6
CFAG     5     5     0
CGGN     1     5     0
CHAN     6     2     1
CHAT     6     4     1
CHPG     1    18     1
CHPI     5    25     1
CHTI     4    11     0
CHUM     8     8     1
CHUR    14    21     3
CIC1     5     1     1
CICE     1     0     0
CKIS     2    13     0
CNMR     9    16     3
COCO    13    19     5
CONZ     6    17     5
CORD     7    15     2
COYQ     1     8     0
CPVG     5    18     4
CPXF     7    24     2
CRAO     1     2     0
CRAR    16     4     1
CRO1    11    20     3
CTWN     4     0     0
DAEJ    18     9     3
DAKA     3     6     2
DARW    14    30     3
DAV1    16    21     7
DAVR     6     2     2
DGAR     8    19     4
DGAV     3    10     1
DRAG     8    14     3
DRAO    19    31     5
DUBO    12    14     3
DUM1    16     0     0
EIL1     6     4     2
EISL     2     4     0
EPRT     8    16     3
ETAD     0     0     0
FAA1     7    12     1
FAIR    14    25     5
FAIV     4     4     1
FALE     4     7     0
FLIN    10    15     4
FLRS     3    13     0
FORT     3     5     2
FRDN     2    13     0
FTNA     2    16     2
FUNC     3    18     1
GALA     1     2     0
GANP    12    43    10
GLPS    13    16     4
GLSV    15    12     4
GMAS     3     2     0
GMSD     1    27     0
GODE    11    19     2
GODZ    20     8     1
GOL2     4     4     0
GOLD    13    12     2
GOPE    17    21     7
GOUG     2     1     0
GRAS    12    20     1
GRAZ    16    33     4
GUAM    10    23     4
GUAO     9     2     1
GUAT     8     7     1
GUUG     7    20     1
HARB    13    23     1
HERS    11    10     2
HERT     6    10     0
HLFX     4     6     0
HNLC     7     8     0
HNPT    14    23     5
HOB2    10    22     5
HOFN    13    24     4
HOLB    11    28     4
HOLM     9    10     2
HRAO    17    32     7
HRM1     2     5     0
HYDE    14     7     0
IDDR     5    17     3
IISC    15    15     3
ILHA     2     8     1
IMPZ     5    11     1
INEG     7    10     0
INVK    13     6     1
IQAL    10     5     2
IQUI     1     3     0
IRKJ    17     3     2
IRKT    10     1     0
ISBA    12     8     2
ISPA     0     7     0
JAB1     2    16     1
JOG2     3    15     0
JOZ2    14     9     1
JOZE    11     7     0
JPLM    12    36     1
JPLV     0     7     0
KARR     9    24     2
KAT1     3    13     0
KELY    10    17     3
KERG     8    27     1
KGNI     4     8     1
KHAJ     7     1     0
KHAR     4    19     1
KIR0     9    31     3
KIRI     3    22     0
KIRU    13    17     2
KIT3    17    15     1
KOKB    12    26     5
KOKV     3    14     2
KOSG     8    17     3
KOU1     2     1     0
KOUC     3    31     3
KOUG     6    21     0
KOUR    13    24     4
KRGG     2    24     0
KSMV     6    10     1
KSTU     2     4     2
KUNM    12     2     1
KWJ1     2     2     0
LAE1     5     3     1
LAMA    18    19     3
LAUT     1    16     0
LHAS     7     6     2
LHAZ    15    17     6
LMMF     5    20     3
LPAL     9    15     4
LPGS    10    25     3
M0SE     4    20     1
MAC1     7    19     1
MAD2    10     7     2
MADR     2    22     1
MAG0     9     3     3
MAJU     1    13     0
MAL2    10    10     3
MALD     2     0     0
MALI     3     3     1
MANA     8    11     0
MAS1    12    18     3
MAT1    11     7     1
MATE    15    33     2
MAUI     8     6     1
MAW1    18    18     7
MBAR     5    14     0
MCIL     4    15     2
MCM4    20    17     5
MDO1    13    23     4
MDVJ    12     7     1
MDVO     3     1     0
MEDI    21    13     2
METS    14    24     4
METZ     5     2     0
MGUE     6     9     1
MIZU     6    21     0
MKEA    10    19     4
MNLS     7    13     1
MOBJ    12     2     2
MOBK     5     0     0
MOBS     3    18     1
MONP    13    18     1
MORP     6    13     0
MQZG     6    19     3
MRO1     4     9     1
MSKU     0     0     0
MTKA    11     6     1
NAIN     1     8     1
NANO    11    14     3
NAUR     3    16     0
NICO    17    31     2
NIST     6     2     1
NIUM     2    14     0
NKLG    10    25     2
NLIB    20    16     4
NNOR    12    11     2
NOT1     7     9     1
NOTO     4     1     0
NOUM     2     4     0
NOVM    16     1     0
NRC1    11    21     3
NRIL    13     2     0
NRMD     9    31     5
NSSP     8     5     2
NTUS    10    21     4
NURK     3     9     2
NVSK    13     3     1
NYA1    14    11     3
NYAL    16     7     2
OHI2    14    18     1
OHI3    10    34     4
OHIG     2     7     2
ONSA    10    16     1
OPMT     3     0     0
OS0G     3     3     0
OSN1     8     3     2
OUS2     7    22     3
PADO     9    21     8
PALM    15    17     3
PALV     4     4     1
PARC     8    17     2
PARK     5    11     3
PBRI     3     4     1
PDEL     4    17     3
PENC    17    21     9
PERT    18    24     6
PETP     7     4     0
PFA2     4     6     0
PIE1    11    27     4
PIMO     9    21     2
POHN     6    23     2
POL2    12    17     3
POLV    12    14     2
POTS    11    32     4
POVE     7    16     2
PRDS     5    12     2
PRE1     6     2     0
PTAG     6    14     3
PTBB     4     8     1
PTVL     4    10     1
PVEP     2     9     1
QAQ1     9    26     3
QUI2     0     3     0
QUIN    11    31     3
RABT     8     6     1
RAMO    15    17     6
RBAY     4     7     0
RCMN     3     0     0
RECF     1    12     0
RESO     5     8     1
REUN     9    20     4
REYK    19    29     8
REYZ     4     5     1
RGDG     1    19     0
RIGA     8    27     2
RIO2     6    13     2
RIOG     3     2     0
RIOP     5     7     0
ROSA     4     4     1
ROTH     7     8     1
SALU     8    20     5
SAMO     5    14     0
SANT    12    25     4
SAVO     3    12     0
SCH2    11     8     1
SCOR    16    15     6
SCRZ     2    11     0
SCTB     4    13     2
SCUB     5    11     2
SELE    11     4     3
SEY1     4    17     2
SEYG     4    17     3
SFER     9    18     3
SHAO    11     6     2
SIMO     1     1     0
SIO3     8    28     3
SMST     3     5     2
SOFI    13    19     2
SOL1     7     9     2
SOLA     1     3     1
SPT0     5    19     3
SSIA     7    12     3
STHL     7    10     3
STJO     9    35     6
STK2     6    10     3
STR1     6    27     3
STR2     7    23     2
SUNM     6     0     0
SUTH    10    18     2
SUTM    10    12     4
SUTV     3     0     0
SUWN    20    17     3
SVTL     8     9     2
SYDN     7     6     1
SYOG    22    14     9
TABL    14    14     3
TABV     9    20     3
TAH1     5     1     0
TASH    11    17     0
TCMS     5     3     0
TEHN     0     5     0
THTG     6    23     0
THTI    12    11     1
THU1     7     2     1
THU2    11    21     3
THU3     5     4     0
TID1     7    16     4
TIDB     7    10     2
TITZ     5     8     3
TIXG    12     0     0
TIXI    10     5     1
TIXJ     3     1     0
TLSE     8    35     3
TN22     5    11     0
TNML     7     2     0
TONG     3    16     1
TOUL     1     0     0
TOW2    11    21     4
TRAB     5     0     0
TRO1    11    18     3
TROM     3     5     0
TSEA    10     7     3
TSKB     9    22     0
TUVA     1    14     1
TWTF    10     3     1
TXES    10    25     3
UFPR     1    12     0
ULAB    11    22     4
UNB3     2    24     1
UNBJ     3     5     0
UNBN     1     1     0
UNSA    10    20     4
UNTR     1    10     0
URUM    15    19     7
URUS     1     2     0
USN3     2     3     0
USNA     4    18     2
USNO     7     8     4
USUD     9    17     3
VACO     4     4     1
VALD     6    11     1
VENE     6     4     2
VESL    10     1     1
VIL0     4    25     2
VILL    13    19     4
VIS0     4    25     3
VNDP     0    29     0
VOIM     4    11     2
VTSP     7    15     2
WARK     3    16     1
WDC1     5     3     0
WDC3     1     0     0
WEL1     1     3     0
WES2     8    54     5
WGTN     5    17     3
WHIT    15    13     3
WILL    11    12     3
WIND     9    17     2
WROC    15    42     6
WSRT    12    16     3
WTZA     4    11     1
WTZL     2    16     0
WTZR    10    47     5
WTZZ     9    46     3
WUHN    17     9     4
XIAN     5     2     1
XMIS     5    15     3
YAKT    16     1     1
YAKZ     1     1     1
YAR1     3     8     2
YAR2     7    21     2
YAR3     6    16     1
YARR     8    12     3
YCBA     5     2     0
YEBE     7    16     2
YELL    19    19     2
YIBL     2     5     0
YKRO     6    10     1
YSSK    10     2     0
ZAMB    12    12     4
ZECK    14    12     3
ZIM2    11    24     6
ZIM3     4    16     1
ZIMJ    13    14     4
ZIMM    13    22     6
ZWE2     8     1     1
ZWEN     1     5     1
