name detected metadata valid
ABMF     1    25     0
ABPO     1    11     0
ADE1     2     3     0
ADIS     0     2     0
AIRA     5    12     2
ALBH     1    28     0
ALGO     2    20     0
ALIC     7    29     3
ALRT     7     5     2
AMC2     4     8     2
ANKR     8    12     3
ANTC     2     7     0
AOML     2     7     2
AREG     1    15     0
AREQ     3    22     0
AREV     0    11     0
ARTU     3     1     0
ASC1     0     1     0
ASCG     1    15     1
ASPA     3    10     1
AUCK     4    20     3
AZGB     4     8     1
BADG     6     6     1
BAKE     5     6     0
BAKO     6    44     3
BAN2     3     1     1
BARH     1    24     1
BDOS     1     2     0
BHR1     4     4     0
BILI     5     0     0
BISK     2     3     1
BJCO     0    10     0
BJFS     3     7     0
BJNM     3     0     0
BNDY     0    13     0
BOAV     4    13     2
BOGO     1    12     0
BOGT     3    24     2
BOR1     4     9     1
BRAZ     4    35     1
BREW     1    13     1
BRFT     2     8     0
BRMU     3    15     1
BRST     1    29     0
BRUS     4    10     0
BRUX     2    25     2
BSHM     3    16     2
BUE2     0     3     0
CAGL     1     2     0
CAGS     4     7     1
CAGZ     0     9     0
CALL     0     3     0
CARR     0     5     0
CAS1     6    23     4
CCJ2     3    13     0
CCJM     0    10     0
CEDU     6    23     4
CFAG     1     5     0
CGGN     1     5     0
CHAN     1     2     1
CHAT     3     4     1
CHPG     2    18     1
CHPI     1    25     0
CHTI     3    11     1
CHUM     4     8     2
CHUR     5    21     0
CIC1     1     1     0
CICE     0     0     0
CKIS     1    13     0
CNMR     2    16     2
COCO     7    19     2
CONZ     1    17     0
CORD     2    15     1
COYQ     0     8     0
CPVG     3    18     2
CPXF     3    24     1
CRAO     1     2     0
CRAR     9     4     1
CRO1     6    20     3
CTWN     4     0     0
DAEJ     4     9     2
DAKA     0     6     0
DARW     4    30     1
DAV1    12    21     5
DAVR     3     2     1
DGAR     2    19     0
DGAV     0    10     0
DRAG     3    14     1
DRAO     0    31     0
DUBO     4    14     1
DUM1     3     0     0
EIL1     3     4     1
EISL     0     4     0
EPRT     4    16     2
ETAD     1     0     0
FAA1     4    12     1
FAIR     1    25     1
FAIV     0     4     0
FALE     2     7     0
FLIN     5    15     1
FLRS     1    13     1
FORT     1     5     1
FRDN     2    13     0
FTNA     1    16     1
FUNC     2    18     2
GALA     1     2     0
GANP     3    43     3
GLPS     2    16     1
GLSV     5    12     1
GMAS     1     2     0
GMSD     1    27     0
GODE     6    19     2
GODZ     2     8     0
GOL2     0     4     0
GOLD     0    12     0
GOPE     5    21     2
GOUG     2     1     0
GRAS     3    20     0
GRAZ     5    33     2
GUAM     6    23     2
GUAO     7     2     1
GUAT     1     7     0
GUUG     1    20     0
HARB     4    23     0
HERS     6    10     2
HERT     5    10     0
HLFX     1     6     0
HNLC     1     8     0
HNPT     5    23     3
HOB2     5    22     4
HOFN     3    24     2
HOLB     6    28     2
HOLM     2    10     2
HRAO     5    32     2
HRM1     1     5     0
HYDE     5     7     1
IDDR     1    17     0
IISC     7    15     2
ILHA     0     8     0
IMPZ     2    11     0
INEG     3    10     0
INVK     0     6     0
IQAL     3     5     1
IQUI     0     3     0
IRKJ     2     3     1
IRKT     5     1     0
ISBA     3     8     1
ISPA     0     7     0
JAB1     1    16     0
JOG2     2    15     0
JOZ2     6     9     1
JOZE     6     7     0
JPLM     2    36     0
JPLV     2     7     0
KARR     4    24     0
KAT1     0    13     0
KELY     1    17     1
KERG     5    27     1
KGNI     2     8     0
KHAJ     1     1     0
KHAR     1    19     1
KIR0     3    31     1
KIRI     3    22     0
KIRU     5    17     1
KIT3     2    15     0
KOKB     4    26     0
KOKV     3    14     2
KOSG     4    17     2
KOU1     2     1     0
KOUC     1    31     0
KOUG     3    21     0
KOUR     4    24     1
KRGG     1    24     0
KSMV     0    10     0
KSTU     2     4     2
KUNM     4     2     0
KWJ1     0     2     0
LAE1     1     3     0
LAMA     5    19     2
LAUT     1    16     0
LHAS     3     6     0
LHAZ     2    17     1
LMMF     2    20     1
LPAL     3    15     2
LPGS     3    25     2
M0SE     3    20     0
MAC1     4    19     1
MAD2     4     7     1
MADR     2    22     1
MAG0     3     3     2
MAJU     0    13     0
MAL2     1    10     0
MALD     1     0     0
MALI     1     3     0
MANA     2    11     0
MAS1     1    18     0
MAT1     4     7     0
MATE     5    33     2
MAUI     2     6     1
MAW1     8    18     2
MBAR     4    14     0
MCIL     3    15     2
MCM4     7    17     0
MDO1     5    23     2
MDVJ     6     7     0
MDVO     2     1     0
MEDI     5    13     0
METS     4    24     1
METZ     1     2     0
MGUE     0     9     0
MIZU     3    21     0
MKEA     3    19     2
MNLS     4    13     0
MOBJ     4     2     2
MOBK     2     0     0
MOBS     3    18     0
MONP     4    18     1
MORP     2    13     0
MQZG     4    19     2
MRO1     2     9     0
MSKU     1     0     0
MTKA     1     6     0
NAIN     0     8     0
NANO     2    14     0
NAUR     3    16     0
NICO     6    31     1
NIST     2     2     0
NIUM     1    14     1
NKLG     2    25     0
NLIB     4    16     2
NNOR     6    11     1
NOT1     2     9     0
NOTO     0     1     0
NOUM     1     4     0
NOVM     6     1     0
NRC1     4    21     1
NRIL     0     2     0
NRMD     2    31     1
NSSP     1     5     0
NTUS     6    21     3
NURK     3     9     1
NVSK     4     3     0
NYA1     2    11     2
NYAL     4     7     0
OHI2     4    18     1
OHI3     4    34     1
OHIG     2     7     2
ONSA     4    16     1
OPMT     3     0     0
OS0G     2     3     0
OSN1     2     3     0
OUS2     2    22     2
PADO     1    21     0
PALM     4    17     0
PALV     1     4     0
PARC     2    17     1
PARK     0    11     0
PBRI     1     4     1
PDEL     2    17     2
PENC     5    21     3
PERT     1    24     1
PETP     2     4     0
PFA2     1     6     0
PIE1     2    27     1
PIMO     1    21     0
POHN     4    23     2
POL2     6    17     1
POLV     1    14     0
POTS     6    32     4
POVE     4    16     1
PRDS     0    12     0
PRE1     4     2     0
PTAG     2    14     0
PTBB     4     8     1
PTVL     0    10     0
PVEP     0     9     0
QAQ1     3    26     2
QUI2     0     3     0
QUIN     4    31     1
RABT     4     6     0
RAMO     3    17     1
RBAY     2     7     0
RCMN     2     0     0
RECF     1    12     0
RESO     5     8     1
REUN     6    20     3
REYK     6    29     4
REYZ     0     5     0
RGDG     1    19     0
RIGA     2    27     1
RIO2     4    13     2
RIOG     1     2     0
RIOP     1     7     0
ROSA     0     4     0
ROTH     4     8     0
SALU     1    20     0
SAMO     0    14     0
SANT     1    25     0
SAVO     1    12     0
SCH2     3     8     1
SCOR     2    15     1
SCRZ     1    11     0
SCTB     3    13     1
SCUB     3    11     2
SELE     3     4     2
SEY1     1    17     0
SEYG     1    17     0
SFER     3    18     3
SHAO     5     6     1
SIMO     1     1     0
SIO3     1    28     0
SMST     3     5     2
SOFI     5    19     2
SOL1     3     9     0
SOLA     1     3     0
SPT0     2    19     2
SSIA     1    12     0
STHL     1    10     0
STJO     4    35     3
STK2     1    10     0
STR1     4    27     3
STR2     4    23     2
SUNM     2     0     0
SUTH     2    18     1
SUTM     3    12     1
SUTV     1     0     0
SUWN     4    17     1
SVTL     2     9     1
SYDN     2     6     0
SYOG    11    14     5
TABL     4    14     1
TABV     2    20     1
TAH1     2     1     0
TASH     2    17     0
TCMS     0     3     0
TEHN     0     5     0
THTG     4    23     0
THTI     6    11     2
THU1     2     2     0
THU2     3    21     0
THU3     1     4     0
TID1     5    16     2
TIDB     5    10     2
TITZ     1     8     1
TIXG     1     0     0
TIXI     4     5     1
TIXJ     1     1     0
TLSE     3    35     2
TN22     1    11     0
TNML     0     2     0
TONG     0    16     0
TOUL     0     0     0
TOW2     3    21     1
TRAB     0     0     0
TRO1     4    18     2
TROM     1     5     0
TSEA     2     7     1
TSKB     1    22     0
TUVA     1    14     1
TWTF     0     3     0
TXES     6    25     1
UFPR     1    12     0
ULAB     7    22     5
UNB3     2    24     2
UNBJ     3     5     0
UNBN     0     1     0
UNSA     6    20     2
UNTR     1    10     0
URUM     9    19     5
URUS     1     2     0
USN3     1     3     0
USNA     3    18     1
USNO     4     8     2
USUD     6    17     2
VACO     2     4     0
VALD     4    11     1
VENE     4     4     2
VESL     3     1     0
VIL0     2    25     1
VILL     1    19     1
VIS0     2    25     0
VNDP     0    29     0
VOIM     1    11     0
VTSP     2    15     0
WARK     2    16     1
WDC1     1     3     0
WDC3     1     0     0
WEL1     1     3     0
WES2     6    54     5
WGTN     2    17     1
WHIT     5    13     3
WILL     5    12     3
WIND     1    17     1
WROC     6    42     5
WSRT     3    16     2
WTZA     3    11     0
WTZL     2    16     0
WTZR     2    47     2
WTZZ     5    46     1
WUHN     9     9     1
XIAN     4     2     1
XMIS     3    15     2
YAKT    12     1     0
YAKZ     1     1     1
YAR1     1     8     1
YAR2     4    21     1
YAR3     2    16     1
YARR     3    12     0
YCBA     1     2     0
YEBE     4    16     1
YELL     2    19     1
YIBL     2     5     0
YKRO     1    10     1
YSSK     3     2     0
ZAMB     4    12     1
ZECK     6    12     1
ZIM2     1    24     1
ZIM3     0    16     0
ZIMJ     1    14     1
ZIMM     2    22     0
ZWE2     3     1     0
ZWEN     2     5     1
